Component: ARM Compiler 5.06 update 6 (build 750) Tool: armlink [4d35ed]

==============================================================================

Section Cross References

    main.o(i.main) refers to stm32f4_delay.o(i.HAL_InitTick) for HAL_InitTick
    main.o(i.main) refers to ranging.o(i.RangingInit) for RangingInit
    main.o(i.main) refers to usvshell.o(i.uSVShellInit) for uSVShellInit
    main.o(i.main) refers to ulinklayer.o(i.uLLInit) for uLLInit
    main.o(i.main) refers to printf8.o(i.__0printf$8) for __2printf
    main.o(i.main) refers to usvmanager.o(i.uSVManagerInit) for uSVManagerInit
    main.o(i.main) refers to uidle.o(i.uSVIdle) for uSVIdle
    ranging.o(i.RangingInit) refers to kdwm1000_bsp.o(i.KDWM_GPIO_Config) for KDWM_GPIO_Config
    ranging.o(i.RangingInit) refers to kdwm1000_bsp.o(i.KDWM_UART_Config) for KDWM_UART_Config
    ranging.o(i.RangingInit) refers to kdwm1000_bsp.o(i.KDWM_DW1000_Config) for KDWM_DW1000_Config
    ranging.o(i.RangingInit) refers to dw1000.o(i.DW1000_Reset) for DW1000_Reset
    ranging.o(i.RangingInit) refers to deca_device.o(i.dwt_initialise) for dwt_initialise
    ranging.o(i.RangingInit) refers to deca_device.o(i.dwt_configure) for dwt_configure
    ranging.o(i.RangingInit) refers to dw1000.o(i.DW1000_SetAntennaDelayRX) for DW1000_SetAntennaDelayRX
    ranging.o(i.RangingInit) refers to dw1000.o(i.DW1000_SetAntennaDelayTX) for DW1000_SetAntennaDelayTX
    ranging.o(i.RangingInit) refers to ranging.o(.data) for .data
    ranging.o(i.RangingLoop) refers to stdplus_queue.o(i.QueueCreate) for QueueCreate
    ranging.o(i.RangingLoop) refers to printf8.o(i.__0printf$8) for __2printf
    ranging.o(i.RangingLoop) refers to deca_device.o(i.dwt_rxenable) for dwt_rxenable
    ranging.o(i.RangingLoop) refers to stdplus_queue.o(i.QueuePop) for QueuePop
    ranging.o(i.RangingLoop) refers to stdplus_queue.o(i.QueueIsEmpty) for QueueIsEmpty
    ranging.o(i.RangingLoop) refers to dw1000.o(i.DW1000_readData32) for DW1000_readData32
    ranging.o(i.RangingLoop) refers to dw1000.o(i.DW1000_writeData32) for DW1000_writeData32
    ranging.o(i.RangingLoop) refers to deca_device.o(i.dwt_readrxdata) for dwt_readrxdata
    ranging.o(i.RangingLoop) refers to stdplus_queue.o(i.QueuePush) for QueuePush
    ranging.o(i.RangingLoop) refers to memseta.o(.text) for __aeabi_memclr
    ranging.o(i.RangingLoop) refers to ranging.o(.data) for .data
    ranging.o(i.RangingLoop) refers to ranging.o(.bss) for .bss
    ulinklayer.o(i.uLLDistory) refers to malloc.o(i.free) for free
    ulinklayer.o(i.uLLDistory) refers to ulinklayer.o(.data) for .data
    ulinklayer.o(i.uLLFrameRecv) refers to deca_device.o(i.dwt_setrxtimeout) for dwt_setrxtimeout
    ulinklayer.o(i.uLLFrameRecv) refers to deca_device.o(i.dwt_rxenable) for dwt_rxenable
    ulinklayer.o(i.uLLFrameRecv) refers to dw1000.o(i.DW1000_readData32) for DW1000_readData32
    ulinklayer.o(i.uLLFrameRecv) refers to dw1000.o(i.DW1000_writeData32) for DW1000_writeData32
    ulinklayer.o(i.uLLFrameRecv) refers to deca_device.o(i.dwt_rxreset) for dwt_rxreset
    ulinklayer.o(i.uLLFrameRecv) refers to deca_device.o(i.dwt_readrxdata) for dwt_readrxdata
    ulinklayer.o(i.uLLFrameRecv) refers to ulinklayer.o(.data) for .data
    ulinklayer.o(i.uLLFrameSend) refers to malloc.o(i.malloc) for malloc
    ulinklayer.o(i.uLLFrameSend) refers to memseta.o(.text) for __aeabi_memclr
    ulinklayer.o(i.uLLFrameSend) refers to memcpya.o(.text) for __aeabi_memcpy
    ulinklayer.o(i.uLLFrameSend) refers to dw1000.o(i.DW1000_writeData32) for DW1000_writeData32
    ulinklayer.o(i.uLLFrameSend) refers to deca_device.o(i.dwt_writetxdata) for dwt_writetxdata
    ulinklayer.o(i.uLLFrameSend) refers to deca_device.o(i.dwt_writetxfctrl) for dwt_writetxfctrl
    ulinklayer.o(i.uLLFrameSend) refers to deca_device.o(i.dwt_starttx) for dwt_starttx
    ulinklayer.o(i.uLLFrameSend) refers to dw1000.o(i.DW1000_readData32) for DW1000_readData32
    ulinklayer.o(i.uLLFrameSend) refers to printf8.o(i.__0printf$8) for __2printf
    ulinklayer.o(i.uLLInit) refers to malloc.o(i.malloc) for malloc
    ulinklayer.o(i.uLLInit) refers to uregister.o(.bss) for gAddrPool
    ulinklayer.o(i.uLLInit) refers to ulinklayer.o(.data) for .data
    uregister.o(i._uPTPacketSend) refers to ulinklayer.o(i.uLLFrameSend) for uLLFrameSend
    uregister.o(i._uPTWaitDeviceRegister) refers to printf8.o(i.__0printf$8) for __2printf
    uregister.o(i._uPTWaitDeviceRegister) refers to ulinklayer.o(i.uLLFrameRecv) for uLLFrameRecv
    uregister.o(i._uPTWaitDeviceRegister) refers to uregister.o(i._uPTPacketSend) for _uPTPacketSend
    uregister.o(i._uPTWaitDeviceRegister) refers to stdplus_linklist.o(i.listnode_add) for listnode_add
    uregister.o(i._uPTWaitDeviceRegister) refers to uregister.o(.bss) for .bss
    uregister.o(i.uPTRegisterCycle) refers to stdplus_linklist.o(i.list_new) for list_new
    uregister.o(i.uPTRegisterCycle) refers to memseta.o(.text) for __aeabi_memclr4
[...]
    Removing stm32f4xx_usart.o(.rrx_text), (6 bytes).
    Removing stm32f4xx_usart.o(i.USART_ClearITPendingBit), (12 bytes).
    Removing stm32f4xx_usart.o(i.USART_ClockInit), (28 bytes).
    Removing stm32f4xx_usart.o(i.USART_ClockStructInit), (12 bytes).
    Removing stm32f4xx_usart.o(i.USART_DMACmd), (16 bytes).
    Removing stm32f4xx_usart.o(i.USART_DeInit), (172 bytes).
    Removing stm32f4xx_usart.o(i.USART_GetFlagStatus), (14 bytes).
    Removing stm32f4xx_usart.o(i.USART_HalfDuplexCmd), (20 bytes).
    Removing stm32f4xx_usart.o(i.USART_IrDACmd), (20 bytes).
    Removing stm32f4xx_usart.o(i.USART_IrDAConfig), (16 bytes).
    Removing stm32f4xx_usart.o(i.USART_LINBreakDetectLengthConfig), (16 bytes).
    Removing stm32f4xx_usart.o(i.USART_LINCmd), (20 bytes).
    Removing stm32f4xx_usart.o(i.USART_OneBitMethodCmd), (20 bytes).
    Removing stm32f4xx_usart.o(i.USART_OverSampling8Cmd), (20 bytes).
    Removing stm32f4xx_usart.o(i.USART_ReceiveData), (8 bytes).
    Removing stm32f4xx_usart.o(i.USART_ReceiverWakeUpCmd), (20 bytes).
    Removing stm32f4xx_usart.o(i.USART_SendBreak), (10 bytes).
    Removing stm32f4xx_usart.o(i.USART_SendData), (8 bytes).
    Removing stm32f4xx_usart.o(i.USART_SetAddress), (16 bytes).
    Removing stm32f4xx_usart.o(i.USART_SetGuardTime), (16 bytes).
    Removing stm32f4xx_usart.o(i.USART_SetPrescaler), (16 bytes).
    Removing stm32f4xx_usart.o(i.USART_SmartCardCmd), (20 bytes).
    Removing stm32f4xx_usart.o(i.USART_SmartCardNACKCmd), (20 bytes).
    Removing stm32f4xx_usart.o(i.USART_StructInit), (22 bytes).
    Removing stm32f4xx_usart.o(i.USART_WakeUpConfig), (16 bytes).
    Removing stm32f4xx_spi.o(.rev16_text), (4 bytes).
    Removing stm32f4xx_spi.o(.revsh_text), (4 bytes).
    Removing stm32f4xx_spi.o(.rrx_text), (6 bytes).
    Removing stm32f4xx_spi.o(i.I2S_Cmd), (20 bytes).
    Removing stm32f4xx_spi.o(i.I2S_FullDuplexConfig), (58 bytes).
    Removing stm32f4xx_spi.o(i.I2S_Init), (212 bytes).
    Removing stm32f4xx_spi.o(i.I2S_StructInit), (18 bytes).
    Removing stm32f4xx_spi.o(i.SPI_BiDirectionalLineConfig), (22 bytes).
    Removing stm32f4xx_spi.o(i.SPI_CalculateCRC), (20 bytes).
    Removing stm32f4xx_spi.o(i.SPI_DataSizeConfig), (16 bytes).
    Removing stm32f4xx_spi.o(i.SPI_GetCRC), (12 bytes).
    Removing stm32f4xx_spi.o(i.SPI_GetCRCPolynomial), (4 bytes).
    Removing stm32f4xx_spi.o(i.SPI_I2S_ClearFlag), (6 bytes).
    Removing stm32f4xx_spi.o(i.SPI_I2S_ClearITPendingBit), (14 bytes).
    Removing stm32f4xx_spi.o(i.SPI_I2S_DMACmd), (16 bytes).
    Removing stm32f4xx_spi.o(i.SPI_I2S_GetFlagStatus), (14 bytes).
    Removing stm32f4xx_spi.o(i.SPI_I2S_GetITStatus), (44 bytes).
    Removing stm32f4xx_spi.o(i.SPI_I2S_ITConfig), (24 bytes).
    Removing stm32f4xx_spi.o(i.SPI_I2S_ReceiveData), (4 bytes).
    Removing stm32f4xx_spi.o(i.SPI_I2S_SendData), (4 bytes).
    Removing stm32f4xx_spi.o(i.SPI_NSSInternalSoftwareConfig), (24 bytes).
    Removing stm32f4xx_spi.o(i.SPI_SSOutputCmd), (20 bytes).
    Removing stm32f4xx_spi.o(i.SPI_StructInit), (24 bytes).
    Removing stm32f4xx_spi.o(i.SPI_TIModeCmd), (20 bytes).
    Removing stm32f4xx_spi.o(i.SPI_TransmitCRC), (10 bytes).
    Removing stm32f4_delay.o(.rev16_text), (4 bytes).
    Removing stm32f4_delay.o(.revsh_text), (4 bytes).
    Removing stm32f4_delay.o(.rrx_text), (6 bytes).
    Removing stm32f4_delay.o(i.HAL_GetTick), (12 bytes).
    Removing stm32f4_delay.o(i.delay_us), (28 bytes).
    Removing stm32f4_usart.o(.rev16_text), (4 bytes).
    Removing stm32f4_usart.o(.revsh_text), (4 bytes).
    Removing stm32f4_usart.o(.rrx_text), (6 bytes).
    Removing stm32f4_usart.o(i.UART_RecvByte), (12 bytes).
    Removing stm32f4_usart.o(i.UART_RecvByteWTO), (36 bytes).
    Removing stm32f4_usart.o(i.UART_RecvData), (28 bytes).
    Removing stm32f4_usart.o(i.UART_RecvDataWTO), (40 bytes).
    Removing stm32f4_usart.o(i.UART_SendData), (26 bytes).
    Removing stm32f4_spi.o(.rev16_text), (4 bytes).
    Removing stm32f4_spi.o(.revsh_text), (4 bytes).
    Removing stm32f4_spi.o(.rrx_text), (6 bytes).
    Removing serial.o(.rev16_text), (4 bytes).
    Removing serial.o(.revsh_text), (4 bytes).
    Removing serial.o(.rrx_text), (6 bytes).
    Removing serial.o(i.Serial_RecvByte), (28 bytes).
    Removing serial.o(i.Serial_RecvData), (16 bytes).
    Removing serial.o(i.Serial_RecvDataWTO), (16 bytes).
    Removing serial.o(i.Serial_RecvStr), (32 bytes).
    Removing serial.o(i.Serial_RecvStrWTO), (44 bytes).
    Removing serial.o(i.Serial_SendByte), (16 bytes).
    Removing serial.o(i.Serial_SendData), (16 bytes).
    Removing serial.o(i.Serial_SendNum), (60 bytes).
    Removing serial.o(i.Serial_SendStr), (32 bytes).
    Removing serial.o(i.fgetc), (20 bytes).
    Removing dw1000.o(.rev16_text), (4 bytes).
    Removing dw1000.o(.revsh_text), (4 bytes).
    Removing dw1000.o(.rrx_text), (6 bytes).
    Removing dw1000.o(i.DW1000_Init), (288 bytes).
    Removing dw1000.o(.bss), (60 bytes).
    Removing string.o(.rev16_text), (4 bytes).
    Removing string.o(.revsh_text), (4 bytes).
    Removing string.o(.rrx_text), (6 bytes).
    Removing string.o(i.lenOfStr), (22 bytes).
    Removing string.o(i.num2Str), (244 bytes).
    Removing deca_device.o(.rev16_text), (4 bytes).
    Removing deca_device.o(.revsh_text), (4 bytes).
    Removing deca_device.o(.rrx_text), (6 bytes).
    Removing deca_device.o(i._dwt_aonarrayupload), (40 bytes).
    Removing deca_device.o(i._dwt_aonconfigupload), (40 bytes).
    Removing deca_device.o(i._dwt_disablesequencing), (22 bytes).
    Removing deca_device.o(i._dwt_otpprogword32), (162 bytes).
    Removing deca_device.o(i._dwt_otpsetmrregs), (538 bytes).
    Removing deca_device.o(i.dwt_configcontinuousframemode), (84 bytes).
    Removing deca_device.o(i.dwt_configcwmode), (152 bytes).
    Removing deca_device.o(i.dwt_readrxtimestamp), (12 bytes).
    Removing deca_device.o(i.dwt_readrxtimestamplo32), (8 bytes).
    Removing deca_device.o(i.dwt_readtxtimestamplo32), (8 bytes).
    Removing deca_device.o(i.dwt_rxdisable), (10 bytes).
    Removing deca_device.o(i.dwt_setdelayedtrxtime), (10 bytes).
    Removing deca_device.o(i.dwt_setrxaftertxdelay), (34 bytes).
    Removing deca_device.o(i.dwt_setrxantennadelay), (12 bytes).
    Removing deca_device.o(i.dwt_settxantennadelay), (10 bytes).
    Removing deca_params.o(.rev16_text), (4 bytes).
    Removing deca_params.o(.revsh_text), (4 bytes).
    Removing deca_params.o(.rrx_text), (6 bytes).
    Removing deca_params.o(i.dwt_getrangebias), (236 bytes).
    Removing deca_params.o(.constdata), (522 bytes).
    Removing kdwm1000_bsp.o(.rev16_text), (4 bytes).
    Removing kdwm1000_bsp.o(.revsh_text), (4 bytes).
    Removing kdwm1000_bsp.o(.rrx_text), (6 bytes).
    Removing kdwm1000_it.o(.rev16_text), (4 bytes).
    Removing kdwm1000_it.o(.revsh_text), (4 bytes).
    Removing kdwm1000_it.o(.rrx_text), (6 bytes).
    Removing dadd.o(.text), (334 bytes).
    Removing ddiv.o(.text), (222 bytes).
    Removing dfixul.o(.text), (48 bytes).
    Removing cdrcmple.o(.text), (48 bytes).

257 unused section(s) (total 8852 bytes) removed from the image.

==============================================================================

Image Symbol Table

    Local Symbols

    Symbol Name                              Value     Ov Type        Size  Object(Section)

    ../clib/microlib/ctype/ctype.c           0x00000000   Number         0  ctype_o.o ABSOLUTE
    ../clib/microlib/ctype/ctype.c           0x00000000   Number         0  isxdigit_o.o ABSOLUTE
    ../clib/microlib/ctype/ctype.c           0x00000000   Number         0  isblank_o.o ABSOLUTE
    ../clib/microlib/ctype/ctype.c           0x00000000   Number         0  isalpha_o.o ABSOLUTE
    ../clib/microlib/ctype/ctype.c           0x00000000   Number         0  isalnum_o.o ABSOLUTE
    ../clib/microlib/ctype/ctype.c           0x00000000   Number         0  iscntrl_o.o ABSOLUTE
    ../clib/microlib/ctype/ctype.c           0x00000000   Number         0  isdigit_o.o ABSOLUTE
    ../clib/microlib/ctype/ctype.c           0x00000000   Number         0  isgraph_o.o ABSOLUTE
    ../clib/microlib/ctype/ctype.c           0x00000000   Number         0  islower_o.o ABSOLUTE
    ../clib/microlib/ctype/ctype.c           0x00000000   Number         0  isprint_o.o ABSOLUTE
    ../clib/microlib/ctype/ctype.c           0x00000000   Number         0  ispunct_o.o ABSOLUTE
    ../clib/microlib/ctype/ctype.c           0x00000000   Number         0  isspace_o.o ABSOLUTE
    ../clib/microlib/ctype/ctype.c           0x00000000   Number         0  isupper_o.o ABSOLUTE
    ../clib/microlib/division.c              0x00000000   Number         0  uldiv.o ABSOLUTE
    ../clib/microlib/division.c              0x00000000   Number         0  uidiv.o ABSOLUTE
    ../clib/microlib/errno.c                 0x00000000   Number         0  errno.o ABSOLUTE
    ../clib/microlib/init/entry.s            0x00000000   Number         0  entry10b.o ABSOLUTE
    ../clib/microlib/init/entry.s            0x00000000   Number         0  entry10a.o ABSOLUTE
    ../clib/microlib/init/entry.s            0x00000000   Number         0  entry9b.o ABSOLUTE
    ../clib/microlib/init/entry.s            0x00000000   Number         0  entry9a.o ABSOLUTE
    ../clib/microlib/init/entry.s            0x00000000   Number         0  entry11b.o ABSOLUTE
    ../clib/microlib/init/entry.s            0x00000000   Number         0  entry.o ABSOLUTE
    ../clib/microlib/init/entry.s            0x00000000   Number         0  entry8b.o ABSOLUTE
    ../clib/microlib/init/entry.s            0x00000000   Number         0  entry8a.o ABSOLUTE
    ../clib/microlib/init/entry.s            0x00000000   Number         0  entry7b.o ABSOLUTE
    ../clib/microlib/init/entry.s            0x00000000   Number         0  entry2.o ABSOLUTE
    ../clib/microlib/init/entry.s            0x00000000   Number         0  entry7a.o ABSOLUTE
    ../clib/microlib/init/entry.s            0x00000000   Number         0  entry5.o ABSOLUTE
    ../clib/microlib/init/entry.s            0x00000000   Number         0  entry11a.o ABSOLUTE
    ../clib/microlib/longlong.c              0x00000000   Number         0  llshl.o ABSOLUTE
    ../clib/microlib/longlong.c              0x00000000   Number         0  llushr.o ABSOLUTE
    ../clib/microlib/longlong.c              0x00000000   Number         0  llsshr.o ABSOLUTE
    ../clib/microlib/malloc/calloc.c         0x00000000   Number         0  calloc.o ABSOLUTE
    ../clib/microlib/malloc/malloc.c         0x00000000   Number         0  malloca.o ABSOLUTE
    ../clib/microlib/malloc/malloc.c         0x00000000   Number         0  mallocra.o ABSOLUTE
    ../clib/microlib/malloc/malloc.c         0x00000000   Number         0  malloc.o ABSOLUTE
    ../clib/microlib/malloc/malloc.c         0x00000000   Number         0  mallocr.o ABSOLUTE
    ../clib/microlib/malloc/mvars.c          0x00000000   Number         0  mvars.o ABSOLUTE
    ../clib/microlib/printf/printf.c         0x00000000   Number         0  printfa.o ABSOLUTE
    ../clib/microlib/printf/printf.c         0x00000000   Number         0  printf1.o ABSOLUTE
    ../clib/microlib/printf/printf.c         0x00000000   Number         0  printf0.o ABSOLUTE
    ../clib/microlib/printf/printf.c         0x00000000   Number         0  printfb.o ABSOLUTE
    ../clib/microlib/printf/printf.c         0x00000000   Number         0  printf8.o ABSOLUTE
    ../clib/microlib/printf/printf.c         0x00000000   Number         0  printf2.o ABSOLUTE
    ../clib/microlib/printf/printf.c         0x00000000   Number         0  printf7.o ABSOLUTE
    ../clib/microlib/printf/printf.c         0x00000000   Number         0  printf6.o ABSOLUTE
    ../clib/microlib/printf/printf.c         0x00000000   Number         0  printf5.o ABSOLUTE
    ../clib/microlib/printf/printf.c         0x00000000   Number         0  printf4.o ABSOLUTE
    ../clib/microlib/printf/printf.c         0x00000000   Number         0  printf3.o ABSOLUTE
    ../clib/microlib/printf/stubs.s          0x00000000   Number         0  stubs.o ABSOLUTE
    ../clib/microlib/stdio/streams.c         0x00000000   Number         0  stdout.o ABSOLUTE
    ../clib/microlib/stdlib/rand.c           0x00000000   Number         0  rand.o ABSOLUTE
    ../clib/microlib/string/memcpy.c         0x00000000   Number         0  memcpyb.o ABSOLUTE
    ../clib/microlib/string/memcpy.c         0x00000000   Number         0  memcpya.o ABSOLUTE
    ../clib/microlib/string/memset.c         0x00000000   Number         0  memseta.o ABSOLUTE
    ../clib/microlib/string/strcat.c         0x00000000   Number         0  strcat.o ABSOLUTE
    ../clib/microlib/string/strcmp.c         0x00000000   Number         0  strcmp.o ABSOLUTE
    ../clib/microlib/string/strncmp.c        0x00000000   Number         0  strncmp.o ABSOLUTE
    ../clib/microlib/stubs.s                 0x00000000   Number         0  iusefp.o ABSOLUTE
    ../clib/scanf.c                          0x00000000   Number         0  _chval.o ABSOLUTE
    ../clib/scanf.c                          0x00000000   Number         0  atoi.o ABSOLUTE
    ../clib/scanf.c                          0x00000000   Number         0  _strtoul.o ABSOLUTE
    ../clib/scanf.c                          0x00000000   Number         0  strtol.o ABSOLUTE
    ../fplib/microlib/f2d.c                  0x00000000   Number         0  f2d.o ABSOLUTE
    ../fplib/microlib/fpadd.c                0x00000000   Number         0  dadd.o ABSOLUTE
    ../fplib/microlib/fpdiv.c                0x00000000   Number         0  ddiv.o ABSOLUTE
    ../fplib/microlib/fpepilogue.c           0x00000000   Number         0  depilogue.o ABSOLUTE
    ../fplib/microlib/fpfix.c                0x00000000   Number         0  dfixi.o ABSOLUTE
    ../fplib/microlib/fpfix.c                0x00000000   Number         0  dfixul.o ABSOLUTE
    ../fplib/microlib/fpmul.c                0x00000000   Number         0  dmul.o ABSOLUTE
    ..\Libraries\CMSIS\Device\startup_stm32f411xe.s 0x00000000   Number         0  startup_stm32f411xe.o ABSOLUTE
    ..\Libraries\CMSIS\Device\system_stm32f4xx.c 0x00000000   Number         0  system_stm32f4xx.o ABSOLUTE
    ..\Libraries\STM32F4xx_StdPeriph_Driver\src\misc.c 0x00000000   Number         0  misc.o ABSOLUTE
    ..\Libraries\STM32F4xx_StdPeriph_Driver\src\stm32f4xx_exti.c 0x00000000   Number         0  stm32f4xx_exti.o ABSOLUTE
    ..\Libraries\STM32F4xx_StdPeriph_Driver\src\stm32f4xx_gpio.c 0x00000000   Number         0  stm32f4xx_gpio.o ABSOLUTE
    ..\Libraries\STM32F4xx_StdPeriph_Driver\src\stm32f4xx_rcc.c 0x00000000   Number         0  stm32f4xx_rcc.o ABSOLUTE
    ..\Libraries\STM32F4xx_StdPeriph_Driver\src\stm32f4xx_spi.c 0x00000000   Number         0  stm32f4xx_spi.o ABSOLUTE
    ..\Libraries\STM32F4xx_StdPeriph_Driver\src\stm32f4xx_syscfg.c 0x00000000   Number         0  stm32f4xx_syscfg.o ABSOLUTE
    ..\Libraries\STM32F4xx_StdPeriph_Driver\src\stm32f4xx_usart.c 0x00000000   Number         0  stm32f4xx_usart.o ABSOLUTE
    ..\Program\algorithms\string.c           0x00000000   Number         0  string.o ABSOLUTE
    ..\Program\decadriver\deca_device.c      0x00000000   Number         0  deca_device.o ABSOLUTE
    ..\Program\decadriver\deca_params.c      0x00000000   Number         0  deca_params.o ABSOLUTE
    ..\Program\drivers\stm32f4_delay.c       0x00000000   Number         0  stm32f4_delay.o ABSOLUTE
    ..\Program\drivers\stm32f4_spi.c         0x00000000   Number         0  stm32f4_spi.o ABSOLUTE
    ..\Program\drivers\stm32f4_usart.c       0x00000000   Number         0  stm32f4_usart.o ABSOLUTE
    ..\Program\lowlayer\kdwm1000_bsp.c       0x00000000   Number         0  kdwm1000_bsp.o ABSOLUTE
    ..\Program\lowlayer\kdwm1000_it.c        0x00000000   Number         0  kdwm1000_it.o ABSOLUTE
    ..\Program\main.c                        0x00000000   Number         0  main.o ABSOLUTE
    ..\Program\modules\dw1000.c              0x00000000   Number         0  dw1000.o ABSOLUTE
    ..\Program\modules\serial.c              0x00000000   Number         0  serial.o ABSOLUTE
    ..\Program\network\src\linklayer\uLinklayer.c 0x00000000   Number         0  ulinklayer.o ABSOLUTE
    ..\Program\network\src\protocol\uDiscovery.c 0x00000000   Number         0  udiscovery.o ABSOLUTE
    ..\Program\network\src\protocol\uRegister.c 0x00000000   Number         0  uregister.o ABSOLUTE
    ..\Program\network\src\service\uIdle.c   0x00000000   Number         0  uidle.o ABSOLUTE
    ..\Program\network\src\service\uSVManager.c 0x00000000   Number         0  usvmanager.o ABSOLUTE
    ..\Program\network\src\service\uSVShell.c 0x00000000   Number         0  usvshell.o ABSOLUTE
    ..\Program\network\src\utils\conversion.c 0x00000000   Number         0  conversion.o ABSOLUTE
    ..\Program\network\src\utils\stdplus_linklist.c 0x00000000   Number         0  stdplus_linklist.o ABSOLUTE
    ..\Program\network\src\utils\stdplus_queue.c 0x00000000   Number         0  stdplus_queue.o ABSOLUTE
    ..\Program\ranging.c                     0x00000000   Number         0  ranging.o ABSOLUTE
    ..\\Libraries\\CMSIS\\Device\\system_stm32f4xx.c 0x00000000   Number         0  system_stm32f4xx.o ABSOLUTE
    ..\\Libraries\\STM32F4xx_StdPeriph_Driver\\src\\misc.c 0x00000000   Number         0  misc.o ABSOLUTE
    ..\\Libraries\\STM32F4xx_StdPeriph_Driver\\src\\stm32f4xx_exti.c 0x00000000   Number         0  stm32f4xx_exti.o ABSOLUTE
    ..\\Libraries\\STM32F4xx_StdPeriph_Driver\\src\\stm32f4xx_gpio.c 0x00000000   Number         0  stm32f4xx_gpio.o ABSOLUTE
    ..\\Libraries\\STM32F4xx_StdPeriph_Driver\\src\\stm32f4xx_rcc.c 0x00000000   Number         0  stm32f4xx_rcc.o ABSOLUTE
    ..\\Libraries\\STM32F4xx_StdPeriph_Driver\\src\\stm32f4xx_spi.c 0x00000000   Number         0  stm32f4xx_spi.o ABSOLUTE
    ..\\Libraries\\STM32F4xx_StdPeriph_Driver\\src\\stm32f4xx_syscfg.c 0x00000000   Number         0  stm32f4xx_syscfg.o ABSOLUTE
    ..\\Libraries\\STM32F4xx_StdPeriph_Driver\\src\\stm32f4xx_usart.c 0x00000000   Number         0  stm32f4xx_usart.o ABSOLUTE
    ..\\Program\\algorithms\\string.c        0x00000000   Number         0  string.o ABSOLUTE
    ..\\Program\\decadriver\\deca_device.c   0x00000000   Number         0  deca_device.o ABSOLUTE
    ..\\Program\\decadriver\\deca_params.c   0x00000000   Number         0  deca_params.o ABSOLUTE
    ..\\Program\\drivers\\stm32f4_delay.c    0x00000000   Number         0  stm32f4_delay.o ABSOLUTE
    ..\\Program\\drivers\\stm32f4_spi.c      0x00000000   Number         0  stm32f4_spi.o ABSOLUTE
    ..\\Program\\drivers\\stm32f4_usart.c    0x00000000   Number         0  stm32f4_usart.o ABSOLUTE
    ..\\Program\\lowlayer\\kdwm1000_bsp.c    0x00000000   Number         0  kdwm1000_bsp.o ABSOLUTE
    ..\\Program\\lowlayer\\kdwm1000_it.c     0x00000000   Number         0  kdwm1000_it.o ABSOLUTE
    ..\\Program\\main.c                      0x00000000   Number         0  main.o ABSOLUTE
    ..\\Program\\modules\\dw1000.c           0x00000000   Number         0  dw1000.o ABSOLUTE
    ..\\Program\\modules\\serial.c           0x00000000   Number         0  serial.o ABSOLUTE
    ..\\Program\\network\\src\\linklayer\\uLinklayer.c 0x00000000   Number         0  ulinklayer.o ABSOLUTE
    ..\\Program\\network\\src\\protocol\\uRegister.c 0x00000000   Number         0  uregister.o ABSOLUTE
    ..\\Program\\network\\src\\service\\uIdle.c 0x00000000   Number         0  uidle.o ABSOLUTE
    ..\\Program\\network\\src\\service\\uSVManager.c 0x00000000   Number         0  usvmanager.o ABSOLUTE
    ..\\Program\\network\\src\\service\\uSVShell.c 0x00000000   Number         0  usvshell.o ABSOLUTE
    ..\\Program\\network\\src\\utils\\conversion.c 0x00000000   Number         0  conversion.o ABSOLUTE
    ..\\Program\\ranging.c                   0x00000000   Number         0  ranging.o ABSOLUTE
    cdrcmple.s                               0x00000000   Number         0  cdrcmple.o ABSOLUTE
    dc.s                                     0x00000000   Number         0  dc.o ABSOLUTE
    handlers.s                               0x00000000   Number         0  handlers.o ABSOLUTE
    init.s                                   0x00000000   Number         0  init.o ABSOLUTE
    RESET                                    0x08000000   Section      408  startup_stm32f411xe.o(RESET)
    .ARM.Collect$$$$00000000                 0x08000198   Section        0  entry.o(.ARM.Collect$$$$00000000)
    .ARM.Collect$$$$00000001                 0x08000198   Section        4  entry2.o(.ARM.Collect$$$$00000001)
    .ARM.Collect$$$$00000004                 0x0800019c   Section        4  entry5.o(.ARM.Collect$$$$00000004)
    .ARM.Collect$$$$00000008                 0x080001a0   Section        0  entry7b.o(.ARM.Collect$$$$00000008)
    .ARM.Collect$$$$0000000A                 0x080001a0   Section        0  entry8b.o(.ARM.Collect$$$$0000000A)
    .ARM.Collect$$$$0000000B                 0x080001a0   Section        8  entry9a.o(.ARM.Collect$$$$0000000B)
    .ARM.Collect$$$$0000000D                 0x080001a8   Section        0  entry10a.o(.ARM.Collect$$$$0000000D)
    .ARM.Collect$$$$0000000F                 0x080001a8   Section        0  entry11a.o(.ARM.Collect$$$$0000000F)
    .ARM.Collect$$$$00002712                 0x080001a8   Section        4  entry2.o(.ARM.Collect$$$$00002712)
    __lit__00000000                          0x080001a8   Data           4  entry2.o(.ARM.Collect$$$$00002712)
    .text                                    0x080001ac   Section       36  startup_stm32f411xe.o(.text)
    $v0                                      0x080001ac   Number         0  startup_stm32f411xe.o(.text)
    .text                                    0x080001d0   Section        0  rand.o(.text)
    .text                                    0x080001f4   Section        0  memcpya.o(.text)
    .text                                    0x08000218   Section        0  memseta.o(.text)
    .text                                    0x0800023c   Section        0  strcat.o(.text)
    .text                                    0x08000254   Section        0  strcmp.o(.text)
    .text                                    0x08000270   Section        0  strncmp.o(.text)
    .text                                    0x0800028e   Section        0  calloc.o(.text)
    .text                                    0x080002aa   Section        0  atoi.o(.text)
    .text                                    0x080002c4   Section        0  dmul.o(.text)
    .text                                    0x080003a8   Section        0  dfixi.o(.text)
    .text                                    0x080003e6   Section        0  f2d.o(.text)
    .text                                    0x0800040c   Section        0  uldiv.o(.text)
    .text                                    0x0800046e   Section        0  llushr.o(.text)
    .text                                    0x0800048e   Section        0  strtol.o(.text)
    .text                                    0x080004fe   Section        0  iusefp.o(.text)
    .text                                    0x080004fe   Section        0  depilogue.o(.text)
    .text                                    0x080005b8   Section       36  init.o(.text)
    .text                                    0x080005dc   Section        0  llshl.o(.text)
    .text                                    0x080005fc   Section        0  ctype_o.o(.text)
    .text                                    0x08000604   Section        0  _strtoul.o(.text)
    .text                                    0x080006a2   Section        0  _chval.o(.text)
    i.BusFault_Handler                       0x080006be   Section        0  kdwm1000_it.o(i.BusFault_Handler)
    i.DW1000_Config                          0x080006c0   Section        0  dw1000.o(i.DW1000_Config)
    i.DW1000_GetDeviceID                     0x080007c0   Section        0  dw1000.o(i.DW1000_GetDeviceID)
    i.DW1000_ReadOPT                         0x080007c8   Section        0  dw1000.o(i.DW1000_ReadOPT)
    i.DW1000_Reset                           0x08000818   Section        0  dw1000.o(i.DW1000_Reset)
    i.DW1000_SetAntennaDelayRX               0x08000870   Section        0  dw1000.o(i.DW1000_SetAntennaDelayRX)
    i.DW1000_SetAntennaDelayTX               0x0800087c   Section        0  dw1000.o(i.DW1000_SetAntennaDelayTX)
    i.DW1000_SetClock                        0x08000886   Section        0  dw1000.o(i.DW1000_SetClock)
    i.DW1000_SetCrystalTrim                  0x08000936   Section        0  dw1000.o(i.DW1000_SetCrystalTrim)
    i.DW1000_SetSpeed                        0x08000968   Section        0  dw1000.o(i.DW1000_SetSpeed)
    i.DW1000_readData                        0x080009bc   Section        0  dw1000.o(i.DW1000_readData)
    i.DW1000_readData16                      0x08000a50   Section        0  dw1000.o(i.DW1000_readData16)
    i.DW1000_readData32                      0x08000a66   Section        0  dw1000.o(i.DW1000_readData32)
    i.DW1000_writeData                       0x08000a7c   Section        0  dw1000.o(i.DW1000_writeData)
    i.DW1000_writeData16                     0x08000b10   Section        0  dw1000.o(i.DW1000_writeData16)
    i.DW1000_writeData32                     0x08000b1e   Section        0  dw1000.o(i.DW1000_writeData32)
    i.DebugMon_Handler                       0x08000b2c   Section        0  kdwm1000_it.o(i.DebugMon_Handler)
    i.GPIO_Init                              0x08000b2e   Section        0  stm32f4xx_gpio.o(i.GPIO_Init)
    i.GPIO_PinAFConfig                       0x08000ba6   Section        0  stm32f4xx_gpio.o(i.GPIO_PinAFConfig)
    i.HAL_Delay                              0x08000bc8   Section        0  stm32f4_delay.o(i.HAL_Delay)
    i.HAL_IncTick                            0x08000be0   Section        0  stm32f4_delay.o(i.HAL_IncTick)
    i.HAL_InitTick                           0x08000bf0   Section        0  stm32f4_delay.o(i.HAL_InitTick)
    i.HardFault_Handler                      0x08000c4c   Section        0  kdwm1000_it.o(i.HardFault_Handler)
    i.KDWM_DW1000_Config                     0x08000c4e   Section        0  kdwm1000_bsp.o(i.KDWM_DW1000_Config)
    i.KDWM_GPIO_Config                       0x08000c60   Section        0  kdwm1000_bsp.o(i.KDWM_GPIO_Config)
    i.KDWM_UART_Config                       0x08000d34   Section        0  kdwm1000_bsp.o(i.KDWM_UART_Config)
    i.MemManage_Handler                      0x08000d40   Section        0  kdwm1000_it.o(i.MemManage_Handler)
    i.NMI_Handler                            0x08000d42   Section        0  kdwm1000_it.o(i.NMI_Handler)
    i.NVIC_Init                              0x08000d44   Section        0  misc.o(i.NVIC_Init)
    i.NVIC_PriorityGroupConfig               0x08000da8   Section        0  misc.o(i.NVIC_PriorityGroupConfig)
    i.PendSV_Handler                         0x08000dbc   Section        0  kdwm1000_it.o(i.PendSV_Handler)
    i.QueueCreate                            0x08000dbe   Section        0  stdplus_queue.o(i.QueueCreate)
    i.QueueIsEmpty                           0x08000dea   Section        0  stdplus_queue.o(i.QueueIsEmpty)
    i.QueueIsFull                            0x08000dfa   Section        0  stdplus_queue.o(i.QueueIsFull)
    i.QueuePop                               0x08000e16   Section        0  stdplus_queue.o(i.QueuePop)
    i.QueuePush                              0x08000e44   Section        0  stdplus_queue.o(i.QueuePush)
    i.RCC_AHB1PeriphClockCmd                 0x08000e70   Section        0  stm32f4xx_rcc.o(i.RCC_AHB1PeriphClockCmd)
    i.RCC_APB1PeriphClockCmd                 0x08000e88   Section        0  stm32f4xx_rcc.o(i.RCC_APB1PeriphClockCmd)
    i.RCC_APB1PeriphResetCmd                 0x08000ea0   Section        0  stm32f4xx_rcc.o(i.RCC_APB1PeriphResetCmd)
    i.RCC_APB2PeriphClockCmd                 0x08000eb8   Section        0  stm32f4xx_rcc.o(i.RCC_APB2PeriphClockCmd)
    i.RCC_APB2PeriphResetCmd                 0x08000ed0   Section        0  stm32f4xx_rcc.o(i.RCC_APB2PeriphResetCmd)
    i.RCC_GetClocksFreq                      0x08000ee8   Section        0  stm32f4xx_rcc.o(i.RCC_GetClocksFreq)
    i.RangingInit                            0x08000f7c   Section        0  ranging.o(i.RangingInit)
    i.SPI_Cmd                                0x08000fb4   Section        0  stm32f4xx_spi.o(i.SPI_Cmd)
    i.SPI_I2S_DeInit                         0x08000fc8   Section        0  stm32f4xx_spi.o(i.SPI_I2S_DeInit)
    i.SPI_Init                               0x0800104c   Section        0  stm32f4xx_spi.o(i.SPI_Init)
    i.SPI_RW                                 0x08001084   Section        0  stm32f4_spi.o(i.SPI_RW)
    i.SVC_Handler                            0x08001096   Section        0  kdwm1000_it.o(i.SVC_Handler)
    i.Serial_Config                          0x08001098   Section        0  serial.o(i.Serial_Config)
    i.SetSysClock                            0x0800115c   Section        0  system_stm32f4xx.o(i.SetSysClock)
    SetSysClock                              0x0800115d   Thumb Code    98  system_stm32f4xx.o(i.SetSysClock)
    i.SysTick_Handler                        0x080011d0   Section        0  kdwm1000_it.o(i.SysTick_Handler)
    i.SystemInit                             0x080011d4   Section        0  system_stm32f4xx.o(i.SystemInit)
    i.UART_SendByte                          0x08001230   Section        0  stm32f4_usart.o(i.UART_SendByte)
    i.USART1_IRQHandler                      0x0800123c   Section        0  kdwm1000_it.o(i.USART1_IRQHandler)
    i.USART_ClearFlag                        0x080012a4   Section        0  stm32f4xx_usart.o(i.USART_ClearFlag)
    i.USART_Cmd                              0x080012aa   Section        0  stm32f4xx_usart.o(i.USART_Cmd)
    i.USART_GetITStatus                      0x080012be   Section        0  stm32f4xx_usart.o(i.USART_GetITStatus)
    i.USART_ITConfig                         0x080012fc   Section        0  stm32f4xx_usart.o(i.USART_ITConfig)
    i.USART_Init                             0x0800132c   Section        0  stm32f4xx_usart.o(i.USART_Init)
    i.UsageFault_Handler                     0x080013d8   Section        0  kdwm1000_it.o(i.UsageFault_Handler)
    i.__0printf$8                            0x080013dc   Section        0  printf8.o(i.__0printf$8)
    i.__0sprintf$8                           0x080013fc   Section        0  printf8.o(i.__0sprintf$8)
    i.__aeabi_errno_addr                     0x08001424   Section        0  errno.o(i.__aeabi_errno_addr)
    i.__scatterload_copy                     0x0800142c   Section       14  handlers.o(i.__scatterload_copy)
    i.__scatterload_null                     0x0800143a   Section        2  handlers.o(i.__scatterload_null)
    i.__scatterload_zeroinit                 0x0800143c   Section       14  handlers.o(i.__scatterload_zeroinit)
    i._dwt_configlde                         0x0800144a   Section        0  deca_device.o(i._dwt_configlde)
    i._printf_core                           0x0800147c   Section        0  printf8.o(i._printf_core)
    _printf_core                             0x0800147d   Thumb Code   996  printf8.o(i._printf_core)
    i._printf_post_padding                   0x0800188c   Section        0  printf8.o(i._printf_post_padding)
    _printf_post_padding                     0x0800188d   Thumb Code    36  printf8.o(i._printf_post_padding)
    i._printf_pre_padding                    0x080018b0   Section        0  printf8.o(i._printf_pre_padding)
    _printf_pre_padding                      0x080018b1   Thumb Code    46  printf8.o(i._printf_pre_padding)
    i._sputc                                 0x080018de   Section        0  printf8.o(i._sputc)
    _sputc                                   0x080018df   Thumb Code    10  printf8.o(i._sputc)
    i._uPTPacketSend                         0x080018e8   Section        0  uregister.o(i._uPTPacketSend)
    _uPTPacketSend                           0x080018e9   Thumb Code    36  uregister.o(i._uPTPacketSend)
    i._uPTWaitDeviceRegister                 0x0800190c   Section        0  uregister.o(i._uPTWaitDeviceRegister)
    _uPTWaitDeviceRegister                   0x0800190d   Thumb Code   246  uregister.o(i._uPTWaitDeviceRegister)
    i._uSVShellCmdLs                         0x08001a44   Section        0  usvshell.o(i._uSVShellCmdLs)
    _uSVShellCmdLs                           0x08001a45   Thumb Code   128  usvshell.o(i._uSVShellCmdLs)
    i._uSVShellCmdScan                       0x08001b18   Section        0  usvshell.o(i._uSVShellCmdScan)
    _uSVShellCmdScan                         0x08001b19   Thumb Code    70  usvshell.o(i._uSVShellCmdScan)
    i.dwt_configure                          0x08001bac   Section        0  deca_device.o(i.dwt_configure)
    i.dwt_entersleepaftertx                  0x08001dbc   Section        0  deca_device.o(i.dwt_entersleepaftertx)
    i.dwt_forcetrxoff                        0x08001de0   Section        0  deca_device.o(i.dwt_forcetrxoff)
    i.dwt_initialise                         0x08001e34   Section        0  deca_device.o(i.dwt_initialise)
    i.dwt_readrxdata                         0x08001f80   Section        0  deca_device.o(i.dwt_readrxdata)
    i.dwt_rxenable                           0x08001f92   Section        0  deca_device.o(i.dwt_rxenable)
    i.dwt_rxreset                            0x08001fe2   Section        0  deca_device.o(i.dwt_rxreset)
    i.dwt_setrxtimeout                       0x0800200c   Section        0  deca_device.o(i.dwt_setrxtimeout)
    i.dwt_starttx                            0x08002064   Section        0  deca_device.o(i.dwt_starttx)
    i.dwt_syncrxbufptrs                      0x080020f8   Section        0  deca_device.o(i.dwt_syncrxbufptrs)
    i.dwt_writetxdata                        0x0800212c   Section        0  deca_device.o(i.dwt_writetxdata)
    i.dwt_writetxfctrl                       0x08002150   Section        0  deca_device.o(i.dwt_writetxfctrl)
    i.fputc                                  0x0800216c   Section        0  serial.o(i.fputc)
    i.free                                   0x08002180   Section        0  malloc.o(i.free)
    i.inet_ntoa                              0x080021d0   Section        0  conversion.o(i.inet_ntoa)
    i.list_free                              0x08002204   Section        0  stdplus_linklist.o(i.list_free)
    i.list_new                               0x08002208   Section        0  stdplus_linklist.o(i.list_new)
    i.listnode_add                           0x08002210   Section        0  stdplus_linklist.o(i.listnode_add)
    i.listnode_head                          0x08002236   Section        0  stdplus_linklist.o(i.listnode_head)
    i.listnode_new                           0x08002240   Section        0  stdplus_linklist.o(i.listnode_new)
    listnode_new                             0x08002241   Thumb Code     8  stdplus_linklist.o(i.listnode_new)
    i.main                                   0x08002248   Section        0  main.o(i.main)
    i.malloc                                 0x08002294   Section        0  malloc.o(i.malloc)
    i.uLLFrameRecv                           0x08002300   Section        0  ulinklayer.o(i.uLLFrameRecv)
    i.uLLFrameSend                           0x080023c4   Section        0  ulinklayer.o(i.uLLFrameSend)
    i.uLLInit                                0x08002474   Section        0  ulinklayer.o(i.uLLInit)
    i.uPTRegisterCycle                       0x080024b4   Section        0  uregister.o(i.uPTRegisterCycle)
    i.uPTRegisterRespons                     0x0800253c   Section        0  uregister.o(i.uPTRegisterRespons)
    i.uSVIdle                                0x08002604   Section        0  uidle.o(i.uSVIdle)
    i.uSVManagerInit                         0x0800265c   Section        0  usvmanager.o(i.uSVManagerInit)
    i.uSVShellInit                           0x080026bc   Section        0  usvshell.o(i.uSVShellInit)
    i.uSVShellPrase                          0x08002700   Section        0  usvshell.o(i.uSVShellPrase)
    .constdata                               0x08002820   Section        8  deca_params.o(.constdata)
    .constdata                               0x08002828   Section       24  deca_params.o(.constdata)
    .constdata                               0x08002840   Section       30  deca_params.o(.constdata)
    .constdata                               0x0800285e   Section        2  deca_params.o(.constdata)
    .constdata                               0x08002860   Section        8  deca_params.o(.constdata)
    .constdata                               0x08002868   Section        3  deca_params.o(.constdata)
    .constdata                               0x0800286c   Section       12  deca_params.o(.constdata)
    .constdata                               0x08002878   Section        4  deca_params.o(.constdata)
    .constdata                               0x0800287c   Section       32  deca_params.o(.constdata)
    .constdata                               0x0800289c   Section       50  deca_params.o(.constdata)
    .constdata                               0x080028ce   Section      129  ctype_o.o(.constdata)
    .constdata                               0x08002950   Section        4  ctype_o.o(.constdata)
    table                                    0x08002950   Data           4  ctype_o.o(.constdata)
    .conststring                             0x08002954   Section      614  usvshell.o(.conststring)
    .data                                    0x20000000   Section       15  ranging.o(.data)
    status                                   0x20000000   Data           4  ranging.o(.data)
    config                                   0x20000004   Data          11  ranging.o(.data)
    .data                                    0x20000010   Section        4  ulinklayer.o(.data)
    .data                                    0x20000014   Section        4  usvmanager.o(.data)
    .data                                    0x20000018   Section        4  usvshell.o(.data)
    .data                                    0x2000001c   Section       20  system_stm32f4xx.o(.data)
    .data                                    0x20000030   Section       16  stm32f4xx_rcc.o(.data)
    APBAHBPrescTable                         0x20000030   Data          16  stm32f4xx_rcc.o(.data)
    .data                                    0x20000040   Section        4  stm32f4_delay.o(.data)
    uwTick                                   0x20000040   Data           4  stm32f4_delay.o(.data)
    .data                                    0x20000044   Section        4  kdwm1000_bsp.o(.data)
    .data                                    0x20000048   Section        1  kdwm1000_it.o(.data)
    .data                                    0x2000004c   Section        4  rand.o(.data)
    _rand_state                              0x2000004c   Data           4  rand.o(.data)
    .data                                    0x20000050   Section        4  stdout.o(.data)
    .data                                    0x20000054   Section        4  mvars.o(.data)
    .data                                    0x20000058   Section        4  mvars.o(.data)
    .data                                    0x2000005c   Section        4  errno.o(.data)
    _errno                                   0x2000005c   Data           4  errno.o(.data)
    .bss                                     0x20000060   Section      816  uregister.o(.bss)
    .bss                                     0x20000390   Section       12  usvmanager.o(.bss)
    .bss                                     0x2000039c   Section       60  deca_device.o(.bss)
    KDW                                      0x2000039c   Data          60  deca_device.o(.bss)
    HEAP                                     0x200003d8   Section    24576  startup_stm32f411xe.o(HEAP)
    STACK                                    0x200063d8   Section     4096  startup_stm32f411xe.o(STACK)

    Global Symbols

    Symbol Name                              Value     Ov Type        Size  Object(Section)

    BuildAttributes$$THM_ISAv4$E$P$D$K$B$S$7EM$VFPi3$EXTD16$VFPS$VFMA$PE$A:L22UL41UL21$X:L11$S22US41US21$IEEE1$IW$USESV6$~STKCKD$USESV7$~SHL$OSPACE$ROPI$EBA8$MICROLIB$REQ8$PRES8$EABIv2 0x00000000   Number         0  anon$$obj.o ABSOLUTE
    __ARM_use_no_argv                        0x00000000   Number         0  main.o ABSOLUTE
    _printf_a                                0x00000000   Number         0  stubs.o ABSOLUTE
    _printf_c                                0x00000000   Number         0  stubs.o ABSOLUTE
    _printf_charcount                        0x00000000   Number         0  stubs.o ABSOLUTE
    _printf_d                                0x00000000   Number         0  stubs.o ABSOLUTE
    _printf_e                                0x00000000   Number         0  stubs.o ABSOLUTE
    _printf_f                                0x00000000   Number         0  stubs.o ABSOLUTE
    _printf_flags                            0x00000000   Number         0  stubs.o ABSOLUTE
    _printf_fp_dec                           0x00000000   Number         0  stubs.o ABSOLUTE
    _printf_fp_hex                           0x00000000   Number         0  stubs.o ABSOLUTE
    _printf_g                                0x00000000   Number         0  stubs.o ABSOLUTE
    _printf_i                                0x00000000   Number         0  stubs.o ABSOLUTE
    _printf_int_dec                          0x00000000   Number         0  stubs.o ABSOLUTE
    _printf_l                                0x00000000   Number         0  stubs.o ABSOLUTE
    _printf_lc                               0x00000000   Number         0  stubs.o ABSOLUTE
    _printf_ll                               0x00000000   Number         0  stubs.o ABSOLUTE
    _printf_lld                              0x00000000   Number         0  stubs.o ABSOLUTE
    _printf_lli                              0x00000000   Number         0  stubs.o ABSOLUTE
    _printf_llo                              0x00000000   Number         0  stubs.o ABSOLUTE
    _printf_llu                              0x00000000   Number         0  stubs.o ABSOLUTE
    _printf_llx                              0x00000000   Number         0  stubs.o ABSOLUTE
    _printf_longlong_dec                     0x00000000   Number         0  stubs.o ABSOLUTE
    _printf_longlong_hex                     0x00000000   Number         0  stubs.o ABSOLUTE
    _printf_longlong_oct                     0x00000000   Number         0  stubs.o ABSOLUTE
    _printf_ls                               0x00000000   Number         0  stubs.o ABSOLUTE
    _printf_mbtowc                           0x00000000   Number         0  stubs.o ABSOLUTE
    _printf_n                                0x00000000   Number         0  stubs.o ABSOLUTE
    _printf_o                                0x00000000   Number         0  stubs.o ABSOLUTE
    _printf_p                                0x00000000   Number         0  stubs.o ABSOLUTE
    _printf_percent                          0x00000000   Number         0  stubs.o ABSOLUTE
    _printf_pre_padding                      0x00000000   Number         0  stubs.o ABSOLUTE
    _printf_return_value                     0x00000000   Number         0  stubs.o ABSOLUTE
    _printf_s                                0x00000000   Number         0  stubs.o ABSOLUTE
    _printf_sizespec                         0x00000000   Number         0  stubs.o ABSOLUTE
    _printf_str                              0x00000000   Number         0  stubs.o ABSOLUTE
    _printf_truncate_signed                  0x00000000   Number         0  stubs.o ABSOLUTE
    _printf_truncate_unsigned                0x00000000   Number         0  stubs.o ABSOLUTE
    _printf_u                                0x00000000   Number         0  stubs.o ABSOLUTE
    _printf_wc                               0x00000000   Number         0  stubs.o ABSOLUTE
    _printf_wctomb                           0x00000000   Number         0  stubs.o ABSOLUTE
    _printf_widthprec                        0x00000000   Number         0  stubs.o ABSOLUTE
    _printf_x                                0x00000000   Number         0  stubs.o ABSOLUTE
    __cpp_initialize__aeabi_                  - Undefined Weak Reference
    __cxa_finalize                            - Undefined Weak Reference
    __decompress                              - Undefined Weak Reference
    _clock_init                               - Undefined Weak Reference
    _microlib_exit                            - Undefined Weak Reference
    __Vectors_Size                           0x00000198   Number         0  startup_stm32f411xe.o ABSOLUTE
    __Vectors                                0x08000000   Data           4  startup_stm32f411xe.o(RESET)
    __Vectors_End                            0x08000198   Data           0  startup_stm32f411xe.o(RESET)
    __main                                   0x08000199   Thumb Code     0  entry.o(.ARM.Collect$$$$00000000)
    _main_stk                                0x08000199   Thumb Code     0  entry2.o(.ARM.Collect$$$$00000001)
    _main_scatterload                        0x0800019d   Thumb Code     0  entry5.o(.ARM.Collect$$$$00000004)
    __main_after_scatterload                 0x080001a1   Thumb Code     0  entry5.o(.ARM.Collect$$$$00000004)
    _main_clock                              0x080001a1   Thumb Code     0  entry7b.o(.ARM.Collect$$$$00000008)
    _main_cpp_init                           0x080001a1   Thumb Code     0  entry8b.o(.ARM.Collect$$$$0000000A)
    _main_init                               0x080001a1   Thumb Code     0  entry9a.o(.ARM.Collect$$$$0000000B)
    __rt_final_cpp                           0x080001a9   Thumb Code     0  entry10a.o(.ARM.Collect$$$$0000000D)
    __rt_final_exit                          0x080001a9   Thumb Code     0  entry11a.o(.ARM.Collect$$$$0000000F)
    Reset_Handler                            0x080001ad   Thumb Code     8  startup_stm32f411xe.o(.text)
    ADC_IRQHandler                           0x080001c7   Thumb Code     0  startup_stm32f411xe.o(.text)
    DMA1_Stream0_IRQHandler                  0x080001c7   Thumb Code     0  startup_stm32f411xe.o(.text)
    DMA1_Stream1_IRQHandler                  0x080001c7   Thumb Code     0  startup_stm32f411xe.o(.text)
    DMA1_Stream2_IRQHandler                  0x080001c7   Thumb Code     0  startup_stm32f411xe.o(.text)
    DMA1_Stream3_IRQHandler                  0x080001c7   Thumb Code     0  startup_stm32f411xe.o(.text)
    DMA1_Stream4_IRQHandler                  0x080001c7   Thumb Code     0  startup_stm32f411xe.o(.text)
    DMA1_Stream5_IRQHandler                  0x080001c7   Thumb Code     0  startup_stm32f411xe.o(.text)
    DMA1_Stream6_IRQHandler                  0x080001c7   Thumb Code     0  startup_stm32f411xe.o(.text)
    DMA1_Stream7_IRQHandler                  0x080001c7   Thumb Code     0  startup_stm32f411xe.o(.text)
    DMA2_Stream0_IRQHandler                  0x080001c7   Thumb Code     0  startup_stm32f411xe.o(.text)
    DMA2_Stream1_IRQHandler                  0x080001c7   Thumb Code     0  startup_stm32f411xe.o(.text)
    DMA2_Stream2_IRQHandler                  0x080001c7   Thumb Code     0  startup_stm32f411xe.o(.text)
    DMA2_Stream3_IRQHandler                  0x080001c7   Thumb Code     0  startup_stm32f411xe.o(.text)
    DMA2_Stream4_IRQHandler                  0x080001c7   Thumb Code     0  startup_stm32f411xe.o(.text)
    DMA2_Stream5_IRQHandler                  0x080001c7   Thumb Code     0  startup_stm32f411xe.o(.text)
    DMA2_Stream6_IRQHandler                  0x080001c7   Thumb Code     0  startup_stm32f411xe.o(.text)
    DMA2_Stream7_IRQHandler                  0x080001c7   Thumb Code     0  startup_stm32f411xe.o(.text)
    EXTI0_IRQHandler                         0x080001c7   Thumb Code     0  startup_stm32f411xe.o(.text)
    EXTI15_10_IRQHandler                     0x080001c7   Thumb Code     0  startup_stm32f411xe.o(.text)
    EXTI1_IRQHandler                         0x080001c7   Thumb Code     0  startup_stm32f411xe.o(.text)
    EXTI2_IRQHandler                         0x080001c7   Thumb Code     0  startup_stm32f411xe.o(.text)
    EXTI3_IRQHandler                         0x080001c7   Thumb Code     0  startup_stm32f411xe.o(.text)
    EXTI4_IRQHandler                         0x080001c7   Thumb Code     0  startup_stm32f411xe.o(.text)
    EXTI9_5_IRQHandler                       0x080001c7   Thumb Code     0  startup_stm32f411xe.o(.text)
    FLASH_IRQHandler                         0x080001c7   Thumb Code     0  startup_stm32f411xe.o(.text)
    FPU_IRQHandler                           0x080001c7   Thumb Code     0  startup_stm32f411xe.o(.text)
    I2C1_ER_IRQHandler                       0x080001c7   Thumb Code     0  startup_stm32f411xe.o(.text)
    I2C1_EV_IRQHandler                       0x080001c7   Thumb Code     0  startup_stm32f411xe.o(.text)
    I2C2_ER_IRQHandler                       0x080001c7   Thumb Code     0  startup_stm32f411xe.o(.text)
    I2C2_EV_IRQHandler                       0x080001c7   Thumb Code     0  startup_stm32f411xe.o(.text)
    I2C3_ER_IRQHandler                       0x080001c7   Thumb Code     0  startup_stm32f411xe.o(.text)
    I2C3_EV_IRQHandler                       0x080001c7   Thumb Code     0  startup_stm32f411xe.o(.text)
    OTG_FS_IRQHandler                        0x080001c7   Thumb Code     0  startup_stm32f411xe.o(.text)
    OTG_FS_WKUP_IRQHandler                   0x080001c7   Thumb Code     0  startup_stm32f411xe.o(.text)
    PVD_IRQHandler                           0x080001c7   Thumb Code     0  startup_stm32f411xe.o(.text)
    RCC_IRQHandler                           0x080001c7   Thumb Code     0  startup_stm32f411xe.o(.text)
    RTC_Alarm_IRQHandler                     0x080001c7   Thumb Code     0  startup_stm32f411xe.o(.text)
    RTC_WKUP_IRQHandler                      0x080001c7   Thumb Code     0  startup_stm32f411xe.o(.text)
    SDIO_IRQHandler                          0x080001c7   Thumb Code     0  startup_stm32f411xe.o(.text)
    SPI1_IRQHandler                          0x080001c7   Thumb Code     0  startup_stm32f411xe.o(.text)
    SPI2_IRQHandler                          0x080001c7   Thumb Code     0  startup_stm32f411xe.o(.text)
    SPI3_IRQHandler                          0x080001c7   Thumb Code     0  startup_stm32f411xe.o(.text)
    SPI4_IRQHandler                          0x080001c7   Thumb Code     0  startup_stm32f411xe.o(.text)
    SPI5_IRQHandler                          0x080001c7   Thumb Code     0  startup_stm32f411xe.o(.text)
    TAMP_STAMP_IRQHandler                    0x080001c7   Thumb Code     0  startup_stm32f411xe.o(.text)
    TIM1_BRK_TIM9_IRQHandler                 0x080001c7   Thumb Code     0  startup_stm32f411xe.o(.text)
    TIM1_CC_IRQHandler                       0x080001c7   Thumb Code     0  startup_stm32f411xe.o(.text)
    TIM1_TRG_COM_TIM11_IRQHandler            0x080001c7   Thumb Code     0  startup_stm32f411xe.o(.text)
    TIM1_UP_TIM10_IRQHandler                 0x080001c7   Thumb Code     0  startup_stm32f411xe.o(.text)
    TIM2_IRQHandler                          0x080001c7   Thumb Code     0  startup_stm32f411xe.o(.text)
    TIM3_IRQHandler                          0x080001c7   Thumb Code     0  startup_stm32f411xe.o(.text)
    TIM4_IRQHandler                          0x080001c7   Thumb Code     0  startup_stm32f411xe.o(.text)
    TIM5_IRQHandler                          0x080001c7   Thumb Code     0  startup_stm32f411xe.o(.text)
    USART2_IRQHandler                        0x080001c7   Thumb Code     0  startup_stm32f411xe.o(.text)
    USART6_IRQHandler                        0x080001c7   Thumb Code     0  startup_stm32f411xe.o(.text)
    WWDG_IRQHandler                          0x080001c7   Thumb Code     0  startup_stm32f411xe.o(.text)
    rand                                     0x080001d1   Thumb Code    20  rand.o(.text)
    srand                                    0x080001e5   Thumb Code     6  rand.o(.text)
    __aeabi_memcpy                           0x080001f5   Thumb Code    36  memcpya.o(.text)
    __aeabi_memcpy4                          0x080001f5   Thumb Code     0  memcpya.o(.text)
    __aeabi_memcpy8                          0x080001f5   Thumb Code     0  memcpya.o(.text)
    __aeabi_memset                           0x08000219   Thumb Code    14  memseta.o(.text)
    __aeabi_memset4                          0x08000219   Thumb Code     0  memseta.o(.text)
    __aeabi_memset8                          0x08000219   Thumb Code     0  memseta.o(.text)
    __aeabi_memclr                           0x08000227   Thumb Code     4  memseta.o(.text)
    __aeabi_memclr4                          0x08000227   Thumb Code     0  memseta.o(.text)
    __aeabi_memclr8                          0x08000227   Thumb Code     0  memseta.o(.text)
    _memset$wrapper                          0x0800022b   Thumb Code    18  memseta.o(.text)
    strcat                                   0x0800023d   Thumb Code    24  strcat.o(.text)
    strcmp                                   0x08000255   Thumb Code    28  strcmp.o(.text)
    strncmp                                  0x08000271   Thumb Code    30  strncmp.o(.text)
    calloc                                   0x0800028f   Thumb Code    28  calloc.o(.text)
    atoi                                     0x080002ab   Thumb Code    26  atoi.o(.text)
    __aeabi_dmul                             0x080002c5   Thumb Code   228  dmul.o(.text)
    __aeabi_d2iz                             0x080003a9   Thumb Code    62  dfixi.o(.text)
    __aeabi_f2d                              0x080003e7   Thumb Code    38  f2d.o(.text)
    __aeabi_uldivmod                         0x0800040d   Thumb Code    98  uldiv.o(.text)
    __aeabi_llsr                             0x0800046f   Thumb Code    32  llushr.o(.text)
    _ll_ushift_r                             0x0800046f   Thumb Code     0  llushr.o(.text)
    strtol                                   0x0800048f   Thumb Code   112  strtol.o(.text)
    __I$use$fp                               0x080004ff   Thumb Code     0  iusefp.o(.text)
    _double_round                            0x080004ff   Thumb Code    30  depilogue.o(.text)
    _double_epilogue                         0x0800051d   Thumb Code   156  depilogue.o(.text)
    __scatterload                            0x080005b9   Thumb Code    28  init.o(.text)
    __scatterload_rt2                        0x080005b9   Thumb Code     0  init.o(.text)
    __aeabi_llsl                             0x080005dd   Thumb Code    30  llshl.o(.text)
    _ll_shift_l                              0x080005dd   Thumb Code     0  llshl.o(.text)
    __rt_ctype_table                         0x080005fd   Thumb Code     4  ctype_o.o(.text)
    _strtoul                                 0x08000605   Thumb Code   158  _strtoul.o(.text)
    _chval                                   0x080006a3   Thumb Code    28  _chval.o(.text)
    BusFault_Handler                         0x080006bf   Thumb Code     2  kdwm1000_it.o(i.BusFault_Handler)
    DW1000_Config                            0x080006c1   Thumb Code   244  dw1000.o(i.DW1000_Config)
    DW1000_GetDeviceID                       0x080007c1   Thumb Code     8  dw1000.o(i.DW1000_GetDeviceID)
    DW1000_ReadOPT                           0x080007c9   Thumb Code    80  dw1000.o(i.DW1000_ReadOPT)
    DW1000_Reset                             0x08000819   Thumb Code    82  dw1000.o(i.DW1000_Reset)
    DW1000_SetAntennaDelayRX                 0x08000871   Thumb Code    12  dw1000.o(i.DW1000_SetAntennaDelayRX)
    DW1000_SetAntennaDelayTX                 0x0800087d   Thumb Code    10  dw1000.o(i.DW1000_SetAntennaDelayTX)
    DW1000_SetClock                          0x08000887   Thumb Code   176  dw1000.o(i.DW1000_SetClock)
    DW1000_SetCrystalTrim                    0x08000937   Thumb Code    48  dw1000.o(i.DW1000_SetCrystalTrim)
    DW1000_SetSpeed                          0x08000969   Thumb Code    80  dw1000.o(i.DW1000_SetSpeed)
    DW1000_readData                          0x080009bd   Thumb Code   138  dw1000.o(i.DW1000_readData)
    DW1000_readData16                        0x08000a51   Thumb Code    22  dw1000.o(i.DW1000_readData16)
    DW1000_readData32                        0x08000a67   Thumb Code    20  dw1000.o(i.DW1000_readData32)
    DW1000_writeData                         0x08000a7d   Thumb Code   138  dw1000.o(i.DW1000_writeData)
    DW1000_writeData16                       0x08000b11   Thumb Code    14  dw1000.o(i.DW1000_writeData16)
    DW1000_writeData32                       0x08000b1f   Thumb Code    14  dw1000.o(i.DW1000_writeData32)
    DebugMon_Handler                         0x08000b2d   Thumb Code     2  kdwm1000_it.o(i.DebugMon_Handler)
    GPIO_Init                                0x08000b2f   Thumb Code   120  stm32f4xx_gpio.o(i.GPIO_Init)
    GPIO_PinAFConfig                         0x08000ba7   Thumb Code    32  stm32f4xx_gpio.o(i.GPIO_PinAFConfig)
    HAL_Delay                                0x08000bc9   Thumb Code    18  stm32f4_delay.o(i.HAL_Delay)
    HAL_IncTick                              0x08000be1   Thumb Code    10  stm32f4_delay.o(i.HAL_IncTick)
    HAL_InitTick                             0x08000bf1   Thumb Code    84  stm32f4_delay.o(i.HAL_InitTick)
    HardFault_Handler                        0x08000c4d   Thumb Code     2  kdwm1000_it.o(i.HardFault_Handler)
    KDWM_DW1000_Config                       0x08000c4f   Thumb Code    16  kdwm1000_bsp.o(i.KDWM_DW1000_Config)
    KDWM_GPIO_Config                         0x08000c61   Thumb Code   200  kdwm1000_bsp.o(i.KDWM_GPIO_Config)
    KDWM_UART_Config                         0x08000d35   Thumb Code     8  kdwm1000_bsp.o(i.KDWM_UART_Config)
    MemManage_Handler                        0x08000d41   Thumb Code     2  kdwm1000_it.o(i.MemManage_Handler)
    NMI_Handler                              0x08000d43   Thumb Code     2  kdwm1000_it.o(i.NMI_Handler)
    NVIC_Init                                0x08000d45   Thumb Code    96  misc.o(i.NVIC_Init)
    NVIC_PriorityGroupConfig                 0x08000da9   Thumb Code    10  misc.o(i.NVIC_PriorityGroupConfig)
    PendSV_Handler                           0x08000dbd   Thumb Code     2  kdwm1000_it.o(i.PendSV_Handler)
    QueueCreate                              0x08000dbf   Thumb Code    44  stdplus_queue.o(i.QueueCreate)
    QueueIsEmpty                             0x08000deb   Thumb Code    16  stdplus_queue.o(i.QueueIsEmpty)
    QueueIsFull                              0x08000dfb   Thumb Code    28  stdplus_queue.o(i.QueueIsFull)
    QueuePop                                 0x08000e17   Thumb Code    46  stdplus_queue.o(i.QueuePop)
    QueuePush                                0x08000e45   Thumb Code    44  stdplus_queue.o(i.QueuePush)
    RCC_AHB1PeriphClockCmd                   0x08000e71   Thumb Code    18  stm32f4xx_rcc.o(i.RCC_AHB1PeriphClockCmd)
    RCC_APB1PeriphClockCmd                   0x08000e89   Thumb Code    18  stm32f4xx_rcc.o(i.RCC_APB1PeriphClockCmd)
    RCC_APB1PeriphResetCmd                   0x08000ea1   Thumb Code    18  stm32f4xx_rcc.o(i.RCC_APB1PeriphResetCmd)
    RCC_APB2PeriphClockCmd                   0x08000eb9   Thumb Code    18  stm32f4xx_rcc.o(i.RCC_APB2PeriphClockCmd)
    RCC_APB2PeriphResetCmd                   0x08000ed1   Thumb Code    18  stm32f4xx_rcc.o(i.RCC_APB2PeriphResetCmd)
    RCC_GetClocksFreq                        0x08000ee9   Thumb Code   132  stm32f4xx_rcc.o(i.RCC_GetClocksFreq)
    RangingInit                              0x08000f7d   Thumb Code    52  ranging.o(i.RangingInit)
    SPI_Cmd                                  0x08000fb5   Thumb Code    20  stm32f4xx_spi.o(i.SPI_Cmd)
    SPI_I2S_DeInit                           0x08000fc9   Thumb Code   108  stm32f4xx_spi.o(i.SPI_I2S_DeInit)
    SPI_Init                                 0x0800104d   Thumb Code    56  stm32f4xx_spi.o(i.SPI_Init)
    SPI_RW                                   0x08001085   Thumb Code    18  stm32f4_spi.o(i.SPI_RW)
    SVC_Handler                              0x08001097   Thumb Code     2  kdwm1000_it.o(i.SVC_Handler)
    Serial_Config                            0x08001099   Thumb Code   186  serial.o(i.Serial_Config)
    SysTick_Handler                          0x080011d1   Thumb Code     4  kdwm1000_it.o(i.SysTick_Handler)
    SystemInit                               0x080011d5   Thumb Code    74  system_stm32f4xx.o(i.SystemInit)
    UART_SendByte                            0x08001231   Thumb Code    12  stm32f4_usart.o(i.UART_SendByte)
    USART1_IRQHandler                        0x0800123d   Thumb Code    92  kdwm1000_it.o(i.USART1_IRQHandler)
    USART_ClearFlag                          0x080012a5   Thumb Code     6  stm32f4xx_usart.o(i.USART_ClearFlag)
    USART_Cmd                                0x080012ab   Thumb Code    20  stm32f4xx_usart.o(i.USART_Cmd)
    USART_GetITStatus                        0x080012bf   Thumb Code    62  stm32f4xx_usart.o(i.USART_GetITStatus)
    USART_ITConfig                           0x080012fd   Thumb Code    48  stm32f4xx_usart.o(i.USART_ITConfig)
    USART_Init                               0x0800132d   Thumb Code   164  stm32f4xx_usart.o(i.USART_Init)
    UsageFault_Handler                       0x080013d9   Thumb Code     2  kdwm1000_it.o(i.UsageFault_Handler)
    __0printf$8                              0x080013dd   Thumb Code    22  printf8.o(i.__0printf$8)
    __1printf$8                              0x080013dd   Thumb Code     0  printf8.o(i.__0printf$8)
    __2printf                                0x080013dd   Thumb Code     0  printf8.o(i.__0printf$8)
    __0sprintf$8                             0x080013fd   Thumb Code    34  printf8.o(i.__0sprintf$8)
    __1sprintf$8                             0x080013fd   Thumb Code     0  printf8.o(i.__0sprintf$8)
    __2sprintf                               0x080013fd   Thumb Code     0  printf8.o(i.__0sprintf$8)
    __aeabi_errno_addr                       0x08001425   Thumb Code     4  errno.o(i.__aeabi_errno_addr)
    __rt_errno_addr                          0x08001425   Thumb Code     0  errno.o(i.__aeabi_errno_addr)
    __scatterload_copy                       0x0800142d   Thumb Code    14  handlers.o(i.__scatterload_copy)
    __scatterload_null                       0x0800143b   Thumb Code     2  handlers.o(i.__scatterload_null)
    __scatterload_zeroinit                   0x0800143d   Thumb Code    14  handlers.o(i.__scatterload_zeroinit)
    _dwt_configlde                           0x0800144b   Thumb Code    48  deca_device.o(i._dwt_configlde)
    dwt_configure                            0x08001bad   Thumb Code   482  deca_device.o(i.dwt_configure)
    dwt_entersleepaftertx                    0x08001dbd   Thumb Code    36  deca_device.o(i.dwt_entersleepaftertx)
    dwt_forcetrxoff                          0x08001de1   Thumb Code    74  deca_device.o(i.dwt_forcetrxoff)
    dwt_initialise                           0x08001e35   Thumb Code   324  deca_device.o(i.dwt_initialise)
    dwt_readrxdata                           0x08001f81   Thumb Code    18  deca_device.o(i.dwt_readrxdata)
    dwt_rxenable                             0x08001f93   Thumb Code    80  deca_device.o(i.dwt_rxenable)
    dwt_rxreset                              0x08001fe3   Thumb Code    40  deca_device.o(i.dwt_rxreset)
    dwt_setrxtimeout                         0x0800200d   Thumb Code    84  deca_device.o(i.dwt_setrxtimeout)
    dwt_starttx                              0x08002065   Thumb Code   142  deca_device.o(i.dwt_starttx)
    dwt_syncrxbufptrs                        0x080020f9   Thumb Code    52  deca_device.o(i.dwt_syncrxbufptrs)
    dwt_writetxdata                          0x0800212d   Thumb Code    34  deca_device.o(i.dwt_writetxdata)
    dwt_writetxfctrl                         0x08002151   Thumb Code    24  deca_device.o(i.dwt_writetxfctrl)
    fputc                                    0x0800216d   Thumb Code    14  serial.o(i.fputc)
    free                                     0x08002181   Thumb Code    76  malloc.o(i.free)
    inet_ntoa                                0x080021d1   Thumb Code    40  conversion.o(i.inet_ntoa)
    list_free                                0x08002205   Thumb Code     4  stdplus_linklist.o(i.list_free)
    list_new                                 0x08002209   Thumb Code     8  stdplus_linklist.o(i.list_new)
    listnode_add                             0x08002211   Thumb Code    38  stdplus_linklist.o(i.listnode_add)
    listnode_head                            0x08002237   Thumb Code    10  stdplus_linklist.o(i.listnode_head)
    main                                     0x08002249   Thumb Code    44  main.o(i.main)
    malloc                                   0x08002295   Thumb Code    92  malloc.o(i.malloc)
    uLLFrameRecv                             0x08002301   Thumb Code   182  ulinklayer.o(i.uLLFrameRecv)
    uLLFrameSend                             0x080023c5   Thumb Code   158  ulinklayer.o(i.uLLFrameSend)
    uLLInit                                  0x08002475   Thumb Code    50  ulinklayer.o(i.uLLInit)
    uPTRegisterCycle                         0x080024b5   Thumb Code   116  uregister.o(i.uPTRegisterCycle)
    uPTRegisterRespons                       0x0800253d   Thumb Code   180  uregister.o(i.uPTRegisterRespons)
    uSVIdle                                  0x08002605   Thumb Code    78  uidle.o(i.uSVIdle)
    uSVManagerInit                           0x0800265d   Thumb Code    70  usvmanager.o(i.uSVManagerInit)
    uSVShellInit                             0x080026bd   Thumb Code    28  usvshell.o(i.uSVShellInit)
    uSVShellPrase                            0x08002701   Thumb Code   192  usvshell.o(i.uSVShellPrase)
    chan_idx                                 0x08002820   Data           8  deca_params.o(.constdata)
    tx_config                                0x08002828   Data          24  deca_params.o(.constdata)
    pll2_config                              0x08002840   Data          30  deca_params.o(.constdata)
    rx_config                                0x0800285e   Data           2  deca_params.o(.constdata)
    agc_config                               0x08002860   Data           8  deca_params.o(.constdata)
    dwnsSFDlen                               0x08002868   Data           3  deca_params.o(.constdata)
    sftsh                                    0x0800286c   Data          12  deca_params.o(.constdata)
    dtune1                                   0x08002878   Data           4  deca_params.o(.constdata)
    digital_bb_config                        0x0800287c   Data          32  deca_params.o(.constdata)
    lde_replicaCoeff                         0x0800289c   Data          50  deca_params.o(.constdata)
    __ctype_table                            0x080028ce   Data         129  ctype_o.o(.constdata)
    Region$$Table$$Base                      0x08002bbc   Number         0  anon$$obj.o(Region$$Table)
    Region$$Table$$Limit                     0x08002bdc   Number         0  anon$$obj.o(Region$$Table)
    uLLRecvBuf                               0x20000010   Data           4  ulinklayer.o(.data)
    guSVManagerDevice                        0x20000014   Data           4  usvmanager.o(.data)
    gUartQueue                               0x20000018   Data           4  usvshell.o(.data)
    SystemCoreClock                          0x2000001c   Data           4  system_stm32f4xx.o(.data)
    AHBPrescTable                            0x20000020   Data          16  system_stm32f4xx.o(.data)
    UART1_irqEven                            0x20000044   Data           4  kdwm1000_bsp.o(.data)
    _is_uart_handle                          0x20000048   Data           1  kdwm1000_it.o(.data)
    __stdout                                 0x20000050   Data           4  stdout.o(.data)
    __microlib_freelist                      0x20000054   Data           4  mvars.o(.data)
    __microlib_freelist_initialised          0x20000058   Data           4  mvars.o(.data)
    gAddrPool                                0x20000060   Data         800  uregister.o(.bss)
    fra_wt                                   0x20000380   Data          16  uregister.o(.bss)
    guSVManagerCtl                           0x20000390   Data          12  usvmanager.o(.bss)
    __heap_base                              0x200003d8   Data           0  startup_stm32f411xe.o(HEAP)
    __heap_limit                             0x200063d8   Data           0  startup_stm32f411xe.o(HEAP)
    __initial_sp                             0x200073d8   Data           0  startup_stm32f411xe.o(STACK)



==============================================================================

Memory Map of the image

  Image Entry point : 0x08000199

  Load Region LR_IROM1 (Base: 0x08000000, Size: 0x00002c3c, Max: 0x00080000, ABSOLUTE)

    Execution Region ER_IROM1 (Exec base: 0x08000000, Load base: 0x08000000, Size: 0x00002bdc, Max: 0x00080000, ABSOLUTE)

    Exec Addr    Load Addr    Size         Type   Attr      Idx    E Section Name        Object

    0x08000000   0x08000000   0x00000198   Data   RO          639    RESET               startup_stm32f411xe.o
    0x08000198   0x08000198   0x00000000   Code   RO         2366  * .ARM.Collect$$$$00000000  mc_w.l(entry.o)
    0x08000198   0x08000198   0x00000004   Code   RO         2683    .ARM.Collect$$$$00000001  mc_w.l(entry2.o)
    0x0800019c   0x0800019c   0x00000004   Code   RO         2686    .ARM.Collect$$$$00000004  mc_w.l(entry5.o)
    0x080001a0   0x080001a0   0x00000000   Code   RO         2688    .ARM.Collect$$$$00000008  mc_w.l(entry7b.o)
    0x080001a0   0x080001a0   0x00000000   Code   RO         2690    .ARM.Collect$$$$0000000A  mc_w.l(entry8b.o)
    0x080001a0   0x080001a0   0x00000008   Code   RO         2691    .ARM.Collect$$$$0000000B  mc_w.l(entry9a.o)
    0x080001a8   0x080001a8   0x00000000   Code   RO         2693    .ARM.Collect$$$$0000000D  mc_w.l(entry10a.o)
    0x080001a8   0x080001a8   0x00000000   Code   RO         2695    .ARM.Collect$$$$0000000F  mc_w.l(entry11a.o)
    0x080001a8   0x080001a8   0x00000004   Code   RO         2684    .ARM.Collect$$$$00002712  mc_w.l(entry2.o)
    0x080001ac   0x080001ac   0x00000024   Code   RO          640    .text               startup_stm32f411xe.o
    0x080001d0   0x080001d0   0x00000024   Code   RO         2369    .text               mc_w.l(rand.o)
    0x080001f4   0x080001f4   0x00000024   Code   RO         2372    .text               mc_w.l(memcpya.o)
    0x08000218   0x08000218   0x00000024   Code   RO         2374    .text               mc_w.l(memseta.o)
    0x0800023c   0x0800023c   0x00000018   Code   RO         2376    .text               mc_w.l(strcat.o)
    0x08000254   0x08000254   0x0000001c   Code   RO         2378    .text               mc_w.l(strcmp.o)
    0x08000270   0x08000270   0x0000001e   Code   RO         2380    .text               mc_w.l(strncmp.o)
    0x0800028e   0x0800028e   0x0000001c   Code   RO         2673    .text               mc_w.l(calloc.o)
    0x080002aa   0x080002aa   0x0000001a   Code   RO         2675    .text               mc_w.l(atoi.o)
    0x080002c4   0x080002c4   0x000000e4   Code   RO         2677    .text               mf_w.l(dmul.o)
    0x080003a8   0x080003a8   0x0000003e   Code   RO         2679    .text               mf_w.l(dfixi.o)
    0x080003e6   0x080003e6   0x00000026   Code   RO         2681    .text               mf_w.l(f2d.o)
    0x0800040c   0x0800040c   0x00000062   Code   RO         2700    .text               mc_w.l(uldiv.o)
    0x0800046e   0x0800046e   0x00000020   Code   RO         2702    .text               mc_w.l(llushr.o)
    0x0800048e   0x0800048e   0x00000070   Code   RO         2713    .text               mc_w.l(strtol.o)
    0x080004fe   0x080004fe   0x00000000   Code   RO         2715    .text               mc_w.l(iusefp.o)
    0x080004fe   0x080004fe   0x000000ba   Code   RO         2716    .text               mf_w.l(depilogue.o)
    0x080005b8   0x080005b8   0x00000024   Code   RO         2726    .text               mc_w.l(init.o)
    0x080005dc   0x080005dc   0x0000001e   Code   RO         2728    .text               mc_w.l(llshl.o)
    0x080005fa   0x080005fa   0x00000002   PAD
    0x080005fc   0x080005fc   0x00000008   Code   RO         2732    .text               mc_w.l(ctype_o.o)
    0x08000604   0x08000604   0x0000009e   Code   RO         2760    .text               mc_w.l(_strtoul.o)
    0x080006a2   0x080006a2   0x0000001c   Code   RO         2762    .text               mc_w.l(_chval.o)
    0x080006be   0x080006be   0x00000002   Code   RO         2284    i.BusFault_Handler  kdwm1000_it.o
    0x080006c0   0x080006c0   0x00000100   Code   RO         1861    i.DW1000_Config     dw1000.o
    0x080007c0   0x080007c0   0x00000008   Code   RO         1862    i.DW1000_GetDeviceID  dw1000.o
    0x080007c8   0x080007c8   0x00000050   Code   RO         1864    i.DW1000_ReadOPT    dw1000.o
    0x08000818   0x08000818   0x00000058   Code   RO         1865    i.DW1000_Reset      dw1000.o
    0x08000870   0x08000870   0x0000000c   Code   RO         1866    i.DW1000_SetAntennaDelayRX  dw1000.o
    0x0800087c   0x0800087c   0x0000000a   Code   RO         1867    i.DW1000_SetAntennaDelayTX  dw1000.o
    0x08000886   0x08000886   0x000000b0   Code   RO         1868    i.DW1000_SetClock   dw1000.o
    0x08000936   0x08000936   0x00000030   Code   RO         1869    i.DW1000_SetCrystalTrim  dw1000.o
    0x08000966   0x08000966   0x00000002   PAD
    0x08000968   0x08000968   0x00000054   Code   RO         1870    i.DW1000_SetSpeed   dw1000.o
    0x080009bc   0x080009bc   0x00000094   Code   RO         1871    i.DW1000_readData   dw1000.o
    0x08000a50   0x08000a50   0x00000016   Code   RO         1872    i.DW1000_readData16  dw1000.o
    0x08000a66   0x08000a66   0x00000014   Code   RO         1873    i.DW1000_readData32  dw1000.o
    0x08000a7a   0x08000a7a   0x00000002   PAD
    0x08000a7c   0x08000a7c   0x00000094   Code   RO         1874    i.DW1000_writeData  dw1000.o
    0x08000b10   0x08000b10   0x0000000e   Code   RO         1875    i.DW1000_writeData16  dw1000.o
    0x08000b1e   0x08000b1e   0x0000000e   Code   RO         1876    i.DW1000_writeData32  dw1000.o
    0x08000b2c   0x08000b2c   0x00000002   Code   RO         2285    i.DebugMon_Handler  kdwm1000_it.o
    0x08000b2e   0x08000b2e   0x00000078   Code   RO         1171    i.GPIO_Init         stm32f4xx_gpio.o
    0x08000ba6   0x08000ba6   0x00000020   Code   RO         1172    i.GPIO_PinAFConfig  stm32f4xx_gpio.o
    0x08000bc6   0x08000bc6   0x00000002   PAD
    0x08000bc8   0x08000bc8   0x00000018   Code   RO         1632    i.HAL_Delay         stm32f4_delay.o
    0x08000be0   0x08000be0   0x00000010   Code   RO         1634    i.HAL_IncTick       stm32f4_delay.o
    0x08000bf0   0x08000bf0   0x0000005c   Code   RO         1635    i.HAL_InitTick      stm32f4_delay.o
    0x08000c4c   0x08000c4c   0x00000002   Code   RO         2286    i.HardFault_Handler  kdwm1000_it.o
    0x08000c4e   0x08000c4e   0x00000010   Code   RO         2242    i.KDWM_DW1000_Config  kdwm1000_bsp.o
    0x08000c5e   0x08000c5e   0x00000002   PAD
    0x08000c60   0x08000c60   0x000000d4   Code   RO         2243    i.KDWM_GPIO_Config  kdwm1000_bsp.o
    0x08000d34   0x08000d34   0x0000000c   Code   RO         2244    i.KDWM_UART_Config  kdwm1000_bsp.o
    0x08000d40   0x08000d40   0x00000002   Code   RO         2287    i.MemManage_Handler  kdwm1000_it.o
    0x08000d42   0x08000d42   0x00000002   Code   RO         2288    i.NMI_Handler       kdwm1000_it.o
    0x08000d44   0x08000d44   0x00000064   Code   RO          688    i.NVIC_Init         misc.o
    0x08000da8   0x08000da8   0x00000014   Code   RO          689    i.NVIC_PriorityGroupConfig  misc.o
    0x08000dbc   0x08000dbc   0x00000002   Code   RO         2289    i.PendSV_Handler    kdwm1000_it.o
    0x08000dbe   0x08000dbe   0x0000002c   Code   RO          468    i.QueueCreate       stdplus_queue.o
    0x08000dea   0x08000dea   0x00000010   Code   RO          469    i.QueueIsEmpty      stdplus_queue.o
    0x08000dfa   0x08000dfa   0x0000001c   Code   RO          470    i.QueueIsFull       stdplus_queue.o
    0x08000e16   0x08000e16   0x0000002e   Code   RO          471    i.QueuePop          stdplus_queue.o
    0x08000e44   0x08000e44   0x0000002c   Code   RO          472    i.QueuePush         stdplus_queue.o
    0x08000e70   0x08000e70   0x00000018   Code   RO          736    i.RCC_AHB1PeriphClockCmd  stm32f4xx_rcc.o
    0x08000e88   0x08000e88   0x00000018   Code   RO          742    i.RCC_APB1PeriphClockCmd  stm32f4xx_rcc.o
    0x08000ea0   0x08000ea0   0x00000018   Code   RO          744    i.RCC_APB1PeriphResetCmd  stm32f4xx_rcc.o
    0x08000eb8   0x08000eb8   0x00000018   Code   RO          745    i.RCC_APB2PeriphClockCmd  stm32f4xx_rcc.o
    0x08000ed0   0x08000ed0   0x00000018   Code   RO          747    i.RCC_APB2PeriphResetCmd  stm32f4xx_rcc.o
    0x08000ee8   0x08000ee8   0x00000094   Code   RO          754    i.RCC_GetClocksFreq  stm32f4xx_rcc.o
    0x08000f7c   0x08000f7c   0x00000038   Code   RO          154    i.RangingInit       ranging.o
    0x08000fb4   0x08000fb4   0x00000014   Code   RO         1470    i.SPI_Cmd           stm32f4xx_spi.o
    0x08000fc8   0x08000fc8   0x00000084   Code   RO         1477    i.SPI_I2S_DeInit    stm32f4xx_spi.o
    0x0800104c   0x0800104c   0x00000038   Code   RO         1483    i.SPI_Init          stm32f4xx_spi.o
    0x08001084   0x08001084   0x00000012   Code   RO         1744    i.SPI_RW            stm32f4_spi.o
    0x08001096   0x08001096   0x00000002   Code   RO         2290    i.SVC_Handler       kdwm1000_it.o
    0x08001098   0x08001098   0x000000c4   Code   RO         1771    i.Serial_Config     serial.o
    0x0800115c   0x0800115c   0x00000074   Code   RO          647    i.SetSysClock       system_stm32f4xx.o
    0x080011d0   0x080011d0   0x00000004   Code   RO         2291    i.SysTick_Handler   kdwm1000_it.o
    0x080011d4   0x080011d4   0x0000005c   Code   RO          649    i.SystemInit        system_stm32f4xx.o
    0x08001230   0x08001230   0x0000000c   Code   RO         1693    i.UART_SendByte     stm32f4_usart.o
    0x0800123c   0x0800123c   0x00000068   Code   RO         2292    i.USART1_IRQHandler  kdwm1000_it.o
    0x080012a4   0x080012a4   0x00000006   Code   RO         1272    i.USART_ClearFlag   stm32f4xx_usart.o
    0x080012aa   0x080012aa   0x00000014   Code   RO         1276    i.USART_Cmd         stm32f4xx_usart.o
    0x080012be   0x080012be   0x0000003e   Code   RO         1280    i.USART_GetITStatus  stm32f4xx_usart.o
    0x080012fc   0x080012fc   0x00000030   Code   RO         1282    i.USART_ITConfig    stm32f4xx_usart.o
    0x0800132c   0x0800132c   0x000000ac   Code   RO         1283    i.USART_Init        stm32f4xx_usart.o
    0x080013d8   0x080013d8   0x00000002   Code   RO         2293    i.UsageFault_Handler  kdwm1000_it.o
    0x080013da   0x080013da   0x00000002   PAD
    0x080013dc   0x080013dc   0x00000020   Code   RO         2591    i.__0printf$8       mc_w.l(printf8.o)
    0x080013fc   0x080013fc   0x00000028   Code   RO         2593    i.__0sprintf$8      mc_w.l(printf8.o)
    0x08001424   0x08001424   0x00000008   Code   RO         2706    i.__aeabi_errno_addr  mc_w.l(errno.o)
    0x0800142c   0x0800142c   0x0000000e   Code   RO         2766    i.__scatterload_copy  mc_w.l(handlers.o)
    0x0800143a   0x0800143a   0x00000002   Code   RO         2767    i.__scatterload_null  mc_w.l(handlers.o)
    0x0800143c   0x0800143c   0x0000000e   Code   RO         2768    i.__scatterload_zeroinit  mc_w.l(handlers.o)
    0x0800144a   0x0800144a   0x00000030   Code   RO         2007    i._dwt_configlde    deca_device.o
    0x0800147a   0x0800147a   0x00000002   PAD
    0x0800147c   0x0800147c   0x00000410   Code   RO         2598    i._printf_core      mc_w.l(printf8.o)
    0x0800188c   0x0800188c   0x00000024   Code   RO         2599    i._printf_post_padding  mc_w.l(printf8.o)
    0x080018b0   0x080018b0   0x0000002e   Code   RO         2600    i._printf_pre_padding  mc_w.l(printf8.o)
    0x080018de   0x080018de   0x0000000a   Code   RO         2602    i._sputc            mc_w.l(printf8.o)
    0x080018e8   0x080018e8   0x00000024   Code   RO          278    i._uPTPacketSend    uregister.o
    0x0800190c   0x0800190c   0x00000138   Code   RO          279    i._uPTWaitDeviceRegister  uregister.o
    0x08001a44   0x08001a44   0x000000d4   Code   RO          423    i._uSVShellCmdLs    usvshell.o
    0x08001b18   0x08001b18   0x00000094   Code   RO          424    i._uSVShellCmdScan  usvshell.o
    0x08001bac   0x08001bac   0x00000210   Code   RO         2013    i.dwt_configure     deca_device.o
    0x08001dbc   0x08001dbc   0x00000024   Code   RO         2014    i.dwt_entersleepaftertx  deca_device.o
    0x08001de0   0x08001de0   0x00000054   Code   RO         2015    i.dwt_forcetrxoff   deca_device.o
    0x08001e34   0x08001e34   0x0000014c   Code   RO         2016    i.dwt_initialise    deca_device.o
    0x08001f80   0x08001f80   0x00000012   Code   RO         2017    i.dwt_readrxdata    deca_device.o
    0x08001f92   0x08001f92   0x00000050   Code   RO         2022    i.dwt_rxenable      deca_device.o
    0x08001fe2   0x08001fe2   0x00000028   Code   RO         2023    i.dwt_rxreset       deca_device.o
    0x0800200a   0x0800200a   0x00000002   PAD
    0x0800200c   0x0800200c   0x00000058   Code   RO         2027    i.dwt_setrxtimeout  deca_device.o
    0x08002064   0x08002064   0x00000094   Code   RO         2029    i.dwt_starttx       deca_device.o
    0x080020f8   0x080020f8   0x00000034   Code   RO         2030    i.dwt_syncrxbufptrs  deca_device.o
    0x0800212c   0x0800212c   0x00000022   Code   RO         2031    i.dwt_writetxdata   deca_device.o
    0x0800214e   0x0800214e   0x00000002   PAD
    0x08002150   0x08002150   0x0000001c   Code   RO         2032    i.dwt_writetxfctrl  deca_device.o
    0x0800216c   0x0800216c   0x00000014   Code   RO         1782    i.fputc             serial.o
    0x08002180   0x08002180   0x00000050   Code   RO         2645    i.free              mc_w.l(malloc.o)
    0x080021d0   0x080021d0   0x00000034   Code   RO          522    i.inet_ntoa         conversion.o
    0x08002204   0x08002204   0x00000004   Code   RO          549    i.list_free         stdplus_linklist.o
    0x08002208   0x08002208   0x00000008   Code   RO          550    i.list_new          stdplus_linklist.o
    0x08002210   0x08002210   0x00000026   Code   RO          551    i.listnode_add      stdplus_linklist.o
    0x08002236   0x08002236   0x0000000a   Code   RO          555    i.listnode_head     stdplus_linklist.o
    0x08002240   0x08002240   0x00000008   Code   RO          557    i.listnode_new      stdplus_linklist.o
    0x08002248   0x08002248   0x0000004c   Code   RO            4    i.main              main.o
    0x08002294   0x08002294   0x0000006c   Code   RO         2646    i.malloc            mc_w.l(malloc.o)
    0x08002300   0x08002300   0x000000c4   Code   RO          210    i.uLLFrameRecv      ulinklayer.o
    0x080023c4   0x080023c4   0x000000b0   Code   RO          211    i.uLLFrameSend      ulinklayer.o
    0x08002474   0x08002474   0x00000040   Code   RO          212    i.uLLInit           ulinklayer.o
    0x080024b4   0x080024b4   0x00000088   Code   RO          280    i.uPTRegisterCycle  uregister.o
    0x0800253c   0x0800253c   0x000000c8   Code   RO          281    i.uPTRegisterRespons  uregister.o
    0x08002604   0x08002604   0x00000058   Code   RO          334    i.uSVIdle           uidle.o
    0x0800265c   0x0800265c   0x00000060   Code   RO          365    i.uSVManagerInit    usvmanager.o
    0x080026bc   0x080026bc   0x00000044   Code   RO          425    i.uSVShellInit      usvshell.o
    0x08002700   0x08002700   0x00000120   Code   RO          426    i.uSVShellPrase     usvshell.o
    0x08002820   0x08002820   0x00000008   Data   RO         2200    .constdata          deca_params.o
    0x08002828   0x08002828   0x00000018   Data   RO         2201    .constdata          deca_params.o
    0x08002840   0x08002840   0x0000001e   Data   RO         2202    .constdata          deca_params.o
    0x0800285e   0x0800285e   0x00000002   Data   RO         2203    .constdata          deca_params.o
    0x08002860   0x08002860   0x00000008   Data   RO         2204    .constdata          deca_params.o
    0x08002868   0x08002868   0x00000003   Data   RO         2205    .constdata          deca_params.o
    0x0800286b   0x0800286b   0x00000001   PAD
    0x0800286c   0x0800286c   0x0000000c   Data   RO         2206    .constdata          deca_params.o
    0x08002878   0x08002878   0x00000004   Data   RO         2207    .constdata          deca_params.o
    0x0800287c   0x0800287c   0x00000020   Data   RO         2208    .constdata          deca_params.o
    0x0800289c   0x0800289c   0x00000032   Data   RO         2209    .constdata          deca_params.o
    0x080028ce   0x080028ce   0x00000081   Data   RO         2733    .constdata          mc_w.l(ctype_o.o)
    0x0800294f   0x0800294f   0x00000001   PAD
    0x08002950   0x08002950   0x00000004   Data   RO         2734    .constdata          mc_w.l(ctype_o.o)
    0x08002954   0x08002954   0x00000266   Data   RO          427    .conststring        usvshell.o
    0x08002bba   0x08002bba   0x00000002   PAD
    0x08002bbc   0x08002bbc   0x00000020   Data   RO         2764    Region$$Table       anon$$obj.o


    Execution Region RW_IRAM1 (Exec base: 0x20000000, Load base: 0x08002bdc, Size: 0x000073d8, Max: 0x00020000, ABSOLUTE)

    Exec Addr    Load Addr    Size         Type   Attr      Idx    E Section Name        Object

    0x20000000   0x08002bdc   0x0000000f   Data   RW          157    .data               ranging.o
    0x2000000f   0x08002beb   0x00000001   PAD
    0x20000010   0x08002bec   0x00000004   Data   RW          213    .data               ulinklayer.o
    0x20000014   0x08002bf0   0x00000004   Data   RW          369    .data               usvmanager.o
    0x20000018   0x08002bf4   0x00000004   Data   RW          428    .data               usvshell.o
    0x2000001c   0x08002bf8   0x00000014   Data   RW          650    .data               system_stm32f4xx.o
    0x20000030   0x08002c0c   0x00000010   Data   RW          784    .data               stm32f4xx_rcc.o
    0x20000040   0x08002c1c   0x00000004   Data   RW         1637    .data               stm32f4_delay.o
    0x20000044   0x08002c20   0x00000004   Data   RW         2245    .data               kdwm1000_bsp.o
    0x20000048   0x08002c24   0x00000001   Data   RW         2294    .data               kdwm1000_it.o
    0x20000049   0x08002c25   0x00000003   PAD
    0x2000004c   0x08002c28   0x00000004   Data   RW         2370    .data               mc_w.l(rand.o)
    0x20000050   0x08002c2c   0x00000004   Data   RW         2697    .data               mc_w.l(stdout.o)
    0x20000054   0x08002c30   0x00000004   Data   RW         2704    .data               mc_w.l(mvars.o)
    0x20000058   0x08002c34   0x00000004   Data   RW         2705    .data               mc_w.l(mvars.o)
    0x2000005c   0x08002c38   0x00000004   Data   RW         2709    .data               mc_w.l(errno.o)
    0x20000060        -       0x00000330   Zero   RW          282    .bss                uregister.o
    0x20000390        -       0x0000000c   Zero   RW          368    .bss                usvmanager.o
    0x2000039c        -       0x0000003c   Zero   RW         2033    .bss                deca_device.o
    0x200003d8        -       0x00006000   Zero   RW          638    HEAP                startup_stm32f411xe.o
    0x200063d8        -       0x00001000   Zero   RW          637    STACK               startup_stm32f411xe.o


==============================================================================

Image component sizes


      Code (inc. data)   RO Data    RW Data    ZI Data      Debug   Object Name

        52         12          0          0          0        596   conversion.o
      1516         78          0          0         60      12739   deca_device.o
         0          0        173          0          0      16847   deca_params.o
      1128         50          0          0          0      11234   dw1000.o
       240         16          0          4          0       1895   kdwm1000_bsp.o
       124         12          0          1          0       5028   kdwm1000_it.o
        76         32          0          0          0     246983   main.o
       120         14          0          0          0       1675   misc.o
        56          4          0         15          0       4054   ranging.o
       216         16          0          0          0       1232   serial.o
        36          8        408          0      28672        836   startup_stm32f411xe.o
        68          0          0          0          0       3092   stdplus_linklist.o
       178          0          0          0          0       5644   stdplus_queue.o
       132         20          0          4          0      28682   stm32f4_delay.o
        18          0          0          0          0        857   stm32f4_spi.o
        12          0          0          0          0       1063   stm32f4_usart.o
       152          0          0          0          0       1887   stm32f4xx_gpio.o
       268         46          0         16          0       6229   stm32f4xx_rcc.o
       208         24          0          0          0       2614   stm32f4xx_spi.o
       308          8          0          0          0       4684   stm32f4xx_usart.o
       208         36          0         20          0       1741   system_stm32f4xx.o
        88         10          0          0          0        970   uidle.o
       436         46          0          4          0       5574   ulinklayer.o
       684        106          0          0        816       8914   uregister.o
        96         26          0          4         12       1852   usvmanager.o
       716        298        614          4          0       3660   usvshell.o

    ----------------------------------------------------------------------
      7152        862       1230         76      29560     380582   Object Totals
         0          0         32          0          0          0   (incl. Generated)
        16          0          3          4          0          0   (incl. Padding)

    ----------------------------------------------------------------------

      Code (inc. data)   RO Data    RW Data    ZI Data      Debug   Library Member Name

        28          0          0          0          0         68   _chval.o
       158          0          0          0          0         92   _strtoul.o
        26          0          0          0          0         80   atoi.o
        28          0          0          0          0         76   calloc.o
         8          4        133          0          0         68   ctype_o.o
         0          0          0          0          0          0   entry.o
         0          0          0          0          0          0   entry10a.o
         0          0          0          0          0          0   entry11a.o
         8          4          0          0          0          0   entry2.o
         4          0          0          0          0          0   entry5.o
         0          0          0          0          0          0   entry7b.o
         0          0          0          0          0          0   entry8b.o
         8          4          0          0          0          0   entry9a.o
         8          4          0          4          0         68   errno.o
        30          0          0          0          0          0   handlers.o
        36          8          0          0          0         68   init.o
         0          0          0          0          0          0   iusefp.o
        30          0          0          0          0         68   llshl.o
        32          0          0          0          0         68   llushr.o
       188         20          0          0          0        160   malloc.o
        36          0          0          0          0         68   memcpya.o
        36          0          0          0          0        108   memseta.o
         0          0          0          8          0          0   mvars.o
      1204         60          0          0          0        504   printf8.o
        36         10          0          4          0        136   rand.o
         0          0          0          4          0          0   stdout.o
        24          0          0          0          0         68   strcat.o
        28          0          0          0          0         76   strcmp.o
        30          0          0          0          0         80   strncmp.o
       112          0          0          0          0         88   strtol.o
        98          0          0          0          0         92   uldiv.o
       186          0          0          0          0        176   depilogue.o
        62          0          0          0          0         80   dfixi.o
       228          0          0          0          0         96   dmul.o
        38          0          0          0          0         68   f2d.o

    ----------------------------------------------------------------------
      2712        114        134         20          0       2456   Library Totals
         2          0          1          0          0          0   (incl. Padding)

    ----------------------------------------------------------------------

      Code (inc. data)   RO Data    RW Data    ZI Data      Debug   Library Name

      2196        114        133         20          0       2036   mc_w.l
       514          0          0          0          0        420   mf_w.l

    ----------------------------------------------------------------------
      2712        114        134         20          0       2456   Library Totals

    ----------------------------------------------------------------------

==============================================================================


      Code (inc. data)   RO Data    RW Data    ZI Data      Debug   

      9864        976       1364         96      29560     373242   Grand Totals
      9864        976       1364         96      29560     373242   ELF Image Totals
      9864        976       1364         96          0          0   ROM Totals

==============================================================================

    Total RO  Size (Code + RO Data)                11228 (  10.96kB)
    Total RW  Size (RW Data + ZI Data)             29656 (  28.96kB)
    Total ROM Size (Code + RO Data + RW Data)      11324 (  11.06kB)

==============================================================================

