Component: ARM Compiler 5.06 update 6 (build 750) Tool: armlink [4d35ed]

==============================================================================

Section Cross References

    main.o(i.main) refers to stm32f4_delay.o(i.HAL_InitTick) for HAL_InitTick
    main.o(i.main) refers to ranging.o(i.RangingInit) for RangingInit
    main.o(i.main) refers to usvshell.o(i.uSVShellInit) for uSVShellInit
    main.o(i.main) refers to ulinklayer.o(i.uLLInit) for uLLInit
    main.o(i.main) refers to segger_rtt_printf.o(i.SEGGER_RTT_printf) for SEGGER_RTT_printf
    main.o(i.main) refers to usvmanager.o(i.uSVManagerInit) for uSVManagerInit
    main.o(i.main) refers to segger_rtt.o(i.SEGGER_RTT_Init) for SEGGER_RTT_Init
    main.o(i.main) refers to uidle.o(i.uSVIdle) for uSVIdle
    main.o(i.main) refers to printf8.o(i.__0printf$8) for __2printf
    ranging.o(i.RangingInit) refers to kdwm1000_bsp.o(i.KDWM_GPIO_Config) for KDWM_GPIO_Config
    ranging.o(i.RangingInit) refers to kdwm1000_bsp.o(i.KDWM_UART_Config) for KDWM_UART_Config
    ranging.o(i.RangingInit) refers to kdwm1000_bsp.o(i.KDWM_DW1000_Config) for KDWM_DW1000_Config
    ranging.o(i.RangingInit) refers to dw1000.o(i.DW1000_Reset) for DW1000_Reset
    ranging.o(i.RangingInit) refers to deca_device.o(i.dwt_initialise) for dwt_initialise
    ranging.o(i.RangingInit) refers to deca_device.o(i.dwt_configure) for dwt_configure
    ranging.o(i.RangingInit) refers to dw1000.o(i.DW1000_SetAntennaDelayRX) for DW1000_SetAntennaDelayRX
    ranging.o(i.RangingInit) refers to dw1000.o(i.DW1000_SetAntennaDelayTX) for DW1000_SetAntennaDelayTX
    ranging.o(i.RangingInit) refers to ranging.o(.data) for .data
    ulinklayer.o(i.uLLDistory) refers to malloc.o(i.free) for free
    ulinklayer.o(i.uLLDistory) refers to ulinklayer.o(.data) for .data
    ulinklayer.o(i.uLLFrameRecv) refers to deca_device.o(i.dwt_setrxtimeout) for dwt_setrxtimeout
    ulinklayer.o(i.uLLFrameRecv) refers to deca_device.o(i.dwt_rxenable) for dwt_rxenable
    ulinklayer.o(i.uLLFrameRecv) refers to dw1000.o(i.DW1000_readData32) for DW1000_readData32
    ulinklayer.o(i.uLLFrameRecv) refers to dw1000.o(i.DW1000_writeData32) for DW1000_writeData32
    ulinklayer.o(i.uLLFrameRecv) refers to deca_device.o(i.dwt_rxreset) for dwt_rxreset
    ulinklayer.o(i.uLLFrameRecv) refers to deca_device.o(i.dwt_readrxdata) for dwt_readrxdata
    ulinklayer.o(i.uLLFrameRecv) refers to ulinklayer.o(.data) for .data
    ulinklayer.o(i.uLLFrameSend) refers to memseta.o(.text) for __aeabi_memclr
    ulinklayer.o(i.uLLFrameSend) refers to memcpya.o(.text) for __aeabi_memcpy
    ulinklayer.o(i.uLLFrameSend) refers to dw1000.o(i.DW1000_writeData32) for DW1000_writeData32
    ulinklayer.o(i.uLLFrameSend) refers to deca_device.o(i.dwt_writetxdata) for dwt_writetxdata
    ulinklayer.o(i.uLLFrameSend) refers to deca_device.o(i.dwt_writetxfctrl) for dwt_writetxfctrl
    ulinklayer.o(i.uLLFrameSend) refers to deca_device.o(i.dwt_starttx) for dwt_starttx
    ulinklayer.o(i.uLLFrameSend) refers to dw1000.o(i.DW1000_readData32) for DW1000_readData32
    ulinklayer.o(i.uLLFrameSend) refers to segger_rtt_printf.o(i.SEGGER_RTT_printf) for SEGGER_RTT_printf
    ulinklayer.o(i.uLLFrameSend) refers to ulinklayer.o(.bss) for .bss
    ulinklayer.o(i.uLLInit) refers to malloc.o(i.malloc) for malloc
    ulinklayer.o(i.uLLInit) refers to uregister.o(.bss) for gAddrPool
    ulinklayer.o(i.uLLInit) refers to ulinklayer.o(.data) for .data
    uregister.o(i._uPTAllocRespons) refers to ulinklayer.o(i.uLLFrameRecv) for uLLFrameRecv
    uregister.o(i._uPTAllocRespons) refers to stdplus_linklist.o(i.listnode_head) for listnode_head
    uregister.o(i._uPTAllocRespons) refers to uregister.o(i._uPTPacketSend) for _uPTPacketSend
    uregister.o(i._uPTAllocRespons) refers to segger_rtt_printf.o(i.SEGGER_RTT_printf) for SEGGER_RTT_printf
    uregister.o(i._uPTAllocRespons) refers to uregister.o(.bss) for .bss
    uregister.o(i._uPTAllocRespons) refers to usvmanager.o(.data) for guSVManagerDevice
    uregister.o(i._uPTPacketSend) refers to ulinklayer.o(i.uLLFrameSend) for uLLFrameSend
    uregister.o(i._uPTWaitApRequest) refers to ulinklayer.o(i.uLLFrameRecv) for uLLFrameRecv
    uregister.o(i._uPTWaitApRequest) refers to uregister.o(.bss) for .bss
    uregister.o(i._uPTWaitDeviceRegister) refers to segger_rtt_printf.o(i.SEGGER_RTT_printf) for SEGGER_RTT_printf
    uregister.o(i._uPTWaitDeviceRegister) refers to ulinklayer.o(i.uLLFrameRecv) for uLLFrameRecv
    uregister.o(i._uPTWaitDeviceRegister) refers to uregister.o(i._uPTPacketSend) for _uPTPacketSend
    uregister.o(i._uPTWaitDeviceRegister) refers to stdplus_linklist.o(i.listnode_add) for listnode_add
    uregister.o(i._uPTWaitDeviceRegister) refers to uregister.o(.bss) for .bss
    uregister.o(i.uPTRegisterCycle) refers to stdplus_linklist.o(i.list_new) for list_new
    uregister.o(i.uPTRegisterCycle) refers to memseta.o(.text) for __aeabi_memclr4
[...]
    ../clib/microlib/ctype/ctype.c           0x00000000   Number         0  iscntrl_o.o ABSOLUTE
    ../clib/microlib/ctype/ctype.c           0x00000000   Number         0  isblank_o.o ABSOLUTE
    ../clib/microlib/ctype/ctype.c           0x00000000   Number         0  isalpha_o.o ABSOLUTE
    ../clib/microlib/ctype/ctype.c           0x00000000   Number         0  isalnum_o.o ABSOLUTE
    ../clib/microlib/ctype/ctype.c           0x00000000   Number         0  isspace_o.o ABSOLUTE
    ../clib/microlib/division.c              0x00000000   Number         0  uldiv.o ABSOLUTE
    ../clib/microlib/division.c              0x00000000   Number         0  uidiv.o ABSOLUTE
    ../clib/microlib/errno.c                 0x00000000   Number         0  errno.o ABSOLUTE
    ../clib/microlib/init/entry.s            0x00000000   Number         0  entry11b.o ABSOLUTE
    ../clib/microlib/init/entry.s            0x00000000   Number         0  entry2.o ABSOLUTE
    ../clib/microlib/init/entry.s            0x00000000   Number         0  entry9b.o ABSOLUTE
    ../clib/microlib/init/entry.s            0x00000000   Number         0  entry10a.o ABSOLUTE
    ../clib/microlib/init/entry.s            0x00000000   Number         0  entry10b.o ABSOLUTE
    ../clib/microlib/init/entry.s            0x00000000   Number         0  entry7b.o ABSOLUTE
    ../clib/microlib/init/entry.s            0x00000000   Number         0  entry8a.o ABSOLUTE
    ../clib/microlib/init/entry.s            0x00000000   Number         0  entry11a.o ABSOLUTE
    ../clib/microlib/init/entry.s            0x00000000   Number         0  entry7a.o ABSOLUTE
    ../clib/microlib/init/entry.s            0x00000000   Number         0  entry.o ABSOLUTE
    ../clib/microlib/init/entry.s            0x00000000   Number         0  entry5.o ABSOLUTE
    ../clib/microlib/init/entry.s            0x00000000   Number         0  entry8b.o ABSOLUTE
    ../clib/microlib/init/entry.s            0x00000000   Number         0  entry9a.o ABSOLUTE
    ../clib/microlib/longlong.c              0x00000000   Number         0  llshl.o ABSOLUTE
    ../clib/microlib/longlong.c              0x00000000   Number         0  llsshr.o ABSOLUTE
    ../clib/microlib/longlong.c              0x00000000   Number         0  llushr.o ABSOLUTE
    ../clib/microlib/malloc/calloc.c         0x00000000   Number         0  calloc.o ABSOLUTE
    ../clib/microlib/malloc/malloc.c         0x00000000   Number         0  mallocra.o ABSOLUTE
    ../clib/microlib/malloc/malloc.c         0x00000000   Number         0  malloca.o ABSOLUTE
    ../clib/microlib/malloc/malloc.c         0x00000000   Number         0  mallocr.o ABSOLUTE
    ../clib/microlib/malloc/malloc.c         0x00000000   Number         0  malloc.o ABSOLUTE
    ../clib/microlib/malloc/mvars.c          0x00000000   Number         0  mvars.o ABSOLUTE
    ../clib/microlib/printf/printf.c         0x00000000   Number         0  printf2.o ABSOLUTE
    ../clib/microlib/printf/printf.c         0x00000000   Number         0  printf8.o ABSOLUTE
    ../clib/microlib/printf/printf.c         0x00000000   Number         0  printfa.o ABSOLUTE
    ../clib/microlib/printf/printf.c         0x00000000   Number         0  printf4.o ABSOLUTE
    ../clib/microlib/printf/printf.c         0x00000000   Number         0  printf5.o ABSOLUTE
    ../clib/microlib/printf/printf.c         0x00000000   Number         0  printf6.o ABSOLUTE
    ../clib/microlib/printf/printf.c         0x00000000   Number         0  printf7.o ABSOLUTE
    ../clib/microlib/printf/printf.c         0x00000000   Number         0  printf1.o ABSOLUTE
    ../clib/microlib/printf/printf.c         0x00000000   Number         0  printfb.o ABSOLUTE
    ../clib/microlib/printf/printf.c         0x00000000   Number         0  printf0.o ABSOLUTE
    ../clib/microlib/printf/printf.c         0x00000000   Number         0  printf3.o ABSOLUTE
    ../clib/microlib/printf/stubs.s          0x00000000   Number         0  stubs.o ABSOLUTE
    ../clib/microlib/stdio/fflush.c          0x00000000   Number         0  fflush.o ABSOLUTE
    ../clib/microlib/stdio/streams.c         0x00000000   Number         0  stdout.o ABSOLUTE
    ../clib/microlib/stdlib/rand.c           0x00000000   Number         0  rand.o ABSOLUTE
    ../clib/microlib/string/memcpy.c         0x00000000   Number         0  memcpya.o ABSOLUTE
    ../clib/microlib/string/memcpy.c         0x00000000   Number         0  memcpyb.o ABSOLUTE
    ../clib/microlib/string/memset.c         0x00000000   Number         0  memseta.o ABSOLUTE
    ../clib/microlib/string/strcat.c         0x00000000   Number         0  strcat.o ABSOLUTE
    ../clib/microlib/string/strcmp.c         0x00000000   Number         0  strcmp.o ABSOLUTE
    ../clib/microlib/string/strcpy.c         0x00000000   Number         0  strcpy.o ABSOLUTE
    ../clib/microlib/string/strlen.c         0x00000000   Number         0  strlen.o ABSOLUTE
    ../clib/microlib/string/strncmp.c        0x00000000   Number         0  strncmp.o ABSOLUTE
    ../clib/microlib/stubs.s                 0x00000000   Number         0  iusefp.o ABSOLUTE
    ../clib/microlib/stubs.s                 0x00000000   Number         0  useno.o ABSOLUTE
    ../clib/scanf.c                          0x00000000   Number         0  _chval.o ABSOLUTE
    ../clib/scanf.c                          0x00000000   Number         0  atoi.o ABSOLUTE
    ../clib/scanf.c                          0x00000000   Number         0  _strtoul.o ABSOLUTE
    ../clib/scanf.c                          0x00000000   Number         0  strtol.o ABSOLUTE
    ../fplib/microlib/f2d.c                  0x00000000   Number         0  f2d.o ABSOLUTE
    ../fplib/microlib/fpadd.c                0x00000000   Number         0  dadd.o ABSOLUTE
    ../fplib/microlib/fpdiv.c                0x00000000   Number         0  ddiv.o ABSOLUTE
    ../fplib/microlib/fpepilogue.c           0x00000000   Number         0  depilogue.o ABSOLUTE
    ../fplib/microlib/fpfix.c                0x00000000   Number         0  dfixi.o ABSOLUTE
    ../fplib/microlib/fpfix.c                0x00000000   Number         0  dfixul.o ABSOLUTE
    ../fplib/microlib/fpmul.c                0x00000000   Number         0  dmul.o ABSOLUTE
    ..\Libraries\CMSIS\Device\startup_stm32f411xe.s 0x00000000   Number         0  startup_stm32f411xe.o ABSOLUTE
    ..\Libraries\CMSIS\Device\system_stm32f4xx.c 0x00000000   Number         0  system_stm32f4xx.o ABSOLUTE
    ..\Libraries\STM32F4xx_StdPeriph_Driver\src\misc.c 0x00000000   Number         0  misc.o ABSOLUTE
    ..\Libraries\STM32F4xx_StdPeriph_Driver\src\stm32f4xx_exti.c 0x00000000   Number         0  stm32f4xx_exti.o ABSOLUTE
    ..\Libraries\STM32F4xx_StdPeriph_Driver\src\stm32f4xx_gpio.c 0x00000000   Number         0  stm32f4xx_gpio.o ABSOLUTE
    ..\Libraries\STM32F4xx_StdPeriph_Driver\src\stm32f4xx_rcc.c 0x00000000   Number         0  stm32f4xx_rcc.o ABSOLUTE
    ..\Libraries\STM32F4xx_StdPeriph_Driver\src\stm32f4xx_spi.c 0x00000000   Number         0  stm32f4xx_spi.o ABSOLUTE
    ..\Libraries\STM32F4xx_StdPeriph_Driver\src\stm32f4xx_syscfg.c 0x00000000   Number         0  stm32f4xx_syscfg.o ABSOLUTE
    ..\Libraries\STM32F4xx_StdPeriph_Driver\src\stm32f4xx_usart.c 0x00000000   Number         0  stm32f4xx_usart.o ABSOLUTE
    ..\Program\algorithms\string.c           0x00000000   Number         0  string.o ABSOLUTE
    ..\Program\decadriver\deca_device.c      0x00000000   Number         0  deca_device.o ABSOLUTE
    ..\Program\decadriver\deca_params.c      0x00000000   Number         0  deca_params.o ABSOLUTE
    ..\Program\drivers\stm32f4_delay.c       0x00000000   Number         0  stm32f4_delay.o ABSOLUTE
    ..\Program\drivers\stm32f4_spi.c         0x00000000   Number         0  stm32f4_spi.o ABSOLUTE
    ..\Program\drivers\stm32f4_usart.c       0x00000000   Number         0  stm32f4_usart.o ABSOLUTE
    ..\Program\lowlayer\kdwm1000_bsp.c       0x00000000   Number         0  kdwm1000_bsp.o ABSOLUTE
    ..\Program\lowlayer\kdwm1000_it.c        0x00000000   Number         0  kdwm1000_it.o ABSOLUTE
    ..\Program\main.c                        0x00000000   Number         0  main.o ABSOLUTE
    ..\Program\modules\dw1000.c              0x00000000   Number         0  dw1000.o ABSOLUTE
    ..\Program\modules\serial.c              0x00000000   Number         0  serial.o ABSOLUTE
    ..\Program\network\src\linklayer\uLinklayer.c 0x00000000   Number         0  ulinklayer.o ABSOLUTE
    ..\Program\network\src\protocol\uDiscovery.c 0x00000000   Number         0  udiscovery.o ABSOLUTE
    ..\Program\network\src\protocol\uRegister.c 0x00000000   Number         0  uregister.o ABSOLUTE
    ..\Program\network\src\service\uIdle.c   0x00000000   Number         0  uidle.o ABSOLUTE
    ..\Program\network\src\service\uSVManager.c 0x00000000   Number         0  usvmanager.o ABSOLUTE
    ..\Program\network\src\service\uSVShell.c 0x00000000   Number         0  usvshell.o ABSOLUTE
    ..\Program\network\src\utils\conversion.c 0x00000000   Number         0  conversion.o ABSOLUTE
    ..\Program\network\src\utils\stdplus_linklist.c 0x00000000   Number         0  stdplus_linklist.o ABSOLUTE
    ..\Program\network\src\utils\stdplus_queue.c 0x00000000   Number         0  stdplus_queue.o ABSOLUTE
    ..\Program\ranging.c                     0x00000000   Number         0  ranging.o ABSOLUTE
    ..\Program\segger\RTT\SEGGER_RTT.c       0x00000000   Number         0  segger_rtt.o ABSOLUTE
    ..\Program\segger\RTT\SEGGER_RTT_printf.c 0x00000000   Number         0  segger_rtt_printf.o ABSOLUTE
    ..\Program\segger\Syscalls\SEGGER_RTT_Syscalls_KEIL.c 0x00000000   Number         0  segger_rtt_syscalls_keil.o ABSOLUTE
    ..\\Libraries\\CMSIS\\Device\\system_stm32f4xx.c 0x00000000   Number         0  system_stm32f4xx.o ABSOLUTE
    ..\\Libraries\\STM32F4xx_StdPeriph_Driver\\src\\misc.c 0x00000000   Number         0  misc.o ABSOLUTE
    ..\\Libraries\\STM32F4xx_StdPeriph_Driver\\src\\stm32f4xx_exti.c 0x00000000   Number         0  stm32f4xx_exti.o ABSOLUTE
    ..\\Libraries\\STM32F4xx_StdPeriph_Driver\\src\\stm32f4xx_gpio.c 0x00000000   Number         0  stm32f4xx_gpio.o ABSOLUTE
    ..\\Libraries\\STM32F4xx_StdPeriph_Driver\\src\\stm32f4xx_rcc.c 0x00000000   Number         0  stm32f4xx_rcc.o ABSOLUTE
    ..\\Libraries\\STM32F4xx_StdPeriph_Driver\\src\\stm32f4xx_spi.c 0x00000000   Number         0  stm32f4xx_spi.o ABSOLUTE
    ..\\Libraries\\STM32F4xx_StdPeriph_Driver\\src\\stm32f4xx_syscfg.c 0x00000000   Number         0  stm32f4xx_syscfg.o ABSOLUTE
    ..\\Libraries\\STM32F4xx_StdPeriph_Driver\\src\\stm32f4xx_usart.c 0x00000000   Number         0  stm32f4xx_usart.o ABSOLUTE
    ..\\Program\\algorithms\\string.c        0x00000000   Number         0  string.o ABSOLUTE
    ..\\Program\\decadriver\\deca_device.c   0x00000000   Number         0  deca_device.o ABSOLUTE
    ..\\Program\\decadriver\\deca_params.c   0x00000000   Number         0  deca_params.o ABSOLUTE
    ..\\Program\\drivers\\stm32f4_delay.c    0x00000000   Number         0  stm32f4_delay.o ABSOLUTE
    ..\\Program\\drivers\\stm32f4_spi.c      0x00000000   Number         0  stm32f4_spi.o ABSOLUTE
    ..\\Program\\drivers\\stm32f4_usart.c    0x00000000   Number         0  stm32f4_usart.o ABSOLUTE
    ..\\Program\\lowlayer\\kdwm1000_bsp.c    0x00000000   Number         0  kdwm1000_bsp.o ABSOLUTE
    ..\\Program\\lowlayer\\kdwm1000_it.c     0x00000000   Number         0  kdwm1000_it.o ABSOLUTE
    ..\\Program\\main.c                      0x00000000   Number         0  main.o ABSOLUTE
    ..\\Program\\modules\\dw1000.c           0x00000000   Number         0  dw1000.o ABSOLUTE
    ..\\Program\\modules\\serial.c           0x00000000   Number         0  serial.o ABSOLUTE
    ..\\Program\\network\\src\\linklayer\\uLinklayer.c 0x00000000   Number         0  ulinklayer.o ABSOLUTE
    ..\\Program\\network\\src\\protocol\\uRegister.c 0x00000000   Number         0  uregister.o ABSOLUTE
    ..\\Program\\network\\src\\service\\uIdle.c 0x00000000   Number         0  uidle.o ABSOLUTE
    ..\\Program\\network\\src\\service\\uSVManager.c 0x00000000   Number         0  usvmanager.o ABSOLUTE
    ..\\Program\\network\\src\\service\\uSVShell.c 0x00000000   Number         0  usvshell.o ABSOLUTE
    ..\\Program\\network\\src\\utils\\conversion.c 0x00000000   Number         0  conversion.o ABSOLUTE
    ..\\Program\\ranging.c                   0x00000000   Number         0  ranging.o ABSOLUTE
    cdrcmple.s                               0x00000000   Number         0  cdrcmple.o ABSOLUTE
    dc.s                                     0x00000000   Number         0  dc.o ABSOLUTE
    handlers.s                               0x00000000   Number         0  handlers.o ABSOLUTE
    init.s                                   0x00000000   Number         0  init.o ABSOLUTE
    RESET                                    0x08000000   Section      408  startup_stm32f411xe.o(RESET)
    .ARM.Collect$$$$00000000                 0x08000198   Section        0  entry.o(.ARM.Collect$$$$00000000)
    .ARM.Collect$$$$00000001                 0x08000198   Section        4  entry2.o(.ARM.Collect$$$$00000001)
    .ARM.Collect$$$$00000004                 0x0800019c   Section        4  entry5.o(.ARM.Collect$$$$00000004)
    .ARM.Collect$$$$00000008                 0x080001a0   Section        0  entry7b.o(.ARM.Collect$$$$00000008)
    .ARM.Collect$$$$0000000A                 0x080001a0   Section        0  entry8b.o(.ARM.Collect$$$$0000000A)
    .ARM.Collect$$$$0000000B                 0x080001a0   Section        8  entry9a.o(.ARM.Collect$$$$0000000B)
    .ARM.Collect$$$$0000000D                 0x080001a8   Section        0  entry10a.o(.ARM.Collect$$$$0000000D)
    .ARM.Collect$$$$0000000F                 0x080001a8   Section        0  entry11a.o(.ARM.Collect$$$$0000000F)
    .ARM.Collect$$$$00002712                 0x080001a8   Section        4  entry2.o(.ARM.Collect$$$$00002712)
    __lit__00000000                          0x080001a8   Data           4  entry2.o(.ARM.Collect$$$$00002712)
    .text                                    0x080001ac   Section       36  startup_stm32f411xe.o(.text)
    $v0                                      0x080001ac   Number         0  startup_stm32f411xe.o(.text)
    .text                                    0x080001d0   Section        0  rand.o(.text)
    .text                                    0x080001f4   Section        0  memcpya.o(.text)
    .text                                    0x08000218   Section        0  memseta.o(.text)
    .text                                    0x0800023c   Section        0  strcat.o(.text)
    .text                                    0x08000254   Section        0  strcmp.o(.text)
    .text                                    0x08000270   Section        0  strcpy.o(.text)
    .text                                    0x08000282   Section        0  strncmp.o(.text)
    .text                                    0x080002a0   Section        0  calloc.o(.text)
    .text                                    0x080002bc   Section        0  atoi.o(.text)
    .text                                    0x080002d6   Section        0  dmul.o(.text)
    .text                                    0x080003ba   Section        0  dfixi.o(.text)
    .text                                    0x080003f8   Section        0  f2d.o(.text)
    .text                                    0x0800041e   Section        0  uldiv.o(.text)
    .text                                    0x08000480   Section        0  llushr.o(.text)
    .text                                    0x080004a0   Section        0  strtol.o(.text)
    .text                                    0x08000510   Section        0  depilogue.o(.text)
    .text                                    0x08000510   Section        0  iusefp.o(.text)
    .text                                    0x080005cc   Section       36  init.o(.text)
    .text                                    0x080005f0   Section        0  llshl.o(.text)
    .text                                    0x08000610   Section        0  ctype_o.o(.text)
    .text                                    0x08000618   Section        0  _strtoul.o(.text)
    .text                                    0x080006b6   Section        0  _chval.o(.text)
    i.BusFault_Handler                       0x080006d2   Section        0  kdwm1000_it.o(i.BusFault_Handler)
    i.DW1000_Config                          0x080006d4   Section        0  dw1000.o(i.DW1000_Config)
    i.DW1000_GetDeviceID                     0x080007d4   Section        0  dw1000.o(i.DW1000_GetDeviceID)
    i.DW1000_ReadOPT                         0x080007dc   Section        0  dw1000.o(i.DW1000_ReadOPT)
    i.DW1000_Reset                           0x0800082c   Section        0  dw1000.o(i.DW1000_Reset)
    i.DW1000_SetAntennaDelayRX               0x08000884   Section        0  dw1000.o(i.DW1000_SetAntennaDelayRX)
    i.DW1000_SetAntennaDelayTX               0x08000890   Section        0  dw1000.o(i.DW1000_SetAntennaDelayTX)
    i.DW1000_SetClock                        0x0800089a   Section        0  dw1000.o(i.DW1000_SetClock)
    i.DW1000_SetCrystalTrim                  0x0800094a   Section        0  dw1000.o(i.DW1000_SetCrystalTrim)
    i.DW1000_SetSpeed                        0x0800097c   Section        0  dw1000.o(i.DW1000_SetSpeed)
    i.DW1000_readData                        0x080009d0   Section        0  dw1000.o(i.DW1000_readData)
    i.DW1000_readData16                      0x08000a64   Section        0  dw1000.o(i.DW1000_readData16)
    i.DW1000_readData32                      0x08000a7a   Section        0  dw1000.o(i.DW1000_readData32)
    i.DW1000_writeData                       0x08000a90   Section        0  dw1000.o(i.DW1000_writeData)
    i.DW1000_writeData16                     0x08000b24   Section        0  dw1000.o(i.DW1000_writeData16)
    i.DW1000_writeData32                     0x08000b32   Section        0  dw1000.o(i.DW1000_writeData32)
    i.DebugMon_Handler                       0x08000b40   Section        0  kdwm1000_it.o(i.DebugMon_Handler)
    i.GPIO_Init                              0x08000b42   Section        0  stm32f4xx_gpio.o(i.GPIO_Init)
    i.GPIO_PinAFConfig                       0x08000bba   Section        0  stm32f4xx_gpio.o(i.GPIO_PinAFConfig)
    i.HAL_Delay                              0x08000bdc   Section        0  stm32f4_delay.o(i.HAL_Delay)
    i.HAL_IncTick                            0x08000bf4   Section        0  stm32f4_delay.o(i.HAL_IncTick)
    i.HAL_InitTick                           0x08000c04   Section        0  stm32f4_delay.o(i.HAL_InitTick)
    i.HardFault_Handler                      0x08000c60   Section        0  kdwm1000_it.o(i.HardFault_Handler)
    i.KDWM_DW1000_Config                     0x08000c62   Section        0  kdwm1000_bsp.o(i.KDWM_DW1000_Config)
    i.KDWM_GPIO_Config                       0x08000c74   Section        0  kdwm1000_bsp.o(i.KDWM_GPIO_Config)
    i.KDWM_UART_Config                       0x08000d64   Section        0  kdwm1000_bsp.o(i.KDWM_UART_Config)
    i.MemManage_Handler                      0x08000d70   Section        0  kdwm1000_it.o(i.MemManage_Handler)
    i.NMI_Handler                            0x08000d72   Section        0  kdwm1000_it.o(i.NMI_Handler)
    i.NVIC_Init                              0x08000d74   Section        0  misc.o(i.NVIC_Init)
    i.NVIC_PriorityGroupConfig               0x08000dd8   Section        0  misc.o(i.NVIC_PriorityGroupConfig)
    i.PendSV_Handler                         0x08000dec   Section        0  kdwm1000_it.o(i.PendSV_Handler)
    i.QueueCreate                            0x08000dee   Section        0  stdplus_queue.o(i.QueueCreate)
    i.QueueIsEmpty                           0x08000e1a   Section        0  stdplus_queue.o(i.QueueIsEmpty)
    i.QueueIsFull                            0x08000e2a   Section        0  stdplus_queue.o(i.QueueIsFull)
    i.QueuePop                               0x08000e46   Section        0  stdplus_queue.o(i.QueuePop)
    i.QueuePush                              0x08000e74   Section        0  stdplus_queue.o(i.QueuePush)
    i.RCC_AHB1PeriphClockCmd                 0x08000ea0   Section        0  stm32f4xx_rcc.o(i.RCC_AHB1PeriphClockCmd)
    i.RCC_APB1PeriphClockCmd                 0x08000eb8   Section        0  stm32f4xx_rcc.o(i.RCC_APB1PeriphClockCmd)
    i.RCC_APB1PeriphResetCmd                 0x08000ed0   Section        0  stm32f4xx_rcc.o(i.RCC_APB1PeriphResetCmd)
    i.RCC_APB2PeriphClockCmd                 0x08000ee8   Section        0  stm32f4xx_rcc.o(i.RCC_APB2PeriphClockCmd)
    i.RCC_APB2PeriphResetCmd                 0x08000f00   Section        0  stm32f4xx_rcc.o(i.RCC_APB2PeriphResetCmd)
    i.RCC_GetClocksFreq                      0x08000f18   Section        0  stm32f4xx_rcc.o(i.RCC_GetClocksFreq)
    i.RangingInit                            0x08000fac   Section        0  ranging.o(i.RangingInit)
    i.SEGGER_RTT_Init                        0x08000fe4   Section        0  segger_rtt.o(i.SEGGER_RTT_Init)
    i.SEGGER_RTT_Write                       0x08000fe8   Section        0  segger_rtt.o(i.SEGGER_RTT_Write)
    i.SEGGER_RTT_WriteNoLock                 0x08001020   Section        0  segger_rtt.o(i.SEGGER_RTT_WriteNoLock)
    i.SEGGER_RTT_printf                      0x0800107c   Section        0  segger_rtt_printf.o(i.SEGGER_RTT_printf)
    i.SEGGER_RTT_vprintf                     0x08001092   Section        0  segger_rtt_printf.o(i.SEGGER_RTT_vprintf)
    i.SPI_Cmd                                0x08001210   Section        0  stm32f4xx_spi.o(i.SPI_Cmd)
    i.SPI_I2S_DeInit                         0x08001224   Section        0  stm32f4xx_spi.o(i.SPI_I2S_DeInit)
    i.SPI_Init                               0x080012a8   Section        0  stm32f4xx_spi.o(i.SPI_Init)
    i.SPI_RW                                 0x080012e0   Section        0  stm32f4_spi.o(i.SPI_RW)
    i.SVC_Handler                            0x080012f2   Section        0  kdwm1000_it.o(i.SVC_Handler)
    i.Serial_Config                          0x080012f4   Section        0  serial.o(i.Serial_Config)
    i.SetSysClock                            0x080013b8   Section        0  system_stm32f4xx.o(i.SetSysClock)
    SetSysClock                              0x080013b9   Thumb Code    98  system_stm32f4xx.o(i.SetSysClock)
    i.SysTick_Handler                        0x0800142c   Section        0  kdwm1000_it.o(i.SysTick_Handler)
    i.SystemInit                             0x08001430   Section        0  system_stm32f4xx.o(i.SystemInit)
    i.UART_SendByte                          0x0800148c   Section        0  stm32f4_usart.o(i.UART_SendByte)
    i.USART1_IRQHandler                      0x08001498   Section        0  kdwm1000_it.o(i.USART1_IRQHandler)
    i.USART_ClearFlag                        0x08001500   Section        0  stm32f4xx_usart.o(i.USART_ClearFlag)
    i.USART_Cmd                              0x08001506   Section        0  stm32f4xx_usart.o(i.USART_Cmd)
    i.USART_GetITStatus                      0x0800151a   Section        0  stm32f4xx_usart.o(i.USART_GetITStatus)
    i.USART_ITConfig                         0x08001558   Section        0  stm32f4xx_usart.o(i.USART_ITConfig)
    i.USART_Init                             0x08001588   Section        0  stm32f4xx_usart.o(i.USART_Init)
    i.UsageFault_Handler                     0x08001634   Section        0  kdwm1000_it.o(i.UsageFault_Handler)
    i._DoInit                                0x08001638   Section        0  segger_rtt.o(i._DoInit)
    _DoInit                                  0x08001639   Thumb Code    76  segger_rtt.o(i._DoInit)
    i._GetAvailWriteSpace                    0x080016a0   Section        0  segger_rtt.o(i._GetAvailWriteSpace)
    _GetAvailWriteSpace                      0x080016a1   Thumb Code    22  segger_rtt.o(i._GetAvailWriteSpace)
    i._PrintInt                              0x080016b6   Section        0  segger_rtt_printf.o(i._PrintInt)
    _PrintInt                                0x080016b7   Thumb Code   196  segger_rtt_printf.o(i._PrintInt)
    i._PrintUnsigned                         0x0800177c   Section        0  segger_rtt_printf.o(i._PrintUnsigned)
    _PrintUnsigned                           0x0800177d   Thumb Code   200  segger_rtt_printf.o(i._PrintUnsigned)
    i._StoreChar                             0x08001848   Section        0  segger_rtt_printf.o(i._StoreChar)
    _StoreChar                               0x08001849   Thumb Code    62  segger_rtt_printf.o(i._StoreChar)
    i._WriteBlocking                         0x08001886   Section        0  segger_rtt.o(i._WriteBlocking)
    _WriteBlocking                           0x08001887   Thumb Code    90  segger_rtt.o(i._WriteBlocking)
    i._WriteNoCheck                          0x080018e0   Section        0  segger_rtt.o(i._WriteNoCheck)
    _WriteNoCheck                            0x080018e1   Thumb Code    66  segger_rtt.o(i._WriteNoCheck)
    i.__0printf$8                            0x08001924   Section        0  printf8.o(i.__0printf$8)
    i.__0sprintf$8                           0x08001944   Section        0  printf8.o(i.__0sprintf$8)
    i.__aeabi_errno_addr                     0x0800196c   Section        0  errno.o(i.__aeabi_errno_addr)
    i.__scatterload_copy                     0x08001974   Section       14  handlers.o(i.__scatterload_copy)
    i.__scatterload_null                     0x08001982   Section        2  handlers.o(i.__scatterload_null)
    i.__scatterload_zeroinit                 0x08001984   Section       14  handlers.o(i.__scatterload_zeroinit)
    i._dwt_configlde                         0x08001992   Section        0  deca_device.o(i._dwt_configlde)
    i._printf_core                           0x080019c4   Section        0  printf8.o(i._printf_core)
    _printf_core                             0x080019c5   Thumb Code   996  printf8.o(i._printf_core)
    i._printf_post_padding                   0x08001dd4   Section        0  printf8.o(i._printf_post_padding)
    _printf_post_padding                     0x08001dd5   Thumb Code    36  printf8.o(i._printf_post_padding)
    i._printf_pre_padding                    0x08001df8   Section        0  printf8.o(i._printf_pre_padding)
    _printf_pre_padding                      0x08001df9   Thumb Code    46  printf8.o(i._printf_pre_padding)
    i._sputc                                 0x08001e26   Section        0  printf8.o(i._sputc)
    _sputc                                   0x08001e27   Thumb Code    10  printf8.o(i._sputc)
    i._uPTAllocRespons                       0x08001e30   Section        0  uregister.o(i._uPTAllocRespons)
    _uPTAllocRespons                         0x08001e31   Thumb Code   118  uregister.o(i._uPTAllocRespons)
    i._uPTPacketSend                         0x08001eb8   Section        0  uregister.o(i._uPTPacketSend)
    _uPTPacketSend                           0x08001eb9   Thumb Code    42  uregister.o(i._uPTPacketSend)
    i._uPTWaitApRequest                      0x08001ee4   Section        0  uregister.o(i._uPTWaitApRequest)
    _uPTWaitApRequest                        0x08001ee5   Thumb Code    38  uregister.o(i._uPTWaitApRequest)
    i._uPTWaitDeviceRegister                 0x08001f10   Section        0  uregister.o(i._uPTWaitDeviceRegister)
    _uPTWaitDeviceRegister                   0x08001f11   Thumb Code   296  uregister.o(i._uPTWaitDeviceRegister)
    i._uSVShellCmdLs                         0x08002074   Section        0  usvshell.o(i._uSVShellCmdLs)
    _uSVShellCmdLs                           0x08002075   Thumb Code   130  usvshell.o(i._uSVShellCmdLs)
    i._uSVShellCmdScan                       0x0800214c   Section        0  usvshell.o(i._uSVShellCmdScan)
    _uSVShellCmdScan                         0x0800214d   Thumb Code    70  usvshell.o(i._uSVShellCmdScan)
    i.dwt_configure                          0x080021e0   Section        0  deca_device.o(i.dwt_configure)
    i.dwt_entersleepaftertx                  0x080023f0   Section        0  deca_device.o(i.dwt_entersleepaftertx)
    i.dwt_forcetrxoff                        0x08002414   Section        0  deca_device.o(i.dwt_forcetrxoff)
    i.dwt_initialise                         0x08002468   Section        0  deca_device.o(i.dwt_initialise)
    i.dwt_readrxdata                         0x080025b4   Section        0  deca_device.o(i.dwt_readrxdata)
    i.dwt_rxenable                           0x080025c6   Section        0  deca_device.o(i.dwt_rxenable)
    i.dwt_rxreset                            0x08002616   Section        0  deca_device.o(i.dwt_rxreset)
    i.dwt_setrxtimeout                       0x08002640   Section        0  deca_device.o(i.dwt_setrxtimeout)
    i.dwt_starttx                            0x08002698   Section        0  deca_device.o(i.dwt_starttx)
    i.dwt_syncrxbufptrs                      0x0800272c   Section        0  deca_device.o(i.dwt_syncrxbufptrs)
    i.dwt_writetxdata                        0x08002760   Section        0  deca_device.o(i.dwt_writetxdata)
    i.dwt_writetxfctrl                       0x08002784   Section        0  deca_device.o(i.dwt_writetxfctrl)
    i.fputc                                  0x080027a0   Section        0  serial.o(i.fputc)
    i.free                                   0x080027b4   Section        0  malloc.o(i.free)
    i.inet_ntoa                              0x08002804   Section        0  conversion.o(i.inet_ntoa)
    i.list_free                              0x0800282c   Section        0  stdplus_linklist.o(i.list_free)
    i.list_new                               0x08002830   Section        0  stdplus_linklist.o(i.list_new)
    i.listnode_add                           0x08002838   Section        0  stdplus_linklist.o(i.listnode_add)
    i.listnode_head                          0x0800285e   Section        0  stdplus_linklist.o(i.listnode_head)
    i.listnode_new                           0x08002868   Section        0  stdplus_linklist.o(i.listnode_new)
    listnode_new                             0x08002869   Thumb Code     8  stdplus_linklist.o(i.listnode_new)
    i.main                                   0x08002870   Section        0  main.o(i.main)
    i.malloc                                 0x080028e4   Section        0  malloc.o(i.malloc)
    i.uLLFrameRecv                           0x08002950   Section        0  ulinklayer.o(i.uLLFrameRecv)
    i.uLLFrameSend                           0x08002a14   Section        0  ulinklayer.o(i.uLLFrameSend)
    i.uLLInit                                0x08002ac0   Section        0  ulinklayer.o(i.uLLInit)
    i.uPTRegisterCycle                       0x08002b00   Section        0  uregister.o(i.uPTRegisterCycle)
    i.uPTRegisterRespons                     0x08002c38   Section        0  uregister.o(i.uPTRegisterRespons)
    i.uPTSigninRespons                       0x08002cdc   Section        0  uregister.o(i.uPTSigninRespons)
    i.uSVIdle                                0x08002d24   Section        0  uidle.o(i.uSVIdle)
    i.uSVManagerInit                         0x08002d84   Section        0  usvmanager.o(i.uSVManagerInit)
    i.uSVShellInit                           0x08002de4   Section        0  usvshell.o(i.uSVShellInit)
    i.uSVShellPrase                          0x08002e28   Section        0  usvshell.o(i.uSVShellPrase)
    .constdata                               0x08002f94   Section        8  deca_params.o(.constdata)
    .constdata                               0x08002f9c   Section       24  deca_params.o(.constdata)
    .constdata                               0x08002fb4   Section       30  deca_params.o(.constdata)
    .constdata                               0x08002fd2   Section        2  deca_params.o(.constdata)
    .constdata                               0x08002fd4   Section        8  deca_params.o(.constdata)
    .constdata                               0x08002fdc   Section        3  deca_params.o(.constdata)
    .constdata                               0x08002fe0   Section       12  deca_params.o(.constdata)
    .constdata                               0x08002fec   Section        4  deca_params.o(.constdata)
    .constdata                               0x08002ff0   Section       32  deca_params.o(.constdata)
    .constdata                               0x08003010   Section       50  deca_params.o(.constdata)
    .constdata                               0x08003042   Section       16  segger_rtt_printf.o(.constdata)
    _aV2C                                    0x08003042   Data          16  segger_rtt_printf.o(.constdata)
    .constdata                               0x08003052   Section      129  ctype_o.o(.constdata)
    .constdata                               0x080030d4   Section        4  ctype_o.o(.constdata)
    table                                    0x080030d4   Data           4  ctype_o.o(.constdata)
    .conststring                             0x080030d8   Section      614  usvshell.o(.conststring)
    .data                                    0x20000000   Section       11  ranging.o(.data)
    config                                   0x20000000   Data          11  ranging.o(.data)
    .data                                    0x2000000c   Section        4  ulinklayer.o(.data)
    .data                                    0x20000010   Section        4  usvmanager.o(.data)
    .data                                    0x20000014   Section        4  usvshell.o(.data)
    .data                                    0x20000018   Section       20  system_stm32f4xx.o(.data)
    .data                                    0x2000002c   Section       16  stm32f4xx_rcc.o(.data)
    APBAHBPrescTable                         0x2000002c   Data          16  stm32f4xx_rcc.o(.data)
    .data                                    0x2000003c   Section        4  stm32f4_delay.o(.data)
    .data                                    0x20000040   Section        4  kdwm1000_bsp.o(.data)
    .data                                    0x20000044   Section        1  kdwm1000_it.o(.data)
    .data                                    0x20000048   Section        4  stdout.o(.data)
    .data                                    0x2000004c   Section        4  rand.o(.data)
    _rand_state                              0x2000004c   Data           4  rand.o(.data)
    .data                                    0x20000050   Section        4  mvars.o(.data)
    .data                                    0x20000054   Section        4  mvars.o(.data)
    .data                                    0x20000058   Section        4  errno.o(.data)
    _errno                                   0x20000058   Data           4  errno.o(.data)
    .bss                                     0x2000005c   Section      128  ulinklayer.o(.bss)
    .bss                                     0x200000dc   Section      816  uregister.o(.bss)
    .bss                                     0x2000040c   Section       12  usvmanager.o(.bss)
    .bss                                     0x20000418   Section       60  deca_device.o(.bss)
    KDW                                      0x20000418   Data          60  deca_device.o(.bss)
    .bss                                     0x20000454   Section     1208  segger_rtt.o(.bss)
    _acUpBuffer                              0x200004fc   Data        1024  segger_rtt.o(.bss)
    _acDownBuffer                            0x200008fc   Data          16  segger_rtt.o(.bss)
    HEAP                                     0x20000910   Section    28672  startup_stm32f411xe.o(HEAP)
    STACK                                    0x20007910   Section    16384  startup_stm32f411xe.o(STACK)

    Global Symbols

    Symbol Name                              Value     Ov Type        Size  Object(Section)

    BuildAttributes$$THM_ISAv4$E$P$D$K$B$S$7EM$VFPi3$EXTD16$VFPS$VFMA$PE$A:L22UL41UL21$X:L11$S22US41US21$IEEE1$IW$USESV6$~STKCKD$USESV7$~SHL$OSPACE$ROPI$EBA8$MICROLIB$REQ8$PRES8$EABIv2 0x00000000   Number         0  anon$$obj.o ABSOLUTE
    __ARM_use_no_argv                        0x00000000   Number         0  main.o ABSOLUTE
    __use_no_errno                           0x00000000   Number         0  useno.o ABSOLUTE
    __use_no_exception_handling              0x00000000   Number         0  useno.o ABSOLUTE
    __use_no_fp                              0x00000000   Number         0  useno.o ABSOLUTE
    __use_no_heap                            0x00000000   Number         0  useno.o ABSOLUTE
    __use_no_heap_region                     0x00000000   Number         0  useno.o ABSOLUTE
    __use_no_semihosting                     0x00000000   Number         0  useno.o ABSOLUTE
    __use_no_semihosting_swi                 0x00000000   Number         0  useno.o ABSOLUTE
    __use_no_signal_handling                 0x00000000   Number         0  useno.o ABSOLUTE
    _printf_a                                0x00000000   Number         0  stubs.o ABSOLUTE
    _printf_c                                0x00000000   Number         0  stubs.o ABSOLUTE
    _printf_charcount                        0x00000000   Number         0  stubs.o ABSOLUTE
    _printf_d                                0x00000000   Number         0  stubs.o ABSOLUTE
    _printf_e                                0x00000000   Number         0  stubs.o ABSOLUTE
    _printf_f                                0x00000000   Number         0  stubs.o ABSOLUTE
    _printf_flags                            0x00000000   Number         0  stubs.o ABSOLUTE
    _printf_fp_dec                           0x00000000   Number         0  stubs.o ABSOLUTE
    _printf_fp_hex                           0x00000000   Number         0  stubs.o ABSOLUTE
    _printf_g                                0x00000000   Number         0  stubs.o ABSOLUTE
    _printf_i                                0x00000000   Number         0  stubs.o ABSOLUTE
    _printf_int_dec                          0x00000000   Number         0  stubs.o ABSOLUTE
    _printf_l                                0x00000000   Number         0  stubs.o ABSOLUTE
    _printf_lc                               0x00000000   Number         0  stubs.o ABSOLUTE
    _printf_ll                               0x00000000   Number         0  stubs.o ABSOLUTE
    _printf_lld                              0x00000000   Number         0  stubs.o ABSOLUTE
    _printf_lli                              0x00000000   Number         0  stubs.o ABSOLUTE
    _printf_llo                              0x00000000   Number         0  stubs.o ABSOLUTE
    _printf_llu                              0x00000000   Number         0  stubs.o ABSOLUTE
    _printf_llx                              0x00000000   Number         0  stubs.o ABSOLUTE
    _printf_longlong_dec                     0x00000000   Number         0  stubs.o ABSOLUTE
    _printf_longlong_hex                     0x00000000   Number         0  stubs.o ABSOLUTE
    _printf_longlong_oct                     0x00000000   Number         0  stubs.o ABSOLUTE
    _printf_ls                               0x00000000   Number         0  stubs.o ABSOLUTE
    _printf_mbtowc                           0x00000000   Number         0  stubs.o ABSOLUTE
    _printf_n                                0x00000000   Number         0  stubs.o ABSOLUTE
    _printf_o                                0x00000000   Number         0  stubs.o ABSOLUTE
    _printf_p                                0x00000000   Number         0  stubs.o ABSOLUTE
    _printf_percent                          0x00000000   Number         0  stubs.o ABSOLUTE
    _printf_pre_padding                      0x00000000   Number         0  stubs.o ABSOLUTE
    _printf_return_value                     0x00000000   Number         0  stubs.o ABSOLUTE
    _printf_s                                0x00000000   Number         0  stubs.o ABSOLUTE
    _printf_sizespec                         0x00000000   Number         0  stubs.o ABSOLUTE
    _printf_str                              0x00000000   Number         0  stubs.o ABSOLUTE
    _printf_truncate_signed                  0x00000000   Number         0  stubs.o ABSOLUTE
    _printf_truncate_unsigned                0x00000000   Number         0  stubs.o ABSOLUTE
    _printf_u                                0x00000000   Number         0  stubs.o ABSOLUTE
    _printf_wc                               0x00000000   Number         0  stubs.o ABSOLUTE
    _printf_wctomb                           0x00000000   Number         0  stubs.o ABSOLUTE
    _printf_widthprec                        0x00000000   Number         0  stubs.o ABSOLUTE
    _printf_x                                0x00000000   Number         0  stubs.o ABSOLUTE
    __cpp_initialize__aeabi_                  - Undefined Weak Reference
    __cxa_finalize                            - Undefined Weak Reference
    __decompress                              - Undefined Weak Reference
    _clock_init                               - Undefined Weak Reference
    _microlib_exit                            - Undefined Weak Reference
    __Vectors_Size                           0x00000198   Number         0  startup_stm32f411xe.o ABSOLUTE
    __Vectors                                0x08000000   Data           4  startup_stm32f411xe.o(RESET)
    __Vectors_End                            0x08000198   Data           0  startup_stm32f411xe.o(RESET)
    __main                                   0x08000199   Thumb Code     0  entry.o(.ARM.Collect$$$$00000000)
    _main_stk                                0x08000199   Thumb Code     0  entry2.o(.ARM.Collect$$$$00000001)
    _main_scatterload                        0x0800019d   Thumb Code     0  entry5.o(.ARM.Collect$$$$00000004)
    __main_after_scatterload                 0x080001a1   Thumb Code     0  entry5.o(.ARM.Collect$$$$00000004)
    _main_clock                              0x080001a1   Thumb Code     0  entry7b.o(.ARM.Collect$$$$00000008)
    _main_cpp_init                           0x080001a1   Thumb Code     0  entry8b.o(.ARM.Collect$$$$0000000A)
    _main_init                               0x080001a1   Thumb Code     0  entry9a.o(.ARM.Collect$$$$0000000B)
    __rt_final_cpp                           0x080001a9   Thumb Code     0  entry10a.o(.ARM.Collect$$$$0000000D)
    __rt_final_exit                          0x080001a9   Thumb Code     0  entry11a.o(.ARM.Collect$$$$0000000F)
    Reset_Handler                            0x080001ad   Thumb Code     8  startup_stm32f411xe.o(.text)
    ADC_IRQHandler                           0x080001c7   Thumb Code     0  startup_stm32f411xe.o(.text)
    DMA1_Stream0_IRQHandler                  0x080001c7   Thumb Code     0  startup_stm32f411xe.o(.text)
    DMA1_Stream1_IRQHandler                  0x080001c7   Thumb Code     0  startup_stm32f411xe.o(.text)
    DMA1_Stream2_IRQHandler                  0x080001c7   Thumb Code     0  startup_stm32f411xe.o(.text)
    DMA1_Stream3_IRQHandler                  0x080001c7   Thumb Code     0  startup_stm32f411xe.o(.text)
    DMA1_Stream4_IRQHandler                  0x080001c7   Thumb Code     0  startup_stm32f411xe.o(.text)
    DMA1_Stream5_IRQHandler                  0x080001c7   Thumb Code     0  startup_stm32f411xe.o(.text)
    DMA1_Stream6_IRQHandler                  0x080001c7   Thumb Code     0  startup_stm32f411xe.o(.text)
    DMA1_Stream7_IRQHandler                  0x080001c7   Thumb Code     0  startup_stm32f411xe.o(.text)
    DMA2_Stream0_IRQHandler                  0x080001c7   Thumb Code     0  startup_stm32f411xe.o(.text)
    DMA2_Stream1_IRQHandler                  0x080001c7   Thumb Code     0  startup_stm32f411xe.o(.text)
    DMA2_Stream2_IRQHandler                  0x080001c7   Thumb Code     0  startup_stm32f411xe.o(.text)
    DMA2_Stream3_IRQHandler                  0x080001c7   Thumb Code     0  startup_stm32f411xe.o(.text)
    DMA2_Stream4_IRQHandler                  0x080001c7   Thumb Code     0  startup_stm32f411xe.o(.text)
    DMA2_Stream5_IRQHandler                  0x080001c7   Thumb Code     0  startup_stm32f411xe.o(.text)
    DMA2_Stream6_IRQHandler                  0x080001c7   Thumb Code     0  startup_stm32f411xe.o(.text)
    DMA2_Stream7_IRQHandler                  0x080001c7   Thumb Code     0  startup_stm32f411xe.o(.text)
    EXTI0_IRQHandler                         0x080001c7   Thumb Code     0  startup_stm32f411xe.o(.text)
    EXTI15_10_IRQHandler                     0x080001c7   Thumb Code     0  startup_stm32f411xe.o(.text)
    EXTI1_IRQHandler                         0x080001c7   Thumb Code     0  startup_stm32f411xe.o(.text)
    EXTI2_IRQHandler                         0x080001c7   Thumb Code     0  startup_stm32f411xe.o(.text)
    EXTI3_IRQHandler                         0x080001c7   Thumb Code     0  startup_stm32f411xe.o(.text)
    EXTI4_IRQHandler                         0x080001c7   Thumb Code     0  startup_stm32f411xe.o(.text)
    EXTI9_5_IRQHandler                       0x080001c7   Thumb Code     0  startup_stm32f411xe.o(.text)
    FLASH_IRQHandler                         0x080001c7   Thumb Code     0  startup_stm32f411xe.o(.text)
    FPU_IRQHandler                           0x080001c7   Thumb Code     0  startup_stm32f411xe.o(.text)
    I2C1_ER_IRQHandler                       0x080001c7   Thumb Code     0  startup_stm32f411xe.o(.text)
    I2C1_EV_IRQHandler                       0x080001c7   Thumb Code     0  startup_stm32f411xe.o(.text)
    I2C2_ER_IRQHandler                       0x080001c7   Thumb Code     0  startup_stm32f411xe.o(.text)
    I2C2_EV_IRQHandler                       0x080001c7   Thumb Code     0  startup_stm32f411xe.o(.text)
    I2C3_ER_IRQHandler                       0x080001c7   Thumb Code     0  startup_stm32f411xe.o(.text)
    I2C3_EV_IRQHandler                       0x080001c7   Thumb Code     0  startup_stm32f411xe.o(.text)
    OTG_FS_IRQHandler                        0x080001c7   Thumb Code     0  startup_stm32f411xe.o(.text)
    OTG_FS_WKUP_IRQHandler                   0x080001c7   Thumb Code     0  startup_stm32f411xe.o(.text)
    PVD_IRQHandler                           0x080001c7   Thumb Code     0  startup_stm32f411xe.o(.text)
    RCC_IRQHandler                           0x080001c7   Thumb Code     0  startup_stm32f411xe.o(.text)
    RTC_Alarm_IRQHandler                     0x080001c7   Thumb Code     0  startup_stm32f411xe.o(.text)
    RTC_WKUP_IRQHandler                      0x080001c7   Thumb Code     0  startup_stm32f411xe.o(.text)
    SDIO_IRQHandler                          0x080001c7   Thumb Code     0  startup_stm32f411xe.o(.text)
    SPI1_IRQHandler                          0x080001c7   Thumb Code     0  startup_stm32f411xe.o(.text)
    SPI2_IRQHandler                          0x080001c7   Thumb Code     0  startup_stm32f411xe.o(.text)
    SPI3_IRQHandler                          0x080001c7   Thumb Code     0  startup_stm32f411xe.o(.text)
    SPI4_IRQHandler                          0x080001c7   Thumb Code     0  startup_stm32f411xe.o(.text)
    SPI5_IRQHandler                          0x080001c7   Thumb Code     0  startup_stm32f411xe.o(.text)
    TAMP_STAMP_IRQHandler                    0x080001c7   Thumb Code     0  startup_stm32f411xe.o(.text)
    TIM1_BRK_TIM9_IRQHandler                 0x080001c7   Thumb Code     0  startup_stm32f411xe.o(.text)
    TIM1_CC_IRQHandler                       0x080001c7   Thumb Code     0  startup_stm32f411xe.o(.text)
    TIM1_TRG_COM_TIM11_IRQHandler            0x080001c7   Thumb Code     0  startup_stm32f411xe.o(.text)
    TIM1_UP_TIM10_IRQHandler                 0x080001c7   Thumb Code     0  startup_stm32f411xe.o(.text)
    TIM2_IRQHandler                          0x080001c7   Thumb Code     0  startup_stm32f411xe.o(.text)
    TIM3_IRQHandler                          0x080001c7   Thumb Code     0  startup_stm32f411xe.o(.text)
    TIM4_IRQHandler                          0x080001c7   Thumb Code     0  startup_stm32f411xe.o(.text)
    TIM5_IRQHandler                          0x080001c7   Thumb Code     0  startup_stm32f411xe.o(.text)
    USART2_IRQHandler                        0x080001c7   Thumb Code     0  startup_stm32f411xe.o(.text)
    USART6_IRQHandler                        0x080001c7   Thumb Code     0  startup_stm32f411xe.o(.text)
    WWDG_IRQHandler                          0x080001c7   Thumb Code     0  startup_stm32f411xe.o(.text)
    rand                                     0x080001d1   Thumb Code    20  rand.o(.text)
    srand                                    0x080001e5   Thumb Code     6  rand.o(.text)
    __aeabi_memcpy                           0x080001f5   Thumb Code    36  memcpya.o(.text)
    __aeabi_memcpy4                          0x080001f5   Thumb Code     0  memcpya.o(.text)
    __aeabi_memcpy8                          0x080001f5   Thumb Code     0  memcpya.o(.text)
    __aeabi_memset                           0x08000219   Thumb Code    14  memseta.o(.text)
    __aeabi_memset4                          0x08000219   Thumb Code     0  memseta.o(.text)
    __aeabi_memset8                          0x08000219   Thumb Code     0  memseta.o(.text)
    __aeabi_memclr                           0x08000227   Thumb Code     4  memseta.o(.text)
    __aeabi_memclr4                          0x08000227   Thumb Code     0  memseta.o(.text)
    __aeabi_memclr8                          0x08000227   Thumb Code     0  memseta.o(.text)
    _memset$wrapper                          0x0800022b   Thumb Code    18  memseta.o(.text)
    strcat                                   0x0800023d   Thumb Code    24  strcat.o(.text)
    strcmp                                   0x08000255   Thumb Code    28  strcmp.o(.text)
    strcpy                                   0x08000271   Thumb Code    18  strcpy.o(.text)
    strncmp                                  0x08000283   Thumb Code    30  strncmp.o(.text)
    calloc                                   0x080002a1   Thumb Code    28  calloc.o(.text)
    atoi                                     0x080002bd   Thumb Code    26  atoi.o(.text)
    __aeabi_dmul                             0x080002d7   Thumb Code   228  dmul.o(.text)
    __aeabi_d2iz                             0x080003bb   Thumb Code    62  dfixi.o(.text)
    __aeabi_f2d                              0x080003f9   Thumb Code    38  f2d.o(.text)
    __aeabi_uldivmod                         0x0800041f   Thumb Code    98  uldiv.o(.text)
    __aeabi_llsr                             0x08000481   Thumb Code    32  llushr.o(.text)
    _ll_ushift_r                             0x08000481   Thumb Code     0  llushr.o(.text)
    strtol                                   0x080004a1   Thumb Code   112  strtol.o(.text)
    __I$use$fp                               0x08000511   Thumb Code     0  iusefp.o(.text)
    _double_round                            0x08000511   Thumb Code    30  depilogue.o(.text)
    _double_epilogue                         0x0800052f   Thumb Code   156  depilogue.o(.text)
    __scatterload                            0x080005cd   Thumb Code    28  init.o(.text)
    __scatterload_rt2                        0x080005cd   Thumb Code     0  init.o(.text)
    __aeabi_llsl                             0x080005f1   Thumb Code    30  llshl.o(.text)
    _ll_shift_l                              0x080005f1   Thumb Code     0  llshl.o(.text)
    __rt_ctype_table                         0x08000611   Thumb Code     4  ctype_o.o(.text)
    _strtoul                                 0x08000619   Thumb Code   158  _strtoul.o(.text)
    _chval                                   0x080006b7   Thumb Code    28  _chval.o(.text)
    BusFault_Handler                         0x080006d3   Thumb Code     2  kdwm1000_it.o(i.BusFault_Handler)
    DW1000_Config                            0x080006d5   Thumb Code   244  dw1000.o(i.DW1000_Config)
    DW1000_GetDeviceID                       0x080007d5   Thumb Code     8  dw1000.o(i.DW1000_GetDeviceID)
    DW1000_ReadOPT                           0x080007dd   Thumb Code    80  dw1000.o(i.DW1000_ReadOPT)
    DW1000_Reset                             0x0800082d   Thumb Code    82  dw1000.o(i.DW1000_Reset)
    DW1000_SetAntennaDelayRX                 0x08000885   Thumb Code    12  dw1000.o(i.DW1000_SetAntennaDelayRX)
    DW1000_SetAntennaDelayTX                 0x08000891   Thumb Code    10  dw1000.o(i.DW1000_SetAntennaDelayTX)
    DW1000_SetClock                          0x0800089b   Thumb Code   176  dw1000.o(i.DW1000_SetClock)
    DW1000_SetCrystalTrim                    0x0800094b   Thumb Code    48  dw1000.o(i.DW1000_SetCrystalTrim)
    DW1000_SetSpeed                          0x0800097d   Thumb Code    80  dw1000.o(i.DW1000_SetSpeed)
    DW1000_readData                          0x080009d1   Thumb Code   138  dw1000.o(i.DW1000_readData)
    DW1000_readData16                        0x08000a65   Thumb Code    22  dw1000.o(i.DW1000_readData16)
    DW1000_readData32                        0x08000a7b   Thumb Code    20  dw1000.o(i.DW1000_readData32)
    DW1000_writeData                         0x08000a91   Thumb Code   138  dw1000.o(i.DW1000_writeData)
    DW1000_writeData16                       0x08000b25   Thumb Code    14  dw1000.o(i.DW1000_writeData16)
    DW1000_writeData32                       0x08000b33   Thumb Code    14  dw1000.o(i.DW1000_writeData32)
    DebugMon_Handler                         0x08000b41   Thumb Code     2  kdwm1000_it.o(i.DebugMon_Handler)
    GPIO_Init                                0x08000b43   Thumb Code   120  stm32f4xx_gpio.o(i.GPIO_Init)
    GPIO_PinAFConfig                         0x08000bbb   Thumb Code    32  stm32f4xx_gpio.o(i.GPIO_PinAFConfig)
    HAL_Delay                                0x08000bdd   Thumb Code    18  stm32f4_delay.o(i.HAL_Delay)
    HAL_IncTick                              0x08000bf5   Thumb Code    10  stm32f4_delay.o(i.HAL_IncTick)
    HAL_InitTick                             0x08000c05   Thumb Code    84  stm32f4_delay.o(i.HAL_InitTick)
    HardFault_Handler                        0x08000c61   Thumb Code     2  kdwm1000_it.o(i.HardFault_Handler)
    KDWM_DW1000_Config                       0x08000c63   Thumb Code    16  kdwm1000_bsp.o(i.KDWM_DW1000_Config)
    KDWM_GPIO_Config                         0x08000c75   Thumb Code   226  kdwm1000_bsp.o(i.KDWM_GPIO_Config)
    KDWM_UART_Config                         0x08000d65   Thumb Code     8  kdwm1000_bsp.o(i.KDWM_UART_Config)
    MemManage_Handler                        0x08000d71   Thumb Code     2  kdwm1000_it.o(i.MemManage_Handler)
    NMI_Handler                              0x08000d73   Thumb Code     2  kdwm1000_it.o(i.NMI_Handler)
    NVIC_Init                                0x08000d75   Thumb Code    96  misc.o(i.NVIC_Init)
    NVIC_PriorityGroupConfig                 0x08000dd9   Thumb Code    10  misc.o(i.NVIC_PriorityGroupConfig)
    PendSV_Handler                           0x08000ded   Thumb Code     2  kdwm1000_it.o(i.PendSV_Handler)
    QueueCreate                              0x08000def   Thumb Code    44  stdplus_queue.o(i.QueueCreate)
    QueueIsEmpty                             0x08000e1b   Thumb Code    16  stdplus_queue.o(i.QueueIsEmpty)
    QueueIsFull                              0x08000e2b   Thumb Code    28  stdplus_queue.o(i.QueueIsFull)
    QueuePop                                 0x08000e47   Thumb Code    46  stdplus_queue.o(i.QueuePop)
    QueuePush                                0x08000e75   Thumb Code    44  stdplus_queue.o(i.QueuePush)
    RCC_AHB1PeriphClockCmd                   0x08000ea1   Thumb Code    18  stm32f4xx_rcc.o(i.RCC_AHB1PeriphClockCmd)
    RCC_APB1PeriphClockCmd                   0x08000eb9   Thumb Code    18  stm32f4xx_rcc.o(i.RCC_APB1PeriphClockCmd)
    RCC_APB1PeriphResetCmd                   0x08000ed1   Thumb Code    18  stm32f4xx_rcc.o(i.RCC_APB1PeriphResetCmd)
    RCC_APB2PeriphClockCmd                   0x08000ee9   Thumb Code    18  stm32f4xx_rcc.o(i.RCC_APB2PeriphClockCmd)
    RCC_APB2PeriphResetCmd                   0x08000f01   Thumb Code    18  stm32f4xx_rcc.o(i.RCC_APB2PeriphResetCmd)
    RCC_GetClocksFreq                        0x08000f19   Thumb Code   132  stm32f4xx_rcc.o(i.RCC_GetClocksFreq)
    RangingInit                              0x08000fad   Thumb Code    52  ranging.o(i.RangingInit)
    SEGGER_RTT_Init                          0x08000fe5   Thumb Code     4  segger_rtt.o(i.SEGGER_RTT_Init)
    SEGGER_RTT_Write                         0x08000fe9   Thumb Code    50  segger_rtt.o(i.SEGGER_RTT_Write)
    SEGGER_RTT_WriteNoLock                   0x08001021   Thumb Code    86  segger_rtt.o(i.SEGGER_RTT_WriteNoLock)
    SEGGER_RTT_printf                        0x0800107d   Thumb Code    22  segger_rtt_printf.o(i.SEGGER_RTT_printf)
    SEGGER_RTT_vprintf                       0x08001093   Thumb Code   382  segger_rtt_printf.o(i.SEGGER_RTT_vprintf)
    SPI_Cmd                                  0x08001211   Thumb Code    20  stm32f4xx_spi.o(i.SPI_Cmd)
    SPI_I2S_DeInit                           0x08001225   Thumb Code   108  stm32f4xx_spi.o(i.SPI_I2S_DeInit)
    SPI_Init                                 0x080012a9   Thumb Code    56  stm32f4xx_spi.o(i.SPI_Init)
    SPI_RW                                   0x080012e1   Thumb Code    18  stm32f4_spi.o(i.SPI_RW)
    SVC_Handler                              0x080012f3   Thumb Code     2  kdwm1000_it.o(i.SVC_Handler)
    Serial_Config                            0x080012f5   Thumb Code   186  serial.o(i.Serial_Config)
    SysTick_Handler                          0x0800142d   Thumb Code     4  kdwm1000_it.o(i.SysTick_Handler)
    SystemInit                               0x08001431   Thumb Code    74  system_stm32f4xx.o(i.SystemInit)
    UART_SendByte                            0x0800148d   Thumb Code    12  stm32f4_usart.o(i.UART_SendByte)
    USART1_IRQHandler                        0x08001499   Thumb Code    92  kdwm1000_it.o(i.USART1_IRQHandler)
    USART_ClearFlag                          0x08001501   Thumb Code     6  stm32f4xx_usart.o(i.USART_ClearFlag)
    USART_Cmd                                0x08001507   Thumb Code    20  stm32f4xx_usart.o(i.USART_Cmd)
    USART_GetITStatus                        0x0800151b   Thumb Code    62  stm32f4xx_usart.o(i.USART_GetITStatus)
    USART_ITConfig                           0x08001559   Thumb Code    48  stm32f4xx_usart.o(i.USART_ITConfig)
    USART_Init                               0x08001589   Thumb Code   164  stm32f4xx_usart.o(i.USART_Init)
    UsageFault_Handler                       0x08001635   Thumb Code     2  kdwm1000_it.o(i.UsageFault_Handler)
    __0printf$8                              0x08001925   Thumb Code    22  printf8.o(i.__0printf$8)
    __1printf$8                              0x08001925   Thumb Code     0  printf8.o(i.__0printf$8)
    __2printf                                0x08001925   Thumb Code     0  printf8.o(i.__0printf$8)
    __0sprintf$8                             0x08001945   Thumb Code    34  printf8.o(i.__0sprintf$8)
    __1sprintf$8                             0x08001945   Thumb Code     0  printf8.o(i.__0sprintf$8)
    __2sprintf                               0x08001945   Thumb Code     0  printf8.o(i.__0sprintf$8)
    __aeabi_errno_addr                       0x0800196d   Thumb Code     4  errno.o(i.__aeabi_errno_addr)
    __rt_errno_addr                          0x0800196d   Thumb Code     0  errno.o(i.__aeabi_errno_addr)
    __scatterload_copy                       0x08001975   Thumb Code    14  handlers.o(i.__scatterload_copy)
    __scatterload_null                       0x08001983   Thumb Code     2  handlers.o(i.__scatterload_null)
    __scatterload_zeroinit                   0x08001985   Thumb Code    14  handlers.o(i.__scatterload_zeroinit)
    _dwt_configlde                           0x08001993   Thumb Code    48  deca_device.o(i._dwt_configlde)
    dwt_configure                            0x080021e1   Thumb Code   482  deca_device.o(i.dwt_configure)
    dwt_entersleepaftertx                    0x080023f1   Thumb Code    36  deca_device.o(i.dwt_entersleepaftertx)
    dwt_forcetrxoff                          0x08002415   Thumb Code    74  deca_device.o(i.dwt_forcetrxoff)
    dwt_initialise                           0x08002469   Thumb Code   324  deca_device.o(i.dwt_initialise)
    dwt_readrxdata                           0x080025b5   Thumb Code    18  deca_device.o(i.dwt_readrxdata)
    dwt_rxenable                             0x080025c7   Thumb Code    80  deca_device.o(i.dwt_rxenable)
    dwt_rxreset                              0x08002617   Thumb Code    40  deca_device.o(i.dwt_rxreset)
    dwt_setrxtimeout                         0x08002641   Thumb Code    84  deca_device.o(i.dwt_setrxtimeout)
    dwt_starttx                              0x08002699   Thumb Code   142  deca_device.o(i.dwt_starttx)
    dwt_syncrxbufptrs                        0x0800272d   Thumb Code    52  deca_device.o(i.dwt_syncrxbufptrs)
    dwt_writetxdata                          0x08002761   Thumb Code    34  deca_device.o(i.dwt_writetxdata)
    dwt_writetxfctrl                         0x08002785   Thumb Code    24  deca_device.o(i.dwt_writetxfctrl)
    fputc                                    0x080027a1   Thumb Code    14  serial.o(i.fputc)
    free                                     0x080027b5   Thumb Code    76  malloc.o(i.free)
    inet_ntoa                                0x08002805   Thumb Code    26  conversion.o(i.inet_ntoa)
    list_free                                0x0800282d   Thumb Code     4  stdplus_linklist.o(i.list_free)
    list_new                                 0x08002831   Thumb Code     8  stdplus_linklist.o(i.list_new)
    listnode_add                             0x08002839   Thumb Code    38  stdplus_linklist.o(i.listnode_add)
    listnode_head                            0x0800285f   Thumb Code    10  stdplus_linklist.o(i.listnode_head)
    main                                     0x08002871   Thumb Code    58  main.o(i.main)
    malloc                                   0x080028e5   Thumb Code    92  malloc.o(i.malloc)
    uLLFrameRecv                             0x08002951   Thumb Code   182  ulinklayer.o(i.uLLFrameRecv)
    uLLFrameSend                             0x08002a15   Thumb Code   150  ulinklayer.o(i.uLLFrameSend)
    uLLInit                                  0x08002ac1   Thumb Code    50  ulinklayer.o(i.uLLInit)
    uPTRegisterCycle                         0x08002b01   Thumb Code   286  uregister.o(i.uPTRegisterCycle)
    uPTRegisterRespons                       0x08002c39   Thumb Code   144  uregister.o(i.uPTRegisterRespons)
    uPTSigninRespons                         0x08002cdd   Thumb Code    48  uregister.o(i.uPTSigninRespons)
    uSVIdle                                  0x08002d25   Thumb Code    88  uidle.o(i.uSVIdle)
    uSVManagerInit                           0x08002d85   Thumb Code    70  usvmanager.o(i.uSVManagerInit)
    uSVShellInit                             0x08002de5   Thumb Code    28  usvshell.o(i.uSVShellInit)
    uSVShellPrase                            0x08002e29   Thumb Code   244  usvshell.o(i.uSVShellPrase)
    chan_idx                                 0x08002f94   Data           8  deca_params.o(.constdata)
    tx_config                                0x08002f9c   Data          24  deca_params.o(.constdata)
    pll2_config                              0x08002fb4   Data          30  deca_params.o(.constdata)
    rx_config                                0x08002fd2   Data           2  deca_params.o(.constdata)
    agc_config                               0x08002fd4   Data           8  deca_params.o(.constdata)
    dwnsSFDlen                               0x08002fdc   Data           3  deca_params.o(.constdata)
    sftsh                                    0x08002fe0   Data          12  deca_params.o(.constdata)
    dtune1                                   0x08002fec   Data           4  deca_params.o(.constdata)
    digital_bb_config                        0x08002ff0   Data          32  deca_params.o(.constdata)
    lde_replicaCoeff                         0x08003010   Data          50  deca_params.o(.constdata)
    __ctype_table                            0x08003052   Data         129  ctype_o.o(.constdata)
    Region$$Table$$Base                      0x08003340   Number         0  anon$$obj.o(Region$$Table)
    Region$$Table$$Limit                     0x08003360   Number         0  anon$$obj.o(Region$$Table)
    uLLRecvBuf                               0x2000000c   Data           4  ulinklayer.o(.data)
    guSVManagerDevice                        0x20000010   Data           4  usvmanager.o(.data)
    gUartQueue                               0x20000014   Data           4  usvshell.o(.data)
    SystemCoreClock                          0x20000018   Data           4  system_stm32f4xx.o(.data)
    AHBPrescTable                            0x2000001c   Data          16  system_stm32f4xx.o(.data)
    uwTick                                   0x2000003c   Data           4  stm32f4_delay.o(.data)
    UART1_irqEven                            0x20000040   Data           4  kdwm1000_bsp.o(.data)
    _is_uart_handle                          0x20000044   Data           1  kdwm1000_it.o(.data)
    __stdout                                 0x20000048   Data           4  stdout.o(.data)
    __microlib_freelist                      0x20000050   Data           4  mvars.o(.data)
    __microlib_freelist_initialised          0x20000054   Data           4  mvars.o(.data)
    frame_buf                                0x2000005c   Data         128  ulinklayer.o(.bss)
    gAddrPool                                0x200000dc   Data         800  uregister.o(.bss)
    fra_wt                                   0x200003fc   Data          16  uregister.o(.bss)
    guSVManagerCtl                           0x2000040c   Data          12  usvmanager.o(.bss)
    _SEGGER_RTT                              0x20000454   Data         168  segger_rtt.o(.bss)
    __heap_base                              0x20000910   Data           0  startup_stm32f411xe.o(HEAP)
    __heap_limit                             0x20007910   Data           0  startup_stm32f411xe.o(HEAP)
    __initial_sp                             0x2000b910   Data           0  startup_stm32f411xe.o(STACK)



==============================================================================

Memory Map of the image

  Image Entry point : 0x08000199

  Load Region LR_IROM1 (Base: 0x08000000, Size: 0x000033bc, Max: 0x00080000, ABSOLUTE)

    Execution Region ER_IROM1 (Exec base: 0x08000000, Load base: 0x08000000, Size: 0x00003360, Max: 0x00080000, ABSOLUTE)

    Exec Addr    Load Addr    Size         Type   Attr      Idx    E Section Name        Object

    0x08000000   0x08000000   0x00000198   Data   RO          657    RESET               startup_stm32f411xe.o
    0x08000198   0x08000198   0x00000000   Code   RO         2703  * .ARM.Collect$$$$00000000  mc_w.l(entry.o)
    0x08000198   0x08000198   0x00000004   Code   RO         3027    .ARM.Collect$$$$00000001  mc_w.l(entry2.o)
    0x0800019c   0x0800019c   0x00000004   Code   RO         3030    .ARM.Collect$$$$00000004  mc_w.l(entry5.o)
    0x080001a0   0x080001a0   0x00000000   Code   RO         3032    .ARM.Collect$$$$00000008  mc_w.l(entry7b.o)
    0x080001a0   0x080001a0   0x00000000   Code   RO         3034    .ARM.Collect$$$$0000000A  mc_w.l(entry8b.o)
    0x080001a0   0x080001a0   0x00000008   Code   RO         3035    .ARM.Collect$$$$0000000B  mc_w.l(entry9a.o)
    0x080001a8   0x080001a8   0x00000000   Code   RO         3037    .ARM.Collect$$$$0000000D  mc_w.l(entry10a.o)
    0x080001a8   0x080001a8   0x00000000   Code   RO         3039    .ARM.Collect$$$$0000000F  mc_w.l(entry11a.o)
    0x080001a8   0x080001a8   0x00000004   Code   RO         3028    .ARM.Collect$$$$00002712  mc_w.l(entry2.o)
    0x080001ac   0x080001ac   0x00000024   Code   RO          658    .text               startup_stm32f411xe.o
    0x080001d0   0x080001d0   0x00000024   Code   RO         2709    .text               mc_w.l(rand.o)
    0x080001f4   0x080001f4   0x00000024   Code   RO         2712    .text               mc_w.l(memcpya.o)
    0x08000218   0x08000218   0x00000024   Code   RO         2714    .text               mc_w.l(memseta.o)
    0x0800023c   0x0800023c   0x00000018   Code   RO         2716    .text               mc_w.l(strcat.o)
    0x08000254   0x08000254   0x0000001c   Code   RO         2720    .text               mc_w.l(strcmp.o)
    0x08000270   0x08000270   0x00000012   Code   RO         2722    .text               mc_w.l(strcpy.o)
    0x08000282   0x08000282   0x0000001e   Code   RO         2724    .text               mc_w.l(strncmp.o)
    0x080002a0   0x080002a0   0x0000001c   Code   RO         3017    .text               mc_w.l(calloc.o)
    0x080002bc   0x080002bc   0x0000001a   Code   RO         3019    .text               mc_w.l(atoi.o)
    0x080002d6   0x080002d6   0x000000e4   Code   RO         3021    .text               mf_w.l(dmul.o)
    0x080003ba   0x080003ba   0x0000003e   Code   RO         3023    .text               mf_w.l(dfixi.o)
    0x080003f8   0x080003f8   0x00000026   Code   RO         3025    .text               mf_w.l(f2d.o)
    0x0800041e   0x0800041e   0x00000062   Code   RO         3043    .text               mc_w.l(uldiv.o)
    0x08000480   0x08000480   0x00000020   Code   RO         3045    .text               mc_w.l(llushr.o)
    0x080004a0   0x080004a0   0x00000070   Code   RO         3056    .text               mc_w.l(strtol.o)
    0x08000510   0x08000510   0x00000000   Code   RO         3058    .text               mc_w.l(iusefp.o)
    0x08000510   0x08000510   0x000000ba   Code   RO         3059    .text               mf_w.l(depilogue.o)
    0x080005ca   0x080005ca   0x00000002   PAD
    0x080005cc   0x080005cc   0x00000024   Code   RO         3069    .text               mc_w.l(init.o)
    0x080005f0   0x080005f0   0x0000001e   Code   RO         3071    .text               mc_w.l(llshl.o)
    0x0800060e   0x0800060e   0x00000002   PAD
    0x08000610   0x08000610   0x00000008   Code   RO         3075    .text               mc_w.l(ctype_o.o)
    0x08000618   0x08000618   0x0000009e   Code   RO         3103    .text               mc_w.l(_strtoul.o)
    0x080006b6   0x080006b6   0x0000001c   Code   RO         3105    .text               mc_w.l(_chval.o)
    0x080006d2   0x080006d2   0x00000002   Code   RO         2306    i.BusFault_Handler  kdwm1000_it.o
    0x080006d4   0x080006d4   0x00000100   Code   RO         1883    i.DW1000_Config     dw1000.o
    0x080007d4   0x080007d4   0x00000008   Code   RO         1884    i.DW1000_GetDeviceID  dw1000.o
    0x080007dc   0x080007dc   0x00000050   Code   RO         1886    i.DW1000_ReadOPT    dw1000.o
    0x0800082c   0x0800082c   0x00000058   Code   RO         1887    i.DW1000_Reset      dw1000.o
    0x08000884   0x08000884   0x0000000c   Code   RO         1888    i.DW1000_SetAntennaDelayRX  dw1000.o
    0x08000890   0x08000890   0x0000000a   Code   RO         1889    i.DW1000_SetAntennaDelayTX  dw1000.o
    0x0800089a   0x0800089a   0x000000b0   Code   RO         1890    i.DW1000_SetClock   dw1000.o
    0x0800094a   0x0800094a   0x00000030   Code   RO         1891    i.DW1000_SetCrystalTrim  dw1000.o
    0x0800097a   0x0800097a   0x00000002   PAD
    0x0800097c   0x0800097c   0x00000054   Code   RO         1892    i.DW1000_SetSpeed   dw1000.o
    0x080009d0   0x080009d0   0x00000094   Code   RO         1893    i.DW1000_readData   dw1000.o
    0x08000a64   0x08000a64   0x00000016   Code   RO         1894    i.DW1000_readData16  dw1000.o
    0x08000a7a   0x08000a7a   0x00000014   Code   RO         1895    i.DW1000_readData32  dw1000.o
    0x08000a8e   0x08000a8e   0x00000002   PAD
    0x08000a90   0x08000a90   0x00000094   Code   RO         1896    i.DW1000_writeData  dw1000.o
    0x08000b24   0x08000b24   0x0000000e   Code   RO         1897    i.DW1000_writeData16  dw1000.o
    0x08000b32   0x08000b32   0x0000000e   Code   RO         1898    i.DW1000_writeData32  dw1000.o
    0x08000b40   0x08000b40   0x00000002   Code   RO         2307    i.DebugMon_Handler  kdwm1000_it.o
    0x08000b42   0x08000b42   0x00000078   Code   RO         1189    i.GPIO_Init         stm32f4xx_gpio.o
    0x08000bba   0x08000bba   0x00000020   Code   RO         1190    i.GPIO_PinAFConfig  stm32f4xx_gpio.o
    0x08000bda   0x08000bda   0x00000002   PAD
    0x08000bdc   0x08000bdc   0x00000018   Code   RO         1650    i.HAL_Delay         stm32f4_delay.o
    0x08000bf4   0x08000bf4   0x00000010   Code   RO         1652    i.HAL_IncTick       stm32f4_delay.o
    0x08000c04   0x08000c04   0x0000005c   Code   RO         1653    i.HAL_InitTick      stm32f4_delay.o
    0x08000c60   0x08000c60   0x00000002   Code   RO         2308    i.HardFault_Handler  kdwm1000_it.o
    0x08000c62   0x08000c62   0x00000010   Code   RO         2264    i.KDWM_DW1000_Config  kdwm1000_bsp.o
    0x08000c72   0x08000c72   0x00000002   PAD
    0x08000c74   0x08000c74   0x000000f0   Code   RO         2265    i.KDWM_GPIO_Config  kdwm1000_bsp.o
    0x08000d64   0x08000d64   0x0000000c   Code   RO         2266    i.KDWM_UART_Config  kdwm1000_bsp.o
    0x08000d70   0x08000d70   0x00000002   Code   RO         2309    i.MemManage_Handler  kdwm1000_it.o
    0x08000d72   0x08000d72   0x00000002   Code   RO         2310    i.NMI_Handler       kdwm1000_it.o
    0x08000d74   0x08000d74   0x00000064   Code   RO          706    i.NVIC_Init         misc.o
    0x08000dd8   0x08000dd8   0x00000014   Code   RO          707    i.NVIC_PriorityGroupConfig  misc.o
    0x08000dec   0x08000dec   0x00000002   Code   RO         2311    i.PendSV_Handler    kdwm1000_it.o
    0x08000dee   0x08000dee   0x0000002c   Code   RO          486    i.QueueCreate       stdplus_queue.o
    0x08000e1a   0x08000e1a   0x00000010   Code   RO          487    i.QueueIsEmpty      stdplus_queue.o
    0x08000e2a   0x08000e2a   0x0000001c   Code   RO          488    i.QueueIsFull       stdplus_queue.o
    0x08000e46   0x08000e46   0x0000002e   Code   RO          489    i.QueuePop          stdplus_queue.o
    0x08000e74   0x08000e74   0x0000002c   Code   RO          490    i.QueuePush         stdplus_queue.o
    0x08000ea0   0x08000ea0   0x00000018   Code   RO          754    i.RCC_AHB1PeriphClockCmd  stm32f4xx_rcc.o
    0x08000eb8   0x08000eb8   0x00000018   Code   RO          760    i.RCC_APB1PeriphClockCmd  stm32f4xx_rcc.o
    0x08000ed0   0x08000ed0   0x00000018   Code   RO          762    i.RCC_APB1PeriphResetCmd  stm32f4xx_rcc.o
    0x08000ee8   0x08000ee8   0x00000018   Code   RO          763    i.RCC_APB2PeriphClockCmd  stm32f4xx_rcc.o
    0x08000f00   0x08000f00   0x00000018   Code   RO          765    i.RCC_APB2PeriphResetCmd  stm32f4xx_rcc.o
    0x08000f18   0x08000f18   0x00000094   Code   RO          772    i.RCC_GetClocksFreq  stm32f4xx_rcc.o
    0x08000fac   0x08000fac   0x00000038   Code   RO          162    i.RangingInit       ranging.o
    0x08000fe4   0x08000fe4   0x00000004   Code   RO         2395    i.SEGGER_RTT_Init   segger_rtt.o
    0x08000fe8   0x08000fe8   0x00000038   Code   RO         2408    i.SEGGER_RTT_Write  segger_rtt.o
    0x08001020   0x08001020   0x0000005c   Code   RO         2409    i.SEGGER_RTT_WriteNoLock  segger_rtt.o
    0x0800107c   0x0800107c   0x00000016   Code   RO         2575    i.SEGGER_RTT_printf  segger_rtt_printf.o
    0x08001092   0x08001092   0x0000017e   Code   RO         2576    i.SEGGER_RTT_vprintf  segger_rtt_printf.o
    0x08001210   0x08001210   0x00000014   Code   RO         1488    i.SPI_Cmd           stm32f4xx_spi.o
    0x08001224   0x08001224   0x00000084   Code   RO         1495    i.SPI_I2S_DeInit    stm32f4xx_spi.o
    0x080012a8   0x080012a8   0x00000038   Code   RO         1501    i.SPI_Init          stm32f4xx_spi.o
    0x080012e0   0x080012e0   0x00000012   Code   RO         1766    i.SPI_RW            stm32f4_spi.o
    0x080012f2   0x080012f2   0x00000002   Code   RO         2312    i.SVC_Handler       kdwm1000_it.o
    0x080012f4   0x080012f4   0x000000c4   Code   RO         1793    i.Serial_Config     serial.o
    0x080013b8   0x080013b8   0x00000074   Code   RO          665    i.SetSysClock       system_stm32f4xx.o
    0x0800142c   0x0800142c   0x00000004   Code   RO         2313    i.SysTick_Handler   kdwm1000_it.o
    0x08001430   0x08001430   0x0000005c   Code   RO          667    i.SystemInit        system_stm32f4xx.o
    0x0800148c   0x0800148c   0x0000000c   Code   RO         1715    i.UART_SendByte     stm32f4_usart.o
    0x08001498   0x08001498   0x00000068   Code   RO         2314    i.USART1_IRQHandler  kdwm1000_it.o
    0x08001500   0x08001500   0x00000006   Code   RO         1290    i.USART_ClearFlag   stm32f4xx_usart.o
    0x08001506   0x08001506   0x00000014   Code   RO         1294    i.USART_Cmd         stm32f4xx_usart.o
    0x0800151a   0x0800151a   0x0000003e   Code   RO         1298    i.USART_GetITStatus  stm32f4xx_usart.o
    0x08001558   0x08001558   0x00000030   Code   RO         1300    i.USART_ITConfig    stm32f4xx_usart.o
    0x08001588   0x08001588   0x000000ac   Code   RO         1301    i.USART_Init        stm32f4xx_usart.o
    0x08001634   0x08001634   0x00000002   Code   RO         2315    i.UsageFault_Handler  kdwm1000_it.o
    0x08001636   0x08001636   0x00000002   PAD
    0x08001638   0x08001638   0x00000068   Code   RO         2413    i._DoInit           segger_rtt.o
    0x080016a0   0x080016a0   0x00000016   Code   RO         2414    i._GetAvailWriteSpace  segger_rtt.o
    0x080016b6   0x080016b6   0x000000c4   Code   RO         2577    i._PrintInt         segger_rtt_printf.o
    0x0800177a   0x0800177a   0x00000002   PAD
    0x0800177c   0x0800177c   0x000000cc   Code   RO         2578    i._PrintUnsigned    segger_rtt_printf.o
    0x08001848   0x08001848   0x0000003e   Code   RO         2579    i._StoreChar        segger_rtt_printf.o
    0x08001886   0x08001886   0x0000005a   Code   RO         2416    i._WriteBlocking    segger_rtt.o
    0x080018e0   0x080018e0   0x00000042   Code   RO         2417    i._WriteNoCheck     segger_rtt.o
    0x08001922   0x08001922   0x00000002   PAD
    0x08001924   0x08001924   0x00000020   Code   RO         2935    i.__0printf$8       mc_w.l(printf8.o)
    0x08001944   0x08001944   0x00000028   Code   RO         2937    i.__0sprintf$8      mc_w.l(printf8.o)
    0x0800196c   0x0800196c   0x00000008   Code   RO         3049    i.__aeabi_errno_addr  mc_w.l(errno.o)
    0x08001974   0x08001974   0x0000000e   Code   RO         3109    i.__scatterload_copy  mc_w.l(handlers.o)
    0x08001982   0x08001982   0x00000002   Code   RO         3110    i.__scatterload_null  mc_w.l(handlers.o)
    0x08001984   0x08001984   0x0000000e   Code   RO         3111    i.__scatterload_zeroinit  mc_w.l(handlers.o)
    0x08001992   0x08001992   0x00000030   Code   RO         2029    i._dwt_configlde    deca_device.o
    0x080019c2   0x080019c2   0x00000002   PAD
    0x080019c4   0x080019c4   0x00000410   Code   RO         2942    i._printf_core      mc_w.l(printf8.o)
    0x08001dd4   0x08001dd4   0x00000024   Code   RO         2943    i._printf_post_padding  mc_w.l(printf8.o)
    0x08001df8   0x08001df8   0x0000002e   Code   RO         2944    i._printf_pre_padding  mc_w.l(printf8.o)
    0x08001e26   0x08001e26   0x0000000a   Code   RO         2946    i._sputc            mc_w.l(printf8.o)
    0x08001e30   0x08001e30   0x00000088   Code   RO          280    i._uPTAllocRespons  uregister.o
    0x08001eb8   0x08001eb8   0x0000002a   Code   RO          281    i._uPTPacketSend    uregister.o
    0x08001ee2   0x08001ee2   0x00000002   PAD
    0x08001ee4   0x08001ee4   0x0000002c   Code   RO          282    i._uPTWaitApRequest  uregister.o
    0x08001f10   0x08001f10   0x00000164   Code   RO          283    i._uPTWaitDeviceRegister  uregister.o
    0x08002074   0x08002074   0x000000d8   Code   RO          441    i._uSVShellCmdLs    usvshell.o
    0x0800214c   0x0800214c   0x00000094   Code   RO          442    i._uSVShellCmdScan  usvshell.o
    0x080021e0   0x080021e0   0x00000210   Code   RO         2035    i.dwt_configure     deca_device.o
    0x080023f0   0x080023f0   0x00000024   Code   RO         2036    i.dwt_entersleepaftertx  deca_device.o
    0x08002414   0x08002414   0x00000054   Code   RO         2037    i.dwt_forcetrxoff   deca_device.o
    0x08002468   0x08002468   0x0000014c   Code   RO         2038    i.dwt_initialise    deca_device.o
    0x080025b4   0x080025b4   0x00000012   Code   RO         2039    i.dwt_readrxdata    deca_device.o
    0x080025c6   0x080025c6   0x00000050   Code   RO         2044    i.dwt_rxenable      deca_device.o
    0x08002616   0x08002616   0x00000028   Code   RO         2045    i.dwt_rxreset       deca_device.o
    0x0800263e   0x0800263e   0x00000002   PAD
    0x08002640   0x08002640   0x00000058   Code   RO         2049    i.dwt_setrxtimeout  deca_device.o
    0x08002698   0x08002698   0x00000094   Code   RO         2051    i.dwt_starttx       deca_device.o
    0x0800272c   0x0800272c   0x00000034   Code   RO         2052    i.dwt_syncrxbufptrs  deca_device.o
    0x08002760   0x08002760   0x00000022   Code   RO         2053    i.dwt_writetxdata   deca_device.o
    0x08002782   0x08002782   0x00000002   PAD
    0x08002784   0x08002784   0x0000001c   Code   RO         2054    i.dwt_writetxfctrl  deca_device.o
    0x080027a0   0x080027a0   0x00000014   Code   RO         1804    i.fputc             serial.o
    0x080027b4   0x080027b4   0x00000050   Code   RO         2989    i.free              mc_w.l(malloc.o)
    0x08002804   0x08002804   0x00000028   Code   RO          540    i.inet_ntoa         conversion.o
    0x0800282c   0x0800282c   0x00000004   Code   RO          567    i.list_free         stdplus_linklist.o
    0x08002830   0x08002830   0x00000008   Code   RO          568    i.list_new          stdplus_linklist.o
    0x08002838   0x08002838   0x00000026   Code   RO          569    i.listnode_add      stdplus_linklist.o
    0x0800285e   0x0800285e   0x0000000a   Code   RO          573    i.listnode_head     stdplus_linklist.o
    0x08002868   0x08002868   0x00000008   Code   RO          575    i.listnode_new      stdplus_linklist.o
    0x08002870   0x08002870   0x00000074   Code   RO            4    i.main              main.o
    0x080028e4   0x080028e4   0x0000006c   Code   RO         2990    i.malloc            mc_w.l(malloc.o)
    0x08002950   0x08002950   0x000000c4   Code   RO          211    i.uLLFrameRecv      ulinklayer.o
    0x08002a14   0x08002a14   0x000000ac   Code   RO          212    i.uLLFrameSend      ulinklayer.o
    0x08002ac0   0x08002ac0   0x00000040   Code   RO          213    i.uLLInit           ulinklayer.o
    0x08002b00   0x08002b00   0x00000138   Code   RO          284    i.uPTRegisterCycle  uregister.o
    0x08002c38   0x08002c38   0x000000a4   Code   RO          285    i.uPTRegisterRespons  uregister.o
    0x08002cdc   0x08002cdc   0x00000048   Code   RO          286    i.uPTSigninRespons  uregister.o
    0x08002d24   0x08002d24   0x00000060   Code   RO          352    i.uSVIdle           uidle.o
    0x08002d84   0x08002d84   0x00000060   Code   RO          383    i.uSVManagerInit    usvmanager.o
    0x08002de4   0x08002de4   0x00000044   Code   RO          443    i.uSVShellInit      usvshell.o
    0x08002e28   0x08002e28   0x0000016c   Code   RO          444    i.uSVShellPrase     usvshell.o
    0x08002f94   0x08002f94   0x00000008   Data   RO         2222    .constdata          deca_params.o
    0x08002f9c   0x08002f9c   0x00000018   Data   RO         2223    .constdata          deca_params.o
    0x08002fb4   0x08002fb4   0x0000001e   Data   RO         2224    .constdata          deca_params.o
    0x08002fd2   0x08002fd2   0x00000002   Data   RO         2225    .constdata          deca_params.o
    0x08002fd4   0x08002fd4   0x00000008   Data   RO         2226    .constdata          deca_params.o
    0x08002fdc   0x08002fdc   0x00000003   Data   RO         2227    .constdata          deca_params.o
    0x08002fdf   0x08002fdf   0x00000001   PAD
    0x08002fe0   0x08002fe0   0x0000000c   Data   RO         2228    .constdata          deca_params.o
    0x08002fec   0x08002fec   0x00000004   Data   RO         2229    .constdata          deca_params.o
    0x08002ff0   0x08002ff0   0x00000020   Data   RO         2230    .constdata          deca_params.o
    0x08003010   0x08003010   0x00000032   Data   RO         2231    .constdata          deca_params.o
    0x08003042   0x08003042   0x00000010   Data   RO         2580    .constdata          segger_rtt_printf.o
    0x08003052   0x08003052   0x00000081   Data   RO         3076    .constdata          mc_w.l(ctype_o.o)
    0x080030d3   0x080030d3   0x00000001   PAD
    0x080030d4   0x080030d4   0x00000004   Data   RO         3077    .constdata          mc_w.l(ctype_o.o)
    0x080030d8   0x080030d8   0x00000266   Data   RO          445    .conststring        usvshell.o
    0x0800333e   0x0800333e   0x00000002   PAD
    0x08003340   0x08003340   0x00000020   Data   RO         3107    Region$$Table       anon$$obj.o


    Execution Region RW_IRAM1 (Exec base: 0x20000000, Load base: 0x08003360, Size: 0x0000b910, Max: 0x00020000, ABSOLUTE)

    Exec Addr    Load Addr    Size         Type   Attr      Idx    E Section Name        Object

    0x20000000   0x08003360   0x0000000b   Data   RW          163    .data               ranging.o
    0x2000000b   0x0800336b   0x00000001   PAD
    0x2000000c   0x0800336c   0x00000004   Data   RW          215    .data               ulinklayer.o
    0x20000010   0x08003370   0x00000004   Data   RW          387    .data               usvmanager.o
    0x20000014   0x08003374   0x00000004   Data   RW          446    .data               usvshell.o
    0x20000018   0x08003378   0x00000014   Data   RW          668    .data               system_stm32f4xx.o
    0x2000002c   0x0800338c   0x00000010   Data   RW          802    .data               stm32f4xx_rcc.o
    0x2000003c   0x0800339c   0x00000004   Data   RW         1655    .data               stm32f4_delay.o
    0x20000040   0x080033a0   0x00000004   Data   RW         2267    .data               kdwm1000_bsp.o
    0x20000044   0x080033a4   0x00000001   Data   RW         2316    .data               kdwm1000_it.o
    0x20000045   0x080033a5   0x00000003   PAD
    0x20000048   0x080033a8   0x00000004   Data   RW         2708    .data               mc_w.l(stdout.o)
    0x2000004c   0x080033ac   0x00000004   Data   RW         2710    .data               mc_w.l(rand.o)
    0x20000050   0x080033b0   0x00000004   Data   RW         3047    .data               mc_w.l(mvars.o)
    0x20000054   0x080033b4   0x00000004   Data   RW         3048    .data               mc_w.l(mvars.o)
    0x20000058   0x080033b8   0x00000004   Data   RW         3052    .data               mc_w.l(errno.o)
    0x2000005c        -       0x00000080   Zero   RW          214    .bss                ulinklayer.o
    0x200000dc        -       0x00000330   Zero   RW          287    .bss                uregister.o
    0x2000040c        -       0x0000000c   Zero   RW          386    .bss                usvmanager.o
    0x20000418        -       0x0000003c   Zero   RW         2055    .bss                deca_device.o
    0x20000454        -       0x000004b8   Zero   RW         2418    .bss                segger_rtt.o
    0x2000090c   0x080033bc   0x00000004   PAD
    0x20000910        -       0x00007000   Zero   RW          656    HEAP                startup_stm32f411xe.o
    0x20007910        -       0x00004000   Zero   RW          655    STACK               startup_stm32f411xe.o


==============================================================================

Image component sizes


      Code (inc. data)   RO Data    RW Data    ZI Data      Debug   Object Name

        40         14          0          0          0        592   conversion.o
      1516         78          0          0         60      12739   deca_device.o
         0          0        173          0          0      16847   deca_params.o
      1128         50          0          0          0      11234   dw1000.o
       268         18          0          4          0       1915   kdwm1000_bsp.o
       124         12          0          1          0       5028   kdwm1000_it.o
       116         58          0          0          0     247059   main.o
       120         14          0          0          0       1675   misc.o
        56          4          0         11          0       1878   ranging.o
       434         40          0          0       1208       8884   segger_rtt.o
       866          4         16          0          0       6373   segger_rtt_printf.o
       216         16          0          0          0       1232   serial.o
        36          8        408          0      45056        836   startup_stm32f411xe.o
        68          0          0          0          0       3092   stdplus_linklist.o
       178          0          0          0          0       5644   stdplus_queue.o
       132         20          0          4          0      28711   stm32f4_delay.o
        18          0          0          0          0        857   stm32f4_spi.o
        12          0          0          0          0       1063   stm32f4_usart.o
       152          0          0          0          0       1887   stm32f4xx_gpio.o
       268         46          0         16          0       6229   stm32f4xx_rcc.o
       208         24          0          0          0       2614   stm32f4xx_spi.o
       308          8          0          0          0       4684   stm32f4xx_usart.o
       208         36          0         20          0       1741   system_stm32f4xx.o
        96          8          0          0          0        978   uidle.o
       432         50          0          4        128       5624   ulinklayer.o
      1126        154          0          0        816      11613   uregister.o
        96         26          0          4         12       1852   usvmanager.o
       796        324        614          4          0       3904   usvshell.o

    ----------------------------------------------------------------------
      9040       1012       1246         72      47284     396785   Object Totals
         0          0         32          0          0          0   (incl. Generated)
        22          0          3          4          4          0   (incl. Padding)

    ----------------------------------------------------------------------

      Code (inc. data)   RO Data    RW Data    ZI Data      Debug   Library Member Name

        28          0          0          0          0         68   _chval.o
       158          0          0          0          0         92   _strtoul.o
        26          0          0          0          0         80   atoi.o
        28          0          0          0          0         76   calloc.o
         8          4        133          0          0         68   ctype_o.o
         0          0          0          0          0          0   entry.o
         0          0          0          0          0          0   entry10a.o
         0          0          0          0          0          0   entry11a.o
         8          4          0          0          0          0   entry2.o
         4          0          0          0          0          0   entry5.o
         0          0          0          0          0          0   entry7b.o
         0          0          0          0          0          0   entry8b.o
         8          4          0          0          0          0   entry9a.o
         8          4          0          4          0         68   errno.o
        30          0          0          0          0          0   handlers.o
        36          8          0          0          0         68   init.o
         0          0          0          0          0          0   iusefp.o
        30          0          0          0          0         68   llshl.o
        32          0          0          0          0         68   llushr.o
       188         20          0          0          0        160   malloc.o
        36          0          0          0          0         68   memcpya.o
        36          0          0          0          0        108   memseta.o
         0          0          0          8          0          0   mvars.o
      1204         60          0          0          0        504   printf8.o
        36         10          0          4          0        136   rand.o
         0          0          0          4          0          0   stdout.o
        24          0          0          0          0         68   strcat.o
        28          0          0          0          0         76   strcmp.o
        18          0          0          0          0         68   strcpy.o
        30          0          0          0          0         80   strncmp.o
       112          0          0          0          0         88   strtol.o
        98          0          0          0          0         92   uldiv.o
       186          0          0          0          0        176   depilogue.o
        62          0          0          0          0         80   dfixi.o
       228          0          0          0          0         96   dmul.o
        38          0          0          0          0         68   f2d.o

    ----------------------------------------------------------------------
      2732        114        134         20          0       2524   Library Totals
         4          0          1          0          0          0   (incl. Padding)

    ----------------------------------------------------------------------

      Code (inc. data)   RO Data    RW Data    ZI Data      Debug   Library Name

      2214        114        133         20          0       2104   mc_w.l
       514          0          0          0          0        420   mf_w.l

    ----------------------------------------------------------------------
      2732        114        134         20          0       2524   Library Totals

    ----------------------------------------------------------------------

==============================================================================


      Code (inc. data)   RO Data    RW Data    ZI Data      Debug   

     11772       1126       1380         92      47284     387961   Grand Totals
     11772       1126       1380         92      47284     387961   ELF Image Totals
     11772       1126       1380         92          0          0   ROM Totals

==============================================================================

    Total RO  Size (Code + RO Data)                13152 (  12.84kB)
    Total RW  Size (RW Data + ZI Data)             47376 (  46.27kB)
    Total ROM Size (Code + RO Data + RW Data)      13244 (  12.93kB)

==============================================================================

