Component: ARM Compiler 5.06 update 6 (build 750) Tool: armlink [4d35ed]

==============================================================================

Section Cross References

    main.o(i.DeviceDelayMs) refers to stm32f4_delay.o(i.HAL_Delay) for HAL_Delay
    main.o(i.DeviceGetRxTimestamp) refers to deca_device.o(i.dwt_readrxtimestamp) for dwt_readrxtimestamp
    main.o(i.DeviceGetTxTimestamp) refers to deca_device.o(i.dwt_readtxtimestamp) for dwt_readtxtimestamp
    main.o(i.DeviceRecv) refers to deca_device.o(i.dwt_setrxtimeout) for dwt_setrxtimeout
    main.o(i.DeviceRecv) refers to deca_device.o(i.dwt_rxenable) for dwt_rxenable
    main.o(i.DeviceRecv) refers to dw1000.o(i.DW1000_readData32) for DW1000_readData32
    main.o(i.DeviceRecv) refers to dw1000.o(i.DW1000_writeData32) for DW1000_writeData32
    main.o(i.DeviceRecv) refers to deca_device.o(i.dwt_rxreset) for dwt_rxreset
    main.o(i.DeviceRecv) refers to deca_device.o(i.dwt_readrxdata) for dwt_readrxdata
    main.o(i.DeviceRecvNoPre) refers to deca_device.o(i.dwt_setrxtimeout) for dwt_setrxtimeout
    main.o(i.DeviceRecvNoPre) refers to dw1000.o(i.DW1000_readData32) for DW1000_readData32
    main.o(i.DeviceRecvNoPre) refers to dw1000.o(i.DW1000_writeData32) for DW1000_writeData32
    main.o(i.DeviceRecvNoPre) refers to deca_device.o(i.dwt_rxreset) for dwt_rxreset
    main.o(i.DeviceRecvNoPre) refers to deca_device.o(i.dwt_readrxdata) for dwt_readrxdata
    main.o(i.DeviceSend) refers to dw1000.o(i.DW1000_writeData32) for DW1000_writeData32
    main.o(i.DeviceSend) refers to deca_device.o(i.dwt_writetxdata) for dwt_writetxdata
    main.o(i.DeviceSend) refers to deca_device.o(i.dwt_writetxfctrl) for dwt_writetxfctrl
    main.o(i.DeviceSend) refers to deca_device.o(i.dwt_starttx) for dwt_starttx
    main.o(i.DeviceSend) refers to dw1000.o(i.DW1000_readData32) for DW1000_readData32
    main.o(i.DeviceSend) refers to segger_rtt_printf.o(i.SEGGER_RTT_printf) for SEGGER_RTT_printf
    main.o(i.DeviceSendDelayed) refers to dw1000.o(i.DW1000_writeData32) for DW1000_writeData32
    main.o(i.DeviceSendDelayed) refers to main.o(i.DeviceGetRxTimestamp) for DeviceGetRxTimestamp
    main.o(i.DeviceSendDelayed) refers to deca_device.o(i.dwt_setdelayedtrxtime) for dwt_setdelayedtrxtime
    main.o(i.DeviceSendDelayed) refers to deca_device.o(i.dwt_writetxdata) for dwt_writetxdata
    main.o(i.DeviceSendDelayed) refers to deca_device.o(i.dwt_writetxfctrl) for dwt_writetxfctrl
    main.o(i.DeviceSendDelayed) refers to deca_device.o(i.dwt_starttx) for dwt_starttx
    main.o(i.DeviceSendExpResp) refers to dw1000.o(i.DW1000_writeData32) for DW1000_writeData32
    main.o(i.DeviceSendExpResp) refers to deca_device.o(i.dwt_writetxdata) for dwt_writetxdata
    main.o(i.DeviceSendExpResp) refers to deca_device.o(i.dwt_writetxfctrl) for dwt_writetxfctrl
    main.o(i.DeviceSendExpResp) refers to deca_device.o(i.dwt_starttx) for dwt_starttx
    main.o(i.main) refers to stm32f4_delay.o(i.HAL_InitTick) for HAL_InitTick
    main.o(i.main) refers to ranging.o(i.RangingInit) for RangingInit
    main.o(i.main) refers to ulldriver.o(i.uLLUserInterfaceRegister) for uLLUserInterfaceRegister
    main.o(i.main) refers to printfa.o(i.__0printf) for __2printf
    main.o(i.main) refers to usvshell.o(i.uSVShellInit) for uSVShellInit
    main.o(i.main) refers to ulldriver.o(i.uLLInit) for uLLInit
    main.o(i.main) refers to segger_rtt_printf.o(i.SEGGER_RTT_printf) for SEGGER_RTT_printf
    main.o(i.main) refers to usvmanager.o(i.uSVManagerInit) for uSVManagerInit
    main.o(i.main) refers to segger_rtt.o(i.SEGGER_RTT_Init) for SEGGER_RTT_Init
    main.o(i.main) refers to uidle.o(i.uSVIdle) for uSVIdle
    main.o(i.main) refers to main.o(i.DeviceInit) for DeviceInit
    main.o(i.main) refers to main.o(i.DeviceDelayMs) for DeviceDelayMs
    main.o(i.main) refers to main.o(i.DeviceSend) for DeviceSend
    main.o(i.main) refers to main.o(i.DeviceRecv) for DeviceRecv
    main.o(i.main) refers to main.o(i.DeviceSendExpResp) for DeviceSendExpResp
    main.o(i.main) refers to main.o(i.DeviceGetRxTimestamp) for DeviceGetRxTimestamp
    main.o(i.main) refers to main.o(i.DeviceRecvNoPre) for DeviceRecvNoPre
    main.o(i.main) refers to main.o(i.DeviceGetTxTimestamp) for DeviceGetTxTimestamp
    main.o(i.main) refers to main.o(i.DeviceSendDelayed) for DeviceSendDelayed
    ranging.o(i.RangingInit) refers to kdwm1000_bsp.o(i.KDWM_GPIO_Config) for KDWM_GPIO_Config
    ranging.o(i.RangingInit) refers to kdwm1000_bsp.o(i.KDWM_UART_Config) for KDWM_UART_Config
    ranging.o(i.RangingInit) refers to kdwm1000_bsp.o(i.KDWM_DW1000_Config) for KDWM_DW1000_Config
    ranging.o(i.RangingInit) refers to dw1000.o(i.DW1000_Reset) for DW1000_Reset
    ranging.o(i.RangingInit) refers to deca_device.o(i.dwt_initialise) for dwt_initialise
    ranging.o(i.RangingInit) refers to deca_device.o(i.dwt_configure) for dwt_configure
[...]
    i.RCC_GetClocksFreq                      0x080019c8   Section        0  stm32f4xx_rcc.o(i.RCC_GetClocksFreq)
    i.RangingInit                            0x08001a5c   Section        0  ranging.o(i.RangingInit)
    i.SEGGER_RTT_Init                        0x08001aa4   Section        0  segger_rtt.o(i.SEGGER_RTT_Init)
    i.SEGGER_RTT_Write                       0x08001aa8   Section        0  segger_rtt.o(i.SEGGER_RTT_Write)
    i.SEGGER_RTT_WriteNoLock                 0x08001ae0   Section        0  segger_rtt.o(i.SEGGER_RTT_WriteNoLock)
    i.SEGGER_RTT_printf                      0x08001b3c   Section        0  segger_rtt_printf.o(i.SEGGER_RTT_printf)
    i.SEGGER_RTT_vprintf                     0x08001b52   Section        0  segger_rtt_printf.o(i.SEGGER_RTT_vprintf)
    i.SPI_Cmd                                0x08001cd0   Section        0  stm32f4xx_spi.o(i.SPI_Cmd)
    i.SPI_I2S_DeInit                         0x08001ce4   Section        0  stm32f4xx_spi.o(i.SPI_I2S_DeInit)
    i.SPI_Init                               0x08001d68   Section        0  stm32f4xx_spi.o(i.SPI_Init)
    i.SPI_RW                                 0x08001da0   Section        0  stm32f4_spi.o(i.SPI_RW)
    i.SVC_Handler                            0x08001db2   Section        0  kdwm1000_it.o(i.SVC_Handler)
    i.Serial_Config                          0x08001db4   Section        0  serial.o(i.Serial_Config)
    i.SetSysClock                            0x08001e78   Section        0  system_stm32f4xx.o(i.SetSysClock)
    SetSysClock                              0x08001e79   Thumb Code    98  system_stm32f4xx.o(i.SetSysClock)
    i.SysTick_Handler                        0x08001eec   Section        0  kdwm1000_it.o(i.SysTick_Handler)
    i.SystemInit                             0x08001ef0   Section        0  system_stm32f4xx.o(i.SystemInit)
    i.UART_SendByte                          0x08001f4c   Section        0  stm32f4_usart.o(i.UART_SendByte)
    i.USART1_IRQHandler                      0x08001f58   Section        0  kdwm1000_it.o(i.USART1_IRQHandler)
    i.USART_ClearFlag                        0x08002128   Section        0  stm32f4xx_usart.o(i.USART_ClearFlag)
    i.USART_Cmd                              0x0800212e   Section        0  stm32f4xx_usart.o(i.USART_Cmd)
    i.USART_GetITStatus                      0x08002142   Section        0  stm32f4xx_usart.o(i.USART_GetITStatus)
    i.USART_ITConfig                         0x08002180   Section        0  stm32f4xx_usart.o(i.USART_ITConfig)
    i.USART_Init                             0x080021b0   Section        0  stm32f4xx_usart.o(i.USART_Init)
    i.UsageFault_Handler                     0x0800225c   Section        0  kdwm1000_it.o(i.UsageFault_Handler)
    i._DoInit                                0x08002260   Section        0  segger_rtt.o(i._DoInit)
    _DoInit                                  0x08002261   Thumb Code    76  segger_rtt.o(i._DoInit)
    i._GetAvailWriteSpace                    0x080022c8   Section        0  segger_rtt.o(i._GetAvailWriteSpace)
    _GetAvailWriteSpace                      0x080022c9   Thumb Code    22  segger_rtt.o(i._GetAvailWriteSpace)
    i._PrintInt                              0x080022de   Section        0  segger_rtt_printf.o(i._PrintInt)
    _PrintInt                                0x080022df   Thumb Code   196  segger_rtt_printf.o(i._PrintInt)
    i._PrintUnsigned                         0x080023a4   Section        0  segger_rtt_printf.o(i._PrintUnsigned)
    _PrintUnsigned                           0x080023a5   Thumb Code   200  segger_rtt_printf.o(i._PrintUnsigned)
    i._StoreChar                             0x08002470   Section        0  segger_rtt_printf.o(i._StoreChar)
    _StoreChar                               0x08002471   Thumb Code    62  segger_rtt_printf.o(i._StoreChar)
    i._WriteBlocking                         0x080024ae   Section        0  segger_rtt.o(i._WriteBlocking)
    _WriteBlocking                           0x080024af   Thumb Code    90  segger_rtt.o(i._WriteBlocking)
    i._WriteNoCheck                          0x08002508   Section        0  segger_rtt.o(i._WriteNoCheck)
    _WriteNoCheck                            0x08002509   Thumb Code    66  segger_rtt.o(i._WriteNoCheck)
    i.__0printf                              0x0800254c   Section        0  printfa.o(i.__0printf)
    i.__0sprintf                             0x0800256c   Section        0  printfa.o(i.__0sprintf)
    i.__aeabi_errno_addr                     0x08002594   Section        0  errno.o(i.__aeabi_errno_addr)
    i.__scatterload_copy                     0x0800259c   Section       14  handlers.o(i.__scatterload_copy)
    i.__scatterload_null                     0x080025aa   Section        2  handlers.o(i.__scatterload_null)
    i.__scatterload_zeroinit                 0x080025ac   Section       14  handlers.o(i.__scatterload_zeroinit)
    i._dwt_configlde                         0x080025ba   Section        0  deca_device.o(i._dwt_configlde)
    i._fp_digits                             0x080025ec   Section        0  printfa.o(i._fp_digits)
    _fp_digits                               0x080025ed   Thumb Code   366  printfa.o(i._fp_digits)
    i._printf_core                           0x08002770   Section        0  printfa.o(i._printf_core)
    _printf_core                             0x08002771   Thumb Code  1744  printfa.o(i._printf_core)
    i._printf_post_padding                   0x08002e4c   Section        0  printfa.o(i._printf_post_padding)
    _printf_post_padding                     0x08002e4d   Thumb Code    36  printfa.o(i._printf_post_padding)
    i._printf_pre_padding                    0x08002e70   Section        0  printfa.o(i._printf_pre_padding)
    _printf_pre_padding                      0x08002e71   Thumb Code    46  printfa.o(i._printf_pre_padding)
    i._sputc                                 0x08002e9e   Section        0  printfa.o(i._sputc)
    _sputc                                   0x08002e9f   Thumb Code    10  printfa.o(i._sputc)
    i._uLLFramePacket                        0x08002ea8   Section        0  ulldriver.o(i._uLLFramePacket)
    _uLLFramePacket                          0x08002ea9   Thumb Code    64  ulldriver.o(i._uLLFramePacket)
    i._uLLFrameParse                         0x08002ee8   Section        0  ulldriver.o(i._uLLFrameParse)
    _uLLFrameParse                           0x08002ee9   Thumb Code    60  ulldriver.o(i._uLLFrameParse)
    i._uPTAllocRespons                       0x08002f24   Section        0  uregister.o(i._uPTAllocRespons)
    _uPTAllocRespons                         0x08002f25   Thumb Code   118  uregister.o(i._uPTAllocRespons)
    i._uPTDeviceSignin                       0x08002fac   Section        0  uregister.o(i._uPTDeviceSignin)
    _uPTDeviceSignin                         0x08002fad   Thumb Code   210  uregister.o(i._uPTDeviceSignin)
    i._uPTRangingSendPoll                    0x080030d8   Section        0  uptranging.o(i._uPTRangingSendPoll)
    i._uPTRangingSendResp                    0x080030fc   Section        0  uptranging.o(i._uPTRangingSendResp)
    i._uPTRangingWaitRespons                 0x08003124   Section        0  uptranging.o(i._uPTRangingWaitRespons)
    i._uPTWaitDeviceRegister                 0x0800313c   Section        0  uregister.o(i._uPTWaitDeviceRegister)
    _uPTWaitDeviceRegister                   0x0800313d   Thumb Code   262  uregister.o(i._uPTWaitDeviceRegister)
    i._uSVShellCmdLs                         0x08003280   Section        0  usvshell.o(i._uSVShellCmdLs)
    _uSVShellCmdLs                           0x08003281   Thumb Code   130  usvshell.o(i._uSVShellCmdLs)
    i._uSVShellCmdPing                       0x08003358   Section        0  usvshell.o(i._uSVShellCmdPing)
    _uSVShellCmdPing                         0x08003359   Thumb Code    46  usvshell.o(i._uSVShellCmdPing)
    i._uSVShellCmdScan                       0x080033a4   Section        0  usvshell.o(i._uSVShellCmdScan)
    _uSVShellCmdScan                         0x080033a5   Thumb Code    70  usvshell.o(i._uSVShellCmdScan)
    i._uSVShellCmdSet                        0x08003438   Section        0  usvshell.o(i._uSVShellCmdSet)
    _uSVShellCmdSet                          0x08003439   Thumb Code   162  usvshell.o(i._uSVShellCmdSet)
    i._uSVShellLogInsert                     0x0800352c   Section        0  usvshell.o(i._uSVShellLogInsert)
    _uSVShellLogInsert                       0x0800352d   Thumb Code    86  usvshell.o(i._uSVShellLogInsert)
    i.dwt_configure                          0x080035cc   Section        0  deca_device.o(i.dwt_configure)
    i.dwt_entersleepaftertx                  0x080037dc   Section        0  deca_device.o(i.dwt_entersleepaftertx)
    i.dwt_forcetrxoff                        0x08003800   Section        0  deca_device.o(i.dwt_forcetrxoff)
    i.dwt_initialise                         0x08003854   Section        0  deca_device.o(i.dwt_initialise)
    i.dwt_readrxdata                         0x080039a0   Section        0  deca_device.o(i.dwt_readrxdata)
    i.dwt_readrxtimestamp                    0x080039b2   Section        0  deca_device.o(i.dwt_readrxtimestamp)
    i.dwt_readtxtimestamp                    0x080039be   Section        0  deca_device.o(i.dwt_readtxtimestamp)
    i.dwt_rxenable                           0x080039ca   Section        0  deca_device.o(i.dwt_rxenable)
    i.dwt_rxreset                            0x08003a1a   Section        0  deca_device.o(i.dwt_rxreset)
    i.dwt_setdelayedtrxtime                  0x08003a42   Section        0  deca_device.o(i.dwt_setdelayedtrxtime)
    i.dwt_setrxaftertxdelay                  0x08003a4c   Section        0  deca_device.o(i.dwt_setrxaftertxdelay)
    i.dwt_setrxtimeout                       0x08003a70   Section        0  deca_device.o(i.dwt_setrxtimeout)
    i.dwt_starttx                            0x08003ac8   Section        0  deca_device.o(i.dwt_starttx)
    i.dwt_syncrxbufptrs                      0x08003b5c   Section        0  deca_device.o(i.dwt_syncrxbufptrs)
    i.dwt_writetxdata                        0x08003b90   Section        0  deca_device.o(i.dwt_writetxdata)
    i.dwt_writetxfctrl                       0x08003bb4   Section        0  deca_device.o(i.dwt_writetxfctrl)
    i.fputc                                  0x08003bd0   Section        0  serial.o(i.fputc)
    i.free                                   0x08003be4   Section        0  malloc.o(i.free)
    i.inet_aton                              0x08003c34   Section        0  conversion.o(i.inet_aton)
    i.inet_ntoa                              0x08003c7c   Section        0  conversion.o(i.inet_ntoa)
    i.list_delete_node                       0x08003ca4   Section        0  stdplus_linklist.o(i.list_delete_node)
    i.list_free                              0x08003cca   Section        0  stdplus_linklist.o(i.list_free)
    i.list_new                               0x08003cce   Section        0  stdplus_linklist.o(i.list_new)
    i.listnode_add                           0x08003cd6   Section        0  stdplus_linklist.o(i.listnode_add)
    i.listnode_head                          0x08003cfc   Section        0  stdplus_linklist.o(i.listnode_head)
    i.listnode_new                           0x08003d06   Section        0  stdplus_linklist.o(i.listnode_new)
    listnode_new                             0x08003d07   Thumb Code     8  stdplus_linklist.o(i.listnode_new)
    i.main                                   0x08003d10   Section        0  main.o(i.main)
    i.malloc                                 0x08003ddc   Section        0  malloc.o(i.malloc)
    i.uLLDelayMs                             0x08003e48   Section        0  ulldriver.o(i.uLLDelayMs)
    i.uLLFrameRecv                           0x08003ec4   Section        0  ulldriver.o(i.uLLFrameRecv)
    i.uLLFrameSend                           0x08003f5c   Section        0  ulldriver.o(i.uLLFrameSend)
    i.uLLFrameSendDelayed                    0x08003ffc   Section        0  ulldriver.o(i.uLLFrameSendDelayed)
    i.uLLFrameSendEx                         0x080040a0   Section        0  ullpacket.o(i.uLLFrameSendEx)
    i.uLLFrameSendExpResp                    0x080040cc   Section        0  ulldriver.o(i.uLLFrameSendExpResp)
    i.uLLFrameWaitData                       0x0800416c   Section        0  ullpacket.o(i.uLLFrameWaitData)
    i.uLLFrameWaitEx                         0x080041bc   Section        0  ullpacket.o(i.uLLFrameWaitEx)
    i.uLLFrameWaitInAddrEx                   0x0800420a   Section        0  ullpacket.o(i.uLLFrameWaitInAddrEx)
    i.uLLGetRxTimeStamp                      0x08004254   Section        0  ulldriver.o(i.uLLGetRxTimeStamp)
    i.uLLGetTxTimeStamp                      0x080042d0   Section        0  ulldriver.o(i.uLLGetTxTimeStamp)
    i.uLLInit                                0x0800434c   Section        0  ulldriver.o(i.uLLInit)
    i.uLLUserInterfaceRegister               0x080043ac   Section        0  ulldriver.o(i.uLLUserInterfaceRegister)
    i.uPTGetConfigure                        0x0800442c   Section        0  ustatemaintenance.o(i.uPTGetConfigure)
    i.uPTGetConfigureRespons                 0x080044c0   Section        0  ustatemaintenance.o(i.uPTGetConfigureRespons)
    i.uPTPing                                0x080044e8   Section        0  ustatemaintenance.o(i.uPTPing)
    i.uPTPingRespons                         0x080045b8   Section        0  ustatemaintenance.o(i.uPTPingRespons)
    i.uPTRangingCyle                         0x080045d4   Section        0  uptranging.o(i.uPTRangingCyle)
    i.uPTRangingRespinsHandle                0x08004770   Section        0  uptranging.o(i.uPTRangingRespinsHandle)
    i.uPTRangingRespons                      0x080047b0   Section        0  uptranging.o(i.uPTRangingRespons)
    i.uPTReSignin                            0x080047e0   Section        0  uregister.o(i.uPTReSignin)
    i.uPTRegisterCycle                       0x080048c0   Section        0  uregister.o(i.uPTRegisterCycle)
    i.uPTRegisterRespons                     0x08004918   Section        0  uregister.o(i.uPTRegisterRespons)
    i.uPTSetConfigure                        0x080049c0   Section        0  ustatemaintenance.o(i.uPTSetConfigure)
    i.uPTSetConfigureRespons                 0x08004a10   Section        0  ustatemaintenance.o(i.uPTSetConfigureRespons)
    i.uPTSigninRespons                       0x08004a40   Section        0  uregister.o(i.uPTSigninRespons)
    i.uSVIdle                                0x08004a5c   Section        0  uidle.o(i.uSVIdle)
    i.uSVManagerInit                         0x08004b8c   Section        0  usvmanager.o(i.uSVManagerInit)
    i.uSVShellInit                           0x08004be8   Section        0  usvshell.o(i.uSVShellInit)
    i.uSVShellPrase                          0x08004c3c   Section        0  usvshell.o(i.uSVShellPrase)
    .constdata                               0x08004dfc   Section        8  deca_params.o(.constdata)
    .constdata                               0x08004e04   Section       24  deca_params.o(.constdata)
    .constdata                               0x08004e1c   Section       30  deca_params.o(.constdata)
    .constdata                               0x08004e3a   Section        2  deca_params.o(.constdata)
    .constdata                               0x08004e3c   Section        8  deca_params.o(.constdata)
    .constdata                               0x08004e44   Section        3  deca_params.o(.constdata)
    .constdata                               0x08004e48   Section       12  deca_params.o(.constdata)
    .constdata                               0x08004e54   Section        4  deca_params.o(.constdata)
    .constdata                               0x08004e58   Section       32  deca_params.o(.constdata)
    .constdata                               0x08004e78   Section       50  deca_params.o(.constdata)
    .constdata                               0x08004eaa   Section       16  segger_rtt_printf.o(.constdata)
    _aV2C                                    0x08004eaa   Data          16  segger_rtt_printf.o(.constdata)
    .constdata                               0x08004eba   Section      129  ctype_o.o(.constdata)
    .constdata                               0x08004f3c   Section        4  ctype_o.o(.constdata)
    table                                    0x08004f3c   Data           4  ctype_o.o(.constdata)
    .conststring                             0x08004f40   Section      614  usvshell.o(.conststring)
    .data                                    0x20000000   Section       11  ranging.o(.data)
    config                                   0x20000000   Data          11  ranging.o(.data)
    .data                                    0x2000000c   Section        4  usvmanager.o(.data)
    .data                                    0x20000010   Section        4  usvshell.o(.data)
    .data                                    0x20000014   Section       12  ulldriver.o(.data)
    uLLRecvBuf                               0x20000014   Data           4  ulldriver.o(.data)
    uLLSendBuf                               0x20000018   Data           4  ulldriver.o(.data)
    uUserInterface                           0x2000001c   Data           4  ulldriver.o(.data)
    .data                                    0x20000020   Section       40  uptranging.o(.data)
    .data                                    0x20000048   Section       20  system_stm32f4xx.o(.data)
    .data                                    0x2000005c   Section       16  stm32f4xx_rcc.o(.data)
    APBAHBPrescTable                         0x2000005c   Data          16  stm32f4xx_rcc.o(.data)
    .data                                    0x2000006c   Section        4  stm32f4_delay.o(.data)
    .data                                    0x20000070   Section        4  kdwm1000_bsp.o(.data)
    .data                                    0x20000074   Section        8  kdwm1000_it.o(.data)
    cmd_history_index                        0x20000078   Data           4  kdwm1000_it.o(.data)
    .data                                    0x2000007c   Section        4  stdout.o(.data)
    .data                                    0x20000080   Section        4  rand.o(.data)
    _rand_state                              0x20000080   Data           4  rand.o(.data)
    .data                                    0x20000084   Section        4  mvars.o(.data)
    .data                                    0x20000088   Section        4  mvars.o(.data)
    .data                                    0x2000008c   Section        4  errno.o(.data)
    _errno                                   0x2000008c   Data           4  errno.o(.data)
    .bss                                     0x20000090   Section      816  uregister.o(.bss)
    .bss                                     0x200003c0   Section       28  usvmanager.o(.bss)
    .bss                                     0x200003dc   Section     8208  usvshell.o(.bss)
    .bss                                     0x200023ec   Section       16  ullpacket.o(.bss)
    .bss                                     0x200023fc   Section       60  deca_device.o(.bss)
    KDW                                      0x200023fc   Data          60  deca_device.o(.bss)
    .bss                                     0x20002438   Section     1208  segger_rtt.o(.bss)
    _acUpBuffer                              0x200024e0   Data        1024  segger_rtt.o(.bss)
    _acDownBuffer                            0x200028e0   Data          16  segger_rtt.o(.bss)
    HEAP                                     0x200028f0   Section    28672  startup_stm32f411xe.o(HEAP)
    STACK                                    0x200098f0   Section    16384  startup_stm32f411xe.o(STACK)

    Global Symbols

    Symbol Name                              Value     Ov Type        Size  Object(Section)

    BuildAttributes$$THM_ISAv4$E$P$D$K$B$S$7EM$VFPi3$EXTD16$VFPS$VFMA$PE$A:L22UL41UL21$X:L11$S22US41US21$IEEE1$IW$USESV6$~STKCKD$USESV7$~SHL$OSPACE$ROPI$EBA8$MICROLIB$REQ8$PRES8$EABIv2 0x00000000   Number         0  anon$$obj.o ABSOLUTE
    __ARM_use_no_argv                        0x00000000   Number         0  main.o ABSOLUTE
    __use_no_errno                           0x00000000   Number         0  useno.o ABSOLUTE
    __use_no_exception_handling              0x00000000   Number         0  useno.o ABSOLUTE
    __use_no_fp                              0x00000000   Number         0  useno.o ABSOLUTE
    __use_no_heap                            0x00000000   Number         0  useno.o ABSOLUTE
    __use_no_heap_region                     0x00000000   Number         0  useno.o ABSOLUTE
    __use_no_semihosting                     0x00000000   Number         0  useno.o ABSOLUTE
    __use_no_semihosting_swi                 0x00000000   Number         0  useno.o ABSOLUTE
    __use_no_signal_handling                 0x00000000   Number         0  useno.o ABSOLUTE
    _printf_a                                0x00000000   Number         0  stubs.o ABSOLUTE
    _printf_c                                0x00000000   Number         0  stubs.o ABSOLUTE
    _printf_charcount                        0x00000000   Number         0  stubs.o ABSOLUTE
    _printf_d                                0x00000000   Number         0  stubs.o ABSOLUTE
    _printf_e                                0x00000000   Number         0  stubs.o ABSOLUTE
    _printf_f                                0x00000000   Number         0  stubs.o ABSOLUTE
    _printf_flags                            0x00000000   Number         0  stubs.o ABSOLUTE
    _printf_fp_dec                           0x00000000   Number         0  stubs.o ABSOLUTE
    _printf_fp_hex                           0x00000000   Number         0  stubs.o ABSOLUTE
    _printf_g                                0x00000000   Number         0  stubs.o ABSOLUTE
    _printf_i                                0x00000000   Number         0  stubs.o ABSOLUTE
    _printf_int_dec                          0x00000000   Number         0  stubs.o ABSOLUTE
    _printf_l                                0x00000000   Number         0  stubs.o ABSOLUTE
    _printf_lc                               0x00000000   Number         0  stubs.o ABSOLUTE
    _printf_ll                               0x00000000   Number         0  stubs.o ABSOLUTE
    _printf_lld                              0x00000000   Number         0  stubs.o ABSOLUTE
    _printf_lli                              0x00000000   Number         0  stubs.o ABSOLUTE
    _printf_llo                              0x00000000   Number         0  stubs.o ABSOLUTE
    _printf_llu                              0x00000000   Number         0  stubs.o ABSOLUTE
    _printf_llx                              0x00000000   Number         0  stubs.o ABSOLUTE
    _printf_longlong_dec                     0x00000000   Number         0  stubs.o ABSOLUTE
    _printf_longlong_hex                     0x00000000   Number         0  stubs.o ABSOLUTE
    _printf_longlong_oct                     0x00000000   Number         0  stubs.o ABSOLUTE
    _printf_ls                               0x00000000   Number         0  stubs.o ABSOLUTE
    _printf_mbtowc                           0x00000000   Number         0  stubs.o ABSOLUTE
    _printf_n                                0x00000000   Number         0  stubs.o ABSOLUTE
    _printf_o                                0x00000000   Number         0  stubs.o ABSOLUTE
    _printf_p                                0x00000000   Number         0  stubs.o ABSOLUTE
    _printf_percent                          0x00000000   Number         0  stubs.o ABSOLUTE
    _printf_pre_padding                      0x00000000   Number         0  stubs.o ABSOLUTE
    _printf_return_value                     0x00000000   Number         0  stubs.o ABSOLUTE
    _printf_s                                0x00000000   Number         0  stubs.o ABSOLUTE
    _printf_sizespec                         0x00000000   Number         0  stubs.o ABSOLUTE
    _printf_str                              0x00000000   Number         0  stubs.o ABSOLUTE
    _printf_truncate_signed                  0x00000000   Number         0  stubs.o ABSOLUTE
    _printf_truncate_unsigned                0x00000000   Number         0  stubs.o ABSOLUTE
    _printf_u                                0x00000000   Number         0  stubs.o ABSOLUTE
    _printf_wc                               0x00000000   Number         0  stubs.o ABSOLUTE
    _printf_wctomb                           0x00000000   Number         0  stubs.o ABSOLUTE
    _printf_widthprec                        0x00000000   Number         0  stubs.o ABSOLUTE
    _printf_x                                0x00000000   Number         0  stubs.o ABSOLUTE
    __cpp_initialize__aeabi_                  - Undefined Weak Reference
    __cxa_finalize                            - Undefined Weak Reference
    __decompress                              - Undefined Weak Reference
    _clock_init                               - Undefined Weak Reference
    _microlib_exit                            - Undefined Weak Reference
    _scanf_longlong                           - Undefined Weak Reference
    _scanf_real                               - Undefined Weak Reference
    _scanf_string                             - Undefined Weak Reference
    __Vectors_Size                           0x00000198   Number         0  startup_stm32f411xe.o ABSOLUTE
    __Vectors                                0x08000000   Data           4  startup_stm32f411xe.o(RESET)
    __Vectors_End                            0x08000198   Data           0  startup_stm32f411xe.o(RESET)
    __main                                   0x08000199   Thumb Code     0  entry.o(.ARM.Collect$$$$00000000)
    _main_stk                                0x08000199   Thumb Code     0  entry2.o(.ARM.Collect$$$$00000001)
    _main_scatterload                        0x0800019d   Thumb Code     0  entry5.o(.ARM.Collect$$$$00000004)
    __main_after_scatterload                 0x080001a1   Thumb Code     0  entry5.o(.ARM.Collect$$$$00000004)
    _main_clock                              0x080001a1   Thumb Code     0  entry7b.o(.ARM.Collect$$$$00000008)
    _main_cpp_init                           0x080001a1   Thumb Code     0  entry8b.o(.ARM.Collect$$$$0000000A)
    _main_init                               0x080001a1   Thumb Code     0  entry9a.o(.ARM.Collect$$$$0000000B)
    __rt_final_cpp                           0x080001a9   Thumb Code     0  entry10a.o(.ARM.Collect$$$$0000000D)
    __rt_final_exit                          0x080001a9   Thumb Code     0  entry11a.o(.ARM.Collect$$$$0000000F)
    Reset_Handler                            0x080001ad   Thumb Code     8  startup_stm32f411xe.o(.text)
    ADC_IRQHandler                           0x080001c7   Thumb Code     0  startup_stm32f411xe.o(.text)
    DMA1_Stream0_IRQHandler                  0x080001c7   Thumb Code     0  startup_stm32f411xe.o(.text)
    DMA1_Stream1_IRQHandler                  0x080001c7   Thumb Code     0  startup_stm32f411xe.o(.text)
    DMA1_Stream2_IRQHandler                  0x080001c7   Thumb Code     0  startup_stm32f411xe.o(.text)
    DMA1_Stream3_IRQHandler                  0x080001c7   Thumb Code     0  startup_stm32f411xe.o(.text)
    DMA1_Stream4_IRQHandler                  0x080001c7   Thumb Code     0  startup_stm32f411xe.o(.text)
    DMA1_Stream5_IRQHandler                  0x080001c7   Thumb Code     0  startup_stm32f411xe.o(.text)
    DMA1_Stream6_IRQHandler                  0x080001c7   Thumb Code     0  startup_stm32f411xe.o(.text)
    DMA1_Stream7_IRQHandler                  0x080001c7   Thumb Code     0  startup_stm32f411xe.o(.text)
    DMA2_Stream0_IRQHandler                  0x080001c7   Thumb Code     0  startup_stm32f411xe.o(.text)
    DMA2_Stream1_IRQHandler                  0x080001c7   Thumb Code     0  startup_stm32f411xe.o(.text)
    DMA2_Stream2_IRQHandler                  0x080001c7   Thumb Code     0  startup_stm32f411xe.o(.text)
    DMA2_Stream3_IRQHandler                  0x080001c7   Thumb Code     0  startup_stm32f411xe.o(.text)
    DMA2_Stream4_IRQHandler                  0x080001c7   Thumb Code     0  startup_stm32f411xe.o(.text)
    DMA2_Stream5_IRQHandler                  0x080001c7   Thumb Code     0  startup_stm32f411xe.o(.text)
    DMA2_Stream6_IRQHandler                  0x080001c7   Thumb Code     0  startup_stm32f411xe.o(.text)
    DMA2_Stream7_IRQHandler                  0x080001c7   Thumb Code     0  startup_stm32f411xe.o(.text)
    EXTI0_IRQHandler                         0x080001c7   Thumb Code     0  startup_stm32f411xe.o(.text)
    EXTI15_10_IRQHandler                     0x080001c7   Thumb Code     0  startup_stm32f411xe.o(.text)
    EXTI1_IRQHandler                         0x080001c7   Thumb Code     0  startup_stm32f411xe.o(.text)
    EXTI2_IRQHandler                         0x080001c7   Thumb Code     0  startup_stm32f411xe.o(.text)
    EXTI3_IRQHandler                         0x080001c7   Thumb Code     0  startup_stm32f411xe.o(.text)
    EXTI4_IRQHandler                         0x080001c7   Thumb Code     0  startup_stm32f411xe.o(.text)
    EXTI9_5_IRQHandler                       0x080001c7   Thumb Code     0  startup_stm32f411xe.o(.text)
    FLASH_IRQHandler                         0x080001c7   Thumb Code     0  startup_stm32f411xe.o(.text)
    FPU_IRQHandler                           0x080001c7   Thumb Code     0  startup_stm32f411xe.o(.text)
    I2C1_ER_IRQHandler                       0x080001c7   Thumb Code     0  startup_stm32f411xe.o(.text)
    I2C1_EV_IRQHandler                       0x080001c7   Thumb Code     0  startup_stm32f411xe.o(.text)
    I2C2_ER_IRQHandler                       0x080001c7   Thumb Code     0  startup_stm32f411xe.o(.text)
    I2C2_EV_IRQHandler                       0x080001c7   Thumb Code     0  startup_stm32f411xe.o(.text)
    I2C3_ER_IRQHandler                       0x080001c7   Thumb Code     0  startup_stm32f411xe.o(.text)
    I2C3_EV_IRQHandler                       0x080001c7   Thumb Code     0  startup_stm32f411xe.o(.text)
    OTG_FS_IRQHandler                        0x080001c7   Thumb Code     0  startup_stm32f411xe.o(.text)
    OTG_FS_WKUP_IRQHandler                   0x080001c7   Thumb Code     0  startup_stm32f411xe.o(.text)
    PVD_IRQHandler                           0x080001c7   Thumb Code     0  startup_stm32f411xe.o(.text)
    RCC_IRQHandler                           0x080001c7   Thumb Code     0  startup_stm32f411xe.o(.text)
    RTC_Alarm_IRQHandler                     0x080001c7   Thumb Code     0  startup_stm32f411xe.o(.text)
    RTC_WKUP_IRQHandler                      0x080001c7   Thumb Code     0  startup_stm32f411xe.o(.text)
    SDIO_IRQHandler                          0x080001c7   Thumb Code     0  startup_stm32f411xe.o(.text)
    SPI1_IRQHandler                          0x080001c7   Thumb Code     0  startup_stm32f411xe.o(.text)
    SPI2_IRQHandler                          0x080001c7   Thumb Code     0  startup_stm32f411xe.o(.text)
    SPI3_IRQHandler                          0x080001c7   Thumb Code     0  startup_stm32f411xe.o(.text)
    SPI4_IRQHandler                          0x080001c7   Thumb Code     0  startup_stm32f411xe.o(.text)
    SPI5_IRQHandler                          0x080001c7   Thumb Code     0  startup_stm32f411xe.o(.text)
    TAMP_STAMP_IRQHandler                    0x080001c7   Thumb Code     0  startup_stm32f411xe.o(.text)
    TIM1_BRK_TIM9_IRQHandler                 0x080001c7   Thumb Code     0  startup_stm32f411xe.o(.text)
    TIM1_CC_IRQHandler                       0x080001c7   Thumb Code     0  startup_stm32f411xe.o(.text)
    TIM1_TRG_COM_TIM11_IRQHandler            0x080001c7   Thumb Code     0  startup_stm32f411xe.o(.text)
    TIM1_UP_TIM10_IRQHandler                 0x080001c7   Thumb Code     0  startup_stm32f411xe.o(.text)
    TIM2_IRQHandler                          0x080001c7   Thumb Code     0  startup_stm32f411xe.o(.text)
    TIM3_IRQHandler                          0x080001c7   Thumb Code     0  startup_stm32f411xe.o(.text)
    TIM4_IRQHandler                          0x080001c7   Thumb Code     0  startup_stm32f411xe.o(.text)
    TIM5_IRQHandler                          0x080001c7   Thumb Code     0  startup_stm32f411xe.o(.text)
    USART2_IRQHandler                        0x080001c7   Thumb Code     0  startup_stm32f411xe.o(.text)
    USART6_IRQHandler                        0x080001c7   Thumb Code     0  startup_stm32f411xe.o(.text)
    WWDG_IRQHandler                          0x080001c7   Thumb Code     0  startup_stm32f411xe.o(.text)
    rand                                     0x080001d1   Thumb Code    20  rand.o(.text)
    srand                                    0x080001e5   Thumb Code     6  rand.o(.text)
    __aeabi_memcpy                           0x080001f5   Thumb Code    36  memcpya.o(.text)
    __aeabi_memcpy4                          0x080001f5   Thumb Code     0  memcpya.o(.text)
    __aeabi_memcpy8                          0x080001f5   Thumb Code     0  memcpya.o(.text)
    __aeabi_memset                           0x08000219   Thumb Code    14  memseta.o(.text)
    __aeabi_memset4                          0x08000219   Thumb Code     0  memseta.o(.text)
    __aeabi_memset8                          0x08000219   Thumb Code     0  memseta.o(.text)
    __aeabi_memclr                           0x08000227   Thumb Code     4  memseta.o(.text)
    __aeabi_memclr4                          0x08000227   Thumb Code     0  memseta.o(.text)
    __aeabi_memclr8                          0x08000227   Thumb Code     0  memseta.o(.text)
    _memset$wrapper                          0x0800022b   Thumb Code    18  memseta.o(.text)
    strcat                                   0x0800023d   Thumb Code    24  strcat.o(.text)
    strlen                                   0x08000255   Thumb Code    14  strlen.o(.text)
    strcmp                                   0x08000263   Thumb Code    28  strcmp.o(.text)
    strcpy                                   0x0800027f   Thumb Code    18  strcpy.o(.text)
    strncmp                                  0x08000291   Thumb Code    30  strncmp.o(.text)
    calloc                                   0x080002af   Thumb Code    28  calloc.o(.text)
    __0sscanf                                0x080002cd   Thumb Code    48  __0sscanf.o(.text)
    _scanf_int                               0x08000305   Thumb Code   332  _scanf_int.o(.text)
    atoi                                     0x08000451   Thumb Code    26  atoi.o(.text)
    __aeabi_dadd                             0x0800046b   Thumb Code   322  dadd.o(.text)
    __aeabi_dsub                             0x080005ad   Thumb Code     6  dadd.o(.text)
    __aeabi_drsub                            0x080005b3   Thumb Code     6  dadd.o(.text)
    __aeabi_dmul                             0x080005b9   Thumb Code   228  dmul.o(.text)
    __aeabi_ul2d                             0x0800069d   Thumb Code    24  dfltul.o(.text)
    __aeabi_d2iz                             0x080006b5   Thumb Code    62  dfixi.o(.text)
    __aeabi_f2d                              0x080006f3   Thumb Code    38  f2d.o(.text)
    __aeabi_cdcmpeq                          0x08000719   Thumb Code     0  cdcmple.o(.text)
    __aeabi_cdcmple                          0x08000719   Thumb Code    48  cdcmple.o(.text)
    __aeabi_uidiv                            0x08000749   Thumb Code     0  uidiv.o(.text)
    __aeabi_uidivmod                         0x08000749   Thumb Code    44  uidiv.o(.text)
    __aeabi_uldivmod                         0x08000775   Thumb Code    98  uldiv.o(.text)
    __aeabi_llsl                             0x080007d7   Thumb Code    30  llshl.o(.text)
    _ll_shift_l                              0x080007d7   Thumb Code     0  llshl.o(.text)
    __aeabi_llsr                             0x080007f5   Thumb Code    32  llushr.o(.text)
    _ll_ushift_r                             0x080007f5   Thumb Code     0  llushr.o(.text)
    __aeabi_lasr                             0x08000815   Thumb Code    36  llsshr.o(.text)
    _ll_sshift_r                             0x08000815   Thumb Code     0  llsshr.o(.text)
    _chval                                   0x08000839   Thumb Code    28  _chval.o(.text)
    __vfscanf_char                           0x08000861   Thumb Code    20  scanf_char.o(.text)
    _sgetc                                   0x0800087d   Thumb Code    30  _sgetc.o(.text)
    _sbackspace                              0x0800089b   Thumb Code    34  _sgetc.o(.text)
    strtol                                   0x080008bd   Thumb Code   112  strtol.o(.text)
    __I$use$fp                               0x0800092d   Thumb Code     0  iusefp.o(.text)
    _double_round                            0x0800092d   Thumb Code    30  depilogue.o(.text)
    _double_epilogue                         0x0800094b   Thumb Code   156  depilogue.o(.text)
    __aeabi_ddiv                             0x080009e7   Thumb Code   222  ddiv.o(.text)
    __aeabi_d2ulz                            0x08000ac5   Thumb Code    48  dfixul.o(.text)
    __aeabi_cdrcmple                         0x08000af5   Thumb Code    48  cdrcmple.o(.text)
    __scatterload                            0x08000b25   Thumb Code    28  init.o(.text)
    __scatterload_rt2                        0x08000b25   Thumb Code     0  init.o(.text)
    __rt_ctype_table                         0x08000b49   Thumb Code     4  ctype_o.o(.text)
    isspace                                  0x08000b51   Thumb Code    18  isspace_o.o(.text)
    __vfscanf                                0x08000b65   Thumb Code   808  _scanf.o(.text)
    _strtoul                                 0x08000e91   Thumb Code   158  _strtoul.o(.text)
    BusFault_Handler                         0x08000f2f   Thumb Code     2  kdwm1000_it.o(i.BusFault_Handler)
    DW1000_Config                            0x08000f31   Thumb Code   244  dw1000.o(i.DW1000_Config)
    DW1000_GetDeviceID                       0x08001031   Thumb Code     8  dw1000.o(i.DW1000_GetDeviceID)
    DW1000_ReadOPT                           0x08001039   Thumb Code    80  dw1000.o(i.DW1000_ReadOPT)
    DW1000_Reset                             0x08001089   Thumb Code    82  dw1000.o(i.DW1000_Reset)
    DW1000_SetAntennaDelayRX                 0x080010e1   Thumb Code    12  dw1000.o(i.DW1000_SetAntennaDelayRX)
    DW1000_SetAntennaDelayTX                 0x080010ed   Thumb Code    10  dw1000.o(i.DW1000_SetAntennaDelayTX)
    DW1000_SetClock                          0x080010f7   Thumb Code   176  dw1000.o(i.DW1000_SetClock)
    DW1000_SetCrystalTrim                    0x080011a7   Thumb Code    48  dw1000.o(i.DW1000_SetCrystalTrim)
    DW1000_SetSpeed                          0x080011d9   Thumb Code    80  dw1000.o(i.DW1000_SetSpeed)
    DW1000_readData                          0x0800122d   Thumb Code   138  dw1000.o(i.DW1000_readData)
    DW1000_readData16                        0x080012c1   Thumb Code    22  dw1000.o(i.DW1000_readData16)
    DW1000_readData32                        0x080012d7   Thumb Code    20  dw1000.o(i.DW1000_readData32)
    DW1000_writeData                         0x080012ed   Thumb Code   138  dw1000.o(i.DW1000_writeData)
    DW1000_writeData16                       0x08001381   Thumb Code    14  dw1000.o(i.DW1000_writeData16)
    DW1000_writeData32                       0x0800138f   Thumb Code    14  dw1000.o(i.DW1000_writeData32)
    DebugMon_Handler                         0x0800139d   Thumb Code     2  kdwm1000_it.o(i.DebugMon_Handler)
    DeviceDelayMs                            0x0800139f   Thumb Code     4  main.o(i.DeviceDelayMs)
    DeviceGetRxTimestamp                     0x080013a3   Thumb Code    38  main.o(i.DeviceGetRxTimestamp)
    DeviceGetTxTimestamp                     0x080013c9   Thumb Code    38  main.o(i.DeviceGetTxTimestamp)
    DeviceInit                               0x080013ef   Thumb Code     4  main.o(i.DeviceInit)
    DeviceRecv                               0x080013f5   Thumb Code    98  main.o(i.DeviceRecv)
    DeviceRecvNoPre                          0x08001461   Thumb Code    92  main.o(i.DeviceRecvNoPre)
    DeviceSend                               0x080014c5   Thumb Code    84  main.o(i.DeviceSend)
    DeviceSendDelayed                        0x08001529   Thumb Code    68  main.o(i.DeviceSendDelayed)
    DeviceSendExpResp                        0x08001571   Thumb Code    46  main.o(i.DeviceSendExpResp)
    GPIO_Init                                0x0800159f   Thumb Code   120  stm32f4xx_gpio.o(i.GPIO_Init)
    GPIO_PinAFConfig                         0x08001617   Thumb Code    32  stm32f4xx_gpio.o(i.GPIO_PinAFConfig)
    HAL_Delay                                0x08001639   Thumb Code    18  stm32f4_delay.o(i.HAL_Delay)
    HAL_IncTick                              0x08001651   Thumb Code    10  stm32f4_delay.o(i.HAL_IncTick)
    HAL_InitTick                             0x08001661   Thumb Code    84  stm32f4_delay.o(i.HAL_InitTick)
    HardFault_Handler                        0x080016bd   Thumb Code     2  kdwm1000_it.o(i.HardFault_Handler)
    KDWM_DW1000_Config                       0x080016bf   Thumb Code    16  kdwm1000_bsp.o(i.KDWM_DW1000_Config)
    KDWM_GPIO_Config                         0x080016d1   Thumb Code   226  kdwm1000_bsp.o(i.KDWM_GPIO_Config)
    KDWM_UART_Config                         0x080017c1   Thumb Code     8  kdwm1000_bsp.o(i.KDWM_UART_Config)
    MemManage_Handler                        0x080017cd   Thumb Code     2  kdwm1000_it.o(i.MemManage_Handler)
    NMI_Handler                              0x080017cf   Thumb Code     2  kdwm1000_it.o(i.NMI_Handler)
    NVIC_Init                                0x080017d1   Thumb Code    96  misc.o(i.NVIC_Init)
    NVIC_PriorityGroupConfig                 0x08001835   Thumb Code    10  misc.o(i.NVIC_PriorityGroupConfig)
    PendSV_Handler                           0x08001849   Thumb Code     2  kdwm1000_it.o(i.PendSV_Handler)
    QueueClear                               0x0800184b   Thumb Code    10  stdplus_queue.o(i.QueueClear)
    QueueCreate                              0x08001855   Thumb Code    44  stdplus_queue.o(i.QueueCreate)
    QueueGetItemCount                        0x08001881   Thumb Code    20  stdplus_queue.o(i.QueueGetItemCount)
    QueueIsEmpty                             0x08001895   Thumb Code    16  stdplus_queue.o(i.QueueIsEmpty)
    QueueIsFull                              0x080018a5   Thumb Code    28  stdplus_queue.o(i.QueueIsFull)
    QueuePop                                 0x080018c1   Thumb Code    46  stdplus_queue.o(i.QueuePop)
    QueuePopBack                             0x080018ef   Thumb Code    52  stdplus_queue.o(i.QueuePopBack)
    QueuePush                                0x08001923   Thumb Code    44  stdplus_queue.o(i.QueuePush)
    RCC_AHB1PeriphClockCmd                   0x08001951   Thumb Code    18  stm32f4xx_rcc.o(i.RCC_AHB1PeriphClockCmd)
    RCC_APB1PeriphClockCmd                   0x08001969   Thumb Code    18  stm32f4xx_rcc.o(i.RCC_APB1PeriphClockCmd)
    RCC_APB1PeriphResetCmd                   0x08001981   Thumb Code    18  stm32f4xx_rcc.o(i.RCC_APB1PeriphResetCmd)
    RCC_APB2PeriphClockCmd                   0x08001999   Thumb Code    18  stm32f4xx_rcc.o(i.RCC_APB2PeriphClockCmd)
    RCC_APB2PeriphResetCmd                   0x080019b1   Thumb Code    18  stm32f4xx_rcc.o(i.RCC_APB2PeriphResetCmd)
    RCC_GetClocksFreq                        0x080019c9   Thumb Code   132  stm32f4xx_rcc.o(i.RCC_GetClocksFreq)
    RangingInit                              0x08001a5d   Thumb Code    66  ranging.o(i.RangingInit)
    SEGGER_RTT_Init                          0x08001aa5   Thumb Code     4  segger_rtt.o(i.SEGGER_RTT_Init)
    SEGGER_RTT_Write                         0x08001aa9   Thumb Code    50  segger_rtt.o(i.SEGGER_RTT_Write)
    SEGGER_RTT_WriteNoLock                   0x08001ae1   Thumb Code    86  segger_rtt.o(i.SEGGER_RTT_WriteNoLock)
    SEGGER_RTT_printf                        0x08001b3d   Thumb Code    22  segger_rtt_printf.o(i.SEGGER_RTT_printf)
    SEGGER_RTT_vprintf                       0x08001b53   Thumb Code   382  segger_rtt_printf.o(i.SEGGER_RTT_vprintf)
    SPI_Cmd                                  0x08001cd1   Thumb Code    20  stm32f4xx_spi.o(i.SPI_Cmd)
    SPI_I2S_DeInit                           0x08001ce5   Thumb Code   108  stm32f4xx_spi.o(i.SPI_I2S_DeInit)
    SPI_Init                                 0x08001d69   Thumb Code    56  stm32f4xx_spi.o(i.SPI_Init)
    SPI_RW                                   0x08001da1   Thumb Code    18  stm32f4_spi.o(i.SPI_RW)
    SVC_Handler                              0x08001db3   Thumb Code     2  kdwm1000_it.o(i.SVC_Handler)
    Serial_Config                            0x08001db5   Thumb Code   186  serial.o(i.Serial_Config)
    SysTick_Handler                          0x08001eed   Thumb Code     4  kdwm1000_it.o(i.SysTick_Handler)
    SystemInit                               0x08001ef1   Thumb Code    74  system_stm32f4xx.o(i.SystemInit)
    UART_SendByte                            0x08001f4d   Thumb Code    12  stm32f4_usart.o(i.UART_SendByte)
    USART1_IRQHandler                        0x08001f59   Thumb Code   406  kdwm1000_it.o(i.USART1_IRQHandler)
    USART_ClearFlag                          0x08002129   Thumb Code     6  stm32f4xx_usart.o(i.USART_ClearFlag)
    USART_Cmd                                0x0800212f   Thumb Code    20  stm32f4xx_usart.o(i.USART_Cmd)
    USART_GetITStatus                        0x08002143   Thumb Code    62  stm32f4xx_usart.o(i.USART_GetITStatus)
    USART_ITConfig                           0x08002181   Thumb Code    48  stm32f4xx_usart.o(i.USART_ITConfig)
    USART_Init                               0x080021b1   Thumb Code   164  stm32f4xx_usart.o(i.USART_Init)
    UsageFault_Handler                       0x0800225d   Thumb Code     2  kdwm1000_it.o(i.UsageFault_Handler)
    __0printf                                0x0800254d   Thumb Code    22  printfa.o(i.__0printf)
    __1printf                                0x0800254d   Thumb Code     0  printfa.o(i.__0printf)
    __2printf                                0x0800254d   Thumb Code     0  printfa.o(i.__0printf)
    __c89printf                              0x0800254d   Thumb Code     0  printfa.o(i.__0printf)
    printf                                   0x0800254d   Thumb Code     0  printfa.o(i.__0printf)
    __0sprintf                               0x0800256d   Thumb Code    34  printfa.o(i.__0sprintf)
    __1sprintf                               0x0800256d   Thumb Code     0  printfa.o(i.__0sprintf)
    __2sprintf                               0x0800256d   Thumb Code     0  printfa.o(i.__0sprintf)
    __c89sprintf                             0x0800256d   Thumb Code     0  printfa.o(i.__0sprintf)
    sprintf                                  0x0800256d   Thumb Code     0  printfa.o(i.__0sprintf)
    __aeabi_errno_addr                       0x08002595   Thumb Code     4  errno.o(i.__aeabi_errno_addr)
    __rt_errno_addr                          0x08002595   Thumb Code     0  errno.o(i.__aeabi_errno_addr)
    __scatterload_copy                       0x0800259d   Thumb Code    14  handlers.o(i.__scatterload_copy)
    __scatterload_null                       0x080025ab   Thumb Code     2  handlers.o(i.__scatterload_null)
    __scatterload_zeroinit                   0x080025ad   Thumb Code    14  handlers.o(i.__scatterload_zeroinit)
    _dwt_configlde                           0x080025bb   Thumb Code    48  deca_device.o(i._dwt_configlde)
    _uPTRangingSendPoll                      0x080030d9   Thumb Code    36  uptranging.o(i._uPTRangingSendPoll)
    _uPTRangingSendResp                      0x080030fd   Thumb Code    40  uptranging.o(i._uPTRangingSendResp)
    _uPTRangingWaitRespons                   0x08003125   Thumb Code    22  uptranging.o(i._uPTRangingWaitRespons)
    dwt_configure                            0x080035cd   Thumb Code   482  deca_device.o(i.dwt_configure)
    dwt_entersleepaftertx                    0x080037dd   Thumb Code    36  deca_device.o(i.dwt_entersleepaftertx)
    dwt_forcetrxoff                          0x08003801   Thumb Code    74  deca_device.o(i.dwt_forcetrxoff)
    dwt_initialise                           0x08003855   Thumb Code   324  deca_device.o(i.dwt_initialise)
    dwt_readrxdata                           0x080039a1   Thumb Code    18  deca_device.o(i.dwt_readrxdata)
    dwt_readrxtimestamp                      0x080039b3   Thumb Code    12  deca_device.o(i.dwt_readrxtimestamp)
    dwt_readtxtimestamp                      0x080039bf   Thumb Code    12  deca_device.o(i.dwt_readtxtimestamp)
    dwt_rxenable                             0x080039cb   Thumb Code    80  deca_device.o(i.dwt_rxenable)
    dwt_rxreset                              0x08003a1b   Thumb Code    40  deca_device.o(i.dwt_rxreset)
    dwt_setdelayedtrxtime                    0x08003a43   Thumb Code    10  deca_device.o(i.dwt_setdelayedtrxtime)
    dwt_setrxaftertxdelay                    0x08003a4d   Thumb Code    34  deca_device.o(i.dwt_setrxaftertxdelay)
    dwt_setrxtimeout                         0x08003a71   Thumb Code    84  deca_device.o(i.dwt_setrxtimeout)
    dwt_starttx                              0x08003ac9   Thumb Code   142  deca_device.o(i.dwt_starttx)
    dwt_syncrxbufptrs                        0x08003b5d   Thumb Code    52  deca_device.o(i.dwt_syncrxbufptrs)
    dwt_writetxdata                          0x08003b91   Thumb Code    34  deca_device.o(i.dwt_writetxdata)
    dwt_writetxfctrl                         0x08003bb5   Thumb Code    24  deca_device.o(i.dwt_writetxfctrl)
    fputc                                    0x08003bd1   Thumb Code    14  serial.o(i.fputc)
    free                                     0x08003be5   Thumb Code    76  malloc.o(i.free)
    inet_aton                                0x08003c35   Thumb Code    58  conversion.o(i.inet_aton)
    inet_ntoa                                0x08003c7d   Thumb Code    26  conversion.o(i.inet_ntoa)
    list_delete_node                         0x08003ca5   Thumb Code    38  stdplus_linklist.o(i.list_delete_node)
    list_free                                0x08003ccb   Thumb Code     4  stdplus_linklist.o(i.list_free)
    list_new                                 0x08003ccf   Thumb Code     8  stdplus_linklist.o(i.list_new)
    listnode_add                             0x08003cd7   Thumb Code    38  stdplus_linklist.o(i.listnode_add)
    listnode_head                            0x08003cfd   Thumb Code    10  stdplus_linklist.o(i.listnode_head)
    main                                     0x08003d11   Thumb Code   112  main.o(i.main)
    malloc                                   0x08003ddd   Thumb Code    92  malloc.o(i.malloc)
    uLLDelayMs                               0x08003e49   Thumb Code    46  ulldriver.o(i.uLLDelayMs)
    uLLFrameRecv                             0x08003ec5   Thumb Code    74  ulldriver.o(i.uLLFrameRecv)
    uLLFrameSend                             0x08003f5d   Thumb Code    84  ulldriver.o(i.uLLFrameSend)
    uLLFrameSendDelayed                      0x08003ffd   Thumb Code    88  ulldriver.o(i.uLLFrameSendDelayed)
    uLLFrameSendEx                           0x080040a1   Thumb Code    42  ullpacket.o(i.uLLFrameSendEx)
    uLLFrameSendExpResp                      0x080040cd   Thumb Code    84  ulldriver.o(i.uLLFrameSendExpResp)
    uLLFrameWaitData                         0x0800416d   Thumb Code    76  ullpacket.o(i.uLLFrameWaitData)
    uLLFrameWaitEx                           0x080041bd   Thumb Code    78  ullpacket.o(i.uLLFrameWaitEx)
    uLLFrameWaitInAddrEx                     0x0800420b   Thumb Code    74  ullpacket.o(i.uLLFrameWaitInAddrEx)
    uLLGetRxTimeStamp                        0x08004255   Thumb Code    46  ulldriver.o(i.uLLGetRxTimeStamp)
    uLLGetTxTimeStamp                        0x080042d1   Thumb Code    46  ulldriver.o(i.uLLGetTxTimeStamp)
    uLLInit                                  0x0800434d   Thumb Code    84  ulldriver.o(i.uLLInit)
    uLLUserInterfaceRegister                 0x080043ad   Thumb Code    50  ulldriver.o(i.uLLUserInterfaceRegister)
    uPTGetConfigure                          0x0800442d   Thumb Code   110  ustatemaintenance.o(i.uPTGetConfigure)
    uPTGetConfigureRespons                   0x080044c1   Thumb Code    36  ustatemaintenance.o(i.uPTGetConfigureRespons)
    uPTPing                                  0x080044e9   Thumb Code   106  ustatemaintenance.o(i.uPTPing)
    uPTPingRespons                           0x080045b9   Thumb Code    26  ustatemaintenance.o(i.uPTPingRespons)
    uPTRangingCyle                           0x080045d5   Thumb Code   320  uptranging.o(i.uPTRangingCyle)
    uPTRangingRespinsHandle                  0x08004771   Thumb Code    60  uptranging.o(i.uPTRangingRespinsHandle)
    uPTRangingRespons                        0x080047b1   Thumb Code    48  uptranging.o(i.uPTRangingRespons)
    uPTReSignin                              0x080047e1   Thumb Code   152  uregister.o(i.uPTReSignin)
    uPTRegisterCycle                         0x080048c1   Thumb Code    86  uregister.o(i.uPTRegisterCycle)
    uPTRegisterRespons                       0x08004919   Thumb Code   148  uregister.o(i.uPTRegisterRespons)
    uPTSetConfigure                          0x080049c1   Thumb Code    52  ustatemaintenance.o(i.uPTSetConfigure)
    uPTSetConfigureRespons                   0x08004a11   Thumb Code    44  ustatemaintenance.o(i.uPTSetConfigureRespons)
    uPTSigninRespons                         0x08004a41   Thumb Code    26  uregister.o(i.uPTSigninRespons)
    uSVIdle                                  0x08004a5d   Thumb Code   296  uidle.o(i.uSVIdle)
    uSVManagerInit                           0x08004b8d   Thumb Code    68  usvmanager.o(i.uSVManagerInit)
    uSVShellInit                             0x08004be9   Thumb Code    38  usvshell.o(i.uSVShellInit)
    uSVShellPrase                            0x08004c3d   Thumb Code   316  usvshell.o(i.uSVShellPrase)
    chan_idx                                 0x08004dfc   Data           8  deca_params.o(.constdata)
    tx_config                                0x08004e04   Data          24  deca_params.o(.constdata)
    pll2_config                              0x08004e1c   Data          30  deca_params.o(.constdata)
    rx_config                                0x08004e3a   Data           2  deca_params.o(.constdata)
    agc_config                               0x08004e3c   Data           8  deca_params.o(.constdata)
    dwnsSFDlen                               0x08004e44   Data           3  deca_params.o(.constdata)
    sftsh                                    0x08004e48   Data          12  deca_params.o(.constdata)
    dtune1                                   0x08004e54   Data           4  deca_params.o(.constdata)
    digital_bb_config                        0x08004e58   Data          32  deca_params.o(.constdata)
    lde_replicaCoeff                         0x08004e78   Data          50  deca_params.o(.constdata)
    __ctype_table                            0x08004eba   Data         129  ctype_o.o(.constdata)
    Region$$Table$$Base                      0x080051a8   Number         0  anon$$obj.o(Region$$Table)
    Region$$Table$$Limit                     0x080051c8   Number         0  anon$$obj.o(Region$$Table)
    guSVManagerDevice                        0x2000000c   Data           4  usvmanager.o(.data)
    gUartQueue                               0x20000010   Data           4  usvshell.o(.data)
    t1                                       0x20000020   Data           8  uptranging.o(.data)
    t2                                       0x20000028   Data           8  uptranging.o(.data)
    t3                                       0x20000030   Data           8  uptranging.o(.data)
    t_poll                                   0x20000038   Data           8  uptranging.o(.data)
    t_resp                                   0x20000040   Data           8  uptranging.o(.data)
    SystemCoreClock                          0x20000048   Data           4  system_stm32f4xx.o(.data)
    AHBPrescTable                            0x2000004c   Data          16  system_stm32f4xx.o(.data)
    uwTick                                   0x2000006c   Data           4  stm32f4_delay.o(.data)
    UART1_irqEven                            0x20000070   Data           4  kdwm1000_bsp.o(.data)
    _is_uart_handle                          0x20000074   Data           1  kdwm1000_it.o(.data)
    __stdout                                 0x2000007c   Data           4  stdout.o(.data)
    __microlib_freelist                      0x20000084   Data           4  mvars.o(.data)
    __microlib_freelist_initialised          0x20000088   Data           4  mvars.o(.data)
    gAddrPool                                0x20000090   Data         800  uregister.o(.bss)
    fra_wt                                   0x200003b0   Data          16  uregister.o(.bss)
    guSVManagerCtl                           0x200003c0   Data          28  usvmanager.o(.bss)
    cmd_history                              0x200003dc   Data        8192  usvshell.o(.bss)
    gDevInfo                                 0x200023dc   Data          16  usvshell.o(.bss)
    gFrameWaitBuf                            0x200023ec   Data          16  ullpacket.o(.bss)
    _SEGGER_RTT                              0x20002438   Data         168  segger_rtt.o(.bss)
    __heap_base                              0x200028f0   Data           0  startup_stm32f411xe.o(HEAP)
    __heap_limit                             0x200098f0   Data           0  startup_stm32f411xe.o(HEAP)
    __initial_sp                             0x2000d8f0   Data           0  startup_stm32f411xe.o(STACK)



==============================================================================

Memory Map of the image

  Image Entry point : 0x08000199

  Load Region LR_IROM1 (Base: 0x08000000, Size: 0x00005258, Max: 0x00080000, ABSOLUTE)

    Execution Region ER_IROM1 (Exec base: 0x08000000, Load base: 0x08000000, Size: 0x000051c8, Max: 0x00080000, ABSOLUTE)

    Exec Addr    Load Addr    Size         Type   Attr      Idx    E Section Name        Object

    0x08000000   0x08000000   0x00000198   Data   RO          993    RESET               startup_stm32f411xe.o
    0x08000198   0x08000198   0x00000000   Code   RO         3054  * .ARM.Collect$$$$00000000  mc_w.l(entry.o)
    0x08000198   0x08000198   0x00000004   Code   RO         3388    .ARM.Collect$$$$00000001  mc_w.l(entry2.o)
    0x0800019c   0x0800019c   0x00000004   Code   RO         3391    .ARM.Collect$$$$00000004  mc_w.l(entry5.o)
    0x080001a0   0x080001a0   0x00000000   Code   RO         3393    .ARM.Collect$$$$00000008  mc_w.l(entry7b.o)
    0x080001a0   0x080001a0   0x00000000   Code   RO         3395    .ARM.Collect$$$$0000000A  mc_w.l(entry8b.o)
    0x080001a0   0x080001a0   0x00000008   Code   RO         3396    .ARM.Collect$$$$0000000B  mc_w.l(entry9a.o)
    0x080001a8   0x080001a8   0x00000000   Code   RO         3398    .ARM.Collect$$$$0000000D  mc_w.l(entry10a.o)
    0x080001a8   0x080001a8   0x00000000   Code   RO         3400    .ARM.Collect$$$$0000000F  mc_w.l(entry11a.o)
    0x080001a8   0x080001a8   0x00000004   Code   RO         3389    .ARM.Collect$$$$00002712  mc_w.l(entry2.o)
    0x080001ac   0x080001ac   0x00000024   Code   RO          994    .text               startup_stm32f411xe.o
    0x080001d0   0x080001d0   0x00000024   Code   RO         3060    .text               mc_w.l(rand.o)
    0x080001f4   0x080001f4   0x00000024   Code   RO         3063    .text               mc_w.l(memcpya.o)
    0x08000218   0x08000218   0x00000024   Code   RO         3065    .text               mc_w.l(memseta.o)
    0x0800023c   0x0800023c   0x00000018   Code   RO         3067    .text               mc_w.l(strcat.o)
    0x08000254   0x08000254   0x0000000e   Code   RO         3069    .text               mc_w.l(strlen.o)
    0x08000262   0x08000262   0x0000001c   Code   RO         3071    .text               mc_w.l(strcmp.o)
    0x0800027e   0x0800027e   0x00000012   Code   RO         3073    .text               mc_w.l(strcpy.o)
    0x08000290   0x08000290   0x0000001e   Code   RO         3075    .text               mc_w.l(strncmp.o)
    0x080002ae   0x080002ae   0x0000001c   Code   RO         3368    .text               mc_w.l(calloc.o)
    0x080002ca   0x080002ca   0x00000002   PAD
    0x080002cc   0x080002cc   0x00000038   Code   RO         3370    .text               mc_w.l(__0sscanf.o)
    0x08000304   0x08000304   0x0000014c   Code   RO         3372    .text               mc_w.l(_scanf_int.o)
    0x08000450   0x08000450   0x0000001a   Code   RO         3374    .text               mc_w.l(atoi.o)
    0x0800046a   0x0800046a   0x0000014e   Code   RO         3376    .text               mf_w.l(dadd.o)
    0x080005b8   0x080005b8   0x000000e4   Code   RO         3378    .text               mf_w.l(dmul.o)
    0x0800069c   0x0800069c   0x00000018   Code   RO         3380    .text               mf_w.l(dfltul.o)
    0x080006b4   0x080006b4   0x0000003e   Code   RO         3382    .text               mf_w.l(dfixi.o)
    0x080006f2   0x080006f2   0x00000026   Code   RO         3384    .text               mf_w.l(f2d.o)
    0x08000718   0x08000718   0x00000030   Code   RO         3386    .text               mf_w.l(cdcmple.o)
    0x08000748   0x08000748   0x0000002c   Code   RO         3402    .text               mc_w.l(uidiv.o)
    0x08000774   0x08000774   0x00000062   Code   RO         3404    .text               mc_w.l(uldiv.o)
    0x080007d6   0x080007d6   0x0000001e   Code   RO         3406    .text               mc_w.l(llshl.o)
    0x080007f4   0x080007f4   0x00000020   Code   RO         3408    .text               mc_w.l(llushr.o)
    0x08000814   0x08000814   0x00000024   Code   RO         3410    .text               mc_w.l(llsshr.o)
    0x08000838   0x08000838   0x0000001c   Code   RO         3421    .text               mc_w.l(_chval.o)
    0x08000854   0x08000854   0x00000028   Code   RO         3423    .text               mc_w.l(scanf_char.o)
    0x0800087c   0x0800087c   0x00000040   Code   RO         3425    .text               mc_w.l(_sgetc.o)
    0x080008bc   0x080008bc   0x00000070   Code   RO         3427    .text               mc_w.l(strtol.o)
    0x0800092c   0x0800092c   0x00000000   Code   RO         3429    .text               mc_w.l(iusefp.o)
    0x0800092c   0x0800092c   0x000000ba   Code   RO         3430    .text               mf_w.l(depilogue.o)
    0x080009e6   0x080009e6   0x000000de   Code   RO         3432    .text               mf_w.l(ddiv.o)
    0x08000ac4   0x08000ac4   0x00000030   Code   RO         3434    .text               mf_w.l(dfixul.o)
    0x08000af4   0x08000af4   0x00000030   Code   RO         3436    .text               mf_w.l(cdrcmple.o)
    0x08000b24   0x08000b24   0x00000024   Code   RO         3438    .text               mc_w.l(init.o)
    0x08000b48   0x08000b48   0x00000008   Code   RO         3442    .text               mc_w.l(ctype_o.o)
    0x08000b50   0x08000b50   0x00000012   Code   RO         3464    .text               mc_w.l(isspace_o.o)
    0x08000b62   0x08000b62   0x00000002   PAD
    0x08000b64   0x08000b64   0x0000032c   Code   RO         3470    .text               mc_w.l(_scanf.o)
    0x08000e90   0x08000e90   0x0000009e   Code   RO         3472    .text               mc_w.l(_strtoul.o)
    0x08000f2e   0x08000f2e   0x00000002   Code   RO         2648    i.BusFault_Handler  kdwm1000_it.o
    0x08000f30   0x08000f30   0x00000100   Code   RO         2219    i.DW1000_Config     dw1000.o
    0x08001030   0x08001030   0x00000008   Code   RO         2220    i.DW1000_GetDeviceID  dw1000.o
    0x08001038   0x08001038   0x00000050   Code   RO         2222    i.DW1000_ReadOPT    dw1000.o
    0x08001088   0x08001088   0x00000058   Code   RO         2223    i.DW1000_Reset      dw1000.o
    0x080010e0   0x080010e0   0x0000000c   Code   RO         2224    i.DW1000_SetAntennaDelayRX  dw1000.o
    0x080010ec   0x080010ec   0x0000000a   Code   RO         2225    i.DW1000_SetAntennaDelayTX  dw1000.o
    0x080010f6   0x080010f6   0x000000b0   Code   RO         2226    i.DW1000_SetClock   dw1000.o
    0x080011a6   0x080011a6   0x00000030   Code   RO         2227    i.DW1000_SetCrystalTrim  dw1000.o
    0x080011d6   0x080011d6   0x00000002   PAD
    0x080011d8   0x080011d8   0x00000054   Code   RO         2228    i.DW1000_SetSpeed   dw1000.o
    0x0800122c   0x0800122c   0x00000094   Code   RO         2229    i.DW1000_readData   dw1000.o
    0x080012c0   0x080012c0   0x00000016   Code   RO         2230    i.DW1000_readData16  dw1000.o
    0x080012d6   0x080012d6   0x00000014   Code   RO         2231    i.DW1000_readData32  dw1000.o
    0x080012ea   0x080012ea   0x00000002   PAD
    0x080012ec   0x080012ec   0x00000094   Code   RO         2232    i.DW1000_writeData  dw1000.o
    0x08001380   0x08001380   0x0000000e   Code   RO         2233    i.DW1000_writeData16  dw1000.o
    0x0800138e   0x0800138e   0x0000000e   Code   RO         2234    i.DW1000_writeData32  dw1000.o
    0x0800139c   0x0800139c   0x00000002   Code   RO         2649    i.DebugMon_Handler  kdwm1000_it.o
    0x0800139e   0x0800139e   0x00000004   Code   RO            4    i.DeviceDelayMs     main.o
    0x080013a2   0x080013a2   0x00000026   Code   RO            5    i.DeviceGetRxTimestamp  main.o
    0x080013c8   0x080013c8   0x00000026   Code   RO            6    i.DeviceGetTxTimestamp  main.o
    0x080013ee   0x080013ee   0x00000004   Code   RO            7    i.DeviceInit        main.o
    0x080013f2   0x080013f2   0x00000002   PAD
    0x080013f4   0x080013f4   0x0000006c   Code   RO            8    i.DeviceRecv        main.o
    0x08001460   0x08001460   0x00000064   Code   RO            9    i.DeviceRecvNoPre   main.o
    0x080014c4   0x080014c4   0x00000064   Code   RO           10    i.DeviceSend        main.o
    0x08001528   0x08001528   0x00000048   Code   RO           11    i.DeviceSendDelayed  main.o
    0x08001570   0x08001570   0x0000002e   Code   RO           12    i.DeviceSendExpResp  main.o
    0x0800159e   0x0800159e   0x00000078   Code   RO         1525    i.GPIO_Init         stm32f4xx_gpio.o
    0x08001616   0x08001616   0x00000020   Code   RO         1526    i.GPIO_PinAFConfig  stm32f4xx_gpio.o
    0x08001636   0x08001636   0x00000002   PAD
    0x08001638   0x08001638   0x00000018   Code   RO         1986    i.HAL_Delay         stm32f4_delay.o
    0x08001650   0x08001650   0x00000010   Code   RO         1988    i.HAL_IncTick       stm32f4_delay.o
    0x08001660   0x08001660   0x0000005c   Code   RO         1989    i.HAL_InitTick      stm32f4_delay.o
    0x080016bc   0x080016bc   0x00000002   Code   RO         2650    i.HardFault_Handler  kdwm1000_it.o
    0x080016be   0x080016be   0x00000010   Code   RO         2606    i.KDWM_DW1000_Config  kdwm1000_bsp.o
    0x080016ce   0x080016ce   0x00000002   PAD
    0x080016d0   0x080016d0   0x000000f0   Code   RO         2607    i.KDWM_GPIO_Config  kdwm1000_bsp.o
    0x080017c0   0x080017c0   0x0000000c   Code   RO         2608    i.KDWM_UART_Config  kdwm1000_bsp.o
    0x080017cc   0x080017cc   0x00000002   Code   RO         2651    i.MemManage_Handler  kdwm1000_it.o
    0x080017ce   0x080017ce   0x00000002   Code   RO         2652    i.NMI_Handler       kdwm1000_it.o
    0x080017d0   0x080017d0   0x00000064   Code   RO         1042    i.NVIC_Init         misc.o
    0x08001834   0x08001834   0x00000014   Code   RO         1043    i.NVIC_PriorityGroupConfig  misc.o
    0x08001848   0x08001848   0x00000002   Code   RO         2653    i.PendSV_Handler    kdwm1000_it.o
    0x0800184a   0x0800184a   0x0000000a   Code   RO          513    i.QueueClear        stdplus_queue.o
    0x08001854   0x08001854   0x0000002c   Code   RO          514    i.QueueCreate       stdplus_queue.o
    0x08001880   0x08001880   0x00000014   Code   RO          515    i.QueueGetItemCount  stdplus_queue.o
    0x08001894   0x08001894   0x00000010   Code   RO          516    i.QueueIsEmpty      stdplus_queue.o
    0x080018a4   0x080018a4   0x0000001c   Code   RO          517    i.QueueIsFull       stdplus_queue.o
    0x080018c0   0x080018c0   0x0000002e   Code   RO          518    i.QueuePop          stdplus_queue.o
    0x080018ee   0x080018ee   0x00000034   Code   RO          519    i.QueuePopBack      stdplus_queue.o
    0x08001922   0x08001922   0x0000002c   Code   RO          520    i.QueuePush         stdplus_queue.o
    0x0800194e   0x0800194e   0x00000002   PAD
    0x08001950   0x08001950   0x00000018   Code   RO         1090    i.RCC_AHB1PeriphClockCmd  stm32f4xx_rcc.o
    0x08001968   0x08001968   0x00000018   Code   RO         1096    i.RCC_APB1PeriphClockCmd  stm32f4xx_rcc.o
    0x08001980   0x08001980   0x00000018   Code   RO         1098    i.RCC_APB1PeriphResetCmd  stm32f4xx_rcc.o
    0x08001998   0x08001998   0x00000018   Code   RO         1099    i.RCC_APB2PeriphClockCmd  stm32f4xx_rcc.o
    0x080019b0   0x080019b0   0x00000018   Code   RO         1101    i.RCC_APB2PeriphResetCmd  stm32f4xx_rcc.o
    0x080019c8   0x080019c8   0x00000094   Code   RO         1108    i.RCC_GetClocksFreq  stm32f4xx_rcc.o
    0x08001a5c   0x08001a5c   0x00000048   Code   RO          223    i.RangingInit       ranging.o
    0x08001aa4   0x08001aa4   0x00000004   Code   RO         2740    i.SEGGER_RTT_Init   segger_rtt.o
    0x08001aa8   0x08001aa8   0x00000038   Code   RO         2753    i.SEGGER_RTT_Write  segger_rtt.o
    0x08001ae0   0x08001ae0   0x0000005c   Code   RO         2754    i.SEGGER_RTT_WriteNoLock  segger_rtt.o
    0x08001b3c   0x08001b3c   0x00000016   Code   RO         2920    i.SEGGER_RTT_printf  segger_rtt_printf.o
    0x08001b52   0x08001b52   0x0000017e   Code   RO         2921    i.SEGGER_RTT_vprintf  segger_rtt_printf.o
    0x08001cd0   0x08001cd0   0x00000014   Code   RO         1824    i.SPI_Cmd           stm32f4xx_spi.o
    0x08001ce4   0x08001ce4   0x00000084   Code   RO         1831    i.SPI_I2S_DeInit    stm32f4xx_spi.o
    0x08001d68   0x08001d68   0x00000038   Code   RO         1837    i.SPI_Init          stm32f4xx_spi.o
    0x08001da0   0x08001da0   0x00000012   Code   RO         2102    i.SPI_RW            stm32f4_spi.o
    0x08001db2   0x08001db2   0x00000002   Code   RO         2654    i.SVC_Handler       kdwm1000_it.o
    0x08001db4   0x08001db4   0x000000c4   Code   RO         2129    i.Serial_Config     serial.o
    0x08001e78   0x08001e78   0x00000074   Code   RO         1001    i.SetSysClock       system_stm32f4xx.o
    0x08001eec   0x08001eec   0x00000004   Code   RO         2655    i.SysTick_Handler   kdwm1000_it.o
    0x08001ef0   0x08001ef0   0x0000005c   Code   RO         1003    i.SystemInit        system_stm32f4xx.o
    0x08001f4c   0x08001f4c   0x0000000c   Code   RO         2051    i.UART_SendByte     stm32f4_usart.o
    0x08001f58   0x08001f58   0x000001d0   Code   RO         2656    i.USART1_IRQHandler  kdwm1000_it.o
    0x08002128   0x08002128   0x00000006   Code   RO         1626    i.USART_ClearFlag   stm32f4xx_usart.o
    0x0800212e   0x0800212e   0x00000014   Code   RO         1630    i.USART_Cmd         stm32f4xx_usart.o
    0x08002142   0x08002142   0x0000003e   Code   RO         1634    i.USART_GetITStatus  stm32f4xx_usart.o
    0x08002180   0x08002180   0x00000030   Code   RO         1636    i.USART_ITConfig    stm32f4xx_usart.o
    0x080021b0   0x080021b0   0x000000ac   Code   RO         1637    i.USART_Init        stm32f4xx_usart.o
    0x0800225c   0x0800225c   0x00000002   Code   RO         2657    i.UsageFault_Handler  kdwm1000_it.o
    0x0800225e   0x0800225e   0x00000002   PAD
    0x08002260   0x08002260   0x00000068   Code   RO         2758    i._DoInit           segger_rtt.o
    0x080022c8   0x080022c8   0x00000016   Code   RO         2759    i._GetAvailWriteSpace  segger_rtt.o
    0x080022de   0x080022de   0x000000c4   Code   RO         2922    i._PrintInt         segger_rtt_printf.o
    0x080023a2   0x080023a2   0x00000002   PAD
    0x080023a4   0x080023a4   0x000000cc   Code   RO         2923    i._PrintUnsigned    segger_rtt_printf.o
    0x08002470   0x08002470   0x0000003e   Code   RO         2924    i._StoreChar        segger_rtt_printf.o
    0x080024ae   0x080024ae   0x0000005a   Code   RO         2761    i._WriteBlocking    segger_rtt.o
    0x08002508   0x08002508   0x00000042   Code   RO         2762    i._WriteNoCheck     segger_rtt.o
    0x0800254a   0x0800254a   0x00000002   PAD
    0x0800254c   0x0800254c   0x00000020   Code   RO         3312    i.__0printf         mc_w.l(printfa.o)
    0x0800256c   0x0800256c   0x00000028   Code   RO         3314    i.__0sprintf        mc_w.l(printfa.o)
    0x08002594   0x08002594   0x00000008   Code   RO         3414    i.__aeabi_errno_addr  mc_w.l(errno.o)
    0x0800259c   0x0800259c   0x0000000e   Code   RO         3479    i.__scatterload_copy  mc_w.l(handlers.o)
    0x080025aa   0x080025aa   0x00000002   Code   RO         3480    i.__scatterload_null  mc_w.l(handlers.o)
    0x080025ac   0x080025ac   0x0000000e   Code   RO         3481    i.__scatterload_zeroinit  mc_w.l(handlers.o)
    0x080025ba   0x080025ba   0x00000030   Code   RO         2365    i._dwt_configlde    deca_device.o
    0x080025ea   0x080025ea   0x00000002   PAD
    0x080025ec   0x080025ec   0x00000184   Code   RO         3319    i._fp_digits        mc_w.l(printfa.o)
    0x08002770   0x08002770   0x000006dc   Code   RO         3320    i._printf_core      mc_w.l(printfa.o)
    0x08002e4c   0x08002e4c   0x00000024   Code   RO         3321    i._printf_post_padding  mc_w.l(printfa.o)
    0x08002e70   0x08002e70   0x0000002e   Code   RO         3322    i._printf_pre_padding  mc_w.l(printfa.o)
    0x08002e9e   0x08002e9e   0x0000000a   Code   RO         3324    i._sputc            mc_w.l(printfa.o)
    0x08002ea8   0x08002ea8   0x00000040   Code   RO          764    i._uLLFramePacket   ulldriver.o
    0x08002ee8   0x08002ee8   0x0000003c   Code   RO          765    i._uLLFrameParse    ulldriver.o
    0x08002f24   0x08002f24   0x00000088   Code   RO          271    i._uPTAllocRespons  uregister.o
    0x08002fac   0x08002fac   0x0000012c   Code   RO          272    i._uPTDeviceSignin  uregister.o
    0x080030d8   0x080030d8   0x00000024   Code   RO          933    i._uPTRangingSendPoll  uptranging.o
    0x080030fc   0x080030fc   0x00000028   Code   RO          934    i._uPTRangingSendResp  uptranging.o
    0x08003124   0x08003124   0x00000016   Code   RO          936    i._uPTRangingWaitRespons  uptranging.o
    0x0800313a   0x0800313a   0x00000002   PAD
    0x0800313c   0x0800313c   0x00000144   Code   RO          273    i._uPTWaitDeviceRegister  uregister.o
    0x08003280   0x08003280   0x000000d8   Code   RO          455    i._uSVShellCmdLs    usvshell.o
    0x08003358   0x08003358   0x0000004c   Code   RO          456    i._uSVShellCmdPing  usvshell.o
    0x080033a4   0x080033a4   0x00000094   Code   RO          457    i._uSVShellCmdScan  usvshell.o
    0x08003438   0x08003438   0x000000f4   Code   RO          458    i._uSVShellCmdSet   usvshell.o
    0x0800352c   0x0800352c   0x000000a0   Code   RO          459    i._uSVShellLogInsert  usvshell.o
    0x080035cc   0x080035cc   0x00000210   Code   RO         2371    i.dwt_configure     deca_device.o
    0x080037dc   0x080037dc   0x00000024   Code   RO         2372    i.dwt_entersleepaftertx  deca_device.o
    0x08003800   0x08003800   0x00000054   Code   RO         2373    i.dwt_forcetrxoff   deca_device.o
    0x08003854   0x08003854   0x0000014c   Code   RO         2374    i.dwt_initialise    deca_device.o
    0x080039a0   0x080039a0   0x00000012   Code   RO         2375    i.dwt_readrxdata    deca_device.o
    0x080039b2   0x080039b2   0x0000000c   Code   RO         2376    i.dwt_readrxtimestamp  deca_device.o
    0x080039be   0x080039be   0x0000000c   Code   RO         2378    i.dwt_readtxtimestamp  deca_device.o
    0x080039ca   0x080039ca   0x00000050   Code   RO         2381    i.dwt_rxenable      deca_device.o
    0x08003a1a   0x08003a1a   0x00000028   Code   RO         2382    i.dwt_rxreset       deca_device.o
    0x08003a42   0x08003a42   0x0000000a   Code   RO         2383    i.dwt_setdelayedtrxtime  deca_device.o
    0x08003a4c   0x08003a4c   0x00000022   Code   RO         2384    i.dwt_setrxaftertxdelay  deca_device.o
    0x08003a6e   0x08003a6e   0x00000002   PAD
    0x08003a70   0x08003a70   0x00000058   Code   RO         2386    i.dwt_setrxtimeout  deca_device.o
    0x08003ac8   0x08003ac8   0x00000094   Code   RO         2388    i.dwt_starttx       deca_device.o
    0x08003b5c   0x08003b5c   0x00000034   Code   RO         2389    i.dwt_syncrxbufptrs  deca_device.o
    0x08003b90   0x08003b90   0x00000022   Code   RO         2390    i.dwt_writetxdata   deca_device.o
    0x08003bb2   0x08003bb2   0x00000002   PAD
    0x08003bb4   0x08003bb4   0x0000001c   Code   RO         2391    i.dwt_writetxfctrl  deca_device.o
    0x08003bd0   0x08003bd0   0x00000014   Code   RO         2140    i.fputc             serial.o
    0x08003be4   0x08003be4   0x00000050   Code   RO         3340    i.free              mc_w.l(malloc.o)
    0x08003c34   0x08003c34   0x00000048   Code   RO          585    i.inet_aton         conversion.o
    0x08003c7c   0x08003c7c   0x00000028   Code   RO          586    i.inet_ntoa         conversion.o
    0x08003ca4   0x08003ca4   0x00000026   Code   RO          617    i.list_delete_node  stdplus_linklist.o
    0x08003cca   0x08003cca   0x00000004   Code   RO          618    i.list_free         stdplus_linklist.o
    0x08003cce   0x08003cce   0x00000008   Code   RO          619    i.list_new          stdplus_linklist.o
    0x08003cd6   0x08003cd6   0x00000026   Code   RO          620    i.listnode_add      stdplus_linklist.o
    0x08003cfc   0x08003cfc   0x0000000a   Code   RO          624    i.listnode_head     stdplus_linklist.o
    0x08003d06   0x08003d06   0x00000008   Code   RO          626    i.listnode_new      stdplus_linklist.o
    0x08003d0e   0x08003d0e   0x00000002   PAD
    0x08003d10   0x08003d10   0x000000cc   Code   RO           13    i.main              main.o
    0x08003ddc   0x08003ddc   0x0000006c   Code   RO         3341    i.malloc            mc_w.l(malloc.o)
    0x08003e48   0x08003e48   0x0000007c   Code   RO          766    i.uLLDelayMs        ulldriver.o
    0x08003ec4   0x08003ec4   0x00000098   Code   RO          768    i.uLLFrameRecv      ulldriver.o
    0x08003f5c   0x08003f5c   0x000000a0   Code   RO          770    i.uLLFrameSend      ulldriver.o
    0x08003ffc   0x08003ffc   0x000000a4   Code   RO          771    i.uLLFrameSendDelayed  ulldriver.o
    0x080040a0   0x080040a0   0x0000002a   Code   RO          870    i.uLLFrameSendEx    ullpacket.o
    0x080040ca   0x080040ca   0x00000002   PAD
    0x080040cc   0x080040cc   0x000000a0   Code   RO          772    i.uLLFrameSendExpResp  ulldriver.o
    0x0800416c   0x0800416c   0x00000050   Code   RO          872    i.uLLFrameWaitData  ullpacket.o
    0x080041bc   0x080041bc   0x0000004e   Code   RO          873    i.uLLFrameWaitEx    ullpacket.o
    0x0800420a   0x0800420a   0x0000004a   Code   RO          876    i.uLLFrameWaitInAddrEx  ullpacket.o
    0x08004254   0x08004254   0x0000007c   Code   RO          773    i.uLLGetRxTimeStamp  ulldriver.o
    0x080042d0   0x080042d0   0x0000007c   Code   RO          774    i.uLLGetTxTimeStamp  ulldriver.o
    0x0800434c   0x0800434c   0x00000060   Code   RO          775    i.uLLInit           ulldriver.o
    0x080043ac   0x080043ac   0x00000080   Code   RO          777    i.uLLUserInterfaceRegister  ulldriver.o
    0x0800442c   0x0800442c   0x00000094   Code   RO          709    i.uPTGetConfigure   ustatemaintenance.o
    0x080044c0   0x080044c0   0x00000028   Code   RO          710    i.uPTGetConfigureRespons  ustatemaintenance.o
    0x080044e8   0x080044e8   0x000000d0   Code   RO          711    i.uPTPing           ustatemaintenance.o
    0x080045b8   0x080045b8   0x0000001a   Code   RO          712    i.uPTPingRespons    ustatemaintenance.o
    0x080045d2   0x080045d2   0x00000002   PAD
    0x080045d4   0x080045d4   0x0000019c   Code   RO          937    i.uPTRangingCyle    uptranging.o
    0x08004770   0x08004770   0x00000040   Code   RO          938    i.uPTRangingRespinsHandle  uptranging.o
    0x080047b0   0x080047b0   0x00000030   Code   RO          939    i.uPTRangingRespons  uptranging.o
    0x080047e0   0x080047e0   0x000000e0   Code   RO          274    i.uPTReSignin       uregister.o
    0x080048c0   0x080048c0   0x00000056   Code   RO          275    i.uPTRegisterCycle  uregister.o
    0x08004916   0x08004916   0x00000002   PAD
    0x08004918   0x08004918   0x000000a8   Code   RO          276    i.uPTRegisterRespons  uregister.o
    0x080049c0   0x080049c0   0x00000050   Code   RO          713    i.uPTSetConfigure   ustatemaintenance.o
    0x08004a10   0x08004a10   0x00000030   Code   RO          714    i.uPTSetConfigureRespons  ustatemaintenance.o
    0x08004a40   0x08004a40   0x0000001a   Code   RO          277    i.uPTSigninRespons  uregister.o
    0x08004a5a   0x08004a5a   0x00000002   PAD
    0x08004a5c   0x08004a5c   0x00000130   Code   RO          353    i.uSVIdle           uidle.o
    0x08004b8c   0x08004b8c   0x0000005c   Code   RO          397    i.uSVManagerInit    usvmanager.o
    0x08004be8   0x08004be8   0x00000054   Code   RO          460    i.uSVShellInit      usvshell.o
    0x08004c3c   0x08004c3c   0x000001c0   Code   RO          461    i.uSVShellPrase     usvshell.o
    0x08004dfc   0x08004dfc   0x00000008   Data   RO         2564    .constdata          deca_params.o
    0x08004e04   0x08004e04   0x00000018   Data   RO         2565    .constdata          deca_params.o
    0x08004e1c   0x08004e1c   0x0000001e   Data   RO         2566    .constdata          deca_params.o
    0x08004e3a   0x08004e3a   0x00000002   Data   RO         2567    .constdata          deca_params.o
    0x08004e3c   0x08004e3c   0x00000008   Data   RO         2568    .constdata          deca_params.o
    0x08004e44   0x08004e44   0x00000003   Data   RO         2569    .constdata          deca_params.o
    0x08004e47   0x08004e47   0x00000001   PAD
    0x08004e48   0x08004e48   0x0000000c   Data   RO         2570    .constdata          deca_params.o
    0x08004e54   0x08004e54   0x00000004   Data   RO         2571    .constdata          deca_params.o
    0x08004e58   0x08004e58   0x00000020   Data   RO         2572    .constdata          deca_params.o
    0x08004e78   0x08004e78   0x00000032   Data   RO         2573    .constdata          deca_params.o
    0x08004eaa   0x08004eaa   0x00000010   Data   RO         2925    .constdata          segger_rtt_printf.o
    0x08004eba   0x08004eba   0x00000081   Data   RO         3443    .constdata          mc_w.l(ctype_o.o)
    0x08004f3b   0x08004f3b   0x00000001   PAD
    0x08004f3c   0x08004f3c   0x00000004   Data   RO         3444    .constdata          mc_w.l(ctype_o.o)
    0x08004f40   0x08004f40   0x00000266   Data   RO          463    .conststring        usvshell.o
    0x080051a6   0x080051a6   0x00000002   PAD
    0x080051a8   0x080051a8   0x00000020   Data   RO         3477    Region$$Table       anon$$obj.o


    Execution Region RW_IRAM1 (Exec base: 0x20000000, Load base: 0x080051c8, Size: 0x0000d8f0, Max: 0x00020000, ABSOLUTE)

    Exec Addr    Load Addr    Size         Type   Attr      Idx    E Section Name        Object

    0x20000000   0x080051c8   0x0000000b   Data   RW          224    .data               ranging.o
    0x2000000b   0x080051d3   0x00000001   PAD
    0x2000000c   0x080051d4   0x00000004   Data   RW          401    .data               usvmanager.o
    0x20000010   0x080051d8   0x00000004   Data   RW          464    .data               usvshell.o
    0x20000014   0x080051dc   0x0000000c   Data   RW          778    .data               ulldriver.o
    0x20000020   0x080051e8   0x00000028   Data   RW          940    .data               uptranging.o
    0x20000048   0x08005210   0x00000014   Data   RW         1004    .data               system_stm32f4xx.o
    0x2000005c   0x08005224   0x00000010   Data   RW         1138    .data               stm32f4xx_rcc.o
    0x2000006c   0x08005234   0x00000004   Data   RW         1991    .data               stm32f4_delay.o
    0x20000070   0x08005238   0x00000004   Data   RW         2609    .data               kdwm1000_bsp.o
    0x20000074   0x0800523c   0x00000008   Data   RW         2658    .data               kdwm1000_it.o
    0x2000007c   0x08005244   0x00000004   Data   RW         3059    .data               mc_w.l(stdout.o)
    0x20000080   0x08005248   0x00000004   Data   RW         3061    .data               mc_w.l(rand.o)
    0x20000084   0x0800524c   0x00000004   Data   RW         3412    .data               mc_w.l(mvars.o)
    0x20000088   0x08005250   0x00000004   Data   RW         3413    .data               mc_w.l(mvars.o)
    0x2000008c   0x08005254   0x00000004   Data   RW         3417    .data               mc_w.l(errno.o)
    0x20000090        -       0x00000330   Zero   RW          278    .bss                uregister.o
    0x200003c0        -       0x0000001c   Zero   RW          400    .bss                usvmanager.o
    0x200003dc        -       0x00002010   Zero   RW          462    .bss                usvshell.o
    0x200023ec        -       0x00000010   Zero   RW          877    .bss                ullpacket.o
    0x200023fc        -       0x0000003c   Zero   RW         2392    .bss                deca_device.o
    0x20002438        -       0x000004b8   Zero   RW         2763    .bss                segger_rtt.o
    0x200028f0        -       0x00007000   Zero   RW          992    HEAP                startup_stm32f411xe.o
    0x200098f0        -       0x00004000   Zero   RW          991    STACK               startup_stm32f411xe.o


==============================================================================

Image component sizes


      Code (inc. data)   RO Data    RW Data    ZI Data      Debug   Object Name

       112         28          0          0          0       1296   conversion.o
      1584         78          0          0         60      14907   deca_device.o
         0          0        173          0          0      16847   deca_params.o
      1128         50          0          0          0      11234   dw1000.o
       268         18          0          4          0       1915   kdwm1000_bsp.o
       484         58          0          8          0       5376   kdwm1000_it.o
       714        130          0          0          0     255402   main.o
       120         14          0          0          0       1675   misc.o
        72          6          0         11          0       1886   ranging.o
       434         40          0          0       1208       8884   segger_rtt.o
       866          4         16          0          0       6373   segger_rtt_printf.o
       216         16          0          0          0       1232   serial.o
        36          8        408          0      45056        836   startup_stm32f411xe.o
       106          0          0          0          0       3719   stdplus_linklist.o
       260          0          0          0          0       7400   stdplus_queue.o
       132         20          0          4          0      28711   stm32f4_delay.o
        18          0          0          0          0        857   stm32f4_spi.o
        12          0          0          0          0       1063   stm32f4_usart.o
       152          0          0          0          0       1887   stm32f4xx_gpio.o
       268         46          0         16          0       6229   stm32f4xx_rcc.o
       208         24          0          0          0       2614   stm32f4xx_spi.o
       308          8          0          0          0       4684   stm32f4xx_usart.o
       208         36          0         20          0       1741   system_stm32f4xx.o
       304          8          0          0          0       1687   uidle.o
      1356        630          0         12          0       9912   ulldriver.o
       274          4          0          0         16       4284   ullpacket.o
       622         96          0         40          0       4827   uptranging.o
      1264        262          0          0        816      12404   uregister.o
       550        176          0          0          0       4657   ustatemaintenance.o
        92         24          0          4         28       1604   usvmanager.o
      1376        528        614          4       8208       6232   usvshell.o

    ----------------------------------------------------------------------
     13580       2312       1246        124      55392     432375   Object Totals
         0          0         32          0          0          0   (incl. Generated)
        36          0          3          1          0          0   (incl. Padding)

    ----------------------------------------------------------------------

      Code (inc. data)   RO Data    RW Data    ZI Data      Debug   Library Member Name

        56          8          0          0          0         84   __0sscanf.o
        28          0          0          0          0         68   _chval.o
       812          4          0          0          0        112   _scanf.o
       332          0          0          0          0         96   _scanf_int.o
        64          0          0          0          0         84   _sgetc.o
       158          0          0          0          0         92   _strtoul.o
        26          0          0          0          0         80   atoi.o
        28          0          0          0          0         76   calloc.o
         8          4        133          0          0         68   ctype_o.o
         0          0          0          0          0          0   entry.o
         0          0          0          0          0          0   entry10a.o
         0          0          0          0          0          0   entry11a.o
         8          4          0          0          0          0   entry2.o
         4          0          0          0          0          0   entry5.o
         0          0          0          0          0          0   entry7b.o
         0          0          0          0          0          0   entry8b.o
         8          4          0          0          0          0   entry9a.o
         8          4          0          4          0         68   errno.o
        30          0          0          0          0          0   handlers.o
        36          8          0          0          0         68   init.o
        18          0          0          0          0         76   isspace_o.o
         0          0          0          0          0          0   iusefp.o
        30          0          0          0          0         68   llshl.o
        36          0          0          0          0         68   llsshr.o
        32          0          0          0          0         68   llushr.o
       188         20          0          0          0        160   malloc.o
        36          0          0          0          0         68   memcpya.o
        36          0          0          0          0        108   memseta.o
         0          0          0          8          0          0   mvars.o
      2308         96          0          0          0        604   printfa.o
        36         10          0          4          0        136   rand.o
        40          8          0          0          0         84   scanf_char.o
         0          0          0          4          0          0   stdout.o
        24          0          0          0          0         68   strcat.o
        28          0          0          0          0         76   strcmp.o
        18          0          0          0          0         68   strcpy.o
        14          0          0          0          0         68   strlen.o
        30          0          0          0          0         80   strncmp.o
       112          0          0          0          0         88   strtol.o
        44          0          0          0          0         80   uidiv.o
        98          0          0          0          0         92   uldiv.o
        48          0          0          0          0         68   cdcmple.o
        48          0          0          0          0         68   cdrcmple.o
       334          0          0          0          0        148   dadd.o
       222          0          0          0          0        100   ddiv.o
       186          0          0          0          0        176   depilogue.o
        62          0          0          0          0         80   dfixi.o
        48          0          0          0          0         68   dfixul.o
        24          0          0          0          0         76   dfltul.o
       228          0          0          0          0         96   dmul.o
        38          0          0          0          0         68   f2d.o

    ----------------------------------------------------------------------
      5976        170        134         20          0       3904   Library Totals
         4          0          1          0          0          0   (incl. Padding)

    ----------------------------------------------------------------------

      Code (inc. data)   RO Data    RW Data    ZI Data      Debug   Library Name

      4734        170        133         20          0       2956   mc_w.l
      1238          0          0          0          0        948   mf_w.l

    ----------------------------------------------------------------------
      5976        170        134         20          0       3904   Library Totals

    ----------------------------------------------------------------------

==============================================================================


      Code (inc. data)   RO Data    RW Data    ZI Data      Debug   

     19556       2482       1380        144      55392     419599   Grand Totals
     19556       2482       1380        144      55392     419599   ELF Image Totals
     19556       2482       1380        144          0          0   ROM Totals

==============================================================================

    Total RO  Size (Code + RO Data)                20936 (  20.45kB)
    Total RW  Size (RW Data + ZI Data)             55536 (  54.23kB)
    Total ROM Size (Code + RO Data + RW Data)      21080 (  20.59kB)

==============================================================================

