Component: ARM Compiler 5.06 update 6 (build 750) Tool: armlink [4d35ed]

==============================================================================

Section Cross References

    startup_stm32f411xe.o(RESET) refers to startup_stm32f411xe.o(STACK) for __initial_sp
    startup_stm32f411xe.o(RESET) refers to startup_stm32f411xe.o(.text) for Reset_Handler
    startup_stm32f411xe.o(RESET) refers to kdwm1000_it.o(i.NMI_Handler) for NMI_Handler
    startup_stm32f411xe.o(RESET) refers to kdwm1000_it.o(i.HardFault_Handler) for HardFault_Handler
    startup_stm32f411xe.o(RESET) refers to kdwm1000_it.o(i.MemManage_Handler) for MemManage_Handler
    startup_stm32f411xe.o(RESET) refers to kdwm1000_it.o(i.BusFault_Handler) for BusFault_Handler
    startup_stm32f411xe.o(RESET) refers to kdwm1000_it.o(i.UsageFault_Handler) for UsageFault_Handler
    startup_stm32f411xe.o(RESET) refers to kdwm1000_it.o(i.SVC_Handler) for SVC_Handler
    startup_stm32f411xe.o(RESET) refers to kdwm1000_it.o(i.DebugMon_Handler) for DebugMon_Handler
    startup_stm32f411xe.o(RESET) refers to kdwm1000_it.o(i.PendSV_Handler) for PendSV_Handler
    startup_stm32f411xe.o(RESET) refers to kdwm1000_it.o(i.SysTick_Handler) for SysTick_Handler
    startup_stm32f411xe.o(RESET) refers to kdwm1000_it.o(i.USART1_IRQHandler) for USART1_IRQHandler
    startup_stm32f411xe.o(.text) refers to system_stm32f4xx.o(i.SystemInit) for SystemInit
    startup_stm32f411xe.o(.text) refers to entry.o(.ARM.Collect$$$$00000000) for __main
    system_stm32f4xx.o(i.SystemCoreClockUpdate) refers to system_stm32f4xx.o(.data) for .data
    system_stm32f4xx.o(i.SystemInit) refers to system_stm32f4xx.o(i.SetSysClock) for SetSysClock
    stm32f4xx_rcc.o(i.RCC_GetClocksFreq) refers to stm32f4xx_rcc.o(.data) for .data
    stm32f4xx_rcc.o(i.RCC_WaitForHSEStartUp) refers to stm32f4xx_rcc.o(i.RCC_GetFlagStatus) for RCC_GetFlagStatus
    stm32f4xx_syscfg.o(i.SYSCFG_DeInit) refers to stm32f4xx_rcc.o(i.RCC_APB2PeriphResetCmd) for RCC_APB2PeriphResetCmd
    stm32f4xx_gpio.o(i.GPIO_DeInit) refers to stm32f4xx_rcc.o(i.RCC_AHB1PeriphResetCmd) for RCC_AHB1PeriphResetCmd
    stm32f4xx_usart.o(i.USART_DeInit) refers to stm32f4xx_rcc.o(i.RCC_APB2PeriphResetCmd) for RCC_APB2PeriphResetCmd
    stm32f4xx_usart.o(i.USART_DeInit) refers to stm32f4xx_rcc.o(i.RCC_APB1PeriphResetCmd) for RCC_APB1PeriphResetCmd
    stm32f4xx_usart.o(i.USART_Init) refers to stm32f4xx_rcc.o(i.RCC_GetClocksFreq) for RCC_GetClocksFreq
    stm32f4xx_spi.o(i.SPI_I2S_DeInit) refers to stm32f4xx_rcc.o(i.RCC_APB1PeriphResetCmd) for RCC_APB1PeriphResetCmd
    stm32f4xx_spi.o(i.SPI_I2S_DeInit) refers to stm32f4xx_rcc.o(i.RCC_APB2PeriphResetCmd) for RCC_APB2PeriphResetCmd
    stm32f4_delay.o(i.HAL_Delay) refers to stm32f4_delay.o(.data) for .data
    stm32f4_delay.o(i.HAL_GetTick) refers to stm32f4_delay.o(.data) for .data
    stm32f4_delay.o(i.HAL_IncTick) refers to stm32f4_delay.o(.data) for .data
    stm32f4_delay.o(i.HAL_InitTick) refers to misc.o(i.NVIC_PriorityGroupConfig) for NVIC_PriorityGroupConfig
    stm32f4_delay.o(i.HAL_InitTick) refers to misc.o(i.NVIC_Init) for NVIC_Init
    stm32f4_delay.o(i.HAL_InitTick) refers to system_stm32f4xx.o(.data) for SystemCoreClock
    stm32f4_usart.o(i.UART_RecvByteWTO) refers to stm32f4_delay.o(i.HAL_Delay) for HAL_Delay
    stm32f4_usart.o(i.UART_RecvData) refers to stm32f4_usart.o(i.UART_RecvByte) for UART_RecvByte
    stm32f4_usart.o(i.UART_RecvDataWTO) refers to stm32f4_usart.o(i.UART_RecvByteWTO) for UART_RecvByteWTO
    stm32f4_usart.o(i.UART_SendData) refers to stm32f4_usart.o(i.UART_SendByte) for UART_SendByte
    main.o(i.main) refers to system_stm32f4xx.o(i.SystemInit) for SystemInit
    main.o(i.main) refers to stm32f4_delay.o(i.HAL_InitTick) for HAL_InitTick
    main.o(i.main) refers to kdwm1000.o(i.KDWM_Init) for KDWM_Init
    main.o(i.main) refers to kdwm1000.o(i.KDWM_Loop) for KDWM_Loop
    kdwm1000.o(i.KDWM_Init) refers to kdwm1000_bsp.o(i.KDWM_GPIO_Config) for KDWM_GPIO_Config
    kdwm1000.o(i.KDWM_Init) refers to kdwm1000_bsp.o(i.KDWM_UART_Config) for KDWM_UART_Config
    kdwm1000.o(i.KDWM_Init) refers to kdwm1000_bsp.o(i.KDWM_DW1000_Config) for KDWM_DW1000_Config
    kdwm1000.o(i.KDWM_Init) refers to dw1000.o(i.DW1000_Reset) for DW1000_Reset
    kdwm1000.o(i.KDWM_Init) refers to deca_device.o(i.dwt_initialise) for dwt_initialise
    kdwm1000.o(i.KDWM_Init) refers to deca_device.o(i.dwt_configure) for dwt_configure
    kdwm1000.o(i.KDWM_Init) refers to dw1000.o(i.DW1000_SetAntennaDelayRX) for DW1000_SetAntennaDelayRX
    kdwm1000.o(i.KDWM_Init) refers to dw1000.o(i.DW1000_SetAntennaDelayTX) for DW1000_SetAntennaDelayTX
    kdwm1000.o(i.KDWM_Init) refers to kdwm1000.o(.data) for .data
    kdwm1000_bsp.o(i.KDWM_DW1000_Config) refers to dw1000.o(i.DW1000_Config) for DW1000_Config
    kdwm1000_bsp.o(i.KDWM_DW1000_Config) refers to stm32f4_delay.o(i.HAL_Delay) for HAL_Delay
[...]
    deca_device.o(i._dwt_aonarrayupload) refers to dw1000.o(i.DW1000_writeData) for DW1000_writeData
    deca_device.o(i._dwt_aonconfigupload) refers to dw1000.o(i.DW1000_writeData) for DW1000_writeData
    deca_device.o(i._dwt_configlde) refers to dw1000.o(i.DW1000_writeData) for DW1000_writeData
    deca_device.o(i._dwt_configlde) refers to dw1000.o(i.DW1000_writeData16) for DW1000_writeData16
    deca_device.o(i._dwt_disablesequencing) refers to dw1000.o(i.DW1000_SetClock) for DW1000_SetClock
    deca_device.o(i._dwt_disablesequencing) refers to dw1000.o(i.DW1000_writeData16) for DW1000_writeData16
    deca_device.o(i._dwt_otpprogword32) refers to dw1000.o(i.DW1000_readData) for DW1000_readData
    deca_device.o(i._dwt_otpprogword32) refers to dw1000.o(i.DW1000_writeData) for DW1000_writeData
    deca_device.o(i._dwt_otpprogword32) refers to stm32f4_delay.o(i.HAL_Delay) for HAL_Delay
    deca_device.o(i._dwt_otpsetmrregs) refers to dw1000.o(i.DW1000_writeData) for DW1000_writeData
    deca_device.o(i._dwt_otpsetmrregs) refers to stm32f4_delay.o(i.HAL_Delay) for HAL_Delay
    deca_device.o(i._dwt_otpsetmrregs) refers to dw1000.o(i.DW1000_readData) for DW1000_readData
    deca_device.o(i.dwt_configcontinuousframemode) refers to deca_device.o(i._dwt_disablesequencing) for _dwt_disablesequencing
    deca_device.o(i.dwt_configcontinuousframemode) refers to dw1000.o(i.DW1000_writeData32) for DW1000_writeData32
    deca_device.o(i.dwt_configcontinuousframemode) refers to dw1000.o(i.DW1000_SetClock) for DW1000_SetClock
    deca_device.o(i.dwt_configcontinuousframemode) refers to dw1000.o(i.DW1000_writeData) for DW1000_writeData
    deca_device.o(i.dwt_configcwmode) refers to deca_device.o(i._dwt_disablesequencing) for _dwt_disablesequencing
    deca_device.o(i.dwt_configcwmode) refers to dw1000.o(i.DW1000_writeData) for DW1000_writeData
    deca_device.o(i.dwt_configcwmode) refers to dw1000.o(i.DW1000_writeData32) for DW1000_writeData32
    deca_device.o(i.dwt_configcwmode) refers to dw1000.o(i.DW1000_writeData16) for DW1000_writeData16
    deca_device.o(i.dwt_configcwmode) refers to deca_params.o(.constdata) for chan_idx
    deca_device.o(i.dwt_configcwmode) refers to deca_params.o(.constdata) for pll2_config
    deca_device.o(i.dwt_configcwmode) refers to deca_params.o(.constdata) for tx_config
    deca_device.o(i.dwt_configure) refers to dw1000.o(i.DW1000_writeData32) for DW1000_writeData32
    deca_device.o(i.dwt_configure) refers to dw1000.o(i.DW1000_writeData16) for DW1000_writeData16
    deca_device.o(i.dwt_configure) refers to deca_device.o(i._dwt_configlde) for _dwt_configlde
    deca_device.o(i.dwt_configure) refers to dw1000.o(i.DW1000_writeData) for DW1000_writeData
    deca_device.o(i.dwt_configure) refers to deca_params.o(.constdata) for lde_replicaCoeff
    deca_device.o(i.dwt_configure) refers to deca_device.o(.bss) for .bss
    deca_device.o(i.dwt_configure) refers to deca_params.o(.constdata) for chan_idx
    deca_device.o(i.dwt_configure) refers to deca_params.o(.constdata) for pll2_config
    deca_device.o(i.dwt_configure) refers to deca_params.o(.constdata) for rx_config
    deca_device.o(i.dwt_configure) refers to deca_params.o(.constdata) for tx_config
    deca_device.o(i.dwt_configure) refers to deca_params.o(.constdata) for sftsh
    deca_device.o(i.dwt_configure) refers to deca_params.o(.constdata) for dtune1
    deca_device.o(i.dwt_configure) refers to deca_params.o(.constdata) for digital_bb_config
    deca_device.o(i.dwt_configure) refers to deca_params.o(.constdata) for agc_config
    deca_device.o(i.dwt_configure) refers to deca_params.o(.constdata) for dwnsSFDlen
    deca_device.o(i.dwt_entersleepaftertx) refers to dw1000.o(i.DW1000_readData32) for DW1000_readData32
    deca_device.o(i.dwt_entersleepaftertx) refers to dw1000.o(i.DW1000_writeData32) for DW1000_writeData32
    deca_device.o(i.dwt_forcetrxoff) refers to dw1000.o(i.DW1000_readData32) for DW1000_readData32
    deca_device.o(i.dwt_forcetrxoff) refers to dw1000.o(i.DW1000_writeData32) for DW1000_writeData32
    deca_device.o(i.dwt_forcetrxoff) refers to dw1000.o(i.DW1000_writeData) for DW1000_writeData
    deca_device.o(i.dwt_forcetrxoff) refers to deca_device.o(i.dwt_syncrxbufptrs) for dwt_syncrxbufptrs
    deca_device.o(i.dwt_forcetrxoff) refers to deca_device.o(.bss) for .bss
    deca_device.o(i.dwt_initialise) refers to dw1000.o(i.DW1000_GetDeviceID) for DW1000_GetDeviceID
    deca_device.o(i.dwt_initialise) refers to dw1000.o(i.DW1000_SetClock) for DW1000_SetClock
    deca_device.o(i.dwt_initialise) refers to dw1000.o(i.DW1000_writeData) for DW1000_writeData
    deca_device.o(i.dwt_initialise) refers to dw1000.o(i.DW1000_ReadOPT) for DW1000_ReadOPT
    deca_device.o(i.dwt_initialise) refers to dw1000.o(i.DW1000_SetCrystalTrim) for DW1000_SetCrystalTrim
    deca_device.o(i.dwt_initialise) refers to dw1000.o(i.DW1000_readData) for DW1000_readData
    deca_device.o(i.dwt_initialise) refers to stm32f4_delay.o(i.HAL_Delay) for HAL_Delay
    deca_device.o(i.dwt_initialise) refers to dw1000.o(i.DW1000_readData32) for DW1000_readData32
    deca_device.o(i.dwt_initialise) refers to dw1000.o(i.DW1000_writeData32) for DW1000_writeData32
    deca_device.o(i.dwt_initialise) refers to dw1000.o(i.DW1000_writeData16) for DW1000_writeData16
    deca_device.o(i.dwt_initialise) refers to dw1000.o(i.DW1000_SetSpeed) for DW1000_SetSpeed
    deca_device.o(i.dwt_initialise) refers to deca_device.o(.bss) for .bss
    deca_device.o(i.dwt_readrxdata) refers to dw1000.o(i.DW1000_readData) for DW1000_readData
    deca_device.o(i.dwt_readrxtimestamp) refers to dw1000.o(i.DW1000_readData) for DW1000_readData
    deca_device.o(i.dwt_readrxtimestamplo32) refers to dw1000.o(i.DW1000_readData32) for DW1000_readData32
    deca_device.o(i.dwt_readtxtimestamplo32) refers to dw1000.o(i.DW1000_readData32) for DW1000_readData32
    deca_device.o(i.dwt_rxenable) refers to deca_device.o(i.dwt_syncrxbufptrs) for dwt_syncrxbufptrs
    deca_device.o(i.dwt_rxenable) refers to dw1000.o(i.DW1000_writeData16) for DW1000_writeData16
    deca_device.o(i.dwt_rxenable) refers to dw1000.o(i.DW1000_readData) for DW1000_readData
    deca_device.o(i.dwt_rxenable) refers to deca_device.o(i.dwt_forcetrxoff) for dwt_forcetrxoff
    deca_device.o(i.dwt_rxreset) refers to dw1000.o(i.DW1000_writeData) for DW1000_writeData
    deca_device.o(i.dwt_setdelayedtrxtime) refers to dw1000.o(i.DW1000_writeData32) for DW1000_writeData32
    deca_device.o(i.dwt_setrxaftertxdelay) refers to dw1000.o(i.DW1000_readData32) for DW1000_readData32
    deca_device.o(i.dwt_setrxaftertxdelay) refers to dw1000.o(i.DW1000_writeData32) for DW1000_writeData32
    deca_device.o(i.dwt_setrxantennadelay) refers to dw1000.o(i.DW1000_writeData16) for DW1000_writeData16
    deca_device.o(i.dwt_setrxtimeout) refers to dw1000.o(i.DW1000_readData) for DW1000_readData
    deca_device.o(i.dwt_setrxtimeout) refers to dw1000.o(i.DW1000_writeData16) for DW1000_writeData16
    deca_device.o(i.dwt_setrxtimeout) refers to dw1000.o(i.DW1000_writeData) for DW1000_writeData
    deca_device.o(i.dwt_setrxtimeout) refers to deca_device.o(.bss) for .bss
    deca_device.o(i.dwt_settxantennadelay) refers to dw1000.o(i.DW1000_writeData16) for DW1000_writeData16
    deca_device.o(i.dwt_starttx) refers to dw1000.o(i.DW1000_writeData) for DW1000_writeData
    deca_device.o(i.dwt_starttx) refers to dw1000.o(i.DW1000_readData16) for DW1000_readData16
    deca_device.o(i.dwt_starttx) refers to deca_device.o(i.dwt_entersleepaftertx) for dwt_entersleepaftertx
    deca_device.o(i.dwt_starttx) refers to deca_device.o(.bss) for .bss
    deca_device.o(i.dwt_syncrxbufptrs) refers to dw1000.o(i.DW1000_readData) for DW1000_readData
    deca_device.o(i.dwt_syncrxbufptrs) refers to dw1000.o(i.DW1000_writeData) for DW1000_writeData
    deca_device.o(i.dwt_writetxdata) refers to dw1000.o(i.DW1000_writeData) for DW1000_writeData
    deca_device.o(i.dwt_writetxfctrl) refers to dw1000.o(i.DW1000_writeData32) for DW1000_writeData32
    deca_device.o(i.dwt_writetxfctrl) refers to deca_device.o(.bss) for .bss
    deca_params.o(i.dwt_getrangebias) refers to dmul.o(.text) for __aeabi_dmul
    deca_params.o(i.dwt_getrangebias) refers to dfixi.o(.text) for __aeabi_d2iz
    deca_params.o(i.dwt_getrangebias) refers to f2d.o(.text) for __aeabi_f2d
    deca_params.o(i.dwt_getrangebias) refers to deca_params.o(.constdata) for .constdata
    entry.o(.ARM.Collect$$$$00000000) refers (Special) to entry10a.o(.ARM.Collect$$$$0000000D) for __rt_final_cpp
    entry.o(.ARM.Collect$$$$00000000) refers (Special) to entry11a.o(.ARM.Collect$$$$0000000F) for __rt_final_exit
    entry.o(.ARM.Collect$$$$00000000) refers (Special) to entry7b.o(.ARM.Collect$$$$00000008) for _main_clock
    entry.o(.ARM.Collect$$$$00000000) refers (Special) to entry8b.o(.ARM.Collect$$$$0000000A) for _main_cpp_init
    entry.o(.ARM.Collect$$$$00000000) refers (Special) to entry9a.o(.ARM.Collect$$$$0000000B) for _main_init
    entry.o(.ARM.Collect$$$$00000000) refers (Special) to entry5.o(.ARM.Collect$$$$00000004) for _main_scatterload
    entry.o(.ARM.Collect$$$$00000000) refers (Special) to entry2.o(.ARM.Collect$$$$00000001) for _main_stk
    printfb.o(i.__0fprintf$bare) refers to printfb.o(i._printf_core) for _printf_core
    printfb.o(i.__0fprintf$bare) refers to serial.o(i.fputc) for fputc
    printfb.o(i.__0printf$bare) refers to printfb.o(i._printf_core) for _printf_core
    printfb.o(i.__0printf$bare) refers to serial.o(i.fputc) for fputc
    printfb.o(i.__0printf$bare) refers to stdout.o(.data) for __stdout
    printfb.o(i.__0snprintf$bare) refers to printfb.o(i._printf_core) for _printf_core
    printfb.o(i.__0snprintf$bare) refers to printfb.o(i._snputc) for _snputc
    printfb.o(i.__0sprintf$bare) refers to printfb.o(i._printf_core) for _printf_core
    printfb.o(i.__0sprintf$bare) refers to printfb.o(i._sputc) for _sputc
    printfb.o(i.__0vfprintf$bare) refers to printfb.o(i._printf_core) for _printf_core
    printfb.o(i.__0vfprintf$bare) refers to serial.o(i.fputc) for fputc
    printfb.o(i.__0vprintf$bare) refers to printfb.o(i._printf_core) for _printf_core
    printfb.o(i.__0vprintf$bare) refers to serial.o(i.fputc) for fputc
    printfb.o(i.__0vprintf$bare) refers to stdout.o(.data) for __stdout
    printfb.o(i.__0vsnprintf$bare) refers to printfb.o(i._printf_core) for _printf_core
    printfb.o(i.__0vsnprintf$bare) refers to printfb.o(i._snputc) for _snputc
    printfb.o(i.__0vsprintf$bare) refers to printfb.o(i._printf_core) for _printf_core
    printfb.o(i.__0vsprintf$bare) refers to printfb.o(i._sputc) for _sputc
    printf0.o(i.__0fprintf$0) refers to printf0.o(i._printf_core) for _printf_core
    printf0.o(i.__0fprintf$0) refers to serial.o(i.fputc) for fputc
    printf0.o(i.__0printf$0) refers to printf0.o(i._printf_core) for _printf_core
    printf0.o(i.__0printf$0) refers to serial.o(i.fputc) for fputc
    printf0.o(i.__0printf$0) refers to stdout.o(.data) for __stdout
    printf0.o(i.__0snprintf$0) refers to printf0.o(i._printf_core) for _printf_core
    printf0.o(i.__0snprintf$0) refers to printf0.o(i._snputc) for _snputc
    printf0.o(i.__0sprintf$0) refers to printf0.o(i._printf_core) for _printf_core
    printf0.o(i.__0sprintf$0) refers to printf0.o(i._sputc) for _sputc
    printf0.o(i.__0vfprintf$0) refers to printf0.o(i._printf_core) for _printf_core
    printf0.o(i.__0vfprintf$0) refers to serial.o(i.fputc) for fputc
    printf0.o(i.__0vprintf$0) refers to printf0.o(i._printf_core) for _printf_core
    printf0.o(i.__0vprintf$0) refers to serial.o(i.fputc) for fputc
    printf0.o(i.__0vprintf$0) refers to stdout.o(.data) for __stdout
    printf0.o(i.__0vsnprintf$0) refers to printf0.o(i._printf_core) for _printf_core
    printf0.o(i.__0vsnprintf$0) refers to printf0.o(i._snputc) for _snputc
    printf0.o(i.__0vsprintf$0) refers to printf0.o(i._printf_core) for _printf_core
    printf0.o(i.__0vsprintf$0) refers to printf0.o(i._sputc) for _sputc
    printf1.o(i.__0fprintf$1) refers to printf1.o(i._printf_core) for _printf_core
    printf1.o(i.__0fprintf$1) refers to serial.o(i.fputc) for fputc
    printf1.o(i.__0printf$1) refers to printf1.o(i._printf_core) for _printf_core
    printf1.o(i.__0printf$1) refers to serial.o(i.fputc) for fputc
    printf1.o(i.__0printf$1) refers to stdout.o(.data) for __stdout
    printf1.o(i.__0snprintf$1) refers to printf1.o(i._printf_core) for _printf_core
    printf1.o(i.__0snprintf$1) refers to printf1.o(i._snputc) for _snputc
    printf1.o(i.__0sprintf$1) refers to printf1.o(i._printf_core) for _printf_core
    printf1.o(i.__0sprintf$1) refers to printf1.o(i._sputc) for _sputc
    printf1.o(i.__0vfprintf$1) refers to printf1.o(i._printf_core) for _printf_core
    printf1.o(i.__0vfprintf$1) refers to serial.o(i.fputc) for fputc
    printf1.o(i.__0vprintf$1) refers to printf1.o(i._printf_core) for _printf_core
    printf1.o(i.__0vprintf$1) refers to serial.o(i.fputc) for fputc
    printf1.o(i.__0vprintf$1) refers to stdout.o(.data) for __stdout
    printf1.o(i.__0vsnprintf$1) refers to printf1.o(i._printf_core) for _printf_core
    printf1.o(i.__0vsnprintf$1) refers to printf1.o(i._snputc) for _snputc
    printf1.o(i.__0vsprintf$1) refers to printf1.o(i._printf_core) for _printf_core
    printf1.o(i.__0vsprintf$1) refers to printf1.o(i._sputc) for _sputc
    printf1.o(i._printf_core) refers to uidiv.o(.text) for __aeabi_uidivmod
    printf2.o(i.__0fprintf$2) refers to printf2.o(i._printf_core) for _printf_core
    printf2.o(i.__0fprintf$2) refers to serial.o(i.fputc) for fputc
    printf2.o(i.__0printf$2) refers to printf2.o(i._printf_core) for _printf_core
    printf2.o(i.__0printf$2) refers to serial.o(i.fputc) for fputc
    printf2.o(i.__0printf$2) refers to stdout.o(.data) for __stdout
    printf2.o(i.__0snprintf$2) refers to printf2.o(i._printf_core) for _printf_core
    printf2.o(i.__0snprintf$2) refers to printf2.o(i._snputc) for _snputc
    printf2.o(i.__0sprintf$2) refers to printf2.o(i._printf_core) for _printf_core
    printf2.o(i.__0sprintf$2) refers to printf2.o(i._sputc) for _sputc
    printf2.o(i.__0vfprintf$2) refers to printf2.o(i._printf_core) for _printf_core
    printf2.o(i.__0vfprintf$2) refers to serial.o(i.fputc) for fputc
    printf2.o(i.__0vprintf$2) refers to printf2.o(i._printf_core) for _printf_core
    printf2.o(i.__0vprintf$2) refers to serial.o(i.fputc) for fputc
    printf2.o(i.__0vprintf$2) refers to stdout.o(.data) for __stdout
    printf2.o(i.__0vsnprintf$2) refers to printf2.o(i._printf_core) for _printf_core
    printf2.o(i.__0vsnprintf$2) refers to printf2.o(i._snputc) for _snputc
    printf2.o(i.__0vsprintf$2) refers to printf2.o(i._printf_core) for _printf_core
    printf2.o(i.__0vsprintf$2) refers to printf2.o(i._sputc) for _sputc
    printf3.o(i.__0fprintf$3) refers to printf3.o(i._printf_core) for _printf_core
    printf3.o(i.__0fprintf$3) refers to serial.o(i.fputc) for fputc
    printf3.o(i.__0printf$3) refers to printf3.o(i._printf_core) for _printf_core
    printf3.o(i.__0printf$3) refers to serial.o(i.fputc) for fputc
    printf3.o(i.__0printf$3) refers to stdout.o(.data) for __stdout
    printf3.o(i.__0snprintf$3) refers to printf3.o(i._printf_core) for _printf_core
    printf3.o(i.__0snprintf$3) refers to printf3.o(i._snputc) for _snputc
    printf3.o(i.__0sprintf$3) refers to printf3.o(i._printf_core) for _printf_core
    printf3.o(i.__0sprintf$3) refers to printf3.o(i._sputc) for _sputc
    printf3.o(i.__0vfprintf$3) refers to printf3.o(i._printf_core) for _printf_core
    printf3.o(i.__0vfprintf$3) refers to serial.o(i.fputc) for fputc
    printf3.o(i.__0vprintf$3) refers to printf3.o(i._printf_core) for _printf_core
    printf3.o(i.__0vprintf$3) refers to serial.o(i.fputc) for fputc
    printf3.o(i.__0vprintf$3) refers to stdout.o(.data) for __stdout
    printf3.o(i.__0vsnprintf$3) refers to printf3.o(i._printf_core) for _printf_core
    printf3.o(i.__0vsnprintf$3) refers to printf3.o(i._snputc) for _snputc
    printf3.o(i.__0vsprintf$3) refers to printf3.o(i._printf_core) for _printf_core
    printf3.o(i.__0vsprintf$3) refers to printf3.o(i._sputc) for _sputc
    printf3.o(i._printf_core) refers to uidiv.o(.text) for __aeabi_uidivmod
    printf4.o(i.__0fprintf$4) refers to printf4.o(i._printf_core) for _printf_core
    printf4.o(i.__0fprintf$4) refers to serial.o(i.fputc) for fputc
    printf4.o(i.__0printf$4) refers to printf4.o(i._printf_core) for _printf_core
    printf4.o(i.__0printf$4) refers to serial.o(i.fputc) for fputc
    printf4.o(i.__0printf$4) refers to stdout.o(.data) for __stdout
    printf4.o(i.__0snprintf$4) refers to printf4.o(i._printf_core) for _printf_core
    printf4.o(i.__0snprintf$4) refers to printf4.o(i._snputc) for _snputc
    printf4.o(i.__0sprintf$4) refers to printf4.o(i._printf_core) for _printf_core
    printf4.o(i.__0sprintf$4) refers to printf4.o(i._sputc) for _sputc
    printf4.o(i.__0vfprintf$4) refers to printf4.o(i._printf_core) for _printf_core
    printf4.o(i.__0vfprintf$4) refers to serial.o(i.fputc) for fputc
    printf4.o(i.__0vprintf$4) refers to printf4.o(i._printf_core) for _printf_core
    printf4.o(i.__0vprintf$4) refers to serial.o(i.fputc) for fputc
    printf4.o(i.__0vprintf$4) refers to stdout.o(.data) for __stdout
    printf4.o(i.__0vsnprintf$4) refers to printf4.o(i._printf_core) for _printf_core
    printf4.o(i.__0vsnprintf$4) refers to printf4.o(i._snputc) for _snputc
    printf4.o(i.__0vsprintf$4) refers to printf4.o(i._printf_core) for _printf_core
    printf4.o(i.__0vsprintf$4) refers to printf4.o(i._sputc) for _sputc
    printf4.o(i._printf_core) refers to uldiv.o(.text) for __aeabi_uldivmod
    printf5.o(i.__0fprintf$5) refers to printf5.o(i._printf_core) for _printf_core
    printf5.o(i.__0fprintf$5) refers to serial.o(i.fputc) for fputc
    printf5.o(i.__0printf$5) refers to printf5.o(i._printf_core) for _printf_core
    printf5.o(i.__0printf$5) refers to serial.o(i.fputc) for fputc
    printf5.o(i.__0printf$5) refers to stdout.o(.data) for __stdout
    printf5.o(i.__0snprintf$5) refers to printf5.o(i._printf_core) for _printf_core
    printf5.o(i.__0snprintf$5) refers to printf5.o(i._snputc) for _snputc
    printf5.o(i.__0sprintf$5) refers to printf5.o(i._printf_core) for _printf_core
    printf5.o(i.__0sprintf$5) refers to printf5.o(i._sputc) for _sputc
    printf5.o(i.__0vfprintf$5) refers to printf5.o(i._printf_core) for _printf_core
    printf5.o(i.__0vfprintf$5) refers to serial.o(i.fputc) for fputc
    printf5.o(i.__0vprintf$5) refers to printf5.o(i._printf_core) for _printf_core
    printf5.o(i.__0vprintf$5) refers to serial.o(i.fputc) for fputc
    printf5.o(i.__0vprintf$5) refers to stdout.o(.data) for __stdout
    printf5.o(i.__0vsnprintf$5) refers to printf5.o(i._printf_core) for _printf_core
    printf5.o(i.__0vsnprintf$5) refers to printf5.o(i._snputc) for _snputc
    printf5.o(i.__0vsprintf$5) refers to printf5.o(i._printf_core) for _printf_core
    printf5.o(i.__0vsprintf$5) refers to printf5.o(i._sputc) for _sputc
    printf5.o(i._printf_core) refers to uldiv.o(.text) for __aeabi_uldivmod
    printf6.o(i.__0fprintf$6) refers to printf6.o(i._printf_core) for _printf_core
    printf6.o(i.__0fprintf$6) refers to serial.o(i.fputc) for fputc
    printf6.o(i.__0printf$6) refers to printf6.o(i._printf_core) for _printf_core
    printf6.o(i.__0printf$6) refers to serial.o(i.fputc) for fputc
    printf6.o(i.__0printf$6) refers to stdout.o(.data) for __stdout
    printf6.o(i.__0snprintf$6) refers to printf6.o(i._printf_core) for _printf_core
    printf6.o(i.__0snprintf$6) refers to printf6.o(i._snputc) for _snputc
    printf6.o(i.__0sprintf$6) refers to printf6.o(i._printf_core) for _printf_core
    printf6.o(i.__0sprintf$6) refers to printf6.o(i._sputc) for _sputc
    printf6.o(i.__0vfprintf$6) refers to printf6.o(i._printf_core) for _printf_core
    printf6.o(i.__0vfprintf$6) refers to serial.o(i.fputc) for fputc
    printf6.o(i.__0vprintf$6) refers to printf6.o(i._printf_core) for _printf_core
    printf6.o(i.__0vprintf$6) refers to serial.o(i.fputc) for fputc
    printf6.o(i.__0vprintf$6) refers to stdout.o(.data) for __stdout
    printf6.o(i.__0vsnprintf$6) refers to printf6.o(i._printf_core) for _printf_core
    printf6.o(i.__0vsnprintf$6) refers to printf6.o(i._snputc) for _snputc
    printf6.o(i.__0vsprintf$6) refers to printf6.o(i._printf_core) for _printf_core
    printf6.o(i.__0vsprintf$6) refers to printf6.o(i._sputc) for _sputc
    printf6.o(i._printf_core) refers to printf6.o(i._printf_pre_padding) for _printf_pre_padding
    printf6.o(i._printf_core) refers to uidiv.o(.text) for __aeabi_uidivmod
    printf6.o(i._printf_core) refers to printf6.o(i._printf_post_padding) for _printf_post_padding
    printf7.o(i.__0fprintf$7) refers to printf7.o(i._printf_core) for _printf_core
    printf7.o(i.__0fprintf$7) refers to serial.o(i.fputc) for fputc
    printf7.o(i.__0printf$7) refers to printf7.o(i._printf_core) for _printf_core
    printf7.o(i.__0printf$7) refers to serial.o(i.fputc) for fputc
    printf7.o(i.__0printf$7) refers to stdout.o(.data) for __stdout
    printf7.o(i.__0snprintf$7) refers to printf7.o(i._printf_core) for _printf_core
    printf7.o(i.__0snprintf$7) refers to printf7.o(i._snputc) for _snputc
    printf7.o(i.__0sprintf$7) refers to printf7.o(i._printf_core) for _printf_core
    printf7.o(i.__0sprintf$7) refers to printf7.o(i._sputc) for _sputc
    printf7.o(i.__0vfprintf$7) refers to printf7.o(i._printf_core) for _printf_core
    printf7.o(i.__0vfprintf$7) refers to serial.o(i.fputc) for fputc
    printf7.o(i.__0vprintf$7) refers to printf7.o(i._printf_core) for _printf_core
    printf7.o(i.__0vprintf$7) refers to serial.o(i.fputc) for fputc
    printf7.o(i.__0vprintf$7) refers to stdout.o(.data) for __stdout
    printf7.o(i.__0vsnprintf$7) refers to printf7.o(i._printf_core) for _printf_core
    printf7.o(i.__0vsnprintf$7) refers to printf7.o(i._snputc) for _snputc
    printf7.o(i.__0vsprintf$7) refers to printf7.o(i._printf_core) for _printf_core
    printf7.o(i.__0vsprintf$7) refers to printf7.o(i._sputc) for _sputc
    printf7.o(i._printf_core) refers to printf7.o(i._printf_pre_padding) for _printf_pre_padding
    printf7.o(i._printf_core) refers to uldiv.o(.text) for __aeabi_uldivmod
    printf7.o(i._printf_core) refers to printf7.o(i._printf_post_padding) for _printf_post_padding
    printf8.o(i.__0fprintf$8) refers to printf8.o(i._printf_core) for _printf_core
    printf8.o(i.__0fprintf$8) refers to serial.o(i.fputc) for fputc
    printf8.o(i.__0printf$8) refers to printf8.o(i._printf_core) for _printf_core
    printf8.o(i.__0printf$8) refers to serial.o(i.fputc) for fputc
    printf8.o(i.__0printf$8) refers to stdout.o(.data) for __stdout
    printf8.o(i.__0snprintf$8) refers to printf8.o(i._printf_core) for _printf_core
    printf8.o(i.__0snprintf$8) refers to printf8.o(i._snputc) for _snputc
    printf8.o(i.__0sprintf$8) refers to printf8.o(i._printf_core) for _printf_core
    printf8.o(i.__0sprintf$8) refers to printf8.o(i._sputc) for _sputc
    printf8.o(i.__0vfprintf$8) refers to printf8.o(i._printf_core) for _printf_core
    printf8.o(i.__0vfprintf$8) refers to serial.o(i.fputc) for fputc
    printf8.o(i.__0vprintf$8) refers to printf8.o(i._printf_core) for _printf_core
    printf8.o(i.__0vprintf$8) refers to serial.o(i.fputc) for fputc
    printf8.o(i.__0vprintf$8) refers to stdout.o(.data) for __stdout
    printf8.o(i.__0vsnprintf$8) refers to printf8.o(i._printf_core) for _printf_core
    printf8.o(i.__0vsnprintf$8) refers to printf8.o(i._snputc) for _snputc
    printf8.o(i.__0vsprintf$8) refers to printf8.o(i._printf_core) for _printf_core
    printf8.o(i.__0vsprintf$8) refers to printf8.o(i._sputc) for _sputc
    printf8.o(i._printf_core) refers to printf8.o(i._printf_pre_padding) for _printf_pre_padding
    printf8.o(i._printf_core) refers to uldiv.o(.text) for __aeabi_uldivmod
    printf8.o(i._printf_core) refers to printf8.o(i._printf_post_padding) for _printf_post_padding
    printfa.o(i.__0fprintf) refers (Special) to iusefp.o(.text) for __I$use$fp
    printfa.o(i.__0fprintf) refers to printfa.o(i._printf_core) for _printf_core
    printfa.o(i.__0fprintf) refers to serial.o(i.fputc) for fputc
    printfa.o(i.__0printf) refers (Special) to iusefp.o(.text) for __I$use$fp
    printfa.o(i.__0printf) refers to printfa.o(i._printf_core) for _printf_core
    printfa.o(i.__0printf) refers to serial.o(i.fputc) for fputc
    printfa.o(i.__0printf) refers to stdout.o(.data) for __stdout
    printfa.o(i.__0snprintf) refers (Special) to iusefp.o(.text) for __I$use$fp
    printfa.o(i.__0snprintf) refers to printfa.o(i._printf_core) for _printf_core
    printfa.o(i.__0snprintf) refers to printfa.o(i._snputc) for _snputc
    printfa.o(i.__0sprintf) refers (Special) to iusefp.o(.text) for __I$use$fp
    printfa.o(i.__0sprintf) refers to printfa.o(i._printf_core) for _printf_core
    printfa.o(i.__0sprintf) refers to printfa.o(i._sputc) for _sputc
    printfa.o(i.__0vfprintf) refers (Special) to iusefp.o(.text) for __I$use$fp
    printfa.o(i.__0vfprintf) refers to printfa.o(i._printf_core) for _printf_core
    printfa.o(i.__0vfprintf) refers to serial.o(i.fputc) for fputc
    printfa.o(i.__0vprintf) refers (Special) to iusefp.o(.text) for __I$use$fp
    printfa.o(i.__0vprintf) refers to printfa.o(i._printf_core) for _printf_core
    printfa.o(i.__0vprintf) refers to serial.o(i.fputc) for fputc
    printfa.o(i.__0vprintf) refers to stdout.o(.data) for __stdout
    printfa.o(i.__0vsnprintf) refers (Special) to iusefp.o(.text) for __I$use$fp
    printfa.o(i.__0vsnprintf) refers to printfa.o(i._printf_core) for _printf_core
    printfa.o(i.__0vsnprintf) refers to printfa.o(i._snputc) for _snputc
    printfa.o(i.__0vsprintf) refers (Special) to iusefp.o(.text) for __I$use$fp
    printfa.o(i.__0vsprintf) refers to printfa.o(i._printf_core) for _printf_core
    printfa.o(i.__0vsprintf) refers to printfa.o(i._sputc) for _sputc
    printfa.o(i._fp_digits) refers (Special) to iusefp.o(.text) for __I$use$fp
    printfa.o(i._fp_digits) refers to dmul.o(.text) for __aeabi_dmul
    printfa.o(i._fp_digits) refers to ddiv.o(.text) for __aeabi_ddiv
    printfa.o(i._fp_digits) refers to cdrcmple.o(.text) for __aeabi_cdrcmple
    printfa.o(i._fp_digits) refers to dadd.o(.text) for __aeabi_dadd
    printfa.o(i._fp_digits) refers to dfixul.o(.text) for __aeabi_d2ulz
    printfa.o(i._fp_digits) refers to uldiv.o(.text) for __aeabi_uldivmod
    printfa.o(i._printf_core) refers (Special) to iusefp.o(.text) for __I$use$fp
    printfa.o(i._printf_core) refers to printfa.o(i._printf_pre_padding) for _printf_pre_padding
    printfa.o(i._printf_core) refers to uldiv.o(.text) for __aeabi_uldivmod
    printfa.o(i._printf_core) refers to printfa.o(i._printf_post_padding) for _printf_post_padding
    printfa.o(i._printf_core) refers to printfa.o(i._fp_digits) for _fp_digits
    printfa.o(i._printf_core) refers to uidiv.o(.text) for __aeabi_uidivmod
    printfa.o(i._printf_post_padding) refers (Special) to iusefp.o(.text) for __I$use$fp
    printfa.o(i._printf_pre_padding) refers (Special) to iusefp.o(.text) for __I$use$fp
    printfa.o(i._snputc) refers (Special) to iusefp.o(.text) for __I$use$fp
    printfa.o(i._sputc) refers (Special) to iusefp.o(.text) for __I$use$fp
    dmul.o(.text) refers (Special) to iusefp.o(.text) for __I$use$fp
    dmul.o(.text) refers to depilogue.o(.text) for _double_epilogue
    dfixi.o(.text) refers (Special) to iusefp.o(.text) for __I$use$fp
    dfixi.o(.text) refers to llushr.o(.text) for __aeabi_llsr
    f2d.o(.text) refers (Special) to iusefp.o(.text) for __I$use$fp
    entry2.o(.ARM.Collect$$$$00000001) refers to entry2.o(.ARM.Collect$$$$00002712) for __lit__00000000
    entry2.o(.ARM.Collect$$$$00002712) refers to startup_stm32f411xe.o(STACK) for __initial_sp
    entry2.o(__vectab_stack_and_reset_area) refers to startup_stm32f411xe.o(STACK) for __initial_sp
    entry2.o(__vectab_stack_and_reset_area) refers to entry.o(.ARM.Collect$$$$00000000) for __main
    entry5.o(.ARM.Collect$$$$00000004) refers to init.o(.text) for __scatterload
    entry9a.o(.ARM.Collect$$$$0000000B) refers to main.o(i.main) for main
    entry9b.o(.ARM.Collect$$$$0000000C) refers to main.o(i.main) for main
    uldiv.o(.text) refers to llushr.o(.text) for __aeabi_llsr
    uldiv.o(.text) refers to llshl.o(.text) for __aeabi_llsl
    depilogue.o(.text) refers to llshl.o(.text) for __aeabi_llsl
    depilogue.o(.text) refers to llushr.o(.text) for __aeabi_llsr
    dadd.o(.text) refers to llshl.o(.text) for __aeabi_llsl
    dadd.o(.text) refers to llsshr.o(.text) for __aeabi_lasr
    dadd.o(.text) refers to depilogue.o(.text) for _double_epilogue
    ddiv.o(.text) refers to depilogue.o(.text) for _double_round
    dfixul.o(.text) refers to llushr.o(.text) for __aeabi_llsr
    dfixul.o(.text) refers to llshl.o(.text) for __aeabi_llsl
    init.o(.text) refers to entry5.o(.ARM.Collect$$$$00000004) for __main_after_scatterload


==============================================================================

Removing Unused input sections from the image.

    Removing startup_stm32f411xe.o(HEAP), (512 bytes).
    Removing system_stm32f4xx.o(.rev16_text), (4 bytes).
    Removing system_stm32f4xx.o(.revsh_text), (4 bytes).
    Removing system_stm32f4xx.o(.rrx_text), (6 bytes).
    Removing system_stm32f4xx.o(i.SystemCoreClockUpdate), (116 bytes).
    Removing misc.o(.rev16_text), (4 bytes).
    Removing misc.o(.revsh_text), (4 bytes).
    Removing misc.o(.rrx_text), (6 bytes).
    Removing misc.o(i.NVIC_SetVectorTable), (20 bytes).
    Removing misc.o(i.NVIC_SystemLPConfig), (24 bytes).
    Removing misc.o(i.SysTick_CLKSourceConfig), (24 bytes).
    Removing stm32f4xx_rcc.o(.rev16_text), (4 bytes).
    Removing stm32f4xx_rcc.o(.revsh_text), (4 bytes).
    Removing stm32f4xx_rcc.o(.rrx_text), (6 bytes).
    Removing stm32f4xx_rcc.o(i.RCC_AHB1PeriphClockLPModeCmd), (24 bytes).
    Removing stm32f4xx_rcc.o(i.RCC_AHB1PeriphResetCmd), (24 bytes).
    Removing stm32f4xx_rcc.o(i.RCC_AHB2PeriphClockCmd), (24 bytes).
    Removing stm32f4xx_rcc.o(i.RCC_AHB2PeriphClockLPModeCmd), (24 bytes).
    Removing stm32f4xx_rcc.o(i.RCC_AHB2PeriphResetCmd), (24 bytes).
    Removing stm32f4xx_rcc.o(i.RCC_APB1PeriphClockLPModeCmd), (24 bytes).
    Removing stm32f4xx_rcc.o(i.RCC_APB2PeriphClockLPModeCmd), (24 bytes).
    Removing stm32f4xx_rcc.o(i.RCC_AdjustHSICalibrationValue), (20 bytes).
    Removing stm32f4xx_rcc.o(i.RCC_BackupResetCmd), (12 bytes).
    Removing stm32f4xx_rcc.o(i.RCC_ClearFlag), (16 bytes).
    Removing stm32f4xx_rcc.o(i.RCC_ClearITPendingBit), (12 bytes).
    Removing stm32f4xx_rcc.o(i.RCC_ClockSecuritySystemCmd), (12 bytes).
    Removing stm32f4xx_rcc.o(i.RCC_DeInit), (80 bytes).
    Removing stm32f4xx_rcc.o(i.RCC_GetFlagStatus), (52 bytes).
    Removing stm32f4xx_rcc.o(i.RCC_GetITStatus), (20 bytes).
    Removing stm32f4xx_rcc.o(i.RCC_GetSYSCLKSource), (16 bytes).
    Removing stm32f4xx_rcc.o(i.RCC_HCLKConfig), (20 bytes).
    Removing stm32f4xx_rcc.o(i.RCC_HSEConfig), (16 bytes).
    Removing stm32f4xx_rcc.o(i.RCC_HSICmd), (12 bytes).
    Removing stm32f4xx_rcc.o(i.RCC_I2SCLKConfig), (12 bytes).
    Removing stm32f4xx_rcc.o(i.RCC_ITConfig), (24 bytes).
    Removing stm32f4xx_rcc.o(i.RCC_LSEConfig), (28 bytes).
    Removing stm32f4xx_rcc.o(i.RCC_LSEModeConfig), (28 bytes).
    Removing stm32f4xx_rcc.o(i.RCC_LSICmd), (12 bytes).
    Removing stm32f4xx_rcc.o(i.RCC_LTDCCLKDivConfig), (20 bytes).
    Removing stm32f4xx_rcc.o(i.RCC_MCO1Config), (20 bytes).
    Removing stm32f4xx_rcc.o(i.RCC_MCO2Config), (20 bytes).
    Removing stm32f4xx_rcc.o(i.RCC_PCLK1Config), (20 bytes).
    Removing stm32f4xx_rcc.o(i.RCC_PCLK2Config), (20 bytes).
    Removing stm32f4xx_rcc.o(i.RCC_PLLCmd), (12 bytes).
    Removing stm32f4xx_rcc.o(i.RCC_PLLConfig), (40 bytes).
    Removing stm32f4xx_rcc.o(i.RCC_PLLI2SCmd), (12 bytes).
    Removing stm32f4xx_rcc.o(i.RCC_PLLI2SConfig), (20 bytes).
    Removing stm32f4xx_rcc.o(i.RCC_PLLSAICmd), (12 bytes).
    Removing stm32f4xx_rcc.o(i.RCC_PLLSAIConfig), (20 bytes).
    Removing stm32f4xx_rcc.o(i.RCC_RTCCLKCmd), (12 bytes).
    Removing stm32f4xx_rcc.o(i.RCC_RTCCLKConfig), (48 bytes).
    Removing stm32f4xx_rcc.o(i.RCC_SAIPLLI2SClkDivConfig), (20 bytes).
    Removing stm32f4xx_rcc.o(i.RCC_SAIPLLSAIClkDivConfig), (28 bytes).
    Removing stm32f4xx_rcc.o(i.RCC_SYSCLKConfig), (20 bytes).
    Removing stm32f4xx_rcc.o(i.RCC_TIMCLKPresConfig), (12 bytes).
    Removing stm32f4xx_rcc.o(i.RCC_WaitForHSEStartUp), (44 bytes).
    Removing stm32f4xx_syscfg.o(.rev16_text), (4 bytes).
    Removing stm32f4xx_syscfg.o(.revsh_text), (4 bytes).
    Removing stm32f4xx_syscfg.o(.rrx_text), (6 bytes).
    Removing stm32f4xx_syscfg.o(i.SYSCFG_CompensationCellCmd), (12 bytes).
    Removing stm32f4xx_syscfg.o(i.SYSCFG_DeInit), (24 bytes).
    Removing stm32f4xx_syscfg.o(i.SYSCFG_ETH_MediaInterfaceConfig), (12 bytes).
    Removing stm32f4xx_syscfg.o(i.SYSCFG_EXTILineConfig), (48 bytes).
    Removing stm32f4xx_syscfg.o(i.SYSCFG_GetCompensationCellStatus), (20 bytes).
    Removing stm32f4xx_syscfg.o(i.SYSCFG_MemoryRemapConfig), (12 bytes).
    Removing stm32f4xx_syscfg.o(i.SYSCFG_MemorySwappingBank), (12 bytes).
    Removing stm32f4xx_exti.o(.rev16_text), (4 bytes).
    Removing stm32f4xx_exti.o(.revsh_text), (4 bytes).
    Removing stm32f4xx_exti.o(.rrx_text), (6 bytes).
    Removing stm32f4xx_exti.o(i.EXTI_ClearFlag), (12 bytes).
    Removing stm32f4xx_exti.o(i.EXTI_ClearITPendingBit), (12 bytes).
    Removing stm32f4xx_exti.o(i.EXTI_DeInit), (36 bytes).
    Removing stm32f4xx_exti.o(i.EXTI_GenerateSWInterrupt), (16 bytes).
    Removing stm32f4xx_exti.o(i.EXTI_GetFlagStatus), (20 bytes).
    Removing stm32f4xx_exti.o(i.EXTI_GetITStatus), (20 bytes).
    Removing stm32f4xx_exti.o(i.EXTI_Init), (112 bytes).
    Removing stm32f4xx_exti.o(i.EXTI_StructInit), (14 bytes).
    Removing stm32f4xx_gpio.o(.rev16_text), (4 bytes).
    Removing stm32f4xx_gpio.o(.revsh_text), (4 bytes).
    Removing stm32f4xx_gpio.o(.rrx_text), (6 bytes).
    Removing stm32f4xx_gpio.o(i.GPIO_DeInit), (260 bytes).
    Removing stm32f4xx_gpio.o(i.GPIO_PinLockConfig), (24 bytes).
    Removing stm32f4xx_gpio.o(i.GPIO_ReadInputData), (6 bytes).
    Removing stm32f4xx_gpio.o(i.GPIO_ReadInputDataBit), (14 bytes).
    Removing stm32f4xx_gpio.o(i.GPIO_ReadOutputData), (6 bytes).
    Removing stm32f4xx_gpio.o(i.GPIO_ReadOutputDataBit), (14 bytes).
    Removing stm32f4xx_gpio.o(i.GPIO_ResetBits), (4 bytes).
    Removing stm32f4xx_gpio.o(i.GPIO_SetBits), (4 bytes).
    Removing stm32f4xx_gpio.o(i.GPIO_StructInit), (18 bytes).
    Removing stm32f4xx_gpio.o(i.GPIO_ToggleBits), (8 bytes).
    Removing stm32f4xx_gpio.o(i.GPIO_Write), (4 bytes).
    Removing stm32f4xx_gpio.o(i.GPIO_WriteBit), (10 bytes).
    Removing stm32f4xx_usart.o(.rev16_text), (4 bytes).
    Removing stm32f4xx_usart.o(.revsh_text), (4 bytes).
    Removing stm32f4xx_usart.o(.rrx_text), (6 bytes).
    Removing stm32f4xx_usart.o(i.USART_ClearITPendingBit), (12 bytes).
    Removing stm32f4xx_usart.o(i.USART_ClockInit), (28 bytes).
    Removing stm32f4xx_usart.o(i.USART_ClockStructInit), (12 bytes).
    Removing stm32f4xx_usart.o(i.USART_DMACmd), (16 bytes).
    Removing stm32f4xx_usart.o(i.USART_DeInit), (172 bytes).
    Removing stm32f4xx_usart.o(i.USART_GetFlagStatus), (14 bytes).
    Removing stm32f4xx_usart.o(i.USART_HalfDuplexCmd), (20 bytes).
    Removing stm32f4xx_usart.o(i.USART_ITConfig), (48 bytes).
    Removing stm32f4xx_usart.o(i.USART_IrDACmd), (20 bytes).
    Removing stm32f4xx_usart.o(i.USART_IrDAConfig), (16 bytes).
    Removing stm32f4xx_usart.o(i.USART_LINBreakDetectLengthConfig), (16 bytes).
    Removing stm32f4xx_usart.o(i.USART_LINCmd), (20 bytes).
    Removing stm32f4xx_usart.o(i.USART_OneBitMethodCmd), (20 bytes).
    Removing stm32f4xx_usart.o(i.USART_OverSampling8Cmd), (20 bytes).
    Removing stm32f4xx_usart.o(i.USART_ReceiveData), (8 bytes).
    Removing stm32f4xx_usart.o(i.USART_ReceiverWakeUpCmd), (20 bytes).
    Removing stm32f4xx_usart.o(i.USART_SendBreak), (10 bytes).
    Removing stm32f4xx_usart.o(i.USART_SendData), (8 bytes).
    Removing stm32f4xx_usart.o(i.USART_SetAddress), (16 bytes).
    Removing stm32f4xx_usart.o(i.USART_SetGuardTime), (16 bytes).
    Removing stm32f4xx_usart.o(i.USART_SetPrescaler), (16 bytes).
    Removing stm32f4xx_usart.o(i.USART_SmartCardCmd), (20 bytes).
    Removing stm32f4xx_usart.o(i.USART_SmartCardNACKCmd), (20 bytes).
    Removing stm32f4xx_usart.o(i.USART_StructInit), (22 bytes).
    Removing stm32f4xx_usart.o(i.USART_WakeUpConfig), (16 bytes).
    Removing stm32f4xx_spi.o(.rev16_text), (4 bytes).
    Removing stm32f4xx_spi.o(.revsh_text), (4 bytes).
    Removing stm32f4xx_spi.o(.rrx_text), (6 bytes).
    Removing stm32f4xx_spi.o(i.I2S_Cmd), (20 bytes).
    Removing stm32f4xx_spi.o(i.I2S_FullDuplexConfig), (58 bytes).
    Removing stm32f4xx_spi.o(i.I2S_Init), (212 bytes).
    Removing stm32f4xx_spi.o(i.I2S_StructInit), (18 bytes).
    Removing stm32f4xx_spi.o(i.SPI_BiDirectionalLineConfig), (22 bytes).
    Removing stm32f4xx_spi.o(i.SPI_CalculateCRC), (20 bytes).
    Removing stm32f4xx_spi.o(i.SPI_DataSizeConfig), (16 bytes).
    Removing stm32f4xx_spi.o(i.SPI_GetCRC), (12 bytes).
    Removing stm32f4xx_spi.o(i.SPI_GetCRCPolynomial), (4 bytes).
    Removing stm32f4xx_spi.o(i.SPI_I2S_ClearFlag), (6 bytes).
    Removing stm32f4xx_spi.o(i.SPI_I2S_ClearITPendingBit), (14 bytes).
    Removing stm32f4xx_spi.o(i.SPI_I2S_DMACmd), (16 bytes).
    Removing stm32f4xx_spi.o(i.SPI_I2S_GetFlagStatus), (14 bytes).
    Removing stm32f4xx_spi.o(i.SPI_I2S_GetITStatus), (42 bytes).
    Removing stm32f4xx_spi.o(i.SPI_I2S_ITConfig), (24 bytes).
    Removing stm32f4xx_spi.o(i.SPI_I2S_ReceiveData), (4 bytes).
    Removing stm32f4xx_spi.o(i.SPI_I2S_SendData), (4 bytes).
    Removing stm32f4xx_spi.o(i.SPI_NSSInternalSoftwareConfig), (24 bytes).
    Removing stm32f4xx_spi.o(i.SPI_SSOutputCmd), (20 bytes).
    Removing stm32f4xx_spi.o(i.SPI_StructInit), (24 bytes).
    Removing stm32f4xx_spi.o(i.SPI_TIModeCmd), (20 bytes).
    Removing stm32f4xx_spi.o(i.SPI_TransmitCRC), (10 bytes).
    Removing stm32f4_delay.o(.rev16_text), (4 bytes).
    Removing stm32f4_delay.o(.revsh_text), (4 bytes).
    Removing stm32f4_delay.o(.rrx_text), (6 bytes).
    Removing stm32f4_delay.o(i.HAL_GetTick), (12 bytes).
    Removing stm32f4_delay.o(i.delay_us), (28 bytes).
    Removing stm32f4_usart.o(.rev16_text), (4 bytes).
    Removing stm32f4_usart.o(.revsh_text), (4 bytes).
    Removing stm32f4_usart.o(.rrx_text), (6 bytes).
    Removing stm32f4_usart.o(i.UART_RecvByte), (12 bytes).
    Removing stm32f4_usart.o(i.UART_RecvByteWTO), (36 bytes).
    Removing stm32f4_usart.o(i.UART_RecvData), (28 bytes).
    Removing stm32f4_usart.o(i.UART_RecvDataWTO), (40 bytes).
    Removing stm32f4_usart.o(i.UART_SendByte), (12 bytes).
    Removing stm32f4_usart.o(i.UART_SendData), (26 bytes).
    Removing stm32f4_spi.o(.rev16_text), (4 bytes).
    Removing stm32f4_spi.o(.revsh_text), (4 bytes).
    Removing stm32f4_spi.o(.rrx_text), (6 bytes).
    Removing main.o(.rev16_text), (4 bytes).
    Removing main.o(.revsh_text), (4 bytes).
    Removing main.o(.rrx_text), (6 bytes).
    Removing kdwm1000.o(.rev16_text), (4 bytes).
    Removing kdwm1000.o(.revsh_text), (4 bytes).
    Removing kdwm1000.o(.rrx_text), (6 bytes).
    Removing kdwm1000_bsp.o(.rev16_text), (4 bytes).
    Removing kdwm1000_bsp.o(.revsh_text), (4 bytes).
    Removing kdwm1000_bsp.o(.rrx_text), (6 bytes).
    Removing kdwm1000_it.o(.rev16_text), (4 bytes).
    Removing kdwm1000_it.o(.revsh_text), (4 bytes).
    Removing kdwm1000_it.o(.rrx_text), (6 bytes).
    Removing serial.o(.rev16_text), (4 bytes).
    Removing serial.o(.revsh_text), (4 bytes).
    Removing serial.o(.rrx_text), (6 bytes).
    Removing serial.o(i.Serial_RecvByte), (28 bytes).
    Removing serial.o(i.Serial_RecvData), (16 bytes).
    Removing serial.o(i.Serial_RecvDataWTO), (16 bytes).
    Removing serial.o(i.Serial_RecvStr), (32 bytes).
    Removing serial.o(i.Serial_RecvStrWTO), (44 bytes).
    Removing serial.o(i.Serial_SendByte), (16 bytes).
    Removing serial.o(i.Serial_SendData), (16 bytes).
    Removing serial.o(i.Serial_SendNum), (60 bytes).
    Removing serial.o(i.Serial_SendStr), (32 bytes).
    Removing serial.o(i.fgetc), (20 bytes).
    Removing dw1000.o(.rev16_text), (4 bytes).
    Removing dw1000.o(.revsh_text), (4 bytes).
    Removing dw1000.o(.rrx_text), (6 bytes).
    Removing dw1000.o(i.DW1000_Init), (288 bytes).
    Removing dw1000.o(i.DW1000_readData16), (22 bytes).
    Removing dw1000.o(.bss), (60 bytes).
    Removing string.o(.rev16_text), (4 bytes).
    Removing string.o(.revsh_text), (4 bytes).
    Removing string.o(.rrx_text), (6 bytes).
    Removing string.o(i.lenOfStr), (24 bytes).
    Removing string.o(i.num2Str), (248 bytes).
    Removing deca_device.o(.rev16_text), (4 bytes).
    Removing deca_device.o(.revsh_text), (4 bytes).
    Removing deca_device.o(.rrx_text), (6 bytes).
    Removing deca_device.o(i._dwt_aonarrayupload), (40 bytes).
    Removing deca_device.o(i._dwt_aonconfigupload), (40 bytes).
    Removing deca_device.o(i._dwt_disablesequencing), (22 bytes).
    Removing deca_device.o(i._dwt_otpprogword32), (156 bytes).
    Removing deca_device.o(i._dwt_otpsetmrregs), (538 bytes).
    Removing deca_device.o(i.dwt_configcontinuousframemode), (84 bytes).
    Removing deca_device.o(i.dwt_configcwmode), (152 bytes).
    Removing deca_device.o(i.dwt_entersleepaftertx), (36 bytes).
    Removing deca_device.o(i.dwt_forcetrxoff), (84 bytes).
    Removing deca_device.o(i.dwt_readrxdata), (18 bytes).
    Removing deca_device.o(i.dwt_readrxtimestamp), (12 bytes).
    Removing deca_device.o(i.dwt_readrxtimestamplo32), (8 bytes).
    Removing deca_device.o(i.dwt_readtxtimestamplo32), (8 bytes).
    Removing deca_device.o(i.dwt_rxenable), (80 bytes).
    Removing deca_device.o(i.dwt_rxreset), (40 bytes).
    Removing deca_device.o(i.dwt_setdelayedtrxtime), (10 bytes).
    Removing deca_device.o(i.dwt_setrxaftertxdelay), (34 bytes).
    Removing deca_device.o(i.dwt_setrxantennadelay), (12 bytes).
    Removing deca_device.o(i.dwt_setrxtimeout), (88 bytes).
    Removing deca_device.o(i.dwt_settxantennadelay), (10 bytes).
    Removing deca_device.o(i.dwt_starttx), (148 bytes).
    Removing deca_device.o(i.dwt_syncrxbufptrs), (52 bytes).
    Removing deca_device.o(i.dwt_writetxdata), (34 bytes).
    Removing deca_device.o(i.dwt_writetxfctrl), (28 bytes).
    Removing deca_params.o(.rev16_text), (4 bytes).
    Removing deca_params.o(.revsh_text), (4 bytes).
    Removing deca_params.o(.rrx_text), (6 bytes).
    Removing deca_params.o(i.dwt_getrangebias), (236 bytes).
    Removing deca_params.o(.constdata), (522 bytes).
    Removing dmul.o(.text), (228 bytes).
    Removing dfixi.o(.text), (62 bytes).
    Removing f2d.o(.text), (38 bytes).
    Removing depilogue.o(.text), (186 bytes).
    Removing dadd.o(.text), (334 bytes).
    Removing ddiv.o(.text), (222 bytes).
    Removing dfixul.o(.text), (48 bytes).
    Removing cdrcmple.o(.text), (48 bytes).

238 unused section(s) (total 8674 bytes) removed from the image.

==============================================================================

Image Symbol Table

    Local Symbols

    Symbol Name                              Value     Ov Type        Size  Object(Section)

    ../clib/microlib/division.c              0x00000000   Number         0  uldiv.o ABSOLUTE
    ../clib/microlib/division.c              0x00000000   Number         0  uidiv.o ABSOLUTE
    ../clib/microlib/init/entry.s            0x00000000   Number         0  entry5.o ABSOLUTE
    ../clib/microlib/init/entry.s            0x00000000   Number         0  entry8b.o ABSOLUTE
    ../clib/microlib/init/entry.s            0x00000000   Number         0  entry10a.o ABSOLUTE
    ../clib/microlib/init/entry.s            0x00000000   Number         0  entry9b.o ABSOLUTE
    ../clib/microlib/init/entry.s            0x00000000   Number         0  entry9a.o ABSOLUTE
    ../clib/microlib/init/entry.s            0x00000000   Number         0  entry8a.o ABSOLUTE
    ../clib/microlib/init/entry.s            0x00000000   Number         0  entry7b.o ABSOLUTE
    ../clib/microlib/init/entry.s            0x00000000   Number         0  entry7a.o ABSOLUTE
    ../clib/microlib/init/entry.s            0x00000000   Number         0  entry2.o ABSOLUTE
    ../clib/microlib/init/entry.s            0x00000000   Number         0  entry11b.o ABSOLUTE
    ../clib/microlib/init/entry.s            0x00000000   Number         0  entry11a.o ABSOLUTE
    ../clib/microlib/init/entry.s            0x00000000   Number         0  entry10b.o ABSOLUTE
    ../clib/microlib/init/entry.s            0x00000000   Number         0  entry.o ABSOLUTE
    ../clib/microlib/longlong.c              0x00000000   Number         0  llushr.o ABSOLUTE
    ../clib/microlib/longlong.c              0x00000000   Number         0  llsshr.o ABSOLUTE
    ../clib/microlib/longlong.c              0x00000000   Number         0  llshl.o ABSOLUTE
    ../clib/microlib/printf/printf.c         0x00000000   Number         0  printf4.o ABSOLUTE
    ../clib/microlib/printf/printf.c         0x00000000   Number         0  printf2.o ABSOLUTE
    ../clib/microlib/printf/printf.c         0x00000000   Number         0  printf1.o ABSOLUTE
    ../clib/microlib/printf/printf.c         0x00000000   Number         0  printf0.o ABSOLUTE
    ../clib/microlib/printf/printf.c         0x00000000   Number         0  printfb.o ABSOLUTE
    ../clib/microlib/printf/printf.c         0x00000000   Number         0  printfa.o ABSOLUTE
    ../clib/microlib/printf/printf.c         0x00000000   Number         0  printf3.o ABSOLUTE
    ../clib/microlib/printf/printf.c         0x00000000   Number         0  printf8.o ABSOLUTE
    ../clib/microlib/printf/printf.c         0x00000000   Number         0  printf7.o ABSOLUTE
    ../clib/microlib/printf/printf.c         0x00000000   Number         0  printf6.o ABSOLUTE
    ../clib/microlib/printf/printf.c         0x00000000   Number         0  printf5.o ABSOLUTE
    ../clib/microlib/stdio/streams.c         0x00000000   Number         0  stdout.o ABSOLUTE
    ../clib/microlib/string/memset.c         0x00000000   Number         0  memseta.o ABSOLUTE
    ../clib/microlib/stubs.s                 0x00000000   Number         0  iusefp.o ABSOLUTE
    ../fplib/microlib/f2d.c                  0x00000000   Number         0  f2d.o ABSOLUTE
    ../fplib/microlib/fpadd.c                0x00000000   Number         0  dadd.o ABSOLUTE
    ../fplib/microlib/fpdiv.c                0x00000000   Number         0  ddiv.o ABSOLUTE
    ../fplib/microlib/fpepilogue.c           0x00000000   Number         0  depilogue.o ABSOLUTE
    ../fplib/microlib/fpfix.c                0x00000000   Number         0  dfixul.o ABSOLUTE
    ../fplib/microlib/fpfix.c                0x00000000   Number         0  dfixi.o ABSOLUTE
    ../fplib/microlib/fpmul.c                0x00000000   Number         0  dmul.o ABSOLUTE
    ..\Libraries\CMSIS\Device\startup_stm32f411xe.s 0x00000000   Number         0  startup_stm32f411xe.o ABSOLUTE
    ..\Libraries\CMSIS\Device\system_stm32f4xx.c 0x00000000   Number         0  system_stm32f4xx.o ABSOLUTE
    ..\Libraries\STM32F4xx_StdPeriph_Driver\src\misc.c 0x00000000   Number         0  misc.o ABSOLUTE
    ..\Libraries\STM32F4xx_StdPeriph_Driver\src\stm32f4xx_exti.c 0x00000000   Number         0  stm32f4xx_exti.o ABSOLUTE
    ..\Libraries\STM32F4xx_StdPeriph_Driver\src\stm32f4xx_gpio.c 0x00000000   Number         0  stm32f4xx_gpio.o ABSOLUTE
    ..\Libraries\STM32F4xx_StdPeriph_Driver\src\stm32f4xx_rcc.c 0x00000000   Number         0  stm32f4xx_rcc.o ABSOLUTE
    ..\Libraries\STM32F4xx_StdPeriph_Driver\src\stm32f4xx_spi.c 0x00000000   Number         0  stm32f4xx_spi.o ABSOLUTE
    ..\Libraries\STM32F4xx_StdPeriph_Driver\src\stm32f4xx_syscfg.c 0x00000000   Number         0  stm32f4xx_syscfg.o ABSOLUTE
    ..\Libraries\STM32F4xx_StdPeriph_Driver\src\stm32f4xx_usart.c 0x00000000   Number         0  stm32f4xx_usart.o ABSOLUTE
    ..\Program\algorithms\string.c           0x00000000   Number         0  string.o ABSOLUTE
    ..\Program\decadriver\deca_device.c      0x00000000   Number         0  deca_device.o ABSOLUTE
    ..\Program\decadriver\deca_params.c      0x00000000   Number         0  deca_params.o ABSOLUTE
    ..\Program\drivers\stm32f4_delay.c       0x00000000   Number         0  stm32f4_delay.o ABSOLUTE
    ..\Program\drivers\stm32f4_spi.c         0x00000000   Number         0  stm32f4_spi.o ABSOLUTE
    ..\Program\drivers\stm32f4_usart.c       0x00000000   Number         0  stm32f4_usart.o ABSOLUTE
    ..\Program\kdwm1000.c                    0x00000000   Number         0  kdwm1000.o ABSOLUTE
    ..\Program\kdwm1000_bsp.c                0x00000000   Number         0  kdwm1000_bsp.o ABSOLUTE
    ..\Program\kdwm1000_it.c                 0x00000000   Number         0  kdwm1000_it.o ABSOLUTE
    ..\Program\main.c                        0x00000000   Number         0  main.o ABSOLUTE
    ..\Program\modules\dw1000.c              0x00000000   Number         0  dw1000.o ABSOLUTE
    ..\Program\modules\serial.c              0x00000000   Number         0  serial.o ABSOLUTE
    ..\\Libraries\\CMSIS\\Device\\system_stm32f4xx.c 0x00000000   Number         0  system_stm32f4xx.o ABSOLUTE
    ..\\Libraries\\STM32F4xx_StdPeriph_Driver\\src\\misc.c 0x00000000   Number         0  misc.o ABSOLUTE
    ..\\Libraries\\STM32F4xx_StdPeriph_Driver\\src\\stm32f4xx_exti.c 0x00000000   Number         0  stm32f4xx_exti.o ABSOLUTE
    ..\\Libraries\\STM32F4xx_StdPeriph_Driver\\src\\stm32f4xx_gpio.c 0x00000000   Number         0  stm32f4xx_gpio.o ABSOLUTE
    ..\\Libraries\\STM32F4xx_StdPeriph_Driver\\src\\stm32f4xx_rcc.c 0x00000000   Number         0  stm32f4xx_rcc.o ABSOLUTE
    ..\\Libraries\\STM32F4xx_StdPeriph_Driver\\src\\stm32f4xx_spi.c 0x00000000   Number         0  stm32f4xx_spi.o ABSOLUTE
    ..\\Libraries\\STM32F4xx_StdPeriph_Driver\\src\\stm32f4xx_syscfg.c 0x00000000   Number         0  stm32f4xx_syscfg.o ABSOLUTE
    ..\\Libraries\\STM32F4xx_StdPeriph_Driver\\src\\stm32f4xx_usart.c 0x00000000   Number         0  stm32f4xx_usart.o ABSOLUTE
    ..\\Program\\algorithms\\string.c        0x00000000   Number         0  string.o ABSOLUTE
    ..\\Program\\decadriver\\deca_device.c   0x00000000   Number         0  deca_device.o ABSOLUTE
    ..\\Program\\decadriver\\deca_params.c   0x00000000   Number         0  deca_params.o ABSOLUTE
    ..\\Program\\drivers\\stm32f4_delay.c    0x00000000   Number         0  stm32f4_delay.o ABSOLUTE
    ..\\Program\\drivers\\stm32f4_spi.c      0x00000000   Number         0  stm32f4_spi.o ABSOLUTE
    ..\\Program\\drivers\\stm32f4_usart.c    0x00000000   Number         0  stm32f4_usart.o ABSOLUTE
    ..\\Program\\kdwm1000.c                  0x00000000   Number         0  kdwm1000.o ABSOLUTE
    ..\\Program\\kdwm1000_bsp.c              0x00000000   Number         0  kdwm1000_bsp.o ABSOLUTE
    ..\\Program\\kdwm1000_it.c               0x00000000   Number         0  kdwm1000_it.o ABSOLUTE
    ..\\Program\\main.c                      0x00000000   Number         0  main.o ABSOLUTE
    ..\\Program\\modules\\dw1000.c           0x00000000   Number         0  dw1000.o ABSOLUTE
    ..\\Program\\modules\\serial.c           0x00000000   Number         0  serial.o ABSOLUTE
    cdrcmple.s                               0x00000000   Number         0  cdrcmple.o ABSOLUTE
    dc.s                                     0x00000000   Number         0  dc.o ABSOLUTE
    handlers.s                               0x00000000   Number         0  handlers.o ABSOLUTE
    init.s                                   0x00000000   Number         0  init.o ABSOLUTE
    RESET                                    0x08000000   Section      408  startup_stm32f411xe.o(RESET)
    .ARM.Collect$$$$00000000                 0x08000198   Section        0  entry.o(.ARM.Collect$$$$00000000)
    .ARM.Collect$$$$00000001                 0x08000198   Section        4  entry2.o(.ARM.Collect$$$$00000001)
    .ARM.Collect$$$$00000004                 0x0800019c   Section        4  entry5.o(.ARM.Collect$$$$00000004)
    .ARM.Collect$$$$00000008                 0x080001a0   Section        0  entry7b.o(.ARM.Collect$$$$00000008)
    .ARM.Collect$$$$0000000A                 0x080001a0   Section        0  entry8b.o(.ARM.Collect$$$$0000000A)
    .ARM.Collect$$$$0000000B                 0x080001a0   Section        8  entry9a.o(.ARM.Collect$$$$0000000B)
    .ARM.Collect$$$$0000000D                 0x080001a8   Section        0  entry10a.o(.ARM.Collect$$$$0000000D)
    .ARM.Collect$$$$0000000F                 0x080001a8   Section        0  entry11a.o(.ARM.Collect$$$$0000000F)
    .ARM.Collect$$$$00002712                 0x080001a8   Section        4  entry2.o(.ARM.Collect$$$$00002712)
    __lit__00000000                          0x080001a8   Data           4  entry2.o(.ARM.Collect$$$$00002712)
    .text                                    0x080001ac   Section       36  startup_stm32f411xe.o(.text)
    $v0                                      0x080001ac   Number         0  startup_stm32f411xe.o(.text)
    .text                                    0x080001d0   Section       36  init.o(.text)
    i.BusFault_Handler                       0x080001f4   Section        0  kdwm1000_it.o(i.BusFault_Handler)
    i.DW1000_Config                          0x080001f8   Section        0  dw1000.o(i.DW1000_Config)
    i.DW1000_GetDeviceID                     0x080002f8   Section        0  dw1000.o(i.DW1000_GetDeviceID)
    i.DW1000_ReadOPT                         0x08000300   Section        0  dw1000.o(i.DW1000_ReadOPT)
    i.DW1000_Reset                           0x08000350   Section        0  dw1000.o(i.DW1000_Reset)
    i.DW1000_SetAntennaDelayRX               0x080003a8   Section        0  dw1000.o(i.DW1000_SetAntennaDelayRX)
    i.DW1000_SetAntennaDelayTX               0x080003b4   Section        0  dw1000.o(i.DW1000_SetAntennaDelayTX)
    i.DW1000_SetClock                        0x080003be   Section        0  dw1000.o(i.DW1000_SetClock)
    i.DW1000_SetCrystalTrim                  0x0800046e   Section        0  dw1000.o(i.DW1000_SetCrystalTrim)
    i.DW1000_SetSpeed                        0x080004a0   Section        0  dw1000.o(i.DW1000_SetSpeed)
    i.DW1000_readData                        0x080004f4   Section        0  dw1000.o(i.DW1000_readData)
    i.DW1000_readData32                      0x08000588   Section        0  dw1000.o(i.DW1000_readData32)
    i.DW1000_writeData                       0x0800059c   Section        0  dw1000.o(i.DW1000_writeData)
    i.DW1000_writeData16                     0x08000634   Section        0  dw1000.o(i.DW1000_writeData16)
    i.DW1000_writeData32                     0x08000642   Section        0  dw1000.o(i.DW1000_writeData32)
    i.DebugMon_Handler                       0x08000650   Section        0  kdwm1000_it.o(i.DebugMon_Handler)
    i.GPIO_Init                              0x08000652   Section        0  stm32f4xx_gpio.o(i.GPIO_Init)
    i.GPIO_PinAFConfig                       0x080006f4   Section        0  stm32f4xx_gpio.o(i.GPIO_PinAFConfig)
    i.HAL_Delay                              0x08000714   Section        0  stm32f4_delay.o(i.HAL_Delay)
    i.HAL_IncTick                            0x0800072c   Section        0  stm32f4_delay.o(i.HAL_IncTick)
    i.HAL_InitTick                           0x0800073c   Section        0  stm32f4_delay.o(i.HAL_InitTick)
    i.HardFault_Handler                      0x08000798   Section        0  kdwm1000_it.o(i.HardFault_Handler)
    i.KDWM_DW1000_Config                     0x0800079a   Section        0  kdwm1000_bsp.o(i.KDWM_DW1000_Config)
    i.KDWM_GPIO_Config                       0x080007ac   Section        0  kdwm1000_bsp.o(i.KDWM_GPIO_Config)
    i.KDWM_Init                              0x08000880   Section        0  kdwm1000.o(i.KDWM_Init)
    i.KDWM_Loop                              0x080008b8   Section        0  kdwm1000.o(i.KDWM_Loop)
    i.KDWM_UART_Config                       0x080008bc   Section        0  kdwm1000_bsp.o(i.KDWM_UART_Config)
    i.MemManage_Handler                      0x080008e8   Section        0  kdwm1000_it.o(i.MemManage_Handler)
    i.NMI_Handler                            0x080008ea   Section        0  kdwm1000_it.o(i.NMI_Handler)
    i.NVIC_Init                              0x080008ec   Section        0  misc.o(i.NVIC_Init)
    i.NVIC_PriorityGroupConfig               0x08000950   Section        0  misc.o(i.NVIC_PriorityGroupConfig)
    i.PendSV_Handler                         0x08000964   Section        0  kdwm1000_it.o(i.PendSV_Handler)
    i.RCC_AHB1PeriphClockCmd                 0x08000968   Section        0  stm32f4xx_rcc.o(i.RCC_AHB1PeriphClockCmd)
    i.RCC_APB1PeriphClockCmd                 0x08000980   Section        0  stm32f4xx_rcc.o(i.RCC_APB1PeriphClockCmd)
    i.RCC_APB1PeriphResetCmd                 0x08000998   Section        0  stm32f4xx_rcc.o(i.RCC_APB1PeriphResetCmd)
    i.RCC_APB2PeriphClockCmd                 0x080009b0   Section        0  stm32f4xx_rcc.o(i.RCC_APB2PeriphClockCmd)
    i.RCC_APB2PeriphResetCmd                 0x080009c8   Section        0  stm32f4xx_rcc.o(i.RCC_APB2PeriphResetCmd)
    i.RCC_GetClocksFreq                      0x080009e0   Section        0  stm32f4xx_rcc.o(i.RCC_GetClocksFreq)
    i.SPI_Cmd                                0x08000a74   Section        0  stm32f4xx_spi.o(i.SPI_Cmd)
    i.SPI_I2S_DeInit                         0x08000a88   Section        0  stm32f4xx_spi.o(i.SPI_I2S_DeInit)
    i.SPI_Init                               0x08000b0c   Section        0  stm32f4xx_spi.o(i.SPI_Init)
    i.SPI_RW                                 0x08000b44   Section        0  stm32f4_spi.o(i.SPI_RW)
    i.SVC_Handler                            0x08000b56   Section        0  kdwm1000_it.o(i.SVC_Handler)
    i.Serial_Config                          0x08000b58   Section        0  serial.o(i.Serial_Config)
    i.SetSysClock                            0x08000bec   Section        0  system_stm32f4xx.o(i.SetSysClock)
    SetSysClock                              0x08000bed   Thumb Code    98  system_stm32f4xx.o(i.SetSysClock)
    i.SysTick_Handler                        0x08000c60   Section        0  kdwm1000_it.o(i.SysTick_Handler)
    i.SystemInit                             0x08000c64   Section        0  system_stm32f4xx.o(i.SystemInit)
    i.USART1_IRQHandler                      0x08000cc0   Section        0  kdwm1000_it.o(i.USART1_IRQHandler)
    i.USART_ClearFlag                        0x08000cec   Section        0  stm32f4xx_usart.o(i.USART_ClearFlag)
    i.USART_Cmd                              0x08000cf2   Section        0  stm32f4xx_usart.o(i.USART_Cmd)
    i.USART_GetITStatus                      0x08000d06   Section        0  stm32f4xx_usart.o(i.USART_GetITStatus)
    i.USART_Init                             0x08000d44   Section        0  stm32f4xx_usart.o(i.USART_Init)
    i.UsageFault_Handler                     0x08000df0   Section        0  kdwm1000_it.o(i.UsageFault_Handler)
    i.__0printf$bare                         0x08000df4   Section        0  printfb.o(i.__0printf$bare)
    i.__scatterload_copy                     0x08000e04   Section       14  handlers.o(i.__scatterload_copy)
    i.__scatterload_null                     0x08000e12   Section        2  handlers.o(i.__scatterload_null)
    i.__scatterload_zeroinit                 0x08000e14   Section       14  handlers.o(i.__scatterload_zeroinit)
    i._dwt_configlde                         0x08000e22   Section        0  deca_device.o(i._dwt_configlde)
    i._printf_core                           0x08000e52   Section        0  printfb.o(i._printf_core)
    _printf_core                             0x08000e53   Thumb Code    34  printfb.o(i._printf_core)
    i.dwt_configure                          0x08000e74   Section        0  deca_device.o(i.dwt_configure)
    i.dwt_initialise                         0x08001084   Section        0  deca_device.o(i.dwt_initialise)
    i.fputc                                  0x080011d0   Section        0  serial.o(i.fputc)
    i.main                                   0x080011e4   Section        0  main.o(i.main)
    .constdata                               0x080011fa   Section        8  deca_params.o(.constdata)
    .constdata                               0x08001204   Section       24  deca_params.o(.constdata)
    .constdata                               0x0800121c   Section       30  deca_params.o(.constdata)
    .constdata                               0x0800123a   Section        2  deca_params.o(.constdata)
    .constdata                               0x0800123c   Section        8  deca_params.o(.constdata)
    .constdata                               0x08001244   Section        3  deca_params.o(.constdata)
    .constdata                               0x08001248   Section       12  deca_params.o(.constdata)
    .constdata                               0x08001254   Section        4  deca_params.o(.constdata)
    .constdata                               0x08001258   Section       32  deca_params.o(.constdata)
    .constdata                               0x08001278   Section       50  deca_params.o(.constdata)
    .data                                    0x20000000   Section       20  system_stm32f4xx.o(.data)
    .data                                    0x20000014   Section       16  stm32f4xx_rcc.o(.data)
    APBAHBPrescTable                         0x20000014   Data          16  stm32f4xx_rcc.o(.data)
    .data                                    0x20000024   Section        4  stm32f4_delay.o(.data)
    uwTick                                   0x20000024   Data           4  stm32f4_delay.o(.data)
    .data                                    0x20000028   Section       11  kdwm1000.o(.data)
    config                                   0x20000028   Data          11  kdwm1000.o(.data)
    .data                                    0x20000034   Section        4  kdwm1000_bsp.o(.data)
    .data                                    0x20000038   Section        4  stdout.o(.data)
    .bss                                     0x2000003c   Section       60  deca_device.o(.bss)
    KDW                                      0x2000003c   Data          60  deca_device.o(.bss)
    STACK                                    0x20000078   Section     1024  startup_stm32f411xe.o(STACK)

    Global Symbols

    Symbol Name                              Value     Ov Type        Size  Object(Section)

    BuildAttributes$$THM_ISAv4$E$P$D$K$B$S$7EM$VFPi3$EXTD16$VFPS$VFMA$PE$A:L22UL41UL21$X:L11$S22US41US21$IEEE1$IW$USESV6$~STKCKD$USESV7$~SHL$OSPACE$ROPI$EBA8$MICROLIB$REQ8$PRES8$EABIv2 0x00000000   Number         0  anon$$obj.o ABSOLUTE
    __ARM_use_no_argv                        0x00000000   Number         0  main.o ABSOLUTE
    __cpp_initialize__aeabi_                  - Undefined Weak Reference
    __cxa_finalize                            - Undefined Weak Reference
    __decompress                              - Undefined Weak Reference
    _clock_init                               - Undefined Weak Reference
    _microlib_exit                            - Undefined Weak Reference
    __Vectors_Size                           0x00000198   Number         0  startup_stm32f411xe.o ABSOLUTE
    __Vectors                                0x08000000   Data           4  startup_stm32f411xe.o(RESET)
    __Vectors_End                            0x08000198   Data           0  startup_stm32f411xe.o(RESET)
    __main                                   0x08000199   Thumb Code     0  entry.o(.ARM.Collect$$$$00000000)
    _main_stk                                0x08000199   Thumb Code     0  entry2.o(.ARM.Collect$$$$00000001)
    _main_scatterload                        0x0800019d   Thumb Code     0  entry5.o(.ARM.Collect$$$$00000004)
    __main_after_scatterload                 0x080001a1   Thumb Code     0  entry5.o(.ARM.Collect$$$$00000004)
    _main_clock                              0x080001a1   Thumb Code     0  entry7b.o(.ARM.Collect$$$$00000008)
    _main_cpp_init                           0x080001a1   Thumb Code     0  entry8b.o(.ARM.Collect$$$$0000000A)
    _main_init                               0x080001a1   Thumb Code     0  entry9a.o(.ARM.Collect$$$$0000000B)
    __rt_final_cpp                           0x080001a9   Thumb Code     0  entry10a.o(.ARM.Collect$$$$0000000D)
    __rt_final_exit                          0x080001a9   Thumb Code     0  entry11a.o(.ARM.Collect$$$$0000000F)
    Reset_Handler                            0x080001ad   Thumb Code     8  startup_stm32f411xe.o(.text)
    ADC_IRQHandler                           0x080001c7   Thumb Code     0  startup_stm32f411xe.o(.text)
    DMA1_Stream0_IRQHandler                  0x080001c7   Thumb Code     0  startup_stm32f411xe.o(.text)
    DMA1_Stream1_IRQHandler                  0x080001c7   Thumb Code     0  startup_stm32f411xe.o(.text)
    DMA1_Stream2_IRQHandler                  0x080001c7   Thumb Code     0  startup_stm32f411xe.o(.text)
    DMA1_Stream3_IRQHandler                  0x080001c7   Thumb Code     0  startup_stm32f411xe.o(.text)
    DMA1_Stream4_IRQHandler                  0x080001c7   Thumb Code     0  startup_stm32f411xe.o(.text)
    DMA1_Stream5_IRQHandler                  0x080001c7   Thumb Code     0  startup_stm32f411xe.o(.text)
    DMA1_Stream6_IRQHandler                  0x080001c7   Thumb Code     0  startup_stm32f411xe.o(.text)
    DMA1_Stream7_IRQHandler                  0x080001c7   Thumb Code     0  startup_stm32f411xe.o(.text)
    DMA2_Stream0_IRQHandler                  0x080001c7   Thumb Code     0  startup_stm32f411xe.o(.text)
    DMA2_Stream1_IRQHandler                  0x080001c7   Thumb Code     0  startup_stm32f411xe.o(.text)
    DMA2_Stream2_IRQHandler                  0x080001c7   Thumb Code     0  startup_stm32f411xe.o(.text)
    DMA2_Stream3_IRQHandler                  0x080001c7   Thumb Code     0  startup_stm32f411xe.o(.text)
    DMA2_Stream4_IRQHandler                  0x080001c7   Thumb Code     0  startup_stm32f411xe.o(.text)
    DMA2_Stream5_IRQHandler                  0x080001c7   Thumb Code     0  startup_stm32f411xe.o(.text)
    DMA2_Stream6_IRQHandler                  0x080001c7   Thumb Code     0  startup_stm32f411xe.o(.text)
    DMA2_Stream7_IRQHandler                  0x080001c7   Thumb Code     0  startup_stm32f411xe.o(.text)
    EXTI0_IRQHandler                         0x080001c7   Thumb Code     0  startup_stm32f411xe.o(.text)
    EXTI15_10_IRQHandler                     0x080001c7   Thumb Code     0  startup_stm32f411xe.o(.text)
    EXTI1_IRQHandler                         0x080001c7   Thumb Code     0  startup_stm32f411xe.o(.text)
    EXTI2_IRQHandler                         0x080001c7   Thumb Code     0  startup_stm32f411xe.o(.text)
    EXTI3_IRQHandler                         0x080001c7   Thumb Code     0  startup_stm32f411xe.o(.text)
    EXTI4_IRQHandler                         0x080001c7   Thumb Code     0  startup_stm32f411xe.o(.text)
    EXTI9_5_IRQHandler                       0x080001c7   Thumb Code     0  startup_stm32f411xe.o(.text)
    FLASH_IRQHandler                         0x080001c7   Thumb Code     0  startup_stm32f411xe.o(.text)
    FPU_IRQHandler                           0x080001c7   Thumb Code     0  startup_stm32f411xe.o(.text)
    I2C1_ER_IRQHandler                       0x080001c7   Thumb Code     0  startup_stm32f411xe.o(.text)
    I2C1_EV_IRQHandler                       0x080001c7   Thumb Code     0  startup_stm32f411xe.o(.text)
    I2C2_ER_IRQHandler                       0x080001c7   Thumb Code     0  startup_stm32f411xe.o(.text)
    I2C2_EV_IRQHandler                       0x080001c7   Thumb Code     0  startup_stm32f411xe.o(.text)
    I2C3_ER_IRQHandler                       0x080001c7   Thumb Code     0  startup_stm32f411xe.o(.text)
    I2C3_EV_IRQHandler                       0x080001c7   Thumb Code     0  startup_stm32f411xe.o(.text)
    OTG_FS_IRQHandler                        0x080001c7   Thumb Code     0  startup_stm32f411xe.o(.text)
    OTG_FS_WKUP_IRQHandler                   0x080001c7   Thumb Code     0  startup_stm32f411xe.o(.text)
    PVD_IRQHandler                           0x080001c7   Thumb Code     0  startup_stm32f411xe.o(.text)
    RCC_IRQHandler                           0x080001c7   Thumb Code     0  startup_stm32f411xe.o(.text)
    RTC_Alarm_IRQHandler                     0x080001c7   Thumb Code     0  startup_stm32f411xe.o(.text)
    RTC_WKUP_IRQHandler                      0x080001c7   Thumb Code     0  startup_stm32f411xe.o(.text)
    SDIO_IRQHandler                          0x080001c7   Thumb Code     0  startup_stm32f411xe.o(.text)
    SPI1_IRQHandler                          0x080001c7   Thumb Code     0  startup_stm32f411xe.o(.text)
    SPI2_IRQHandler                          0x080001c7   Thumb Code     0  startup_stm32f411xe.o(.text)
    SPI3_IRQHandler                          0x080001c7   Thumb Code     0  startup_stm32f411xe.o(.text)
    SPI4_IRQHandler                          0x080001c7   Thumb Code     0  startup_stm32f411xe.o(.text)
    SPI5_IRQHandler                          0x080001c7   Thumb Code     0  startup_stm32f411xe.o(.text)
    TAMP_STAMP_IRQHandler                    0x080001c7   Thumb Code     0  startup_stm32f411xe.o(.text)
    TIM1_BRK_TIM9_IRQHandler                 0x080001c7   Thumb Code     0  startup_stm32f411xe.o(.text)
    TIM1_CC_IRQHandler                       0x080001c7   Thumb Code     0  startup_stm32f411xe.o(.text)
    TIM1_TRG_COM_TIM11_IRQHandler            0x080001c7   Thumb Code     0  startup_stm32f411xe.o(.text)
    TIM1_UP_TIM10_IRQHandler                 0x080001c7   Thumb Code     0  startup_stm32f411xe.o(.text)
    TIM2_IRQHandler                          0x080001c7   Thumb Code     0  startup_stm32f411xe.o(.text)
    TIM3_IRQHandler                          0x080001c7   Thumb Code     0  startup_stm32f411xe.o(.text)
    TIM4_IRQHandler                          0x080001c7   Thumb Code     0  startup_stm32f411xe.o(.text)
    TIM5_IRQHandler                          0x080001c7   Thumb Code     0  startup_stm32f411xe.o(.text)
    USART2_IRQHandler                        0x080001c7   Thumb Code     0  startup_stm32f411xe.o(.text)
    USART6_IRQHandler                        0x080001c7   Thumb Code     0  startup_stm32f411xe.o(.text)
    WWDG_IRQHandler                          0x080001c7   Thumb Code     0  startup_stm32f411xe.o(.text)
    __scatterload                            0x080001d1   Thumb Code    28  init.o(.text)
    __scatterload_rt2                        0x080001d1   Thumb Code     0  init.o(.text)
    BusFault_Handler                         0x080001f5   Thumb Code     2  kdwm1000_it.o(i.BusFault_Handler)
    DW1000_Config                            0x080001f9   Thumb Code   244  dw1000.o(i.DW1000_Config)
    DW1000_GetDeviceID                       0x080002f9   Thumb Code     8  dw1000.o(i.DW1000_GetDeviceID)
    DW1000_ReadOPT                           0x08000301   Thumb Code    80  dw1000.o(i.DW1000_ReadOPT)
    DW1000_Reset                             0x08000351   Thumb Code    82  dw1000.o(i.DW1000_Reset)
    DW1000_SetAntennaDelayRX                 0x080003a9   Thumb Code    12  dw1000.o(i.DW1000_SetAntennaDelayRX)
    DW1000_SetAntennaDelayTX                 0x080003b5   Thumb Code    10  dw1000.o(i.DW1000_SetAntennaDelayTX)
    DW1000_SetClock                          0x080003bf   Thumb Code   176  dw1000.o(i.DW1000_SetClock)
    DW1000_SetCrystalTrim                    0x0800046f   Thumb Code    48  dw1000.o(i.DW1000_SetCrystalTrim)
    DW1000_SetSpeed                          0x080004a1   Thumb Code    80  dw1000.o(i.DW1000_SetSpeed)
    DW1000_readData                          0x080004f5   Thumb Code   140  dw1000.o(i.DW1000_readData)
    DW1000_readData32                        0x08000589   Thumb Code    20  dw1000.o(i.DW1000_readData32)
    DW1000_writeData                         0x0800059d   Thumb Code   142  dw1000.o(i.DW1000_writeData)
    DW1000_writeData16                       0x08000635   Thumb Code    14  dw1000.o(i.DW1000_writeData16)
    DW1000_writeData32                       0x08000643   Thumb Code    14  dw1000.o(i.DW1000_writeData32)
    DebugMon_Handler                         0x08000651   Thumb Code     2  kdwm1000_it.o(i.DebugMon_Handler)
    GPIO_Init                                0x08000653   Thumb Code   162  stm32f4xx_gpio.o(i.GPIO_Init)
    GPIO_PinAFConfig                         0x080006f5   Thumb Code    32  stm32f4xx_gpio.o(i.GPIO_PinAFConfig)
    HAL_Delay                                0x08000715   Thumb Code    18  stm32f4_delay.o(i.HAL_Delay)
    HAL_IncTick                              0x0800072d   Thumb Code    10  stm32f4_delay.o(i.HAL_IncTick)
    HAL_InitTick                             0x0800073d   Thumb Code    84  stm32f4_delay.o(i.HAL_InitTick)
    HardFault_Handler                        0x08000799   Thumb Code     2  kdwm1000_it.o(i.HardFault_Handler)
    KDWM_DW1000_Config                       0x0800079b   Thumb Code    16  kdwm1000_bsp.o(i.KDWM_DW1000_Config)
    KDWM_GPIO_Config                         0x080007ad   Thumb Code   200  kdwm1000_bsp.o(i.KDWM_GPIO_Config)
    KDWM_Init                                0x08000881   Thumb Code    52  kdwm1000.o(i.KDWM_Init)
    KDWM_Loop                                0x080008b9   Thumb Code     2  kdwm1000.o(i.KDWM_Loop)
    KDWM_UART_Config                         0x080008bd   Thumb Code    20  kdwm1000_bsp.o(i.KDWM_UART_Config)
    MemManage_Handler                        0x080008e9   Thumb Code     2  kdwm1000_it.o(i.MemManage_Handler)
    NMI_Handler                              0x080008eb   Thumb Code     2  kdwm1000_it.o(i.NMI_Handler)
    NVIC_Init                                0x080008ed   Thumb Code    96  misc.o(i.NVIC_Init)
    NVIC_PriorityGroupConfig                 0x08000951   Thumb Code    10  misc.o(i.NVIC_PriorityGroupConfig)
    PendSV_Handler                           0x08000965   Thumb Code     2  kdwm1000_it.o(i.PendSV_Handler)
    RCC_AHB1PeriphClockCmd                   0x08000969   Thumb Code    18  stm32f4xx_rcc.o(i.RCC_AHB1PeriphClockCmd)
    RCC_APB1PeriphClockCmd                   0x08000981   Thumb Code    18  stm32f4xx_rcc.o(i.RCC_APB1PeriphClockCmd)
    RCC_APB1PeriphResetCmd                   0x08000999   Thumb Code    18  stm32f4xx_rcc.o(i.RCC_APB1PeriphResetCmd)
    RCC_APB2PeriphClockCmd                   0x080009b1   Thumb Code    18  stm32f4xx_rcc.o(i.RCC_APB2PeriphClockCmd)
    RCC_APB2PeriphResetCmd                   0x080009c9   Thumb Code    18  stm32f4xx_rcc.o(i.RCC_APB2PeriphResetCmd)
    RCC_GetClocksFreq                        0x080009e1   Thumb Code   132  stm32f4xx_rcc.o(i.RCC_GetClocksFreq)
    SPI_Cmd                                  0x08000a75   Thumb Code    20  stm32f4xx_spi.o(i.SPI_Cmd)
    SPI_I2S_DeInit                           0x08000a89   Thumb Code   108  stm32f4xx_spi.o(i.SPI_I2S_DeInit)
    SPI_Init                                 0x08000b0d   Thumb Code    56  stm32f4xx_spi.o(i.SPI_Init)
    SPI_RW                                   0x08000b45   Thumb Code    18  stm32f4_spi.o(i.SPI_RW)
    SVC_Handler                              0x08000b57   Thumb Code     2  kdwm1000_it.o(i.SVC_Handler)
    Serial_Config                            0x08000b59   Thumb Code   140  serial.o(i.Serial_Config)
    SysTick_Handler                          0x08000c61   Thumb Code     4  kdwm1000_it.o(i.SysTick_Handler)
    SystemInit                               0x08000c65   Thumb Code    74  system_stm32f4xx.o(i.SystemInit)
    USART1_IRQHandler                        0x08000cc1   Thumb Code    36  kdwm1000_it.o(i.USART1_IRQHandler)
    USART_ClearFlag                          0x08000ced   Thumb Code     6  stm32f4xx_usart.o(i.USART_ClearFlag)
    USART_Cmd                                0x08000cf3   Thumb Code    20  stm32f4xx_usart.o(i.USART_Cmd)
    USART_GetITStatus                        0x08000d07   Thumb Code    62  stm32f4xx_usart.o(i.USART_GetITStatus)
    USART_Init                               0x08000d45   Thumb Code   164  stm32f4xx_usart.o(i.USART_Init)
    UsageFault_Handler                       0x08000df1   Thumb Code     2  kdwm1000_it.o(i.UsageFault_Handler)
    __0printf$bare                           0x08000df5   Thumb Code     8  printfb.o(i.__0printf$bare)
    __1printf$bare                           0x08000df5   Thumb Code     0  printfb.o(i.__0printf$bare)
    __2printf                                0x08000df5   Thumb Code     0  printfb.o(i.__0printf$bare)
    __scatterload_copy                       0x08000e05   Thumb Code    14  handlers.o(i.__scatterload_copy)
    __scatterload_null                       0x08000e13   Thumb Code     2  handlers.o(i.__scatterload_null)
    __scatterload_zeroinit                   0x08000e15   Thumb Code    14  handlers.o(i.__scatterload_zeroinit)
    _dwt_configlde                           0x08000e23   Thumb Code    48  deca_device.o(i._dwt_configlde)
    dwt_configure                            0x08000e75   Thumb Code   482  deca_device.o(i.dwt_configure)
    dwt_initialise                           0x08001085   Thumb Code   324  deca_device.o(i.dwt_initialise)
    fputc                                    0x080011d1   Thumb Code    14  serial.o(i.fputc)
    main                                     0x080011e5   Thumb Code    22  main.o(i.main)
    chan_idx                                 0x080011fa   Data           8  deca_params.o(.constdata)
    tx_config                                0x08001204   Data          24  deca_params.o(.constdata)
    pll2_config                              0x0800121c   Data          30  deca_params.o(.constdata)
    rx_config                                0x0800123a   Data           2  deca_params.o(.constdata)
    agc_config                               0x0800123c   Data           8  deca_params.o(.constdata)
    dwnsSFDlen                               0x08001244   Data           3  deca_params.o(.constdata)
    sftsh                                    0x08001248   Data          12  deca_params.o(.constdata)
    dtune1                                   0x08001254   Data           4  deca_params.o(.constdata)
    digital_bb_config                        0x08001258   Data          32  deca_params.o(.constdata)
    lde_replicaCoeff                         0x08001278   Data          50  deca_params.o(.constdata)
    Region$$Table$$Base                      0x080012ac   Number         0  anon$$obj.o(Region$$Table)
    Region$$Table$$Limit                     0x080012cc   Number         0  anon$$obj.o(Region$$Table)
    SystemCoreClock                          0x20000000   Data           4  system_stm32f4xx.o(.data)
    AHBPrescTable                            0x20000004   Data          16  system_stm32f4xx.o(.data)
    UART1_irqEven                            0x20000034   Data           4  kdwm1000_bsp.o(.data)
    __stdout                                 0x20000038   Data           4  stdout.o(.data)
    __initial_sp                             0x20000478   Data           0  startup_stm32f411xe.o(STACK)



==============================================================================

Memory Map of the image

  Image Entry point : 0x08000199

  Load Region LR_IROM1 (Base: 0x08000000, Size: 0x00001308, Max: 0x00080000, ABSOLUTE)

    Execution Region ER_IROM1 (Exec base: 0x08000000, Load base: 0x08000000, Size: 0x000012cc, Max: 0x00080000, ABSOLUTE)

    Exec Addr    Load Addr    Size         Type   Attr      Idx    E Section Name        Object

    0x08000000   0x08000000   0x00000198   Data   RO            3    RESET               startup_stm32f411xe.o
    0x08000198   0x08000198   0x00000000   Code   RO         2019  * .ARM.Collect$$$$00000000  mc_w.l(entry.o)
    0x08000198   0x08000198   0x00000004   Code   RO         2290    .ARM.Collect$$$$00000001  mc_w.l(entry2.o)
    0x0800019c   0x0800019c   0x00000004   Code   RO         2293    .ARM.Collect$$$$00000004  mc_w.l(entry5.o)
    0x080001a0   0x080001a0   0x00000000   Code   RO         2295    .ARM.Collect$$$$00000008  mc_w.l(entry7b.o)
    0x080001a0   0x080001a0   0x00000000   Code   RO         2297    .ARM.Collect$$$$0000000A  mc_w.l(entry8b.o)
    0x080001a0   0x080001a0   0x00000008   Code   RO         2298    .ARM.Collect$$$$0000000B  mc_w.l(entry9a.o)
    0x080001a8   0x080001a8   0x00000000   Code   RO         2300    .ARM.Collect$$$$0000000D  mc_w.l(entry10a.o)
    0x080001a8   0x080001a8   0x00000000   Code   RO         2302    .ARM.Collect$$$$0000000F  mc_w.l(entry11a.o)
    0x080001a8   0x080001a8   0x00000004   Code   RO         2291    .ARM.Collect$$$$00002712  mc_w.l(entry2.o)
    0x080001ac   0x080001ac   0x00000024   Code   RO            4    .text               startup_stm32f411xe.o
    0x080001d0   0x080001d0   0x00000024   Code   RO         2322    .text               mc_w.l(init.o)
    0x080001f4   0x080001f4   0x00000002   Code   RO         1411    i.BusFault_Handler  kdwm1000_it.o
    0x080001f6   0x080001f6   0x00000002   PAD
    0x080001f8   0x080001f8   0x00000100   Code   RO         1582    i.DW1000_Config     dw1000.o
    0x080002f8   0x080002f8   0x00000008   Code   RO         1583    i.DW1000_GetDeviceID  dw1000.o
    0x08000300   0x08000300   0x00000050   Code   RO         1585    i.DW1000_ReadOPT    dw1000.o
    0x08000350   0x08000350   0x00000058   Code   RO         1586    i.DW1000_Reset      dw1000.o
    0x080003a8   0x080003a8   0x0000000c   Code   RO         1587    i.DW1000_SetAntennaDelayRX  dw1000.o
    0x080003b4   0x080003b4   0x0000000a   Code   RO         1588    i.DW1000_SetAntennaDelayTX  dw1000.o
    0x080003be   0x080003be   0x000000b0   Code   RO         1589    i.DW1000_SetClock   dw1000.o
    0x0800046e   0x0800046e   0x00000030   Code   RO         1590    i.DW1000_SetCrystalTrim  dw1000.o
    0x0800049e   0x0800049e   0x00000002   PAD
    0x080004a0   0x080004a0   0x00000054   Code   RO         1591    i.DW1000_SetSpeed   dw1000.o
    0x080004f4   0x080004f4   0x00000094   Code   RO         1592    i.DW1000_readData   dw1000.o
    0x08000588   0x08000588   0x00000014   Code   RO         1594    i.DW1000_readData32  dw1000.o
    0x0800059c   0x0800059c   0x00000098   Code   RO         1595    i.DW1000_writeData  dw1000.o
    0x08000634   0x08000634   0x0000000e   Code   RO         1596    i.DW1000_writeData16  dw1000.o
    0x08000642   0x08000642   0x0000000e   Code   RO         1597    i.DW1000_writeData32  dw1000.o
    0x08000650   0x08000650   0x00000002   Code   RO         1412    i.DebugMon_Handler  kdwm1000_it.o
    0x08000652   0x08000652   0x000000a2   Code   RO          585    i.GPIO_Init         stm32f4xx_gpio.o
    0x080006f4   0x080006f4   0x00000020   Code   RO          586    i.GPIO_PinAFConfig  stm32f4xx_gpio.o
    0x08000714   0x08000714   0x00000018   Code   RO         1046    i.HAL_Delay         stm32f4_delay.o
    0x0800072c   0x0800072c   0x00000010   Code   RO         1048    i.HAL_IncTick       stm32f4_delay.o
    0x0800073c   0x0800073c   0x0000005c   Code   RO         1049    i.HAL_InitTick      stm32f4_delay.o
    0x08000798   0x08000798   0x00000002   Code   RO         1413    i.HardFault_Handler  kdwm1000_it.o
    0x0800079a   0x0800079a   0x00000010   Code   RO         1347    i.KDWM_DW1000_Config  kdwm1000_bsp.o
    0x080007aa   0x080007aa   0x00000002   PAD
    0x080007ac   0x080007ac   0x000000d4   Code   RO         1348    i.KDWM_GPIO_Config  kdwm1000_bsp.o
    0x08000880   0x08000880   0x00000038   Code   RO         1225    i.KDWM_Init         kdwm1000.o
    0x080008b8   0x080008b8   0x00000002   Code   RO         1226    i.KDWM_Loop         kdwm1000.o
    0x080008ba   0x080008ba   0x00000002   PAD
    0x080008bc   0x080008bc   0x0000002c   Code   RO         1349    i.KDWM_UART_Config  kdwm1000_bsp.o
    0x080008e8   0x080008e8   0x00000002   Code   RO         1414    i.MemManage_Handler  kdwm1000_it.o
    0x080008ea   0x080008ea   0x00000002   Code   RO         1415    i.NMI_Handler       kdwm1000_it.o
    0x080008ec   0x080008ec   0x00000064   Code   RO           98    i.NVIC_Init         misc.o
    0x08000950   0x08000950   0x00000014   Code   RO           99    i.NVIC_PriorityGroupConfig  misc.o
    0x08000964   0x08000964   0x00000002   Code   RO         1416    i.PendSV_Handler    kdwm1000_it.o
    0x08000966   0x08000966   0x00000002   PAD
    0x08000968   0x08000968   0x00000018   Code   RO          150    i.RCC_AHB1PeriphClockCmd  stm32f4xx_rcc.o
    0x08000980   0x08000980   0x00000018   Code   RO          156    i.RCC_APB1PeriphClockCmd  stm32f4xx_rcc.o
    0x08000998   0x08000998   0x00000018   Code   RO          158    i.RCC_APB1PeriphResetCmd  stm32f4xx_rcc.o
    0x080009b0   0x080009b0   0x00000018   Code   RO          159    i.RCC_APB2PeriphClockCmd  stm32f4xx_rcc.o
    0x080009c8   0x080009c8   0x00000018   Code   RO          161    i.RCC_APB2PeriphResetCmd  stm32f4xx_rcc.o
    0x080009e0   0x080009e0   0x00000094   Code   RO          168    i.RCC_GetClocksFreq  stm32f4xx_rcc.o
    0x08000a74   0x08000a74   0x00000014   Code   RO          884    i.SPI_Cmd           stm32f4xx_spi.o
    0x08000a88   0x08000a88   0x00000084   Code   RO          891    i.SPI_I2S_DeInit    stm32f4xx_spi.o
    0x08000b0c   0x08000b0c   0x00000038   Code   RO          897    i.SPI_Init          stm32f4xx_spi.o
    0x08000b44   0x08000b44   0x00000012   Code   RO         1161    i.SPI_RW            stm32f4_spi.o
    0x08000b56   0x08000b56   0x00000002   Code   RO         1417    i.SVC_Handler       kdwm1000_it.o
    0x08000b58   0x08000b58   0x00000094   Code   RO         1489    i.Serial_Config     serial.o
    0x08000bec   0x08000bec   0x00000074   Code   RO           13    i.SetSysClock       system_stm32f4xx.o
    0x08000c60   0x08000c60   0x00000004   Code   RO         1418    i.SysTick_Handler   kdwm1000_it.o
    0x08000c64   0x08000c64   0x0000005c   Code   RO           15    i.SystemInit        system_stm32f4xx.o
    0x08000cc0   0x08000cc0   0x0000002c   Code   RO         1419    i.USART1_IRQHandler  kdwm1000_it.o
    0x08000cec   0x08000cec   0x00000006   Code   RO          686    i.USART_ClearFlag   stm32f4xx_usart.o
    0x08000cf2   0x08000cf2   0x00000014   Code   RO          690    i.USART_Cmd         stm32f4xx_usart.o
    0x08000d06   0x08000d06   0x0000003e   Code   RO          694    i.USART_GetITStatus  stm32f4xx_usart.o
    0x08000d44   0x08000d44   0x000000ac   Code   RO          697    i.USART_Init        stm32f4xx_usart.o
    0x08000df0   0x08000df0   0x00000002   Code   RO         1420    i.UsageFault_Handler  kdwm1000_it.o
    0x08000df2   0x08000df2   0x00000002   PAD
    0x08000df4   0x08000df4   0x00000010   Code   RO         2025    i.__0printf$bare    mc_w.l(printfb.o)
    0x08000e04   0x08000e04   0x0000000e   Code   RO         2330    i.__scatterload_copy  mc_w.l(handlers.o)
    0x08000e12   0x08000e12   0x00000002   Code   RO         2331    i.__scatterload_null  mc_w.l(handlers.o)
    0x08000e14   0x08000e14   0x0000000e   Code   RO         2332    i.__scatterload_zeroinit  mc_w.l(handlers.o)
    0x08000e22   0x08000e22   0x00000030   Code   RO         1734    i._dwt_configlde    deca_device.o
    0x08000e52   0x08000e52   0x00000022   Code   RO         2032    i._printf_core      mc_w.l(printfb.o)
    0x08000e74   0x08000e74   0x00000210   Code   RO         1740    i.dwt_configure     deca_device.o
    0x08001084   0x08001084   0x0000014c   Code   RO         1743    i.dwt_initialise    deca_device.o
    0x080011d0   0x080011d0   0x00000014   Code   RO         1500    i.fputc             serial.o
    0x080011e4   0x080011e4   0x00000016   Code   RO         1188    i.main              main.o
    0x080011fa   0x080011fa   0x00000008   Data   RO         1980    .constdata          deca_params.o
    0x08001202   0x08001202   0x00000002   PAD
    0x08001204   0x08001204   0x00000018   Data   RO         1981    .constdata          deca_params.o
    0x0800121c   0x0800121c   0x0000001e   Data   RO         1982    .constdata          deca_params.o
    0x0800123a   0x0800123a   0x00000002   Data   RO         1983    .constdata          deca_params.o
    0x0800123c   0x0800123c   0x00000008   Data   RO         1984    .constdata          deca_params.o
    0x08001244   0x08001244   0x00000003   Data   RO         1985    .constdata          deca_params.o
    0x08001247   0x08001247   0x00000001   PAD
    0x08001248   0x08001248   0x0000000c   Data   RO         1986    .constdata          deca_params.o
    0x08001254   0x08001254   0x00000004   Data   RO         1987    .constdata          deca_params.o
    0x08001258   0x08001258   0x00000020   Data   RO         1988    .constdata          deca_params.o
    0x08001278   0x08001278   0x00000032   Data   RO         1989    .constdata          deca_params.o
    0x080012aa   0x080012aa   0x00000002   PAD
    0x080012ac   0x080012ac   0x00000020   Data   RO         2328    Region$$Table       anon$$obj.o


    Execution Region RW_IRAM1 (Exec base: 0x20000000, Load base: 0x080012cc, Size: 0x00000478, Max: 0x00020000, ABSOLUTE)

    Exec Addr    Load Addr    Size         Type   Attr      Idx    E Section Name        Object

    0x20000000   0x080012cc   0x00000014   Data   RW           16    .data               system_stm32f4xx.o
    0x20000014   0x080012e0   0x00000010   Data   RW          198    .data               stm32f4xx_rcc.o
    0x20000024   0x080012f0   0x00000004   Data   RW         1051    .data               stm32f4_delay.o
    0x20000028   0x080012f4   0x0000000b   Data   RW         1227    .data               kdwm1000.o
    0x20000033   0x080012ff   0x00000001   PAD
    0x20000034   0x08001300   0x00000004   Data   RW         1350    .data               kdwm1000_bsp.o
    0x20000038   0x08001304   0x00000004   Data   RW         2304    .data               mc_w.l(stdout.o)
    0x2000003c        -       0x0000003c   Zero   RW         1759    .bss                deca_device.o
    0x20000078        -       0x00000400   Zero   RW            1    STACK               startup_stm32f411xe.o


==============================================================================

Image component sizes


      Code (inc. data)   RO Data    RW Data    ZI Data      Debug   Object Name

       908         54          0          0         60       6753   deca_device.o
         0          0        173          0          0      17195   deca_params.o
      1110         48          0          0          0      12346   dw1000.o
        58          4          0         11          0       5256   kdwm1000.o
       272         36          0          4          0       5379   kdwm1000_bsp.o
        64          8          0          0          0       5602   kdwm1000_it.o
        22          0          0          0          0       2463   main.o
       120         14          0          0          0       1975   misc.o
       168         14          0          0          0       1376   serial.o
        36          8        408          0       1024        964   startup_stm32f411xe.o
       132         20          0          4          0      29442   stm32f4_delay.o
        18          0          0          0          0       1089   stm32f4_spi.o
       194          0          0          0          0       2235   stm32f4xx_gpio.o
       268         46          0         16          0       7157   stm32f4xx_rcc.o
       208         24          0          0          0       3074   stm32f4xx_spi.o
       260          8          0          0          0       4283   stm32f4xx_usart.o
       208         36          0         20          0     243385   system_stm32f4xx.o

    ----------------------------------------------------------------------
      4058        320        618         56       1084     349974   Object Totals
         0          0         32          0          0          0   (incl. Generated)
        12          0          5          1          0          0   (incl. Padding)

    ----------------------------------------------------------------------

      Code (inc. data)   RO Data    RW Data    ZI Data      Debug   Library Member Name

         0          0          0          0          0          0   entry.o
         0          0          0          0          0          0   entry10a.o
         0          0          0          0          0          0   entry11a.o
         8          4          0          0          0          0   entry2.o
         4          0          0          0          0          0   entry5.o
         0          0          0          0          0          0   entry7b.o
         0          0          0          0          0          0   entry8b.o
         8          4          0          0          0          0   entry9a.o
        30          0          0          0          0          0   handlers.o
        36          8          0          0          0         68   init.o
        50          8          0          0          0        152   printfb.o
         0          0          0          4          0          0   stdout.o

    ----------------------------------------------------------------------
       136         24          0          4          0        220   Library Totals
         0          0          0          0          0          0   (incl. Padding)

    ----------------------------------------------------------------------

      Code (inc. data)   RO Data    RW Data    ZI Data      Debug   Library Name

       136         24          0          4          0        220   mc_w.l

    ----------------------------------------------------------------------
       136         24          0          4          0        220   Library Totals

    ----------------------------------------------------------------------

==============================================================================


      Code (inc. data)   RO Data    RW Data    ZI Data      Debug   

      4194        344        618         60       1084     345146   Grand Totals
      4194        344        618         60       1084     345146   ELF Image Totals
      4194        344        618         60          0          0   ROM Totals

==============================================================================

    Total RO  Size (Code + RO Data)                 4812 (   4.70kB)
    Total RW  Size (RW Data + ZI Data)              1144 (   1.12kB)
    Total ROM Size (Code + RO Data + RW Data)       4872 (   4.76kB)

==============================================================================

