Component: ARM Compiler 5.06 update 6 (build 750) Tool: armlink [4d35ed]

==============================================================================

Section Cross References

    main.o(i.DeviceDelayMs) refers to stm32f4_delay.o(i.HAL_Delay) for HAL_Delay
    main.o(i.DeviceRecv) refers to deca_device.o(i.dwt_setrxtimeout) for dwt_setrxtimeout
    main.o(i.DeviceRecv) refers to deca_device.o(i.dwt_rxenable) for dwt_rxenable
    main.o(i.DeviceRecv) refers to dw1000.o(i.DW1000_readData32) for DW1000_readData32
    main.o(i.DeviceRecv) refers to dw1000.o(i.DW1000_writeData32) for DW1000_writeData32
    main.o(i.DeviceRecv) refers to deca_device.o(i.dwt_rxreset) for dwt_rxreset
    main.o(i.DeviceRecv) refers to deca_device.o(i.dwt_readrxdata) for dwt_readrxdata
    main.o(i.DeviceSend) refers to dw1000.o(i.DW1000_writeData32) for DW1000_writeData32
    main.o(i.DeviceSend) refers to deca_device.o(i.dwt_writetxdata) for dwt_writetxdata
    main.o(i.DeviceSend) refers to deca_device.o(i.dwt_writetxfctrl) for dwt_writetxfctrl
    main.o(i.DeviceSend) refers to deca_device.o(i.dwt_starttx) for dwt_starttx
    main.o(i.DeviceSend) refers to dw1000.o(i.DW1000_readData32) for DW1000_readData32
    main.o(i.DeviceSend) refers to segger_rtt_printf.o(i.SEGGER_RTT_printf) for SEGGER_RTT_printf
    main.o(i.main) refers to stm32f4_delay.o(i.HAL_InitTick) for HAL_InitTick
    main.o(i.main) refers to ranging.o(i.RangingInit) for RangingInit
    main.o(i.main) refers to ulldriver.o(i.uLLUserInterfaceRegister) for uLLUserInterfaceRegister
    main.o(i.main) refers to printf8.o(i.__0printf$8) for __2printf
    main.o(i.main) refers to usvshell.o(i.uSVShellInit) for uSVShellInit
    main.o(i.main) refers to ulldriver.o(i.uLLInit) for uLLInit
    main.o(i.main) refers to segger_rtt_printf.o(i.SEGGER_RTT_printf) for SEGGER_RTT_printf
    main.o(i.main) refers to usvmanager.o(i.uSVManagerInit) for uSVManagerInit
    main.o(i.main) refers to segger_rtt.o(i.SEGGER_RTT_Init) for SEGGER_RTT_Init
    main.o(i.main) refers to uidle.o(i.uSVIdle) for uSVIdle
    main.o(i.main) refers to main.o(i.DeviceInit) for DeviceInit
    main.o(i.main) refers to main.o(i.DeviceDelayMs) for DeviceDelayMs
    main.o(i.main) refers to main.o(i.DeviceSend) for DeviceSend
    main.o(i.main) refers to main.o(i.DeviceRecv) for DeviceRecv
    ranging.o(i.RangingInit) refers to kdwm1000_bsp.o(i.KDWM_GPIO_Config) for KDWM_GPIO_Config
    ranging.o(i.RangingInit) refers to kdwm1000_bsp.o(i.KDWM_UART_Config) for KDWM_UART_Config
    ranging.o(i.RangingInit) refers to kdwm1000_bsp.o(i.KDWM_DW1000_Config) for KDWM_DW1000_Config
    ranging.o(i.RangingInit) refers to dw1000.o(i.DW1000_Reset) for DW1000_Reset
    ranging.o(i.RangingInit) refers to deca_device.o(i.dwt_initialise) for dwt_initialise
    ranging.o(i.RangingInit) refers to deca_device.o(i.dwt_configure) for dwt_configure
    ranging.o(i.RangingInit) refers to dw1000.o(i.DW1000_SetAntennaDelayRX) for DW1000_SetAntennaDelayRX
    ranging.o(i.RangingInit) refers to dw1000.o(i.DW1000_SetAntennaDelayTX) for DW1000_SetAntennaDelayTX
    ranging.o(i.RangingInit) refers to ranging.o(.data) for .data
    uregister.o(i._uPTAllocRespons) refers to ulldriver.o(i.uLLFrameRecv) for uLLFrameRecv
    uregister.o(i._uPTAllocRespons) refers to stdplus_linklist.o(i.listnode_head) for listnode_head
    uregister.o(i._uPTAllocRespons) refers to ullpacket.o(i.uLLFrameSendEx) for uLLFrameSendEx
    uregister.o(i._uPTAllocRespons) refers to segger_rtt_printf.o(i.SEGGER_RTT_printf) for SEGGER_RTT_printf
    uregister.o(i._uPTAllocRespons) refers to uregister.o(.bss) for .bss
    uregister.o(i._uPTAllocRespons) refers to usvmanager.o(.data) for guSVManagerDevice
    uregister.o(i._uPTDeviceSignin) refers to segger_rtt_printf.o(i.SEGGER_RTT_printf) for SEGGER_RTT_printf
    uregister.o(i._uPTDeviceSignin) refers to conversion.o(i.inet_ntoa) for inet_ntoa
    uregister.o(i._uPTDeviceSignin) refers to ullpacket.o(i.uLLFrameSendEx) for uLLFrameSendEx
    uregister.o(i._uPTDeviceSignin) refers to ullpacket.o(i.uLLFrameWaitEx) for uLLFrameWaitEx
    uregister.o(i._uPTDeviceSignin) refers to malloc.o(i.malloc) for malloc
    uregister.o(i._uPTDeviceSignin) refers to stdplus_linklist.o(i.listnode_add) for listnode_add
    uregister.o(i._uPTDeviceSignin) refers to usvmanager.o(.data) for guSVManagerDevice
    uregister.o(i._uPTWaitDeviceRegister) refers to segger_rtt_printf.o(i.SEGGER_RTT_printf) for SEGGER_RTT_printf
    uregister.o(i._uPTWaitDeviceRegister) refers to ulldriver.o(i.uLLFrameRecv) for uLLFrameRecv
    uregister.o(i._uPTWaitDeviceRegister) refers to ullpacket.o(i.uLLFrameSendEx) for uLLFrameSendEx
    uregister.o(i._uPTWaitDeviceRegister) refers to ullpacket.o(i.uLLFrameWaitEx) for uLLFrameWaitEx
    uregister.o(i._uPTWaitDeviceRegister) refers to stdplus_linklist.o(i.listnode_add) for listnode_add
    uregister.o(i._uPTWaitDeviceRegister) refers to uregister.o(.bss) for .bss
[...]
    ..\Program\network\src\protocol\uStateMaintenance.c 0x00000000   Number         0  ustatemaintenance.o ABSOLUTE
    ..\Program\network\src\service\uIdle.c   0x00000000   Number         0  uidle.o ABSOLUTE
    ..\Program\network\src\service\uSVManager.c 0x00000000   Number         0  usvmanager.o ABSOLUTE
    ..\Program\network\src\service\uSVShell.c 0x00000000   Number         0  usvshell.o ABSOLUTE
    ..\Program\network\src\utils\conversion.c 0x00000000   Number         0  conversion.o ABSOLUTE
    ..\Program\network\src\utils\stdplus_linklist.c 0x00000000   Number         0  stdplus_linklist.o ABSOLUTE
    ..\Program\network\src\utils\stdplus_queue.c 0x00000000   Number         0  stdplus_queue.o ABSOLUTE
    ..\Program\ranging.c                     0x00000000   Number         0  ranging.o ABSOLUTE
    ..\Program\segger\RTT\SEGGER_RTT.c       0x00000000   Number         0  segger_rtt.o ABSOLUTE
    ..\Program\segger\RTT\SEGGER_RTT_printf.c 0x00000000   Number         0  segger_rtt_printf.o ABSOLUTE
    ..\Program\segger\Syscalls\SEGGER_RTT_Syscalls_KEIL.c 0x00000000   Number         0  segger_rtt_syscalls_keil.o ABSOLUTE
    ..\\Libraries\\CMSIS\\Device\\system_stm32f4xx.c 0x00000000   Number         0  system_stm32f4xx.o ABSOLUTE
    ..\\Libraries\\STM32F4xx_StdPeriph_Driver\\src\\misc.c 0x00000000   Number         0  misc.o ABSOLUTE
    ..\\Libraries\\STM32F4xx_StdPeriph_Driver\\src\\stm32f4xx_exti.c 0x00000000   Number         0  stm32f4xx_exti.o ABSOLUTE
    ..\\Libraries\\STM32F4xx_StdPeriph_Driver\\src\\stm32f4xx_gpio.c 0x00000000   Number         0  stm32f4xx_gpio.o ABSOLUTE
    ..\\Libraries\\STM32F4xx_StdPeriph_Driver\\src\\stm32f4xx_rcc.c 0x00000000   Number         0  stm32f4xx_rcc.o ABSOLUTE
    ..\\Libraries\\STM32F4xx_StdPeriph_Driver\\src\\stm32f4xx_spi.c 0x00000000   Number         0  stm32f4xx_spi.o ABSOLUTE
    ..\\Libraries\\STM32F4xx_StdPeriph_Driver\\src\\stm32f4xx_syscfg.c 0x00000000   Number         0  stm32f4xx_syscfg.o ABSOLUTE
    ..\\Libraries\\STM32F4xx_StdPeriph_Driver\\src\\stm32f4xx_usart.c 0x00000000   Number         0  stm32f4xx_usart.o ABSOLUTE
    ..\\Program\\algorithms\\string.c        0x00000000   Number         0  string.o ABSOLUTE
    ..\\Program\\decadriver\\deca_device.c   0x00000000   Number         0  deca_device.o ABSOLUTE
    ..\\Program\\decadriver\\deca_params.c   0x00000000   Number         0  deca_params.o ABSOLUTE
    ..\\Program\\drivers\\stm32f4_delay.c    0x00000000   Number         0  stm32f4_delay.o ABSOLUTE
    ..\\Program\\drivers\\stm32f4_spi.c      0x00000000   Number         0  stm32f4_spi.o ABSOLUTE
    ..\\Program\\drivers\\stm32f4_usart.c    0x00000000   Number         0  stm32f4_usart.o ABSOLUTE
    ..\\Program\\lowlayer\\kdwm1000_bsp.c    0x00000000   Number         0  kdwm1000_bsp.o ABSOLUTE
    ..\\Program\\lowlayer\\kdwm1000_it.c     0x00000000   Number         0  kdwm1000_it.o ABSOLUTE
    ..\\Program\\main.c                      0x00000000   Number         0  main.o ABSOLUTE
    ..\\Program\\modules\\dw1000.c           0x00000000   Number         0  dw1000.o ABSOLUTE
    ..\\Program\\modules\\serial.c           0x00000000   Number         0  serial.o ABSOLUTE
    ..\\Program\\network\\src\\linklayer\\uLLDriver.c 0x00000000   Number         0  ulldriver.o ABSOLUTE
    ..\\Program\\network\\src\\linklayer\\uLLPacket.c 0x00000000   Number         0  ullpacket.o ABSOLUTE
    ..\\Program\\network\\src\\protocol\\uRegister.c 0x00000000   Number         0  uregister.o ABSOLUTE
    ..\\Program\\network\\src\\protocol\\uStateMaintenance.c 0x00000000   Number         0  ustatemaintenance.o ABSOLUTE
    ..\\Program\\network\\src\\service\\uIdle.c 0x00000000   Number         0  uidle.o ABSOLUTE
    ..\\Program\\network\\src\\service\\uSVManager.c 0x00000000   Number         0  usvmanager.o ABSOLUTE
    ..\\Program\\network\\src\\service\\uSVShell.c 0x00000000   Number         0  usvshell.o ABSOLUTE
    ..\\Program\\network\\src\\utils\\conversion.c 0x00000000   Number         0  conversion.o ABSOLUTE
    ..\\Program\\ranging.c                   0x00000000   Number         0  ranging.o ABSOLUTE
    cdrcmple.s                               0x00000000   Number         0  cdrcmple.o ABSOLUTE
    dc.s                                     0x00000000   Number         0  dc.o ABSOLUTE
    handlers.s                               0x00000000   Number         0  handlers.o ABSOLUTE
    init.s                                   0x00000000   Number         0  init.o ABSOLUTE
    RESET                                    0x08000000   Section      408  startup_stm32f411xe.o(RESET)
    .ARM.Collect$$$$00000000                 0x08000198   Section        0  entry.o(.ARM.Collect$$$$00000000)
    .ARM.Collect$$$$00000001                 0x08000198   Section        4  entry2.o(.ARM.Collect$$$$00000001)
    .ARM.Collect$$$$00000004                 0x0800019c   Section        4  entry5.o(.ARM.Collect$$$$00000004)
    .ARM.Collect$$$$00000008                 0x080001a0   Section        0  entry7b.o(.ARM.Collect$$$$00000008)
    .ARM.Collect$$$$0000000A                 0x080001a0   Section        0  entry8b.o(.ARM.Collect$$$$0000000A)
    .ARM.Collect$$$$0000000B                 0x080001a0   Section        8  entry9a.o(.ARM.Collect$$$$0000000B)
    .ARM.Collect$$$$0000000D                 0x080001a8   Section        0  entry10a.o(.ARM.Collect$$$$0000000D)
    .ARM.Collect$$$$0000000F                 0x080001a8   Section        0  entry11a.o(.ARM.Collect$$$$0000000F)
    .ARM.Collect$$$$00002712                 0x080001a8   Section        4  entry2.o(.ARM.Collect$$$$00002712)
    __lit__00000000                          0x080001a8   Data           4  entry2.o(.ARM.Collect$$$$00002712)
    .text                                    0x080001ac   Section       36  startup_stm32f411xe.o(.text)
    $v0                                      0x080001ac   Number         0  startup_stm32f411xe.o(.text)
    .text                                    0x080001d0   Section        0  rand.o(.text)
    .text                                    0x080001f4   Section        0  memcpya.o(.text)
    .text                                    0x08000218   Section        0  memseta.o(.text)
    .text                                    0x0800023c   Section        0  strcat.o(.text)
    .text                                    0x08000254   Section        0  strlen.o(.text)
    .text                                    0x08000262   Section        0  strcmp.o(.text)
    .text                                    0x0800027e   Section        0  strcpy.o(.text)
    .text                                    0x08000290   Section        0  strncmp.o(.text)
    .text                                    0x080002ae   Section        0  calloc.o(.text)
    .text                                    0x080002cc   Section        0  __0sscanf.o(.text)
    .text                                    0x08000304   Section        0  _scanf_int.o(.text)
    .text                                    0x08000450   Section        0  atoi.o(.text)
    .text                                    0x0800046a   Section        0  dmul.o(.text)
    .text                                    0x0800054e   Section        0  dfixi.o(.text)
    .text                                    0x0800058c   Section        0  f2d.o(.text)
    .text                                    0x080005b2   Section        0  uldiv.o(.text)
    .text                                    0x08000614   Section        0  llushr.o(.text)
    .text                                    0x08000634   Section        0  _chval.o(.text)
    .text                                    0x08000650   Section        0  scanf_char.o(.text)
    _scanf_char_input                        0x08000651   Thumb Code    12  scanf_char.o(.text)
    .text                                    0x08000678   Section        0  _sgetc.o(.text)
    .text                                    0x080006b8   Section        0  strtol.o(.text)
    .text                                    0x08000728   Section        0  iusefp.o(.text)
    .text                                    0x08000728   Section        0  depilogue.o(.text)
    .text                                    0x080007e4   Section       36  init.o(.text)
    .text                                    0x08000808   Section        0  llshl.o(.text)
    .text                                    0x08000828   Section        0  ctype_o.o(.text)
    .text                                    0x08000830   Section        0  isspace_o.o(.text)
    .text                                    0x08000844   Section        0  _scanf.o(.text)
    .text                                    0x08000b70   Section        0  _strtoul.o(.text)
    i.BusFault_Handler                       0x08000c0e   Section        0  kdwm1000_it.o(i.BusFault_Handler)
    i.DW1000_Config                          0x08000c10   Section        0  dw1000.o(i.DW1000_Config)
    i.DW1000_GetDeviceID                     0x08000d10   Section        0  dw1000.o(i.DW1000_GetDeviceID)
    i.DW1000_ReadOPT                         0x08000d18   Section        0  dw1000.o(i.DW1000_ReadOPT)
    i.DW1000_Reset                           0x08000d68   Section        0  dw1000.o(i.DW1000_Reset)
    i.DW1000_SetAntennaDelayRX               0x08000dc0   Section        0  dw1000.o(i.DW1000_SetAntennaDelayRX)
    i.DW1000_SetAntennaDelayTX               0x08000dcc   Section        0  dw1000.o(i.DW1000_SetAntennaDelayTX)
    i.DW1000_SetClock                        0x08000dd6   Section        0  dw1000.o(i.DW1000_SetClock)
    i.DW1000_SetCrystalTrim                  0x08000e86   Section        0  dw1000.o(i.DW1000_SetCrystalTrim)
    i.DW1000_SetSpeed                        0x08000eb8   Section        0  dw1000.o(i.DW1000_SetSpeed)
    i.DW1000_readData                        0x08000f0c   Section        0  dw1000.o(i.DW1000_readData)
    i.DW1000_readData16                      0x08000fa0   Section        0  dw1000.o(i.DW1000_readData16)
    i.DW1000_readData32                      0x08000fb6   Section        0  dw1000.o(i.DW1000_readData32)
    i.DW1000_writeData                       0x08000fcc   Section        0  dw1000.o(i.DW1000_writeData)
    i.DW1000_writeData16                     0x08001060   Section        0  dw1000.o(i.DW1000_writeData16)
    i.DW1000_writeData32                     0x0800106e   Section        0  dw1000.o(i.DW1000_writeData32)
    i.DebugMon_Handler                       0x0800107c   Section        0  kdwm1000_it.o(i.DebugMon_Handler)
    i.DeviceDelayMs                          0x0800107e   Section        0  main.o(i.DeviceDelayMs)
    i.DeviceInit                             0x08001082   Section        0  main.o(i.DeviceInit)
    i.DeviceRecv                             0x08001088   Section        0  main.o(i.DeviceRecv)
    i.DeviceSend                             0x080010f4   Section        0  main.o(i.DeviceSend)
    i.GPIO_Init                              0x08001158   Section        0  stm32f4xx_gpio.o(i.GPIO_Init)
    i.GPIO_PinAFConfig                       0x080011d0   Section        0  stm32f4xx_gpio.o(i.GPIO_PinAFConfig)
    i.HAL_Delay                              0x080011f0   Section        0  stm32f4_delay.o(i.HAL_Delay)
    i.HAL_IncTick                            0x08001208   Section        0  stm32f4_delay.o(i.HAL_IncTick)
    i.HAL_InitTick                           0x08001218   Section        0  stm32f4_delay.o(i.HAL_InitTick)
    i.HardFault_Handler                      0x08001274   Section        0  kdwm1000_it.o(i.HardFault_Handler)
    i.KDWM_DW1000_Config                     0x08001276   Section        0  kdwm1000_bsp.o(i.KDWM_DW1000_Config)
    i.KDWM_GPIO_Config                       0x08001288   Section        0  kdwm1000_bsp.o(i.KDWM_GPIO_Config)
    i.KDWM_UART_Config                       0x08001378   Section        0  kdwm1000_bsp.o(i.KDWM_UART_Config)
    i.MemManage_Handler                      0x08001384   Section        0  kdwm1000_it.o(i.MemManage_Handler)
    i.NMI_Handler                            0x08001386   Section        0  kdwm1000_it.o(i.NMI_Handler)
    i.NVIC_Init                              0x08001388   Section        0  misc.o(i.NVIC_Init)
    i.NVIC_PriorityGroupConfig               0x080013ec   Section        0  misc.o(i.NVIC_PriorityGroupConfig)
    i.PendSV_Handler                         0x08001400   Section        0  kdwm1000_it.o(i.PendSV_Handler)
    i.QueueClear                             0x08001402   Section        0  stdplus_queue.o(i.QueueClear)
    i.QueueCreate                            0x0800140c   Section        0  stdplus_queue.o(i.QueueCreate)
    i.QueueGetItemCount                      0x08001438   Section        0  stdplus_queue.o(i.QueueGetItemCount)
    i.QueueIsEmpty                           0x0800144c   Section        0  stdplus_queue.o(i.QueueIsEmpty)
    i.QueueIsFull                            0x0800145c   Section        0  stdplus_queue.o(i.QueueIsFull)
    i.QueuePop                               0x08001478   Section        0  stdplus_queue.o(i.QueuePop)
    i.QueuePopBack                           0x080014a6   Section        0  stdplus_queue.o(i.QueuePopBack)
    i.QueuePush                              0x080014da   Section        0  stdplus_queue.o(i.QueuePush)
    i.RCC_AHB1PeriphClockCmd                 0x08001508   Section        0  stm32f4xx_rcc.o(i.RCC_AHB1PeriphClockCmd)
    i.RCC_APB1PeriphClockCmd                 0x08001520   Section        0  stm32f4xx_rcc.o(i.RCC_APB1PeriphClockCmd)
    i.RCC_APB1PeriphResetCmd                 0x08001538   Section        0  stm32f4xx_rcc.o(i.RCC_APB1PeriphResetCmd)
    i.RCC_APB2PeriphClockCmd                 0x08001550   Section        0  stm32f4xx_rcc.o(i.RCC_APB2PeriphClockCmd)
    i.RCC_APB2PeriphResetCmd                 0x08001568   Section        0  stm32f4xx_rcc.o(i.RCC_APB2PeriphResetCmd)
    i.RCC_GetClocksFreq                      0x08001580   Section        0  stm32f4xx_rcc.o(i.RCC_GetClocksFreq)
    i.RangingInit                            0x08001614   Section        0  ranging.o(i.RangingInit)
    i.SEGGER_RTT_Init                        0x0800164c   Section        0  segger_rtt.o(i.SEGGER_RTT_Init)
    i.SEGGER_RTT_Write                       0x08001650   Section        0  segger_rtt.o(i.SEGGER_RTT_Write)
    i.SEGGER_RTT_WriteNoLock                 0x08001688   Section        0  segger_rtt.o(i.SEGGER_RTT_WriteNoLock)
    i.SEGGER_RTT_printf                      0x080016e4   Section        0  segger_rtt_printf.o(i.SEGGER_RTT_printf)
    i.SEGGER_RTT_vprintf                     0x080016fa   Section        0  segger_rtt_printf.o(i.SEGGER_RTT_vprintf)
    i.SPI_Cmd                                0x08001878   Section        0  stm32f4xx_spi.o(i.SPI_Cmd)
    i.SPI_I2S_DeInit                         0x0800188c   Section        0  stm32f4xx_spi.o(i.SPI_I2S_DeInit)
    i.SPI_Init                               0x08001910   Section        0  stm32f4xx_spi.o(i.SPI_Init)
    i.SPI_RW                                 0x08001948   Section        0  stm32f4_spi.o(i.SPI_RW)
    i.SVC_Handler                            0x0800195a   Section        0  kdwm1000_it.o(i.SVC_Handler)
    i.Serial_Config                          0x0800195c   Section        0  serial.o(i.Serial_Config)
    i.SetSysClock                            0x08001a20   Section        0  system_stm32f4xx.o(i.SetSysClock)
    SetSysClock                              0x08001a21   Thumb Code    98  system_stm32f4xx.o(i.SetSysClock)
    i.SysTick_Handler                        0x08001a94   Section        0  kdwm1000_it.o(i.SysTick_Handler)
    i.SystemInit                             0x08001a98   Section        0  system_stm32f4xx.o(i.SystemInit)
    i.UART_SendByte                          0x08001af4   Section        0  stm32f4_usart.o(i.UART_SendByte)
    i.USART1_IRQHandler                      0x08001b00   Section        0  kdwm1000_it.o(i.USART1_IRQHandler)
    i.USART_ClearFlag                        0x08001ce0   Section        0  stm32f4xx_usart.o(i.USART_ClearFlag)
    i.USART_Cmd                              0x08001ce6   Section        0  stm32f4xx_usart.o(i.USART_Cmd)
    i.USART_GetITStatus                      0x08001cfa   Section        0  stm32f4xx_usart.o(i.USART_GetITStatus)
    i.USART_ITConfig                         0x08001d38   Section        0  stm32f4xx_usart.o(i.USART_ITConfig)
    i.USART_Init                             0x08001d68   Section        0  stm32f4xx_usart.o(i.USART_Init)
    i.UsageFault_Handler                     0x08001e14   Section        0  kdwm1000_it.o(i.UsageFault_Handler)
    i._DoInit                                0x08001e18   Section        0  segger_rtt.o(i._DoInit)
    _DoInit                                  0x08001e19   Thumb Code    76  segger_rtt.o(i._DoInit)
    i._GetAvailWriteSpace                    0x08001e80   Section        0  segger_rtt.o(i._GetAvailWriteSpace)
    _GetAvailWriteSpace                      0x08001e81   Thumb Code    22  segger_rtt.o(i._GetAvailWriteSpace)
    i._PrintInt                              0x08001e96   Section        0  segger_rtt_printf.o(i._PrintInt)
    _PrintInt                                0x08001e97   Thumb Code   196  segger_rtt_printf.o(i._PrintInt)
    i._PrintUnsigned                         0x08001f5c   Section        0  segger_rtt_printf.o(i._PrintUnsigned)
    _PrintUnsigned                           0x08001f5d   Thumb Code   200  segger_rtt_printf.o(i._PrintUnsigned)
    i._StoreChar                             0x08002028   Section        0  segger_rtt_printf.o(i._StoreChar)
    _StoreChar                               0x08002029   Thumb Code    62  segger_rtt_printf.o(i._StoreChar)
    i._WriteBlocking                         0x08002066   Section        0  segger_rtt.o(i._WriteBlocking)
    _WriteBlocking                           0x08002067   Thumb Code    90  segger_rtt.o(i._WriteBlocking)
    i._WriteNoCheck                          0x080020c0   Section        0  segger_rtt.o(i._WriteNoCheck)
    _WriteNoCheck                            0x080020c1   Thumb Code    66  segger_rtt.o(i._WriteNoCheck)
    i.__0printf$8                            0x08002104   Section        0  printf8.o(i.__0printf$8)
    i.__0sprintf$8                           0x08002124   Section        0  printf8.o(i.__0sprintf$8)
    i.__aeabi_errno_addr                     0x0800214c   Section        0  errno.o(i.__aeabi_errno_addr)
    i.__scatterload_copy                     0x08002154   Section       14  handlers.o(i.__scatterload_copy)
    i.__scatterload_null                     0x08002162   Section        2  handlers.o(i.__scatterload_null)
    i.__scatterload_zeroinit                 0x08002164   Section       14  handlers.o(i.__scatterload_zeroinit)
    i._dwt_configlde                         0x08002172   Section        0  deca_device.o(i._dwt_configlde)
    i._printf_core                           0x080021a4   Section        0  printf8.o(i._printf_core)
    _printf_core                             0x080021a5   Thumb Code   996  printf8.o(i._printf_core)
    i._printf_post_padding                   0x080025b4   Section        0  printf8.o(i._printf_post_padding)
    _printf_post_padding                     0x080025b5   Thumb Code    36  printf8.o(i._printf_post_padding)
    i._printf_pre_padding                    0x080025d8   Section        0  printf8.o(i._printf_pre_padding)
    _printf_pre_padding                      0x080025d9   Thumb Code    46  printf8.o(i._printf_pre_padding)
    i._sputc                                 0x08002606   Section        0  printf8.o(i._sputc)
    _sputc                                   0x08002607   Thumb Code    10  printf8.o(i._sputc)
    i._uPTAllocRespons                       0x08002610   Section        0  uregister.o(i._uPTAllocRespons)
    _uPTAllocRespons                         0x08002611   Thumb Code   118  uregister.o(i._uPTAllocRespons)
    i._uPTDeviceSignin                       0x08002698   Section        0  uregister.o(i._uPTDeviceSignin)
    _uPTDeviceSignin                         0x08002699   Thumb Code   210  uregister.o(i._uPTDeviceSignin)
    i._uPTWaitDeviceRegister                 0x080027c4   Section        0  uregister.o(i._uPTWaitDeviceRegister)
    _uPTWaitDeviceRegister                   0x080027c5   Thumb Code   262  uregister.o(i._uPTWaitDeviceRegister)
    i._uSVShellCmdLs                         0x08002908   Section        0  usvshell.o(i._uSVShellCmdLs)
    _uSVShellCmdLs                           0x08002909   Thumb Code   130  usvshell.o(i._uSVShellCmdLs)
    i._uSVShellCmdPing                       0x080029e0   Section        0  usvshell.o(i._uSVShellCmdPing)
    _uSVShellCmdPing                         0x080029e1   Thumb Code    78  usvshell.o(i._uSVShellCmdPing)
    i._uSVShellCmdScan                       0x08002a4c   Section        0  usvshell.o(i._uSVShellCmdScan)
    _uSVShellCmdScan                         0x08002a4d   Thumb Code    70  usvshell.o(i._uSVShellCmdScan)
    i._uSVShellLogInsert                     0x08002ae0   Section        0  usvshell.o(i._uSVShellLogInsert)
    _uSVShellLogInsert                       0x08002ae1   Thumb Code   102  usvshell.o(i._uSVShellLogInsert)
    i.dwt_configure                          0x08002b98   Section        0  deca_device.o(i.dwt_configure)
    i.dwt_entersleepaftertx                  0x08002da8   Section        0  deca_device.o(i.dwt_entersleepaftertx)
    i.dwt_forcetrxoff                        0x08002dcc   Section        0  deca_device.o(i.dwt_forcetrxoff)
    i.dwt_initialise                         0x08002e20   Section        0  deca_device.o(i.dwt_initialise)
    i.dwt_readrxdata                         0x08002f6c   Section        0  deca_device.o(i.dwt_readrxdata)
    i.dwt_rxenable                           0x08002f7e   Section        0  deca_device.o(i.dwt_rxenable)
    i.dwt_rxreset                            0x08002fce   Section        0  deca_device.o(i.dwt_rxreset)
    i.dwt_setrxtimeout                       0x08002ff8   Section        0  deca_device.o(i.dwt_setrxtimeout)
    i.dwt_starttx                            0x08003050   Section        0  deca_device.o(i.dwt_starttx)
    i.dwt_syncrxbufptrs                      0x080030e4   Section        0  deca_device.o(i.dwt_syncrxbufptrs)
    i.dwt_writetxdata                        0x08003118   Section        0  deca_device.o(i.dwt_writetxdata)
    i.dwt_writetxfctrl                       0x0800313c   Section        0  deca_device.o(i.dwt_writetxfctrl)
    i.fputc                                  0x08003158   Section        0  serial.o(i.fputc)
    i.free                                   0x0800316c   Section        0  malloc.o(i.free)
    i.inet_aton                              0x080031bc   Section        0  conversion.o(i.inet_aton)
    i.inet_ntoa                              0x08003204   Section        0  conversion.o(i.inet_ntoa)
    i.list_free                              0x0800322c   Section        0  stdplus_linklist.o(i.list_free)
    i.list_new                               0x08003230   Section        0  stdplus_linklist.o(i.list_new)
    i.listnode_add                           0x08003238   Section        0  stdplus_linklist.o(i.listnode_add)
    i.listnode_head                          0x0800325e   Section        0  stdplus_linklist.o(i.listnode_head)
    i.listnode_new                           0x08003268   Section        0  stdplus_linklist.o(i.listnode_new)
    listnode_new                             0x08003269   Thumb Code     8  stdplus_linklist.o(i.listnode_new)
    i.main                                   0x08003270   Section        0  main.o(i.main)
    i.malloc                                 0x08003314   Section        0  malloc.o(i.malloc)
    i.uLLFrameRecv                           0x08003380   Section        0  ulldriver.o(i.uLLFrameRecv)
    i.uLLFrameSend                           0x08003458   Section        0  ulldriver.o(i.uLLFrameSend)
    i.uLLFrameSendEx                         0x08003520   Section        0  ullpacket.o(i.uLLFrameSendEx)
    i.uLLFrameWaitEx                         0x0800354a   Section        0  ullpacket.o(i.uLLFrameWaitEx)
    i.uLLFrameWaitInAddr                     0x08003598   Section        0  ullpacket.o(i.uLLFrameWaitInAddr)
    i.uLLInit                                0x080035d0   Section        0  ulldriver.o(i.uLLInit)
    i.uLLUserInterfaceRegister               0x08003630   Section        0  ulldriver.o(i.uLLUserInterfaceRegister)
    i.uPTPing                                0x080036ac   Section        0  ustatemaintenance.o(i.uPTPing)
    i.uPTPingRespons                         0x080037a0   Section        0  ustatemaintenance.o(i.uPTPingRespons)
    i.uPTRegisterCycle                       0x080037ba   Section        0  uregister.o(i.uPTRegisterCycle)
    i.uPTRegisterRespons                     0x08003810   Section        0  uregister.o(i.uPTRegisterRespons)
    i.uPTSigninRespons                       0x080038b8   Section        0  uregister.o(i.uPTSigninRespons)
    i.uSVIdle                                0x080038d4   Section        0  uidle.o(i.uSVIdle)
    i.uSVManagerInit                         0x08003968   Section        0  usvmanager.o(i.uSVManagerInit)
    i.uSVShellInit                           0x080039c8   Section        0  usvshell.o(i.uSVShellInit)
    i.uSVShellPrase                          0x08003a1c   Section        0  usvshell.o(i.uSVShellPrase)
    .constdata                               0x08003bb0   Section        8  deca_params.o(.constdata)
    .constdata                               0x08003bb8   Section       24  deca_params.o(.constdata)
    .constdata                               0x08003bd0   Section       30  deca_params.o(.constdata)
    .constdata                               0x08003bee   Section        2  deca_params.o(.constdata)
    .constdata                               0x08003bf0   Section        8  deca_params.o(.constdata)
    .constdata                               0x08003bf8   Section        3  deca_params.o(.constdata)
    .constdata                               0x08003bfc   Section       12  deca_params.o(.constdata)
    .constdata                               0x08003c08   Section        4  deca_params.o(.constdata)
    .constdata                               0x08003c0c   Section       32  deca_params.o(.constdata)
    .constdata                               0x08003c2c   Section       50  deca_params.o(.constdata)
    .constdata                               0x08003c5e   Section       16  segger_rtt_printf.o(.constdata)
    _aV2C                                    0x08003c5e   Data          16  segger_rtt_printf.o(.constdata)
    .constdata                               0x08003c6e   Section      129  ctype_o.o(.constdata)
    .constdata                               0x08003cf0   Section        4  ctype_o.o(.constdata)
    table                                    0x08003cf0   Data           4  ctype_o.o(.constdata)
    .conststring                             0x08003cf4   Section      614  usvshell.o(.conststring)
    .data                                    0x20000000   Section       11  ranging.o(.data)
    config                                   0x20000000   Data          11  ranging.o(.data)
    .data                                    0x2000000c   Section        4  usvmanager.o(.data)
    .data                                    0x20000010   Section        4  usvshell.o(.data)
    .data                                    0x20000014   Section       12  ulldriver.o(.data)
    uLLRecvBuf                               0x20000014   Data           4  ulldriver.o(.data)
    uLLSendBuf                               0x20000018   Data           4  ulldriver.o(.data)
    uUserInterface                           0x2000001c   Data           4  ulldriver.o(.data)
    .data                                    0x20000020   Section       20  system_stm32f4xx.o(.data)
    .data                                    0x20000034   Section       16  stm32f4xx_rcc.o(.data)
    APBAHBPrescTable                         0x20000034   Data          16  stm32f4xx_rcc.o(.data)
    .data                                    0x20000044   Section        4  stm32f4_delay.o(.data)
    .data                                    0x20000048   Section        4  kdwm1000_bsp.o(.data)
    .data                                    0x2000004c   Section        8  kdwm1000_it.o(.data)
    cmd_history_index                        0x20000050   Data           4  kdwm1000_it.o(.data)
    .data                                    0x20000054   Section        4  stdout.o(.data)
    .data                                    0x20000058   Section        4  rand.o(.data)
    _rand_state                              0x20000058   Data           4  rand.o(.data)
    .data                                    0x2000005c   Section        4  mvars.o(.data)
    .data                                    0x20000060   Section        4  mvars.o(.data)
    .data                                    0x20000064   Section        4  errno.o(.data)
    _errno                                   0x20000064   Data           4  errno.o(.data)
    .bss                                     0x20000068   Section      816  uregister.o(.bss)
    .bss                                     0x20000398   Section       16  usvmanager.o(.bss)
    .bss                                     0x200003a8   Section     8192  usvshell.o(.bss)
    .bss                                     0x200023a8   Section       60  deca_device.o(.bss)
    KDW                                      0x200023a8   Data          60  deca_device.o(.bss)
    .bss                                     0x200023e4   Section     1208  segger_rtt.o(.bss)
    _acUpBuffer                              0x2000248c   Data        1024  segger_rtt.o(.bss)
    _acDownBuffer                            0x2000288c   Data          16  segger_rtt.o(.bss)
    HEAP                                     0x200028a0   Section    28672  startup_stm32f411xe.o(HEAP)
    STACK                                    0x200098a0   Section    16384  startup_stm32f411xe.o(STACK)

    Global Symbols

    Symbol Name                              Value     Ov Type        Size  Object(Section)

    BuildAttributes$$THM_ISAv4$E$P$D$K$B$S$7EM$VFPi3$EXTD16$VFPS$VFMA$PE$A:L22UL41UL21$X:L11$S22US41US21$IEEE1$IW$USESV6$~STKCKD$USESV7$~SHL$OSPACE$ROPI$EBA8$MICROLIB$REQ8$PRES8$EABIv2 0x00000000   Number         0  anon$$obj.o ABSOLUTE
    __ARM_use_no_argv                        0x00000000   Number         0  main.o ABSOLUTE
    __use_no_errno                           0x00000000   Number         0  useno.o ABSOLUTE
    __use_no_exception_handling              0x00000000   Number         0  useno.o ABSOLUTE
    __use_no_fp                              0x00000000   Number         0  useno.o ABSOLUTE
    __use_no_heap                            0x00000000   Number         0  useno.o ABSOLUTE
    __use_no_heap_region                     0x00000000   Number         0  useno.o ABSOLUTE
    __use_no_semihosting                     0x00000000   Number         0  useno.o ABSOLUTE
    __use_no_semihosting_swi                 0x00000000   Number         0  useno.o ABSOLUTE
    __use_no_signal_handling                 0x00000000   Number         0  useno.o ABSOLUTE
    _printf_a                                0x00000000   Number         0  stubs.o ABSOLUTE
    _printf_c                                0x00000000   Number         0  stubs.o ABSOLUTE
    _printf_charcount                        0x00000000   Number         0  stubs.o ABSOLUTE
    _printf_d                                0x00000000   Number         0  stubs.o ABSOLUTE
    _printf_e                                0x00000000   Number         0  stubs.o ABSOLUTE
    _printf_f                                0x00000000   Number         0  stubs.o ABSOLUTE
    _printf_flags                            0x00000000   Number         0  stubs.o ABSOLUTE
    _printf_fp_dec                           0x00000000   Number         0  stubs.o ABSOLUTE
    _printf_fp_hex                           0x00000000   Number         0  stubs.o ABSOLUTE
    _printf_g                                0x00000000   Number         0  stubs.o ABSOLUTE
    _printf_i                                0x00000000   Number         0  stubs.o ABSOLUTE
    _printf_int_dec                          0x00000000   Number         0  stubs.o ABSOLUTE
    _printf_l                                0x00000000   Number         0  stubs.o ABSOLUTE
    _printf_lc                               0x00000000   Number         0  stubs.o ABSOLUTE
    _printf_ll                               0x00000000   Number         0  stubs.o ABSOLUTE
    _printf_lld                              0x00000000   Number         0  stubs.o ABSOLUTE
    _printf_lli                              0x00000000   Number         0  stubs.o ABSOLUTE
    _printf_llo                              0x00000000   Number         0  stubs.o ABSOLUTE
    _printf_llu                              0x00000000   Number         0  stubs.o ABSOLUTE
    _printf_llx                              0x00000000   Number         0  stubs.o ABSOLUTE
    _printf_longlong_dec                     0x00000000   Number         0  stubs.o ABSOLUTE
    _printf_longlong_hex                     0x00000000   Number         0  stubs.o ABSOLUTE
    _printf_longlong_oct                     0x00000000   Number         0  stubs.o ABSOLUTE
    _printf_ls                               0x00000000   Number         0  stubs.o ABSOLUTE
    _printf_mbtowc                           0x00000000   Number         0  stubs.o ABSOLUTE
    _printf_n                                0x00000000   Number         0  stubs.o ABSOLUTE
    _printf_o                                0x00000000   Number         0  stubs.o ABSOLUTE
    _printf_p                                0x00000000   Number         0  stubs.o ABSOLUTE
    _printf_percent                          0x00000000   Number         0  stubs.o ABSOLUTE
    _printf_pre_padding                      0x00000000   Number         0  stubs.o ABSOLUTE
    _printf_return_value                     0x00000000   Number         0  stubs.o ABSOLUTE
    _printf_s                                0x00000000   Number         0  stubs.o ABSOLUTE
    _printf_sizespec                         0x00000000   Number         0  stubs.o ABSOLUTE
    _printf_str                              0x00000000   Number         0  stubs.o ABSOLUTE
    _printf_truncate_signed                  0x00000000   Number         0  stubs.o ABSOLUTE
    _printf_truncate_unsigned                0x00000000   Number         0  stubs.o ABSOLUTE
    _printf_u                                0x00000000   Number         0  stubs.o ABSOLUTE
    _printf_wc                               0x00000000   Number         0  stubs.o ABSOLUTE
    _printf_wctomb                           0x00000000   Number         0  stubs.o ABSOLUTE
    _printf_widthprec                        0x00000000   Number         0  stubs.o ABSOLUTE
    _printf_x                                0x00000000   Number         0  stubs.o ABSOLUTE
    __cpp_initialize__aeabi_                  - Undefined Weak Reference
    __cxa_finalize                            - Undefined Weak Reference
    __decompress                              - Undefined Weak Reference
    _clock_init                               - Undefined Weak Reference
    _microlib_exit                            - Undefined Weak Reference
    _scanf_longlong                           - Undefined Weak Reference
    _scanf_real                               - Undefined Weak Reference
    _scanf_string                             - Undefined Weak Reference
    __Vectors_Size                           0x00000198   Number         0  startup_stm32f411xe.o ABSOLUTE
    __Vectors                                0x08000000   Data           4  startup_stm32f411xe.o(RESET)
    __Vectors_End                            0x08000198   Data           0  startup_stm32f411xe.o(RESET)
    __main                                   0x08000199   Thumb Code     0  entry.o(.ARM.Collect$$$$00000000)
    _main_stk                                0x08000199   Thumb Code     0  entry2.o(.ARM.Collect$$$$00000001)
    _main_scatterload                        0x0800019d   Thumb Code     0  entry5.o(.ARM.Collect$$$$00000004)
    __main_after_scatterload                 0x080001a1   Thumb Code     0  entry5.o(.ARM.Collect$$$$00000004)
    _main_clock                              0x080001a1   Thumb Code     0  entry7b.o(.ARM.Collect$$$$00000008)
    _main_cpp_init                           0x080001a1   Thumb Code     0  entry8b.o(.ARM.Collect$$$$0000000A)
    _main_init                               0x080001a1   Thumb Code     0  entry9a.o(.ARM.Collect$$$$0000000B)
    __rt_final_cpp                           0x080001a9   Thumb Code     0  entry10a.o(.ARM.Collect$$$$0000000D)
    __rt_final_exit                          0x080001a9   Thumb Code     0  entry11a.o(.ARM.Collect$$$$0000000F)
    Reset_Handler                            0x080001ad   Thumb Code     8  startup_stm32f411xe.o(.text)
    ADC_IRQHandler                           0x080001c7   Thumb Code     0  startup_stm32f411xe.o(.text)
    DMA1_Stream0_IRQHandler                  0x080001c7   Thumb Code     0  startup_stm32f411xe.o(.text)
    DMA1_Stream1_IRQHandler                  0x080001c7   Thumb Code     0  startup_stm32f411xe.o(.text)
    DMA1_Stream2_IRQHandler                  0x080001c7   Thumb Code     0  startup_stm32f411xe.o(.text)
    DMA1_Stream3_IRQHandler                  0x080001c7   Thumb Code     0  startup_stm32f411xe.o(.text)
    DMA1_Stream4_IRQHandler                  0x080001c7   Thumb Code     0  startup_stm32f411xe.o(.text)
    DMA1_Stream5_IRQHandler                  0x080001c7   Thumb Code     0  startup_stm32f411xe.o(.text)
    DMA1_Stream6_IRQHandler                  0x080001c7   Thumb Code     0  startup_stm32f411xe.o(.text)
    DMA1_Stream7_IRQHandler                  0x080001c7   Thumb Code     0  startup_stm32f411xe.o(.text)
    DMA2_Stream0_IRQHandler                  0x080001c7   Thumb Code     0  startup_stm32f411xe.o(.text)
    DMA2_Stream1_IRQHandler                  0x080001c7   Thumb Code     0  startup_stm32f411xe.o(.text)
    DMA2_Stream2_IRQHandler                  0x080001c7   Thumb Code     0  startup_stm32f411xe.o(.text)
    DMA2_Stream3_IRQHandler                  0x080001c7   Thumb Code     0  startup_stm32f411xe.o(.text)
    DMA2_Stream4_IRQHandler                  0x080001c7   Thumb Code     0  startup_stm32f411xe.o(.text)
    DMA2_Stream5_IRQHandler                  0x080001c7   Thumb Code     0  startup_stm32f411xe.o(.text)
    DMA2_Stream6_IRQHandler                  0x080001c7   Thumb Code     0  startup_stm32f411xe.o(.text)
    DMA2_Stream7_IRQHandler                  0x080001c7   Thumb Code     0  startup_stm32f411xe.o(.text)
    EXTI0_IRQHandler                         0x080001c7   Thumb Code     0  startup_stm32f411xe.o(.text)
    EXTI15_10_IRQHandler                     0x080001c7   Thumb Code     0  startup_stm32f411xe.o(.text)
    EXTI1_IRQHandler                         0x080001c7   Thumb Code     0  startup_stm32f411xe.o(.text)
    EXTI2_IRQHandler                         0x080001c7   Thumb Code     0  startup_stm32f411xe.o(.text)
    EXTI3_IRQHandler                         0x080001c7   Thumb Code     0  startup_stm32f411xe.o(.text)
    EXTI4_IRQHandler                         0x080001c7   Thumb Code     0  startup_stm32f411xe.o(.text)
    EXTI9_5_IRQHandler                       0x080001c7   Thumb Code     0  startup_stm32f411xe.o(.text)
    FLASH_IRQHandler                         0x080001c7   Thumb Code     0  startup_stm32f411xe.o(.text)
    FPU_IRQHandler                           0x080001c7   Thumb Code     0  startup_stm32f411xe.o(.text)
    I2C1_ER_IRQHandler                       0x080001c7   Thumb Code     0  startup_stm32f411xe.o(.text)
    I2C1_EV_IRQHandler                       0x080001c7   Thumb Code     0  startup_stm32f411xe.o(.text)
    I2C2_ER_IRQHandler                       0x080001c7   Thumb Code     0  startup_stm32f411xe.o(.text)
    I2C2_EV_IRQHandler                       0x080001c7   Thumb Code     0  startup_stm32f411xe.o(.text)
    I2C3_ER_IRQHandler                       0x080001c7   Thumb Code     0  startup_stm32f411xe.o(.text)
    I2C3_EV_IRQHandler                       0x080001c7   Thumb Code     0  startup_stm32f411xe.o(.text)
    OTG_FS_IRQHandler                        0x080001c7   Thumb Code     0  startup_stm32f411xe.o(.text)
    OTG_FS_WKUP_IRQHandler                   0x080001c7   Thumb Code     0  startup_stm32f411xe.o(.text)
    PVD_IRQHandler                           0x080001c7   Thumb Code     0  startup_stm32f411xe.o(.text)
    RCC_IRQHandler                           0x080001c7   Thumb Code     0  startup_stm32f411xe.o(.text)
    RTC_Alarm_IRQHandler                     0x080001c7   Thumb Code     0  startup_stm32f411xe.o(.text)
    RTC_WKUP_IRQHandler                      0x080001c7   Thumb Code     0  startup_stm32f411xe.o(.text)
    SDIO_IRQHandler                          0x080001c7   Thumb Code     0  startup_stm32f411xe.o(.text)
    SPI1_IRQHandler                          0x080001c7   Thumb Code     0  startup_stm32f411xe.o(.text)
    SPI2_IRQHandler                          0x080001c7   Thumb Code     0  startup_stm32f411xe.o(.text)
    SPI3_IRQHandler                          0x080001c7   Thumb Code     0  startup_stm32f411xe.o(.text)
    SPI4_IRQHandler                          0x080001c7   Thumb Code     0  startup_stm32f411xe.o(.text)
    SPI5_IRQHandler                          0x080001c7   Thumb Code     0  startup_stm32f411xe.o(.text)
    TAMP_STAMP_IRQHandler                    0x080001c7   Thumb Code     0  startup_stm32f411xe.o(.text)
    TIM1_BRK_TIM9_IRQHandler                 0x080001c7   Thumb Code     0  startup_stm32f411xe.o(.text)
    TIM1_CC_IRQHandler                       0x080001c7   Thumb Code     0  startup_stm32f411xe.o(.text)
    TIM1_TRG_COM_TIM11_IRQHandler            0x080001c7   Thumb Code     0  startup_stm32f411xe.o(.text)
    TIM1_UP_TIM10_IRQHandler                 0x080001c7   Thumb Code     0  startup_stm32f411xe.o(.text)
    TIM2_IRQHandler                          0x080001c7   Thumb Code     0  startup_stm32f411xe.o(.text)
    TIM3_IRQHandler                          0x080001c7   Thumb Code     0  startup_stm32f411xe.o(.text)
    TIM4_IRQHandler                          0x080001c7   Thumb Code     0  startup_stm32f411xe.o(.text)
    TIM5_IRQHandler                          0x080001c7   Thumb Code     0  startup_stm32f411xe.o(.text)
    USART2_IRQHandler                        0x080001c7   Thumb Code     0  startup_stm32f411xe.o(.text)
    USART6_IRQHandler                        0x080001c7   Thumb Code     0  startup_stm32f411xe.o(.text)
    WWDG_IRQHandler                          0x080001c7   Thumb Code     0  startup_stm32f411xe.o(.text)
    rand                                     0x080001d1   Thumb Code    20  rand.o(.text)
    srand                                    0x080001e5   Thumb Code     6  rand.o(.text)
    __aeabi_memcpy                           0x080001f5   Thumb Code    36  memcpya.o(.text)
    __aeabi_memcpy4                          0x080001f5   Thumb Code     0  memcpya.o(.text)
    __aeabi_memcpy8                          0x080001f5   Thumb Code     0  memcpya.o(.text)
    __aeabi_memset                           0x08000219   Thumb Code    14  memseta.o(.text)
    __aeabi_memset4                          0x08000219   Thumb Code     0  memseta.o(.text)
    __aeabi_memset8                          0x08000219   Thumb Code     0  memseta.o(.text)
    __aeabi_memclr                           0x08000227   Thumb Code     4  memseta.o(.text)
    __aeabi_memclr4                          0x08000227   Thumb Code     0  memseta.o(.text)
    __aeabi_memclr8                          0x08000227   Thumb Code     0  memseta.o(.text)
    _memset$wrapper                          0x0800022b   Thumb Code    18  memseta.o(.text)
    strcat                                   0x0800023d   Thumb Code    24  strcat.o(.text)
    strlen                                   0x08000255   Thumb Code    14  strlen.o(.text)
    strcmp                                   0x08000263   Thumb Code    28  strcmp.o(.text)
    strcpy                                   0x0800027f   Thumb Code    18  strcpy.o(.text)
    strncmp                                  0x08000291   Thumb Code    30  strncmp.o(.text)
    calloc                                   0x080002af   Thumb Code    28  calloc.o(.text)
    __0sscanf                                0x080002cd   Thumb Code    48  __0sscanf.o(.text)
    _scanf_int                               0x08000305   Thumb Code   332  _scanf_int.o(.text)
    atoi                                     0x08000451   Thumb Code    26  atoi.o(.text)
    __aeabi_dmul                             0x0800046b   Thumb Code   228  dmul.o(.text)
    __aeabi_d2iz                             0x0800054f   Thumb Code    62  dfixi.o(.text)
    __aeabi_f2d                              0x0800058d   Thumb Code    38  f2d.o(.text)
    __aeabi_uldivmod                         0x080005b3   Thumb Code    98  uldiv.o(.text)
    __aeabi_llsr                             0x08000615   Thumb Code    32  llushr.o(.text)
    _ll_ushift_r                             0x08000615   Thumb Code     0  llushr.o(.text)
    _chval                                   0x08000635   Thumb Code    28  _chval.o(.text)
    __vfscanf_char                           0x0800065d   Thumb Code    20  scanf_char.o(.text)
    _sgetc                                   0x08000679   Thumb Code    30  _sgetc.o(.text)
    _sbackspace                              0x08000697   Thumb Code    34  _sgetc.o(.text)
    strtol                                   0x080006b9   Thumb Code   112  strtol.o(.text)
    __I$use$fp                               0x08000729   Thumb Code     0  iusefp.o(.text)
    _double_round                            0x08000729   Thumb Code    30  depilogue.o(.text)
    _double_epilogue                         0x08000747   Thumb Code   156  depilogue.o(.text)
    __scatterload                            0x080007e5   Thumb Code    28  init.o(.text)
    __scatterload_rt2                        0x080007e5   Thumb Code     0  init.o(.text)
    __aeabi_llsl                             0x08000809   Thumb Code    30  llshl.o(.text)
    _ll_shift_l                              0x08000809   Thumb Code     0  llshl.o(.text)
    __rt_ctype_table                         0x08000829   Thumb Code     4  ctype_o.o(.text)
    isspace                                  0x08000831   Thumb Code    18  isspace_o.o(.text)
    __vfscanf                                0x08000845   Thumb Code   808  _scanf.o(.text)
    _strtoul                                 0x08000b71   Thumb Code   158  _strtoul.o(.text)
    BusFault_Handler                         0x08000c0f   Thumb Code     2  kdwm1000_it.o(i.BusFault_Handler)
    DW1000_Config                            0x08000c11   Thumb Code   244  dw1000.o(i.DW1000_Config)
    DW1000_GetDeviceID                       0x08000d11   Thumb Code     8  dw1000.o(i.DW1000_GetDeviceID)
    DW1000_ReadOPT                           0x08000d19   Thumb Code    80  dw1000.o(i.DW1000_ReadOPT)
    DW1000_Reset                             0x08000d69   Thumb Code    82  dw1000.o(i.DW1000_Reset)
    DW1000_SetAntennaDelayRX                 0x08000dc1   Thumb Code    12  dw1000.o(i.DW1000_SetAntennaDelayRX)
    DW1000_SetAntennaDelayTX                 0x08000dcd   Thumb Code    10  dw1000.o(i.DW1000_SetAntennaDelayTX)
    DW1000_SetClock                          0x08000dd7   Thumb Code   176  dw1000.o(i.DW1000_SetClock)
    DW1000_SetCrystalTrim                    0x08000e87   Thumb Code    48  dw1000.o(i.DW1000_SetCrystalTrim)
    DW1000_SetSpeed                          0x08000eb9   Thumb Code    80  dw1000.o(i.DW1000_SetSpeed)
    DW1000_readData                          0x08000f0d   Thumb Code   138  dw1000.o(i.DW1000_readData)
    DW1000_readData16                        0x08000fa1   Thumb Code    22  dw1000.o(i.DW1000_readData16)
    DW1000_readData32                        0x08000fb7   Thumb Code    20  dw1000.o(i.DW1000_readData32)
    DW1000_writeData                         0x08000fcd   Thumb Code   138  dw1000.o(i.DW1000_writeData)
    DW1000_writeData16                       0x08001061   Thumb Code    14  dw1000.o(i.DW1000_writeData16)
    DW1000_writeData32                       0x0800106f   Thumb Code    14  dw1000.o(i.DW1000_writeData32)
    DebugMon_Handler                         0x0800107d   Thumb Code     2  kdwm1000_it.o(i.DebugMon_Handler)
    DeviceDelayMs                            0x0800107f   Thumb Code     4  main.o(i.DeviceDelayMs)
    DeviceInit                               0x08001083   Thumb Code     4  main.o(i.DeviceInit)
    DeviceRecv                               0x08001089   Thumb Code    98  main.o(i.DeviceRecv)
    DeviceSend                               0x080010f5   Thumb Code    84  main.o(i.DeviceSend)
    GPIO_Init                                0x08001159   Thumb Code   120  stm32f4xx_gpio.o(i.GPIO_Init)
    GPIO_PinAFConfig                         0x080011d1   Thumb Code    32  stm32f4xx_gpio.o(i.GPIO_PinAFConfig)
    HAL_Delay                                0x080011f1   Thumb Code    18  stm32f4_delay.o(i.HAL_Delay)
    HAL_IncTick                              0x08001209   Thumb Code    10  stm32f4_delay.o(i.HAL_IncTick)
    HAL_InitTick                             0x08001219   Thumb Code    84  stm32f4_delay.o(i.HAL_InitTick)
    HardFault_Handler                        0x08001275   Thumb Code     2  kdwm1000_it.o(i.HardFault_Handler)
    KDWM_DW1000_Config                       0x08001277   Thumb Code    16  kdwm1000_bsp.o(i.KDWM_DW1000_Config)
    KDWM_GPIO_Config                         0x08001289   Thumb Code   226  kdwm1000_bsp.o(i.KDWM_GPIO_Config)
    KDWM_UART_Config                         0x08001379   Thumb Code     8  kdwm1000_bsp.o(i.KDWM_UART_Config)
    MemManage_Handler                        0x08001385   Thumb Code     2  kdwm1000_it.o(i.MemManage_Handler)
    NMI_Handler                              0x08001387   Thumb Code     2  kdwm1000_it.o(i.NMI_Handler)
    NVIC_Init                                0x08001389   Thumb Code    96  misc.o(i.NVIC_Init)
    NVIC_PriorityGroupConfig                 0x080013ed   Thumb Code    10  misc.o(i.NVIC_PriorityGroupConfig)
    PendSV_Handler                           0x08001401   Thumb Code     2  kdwm1000_it.o(i.PendSV_Handler)
    QueueClear                               0x08001403   Thumb Code    10  stdplus_queue.o(i.QueueClear)
    QueueCreate                              0x0800140d   Thumb Code    44  stdplus_queue.o(i.QueueCreate)
    QueueGetItemCount                        0x08001439   Thumb Code    20  stdplus_queue.o(i.QueueGetItemCount)
    QueueIsEmpty                             0x0800144d   Thumb Code    16  stdplus_queue.o(i.QueueIsEmpty)
    QueueIsFull                              0x0800145d   Thumb Code    28  stdplus_queue.o(i.QueueIsFull)
    QueuePop                                 0x08001479   Thumb Code    46  stdplus_queue.o(i.QueuePop)
    QueuePopBack                             0x080014a7   Thumb Code    52  stdplus_queue.o(i.QueuePopBack)
    QueuePush                                0x080014db   Thumb Code    44  stdplus_queue.o(i.QueuePush)
    RCC_AHB1PeriphClockCmd                   0x08001509   Thumb Code    18  stm32f4xx_rcc.o(i.RCC_AHB1PeriphClockCmd)
    RCC_APB1PeriphClockCmd                   0x08001521   Thumb Code    18  stm32f4xx_rcc.o(i.RCC_APB1PeriphClockCmd)
    RCC_APB1PeriphResetCmd                   0x08001539   Thumb Code    18  stm32f4xx_rcc.o(i.RCC_APB1PeriphResetCmd)
    RCC_APB2PeriphClockCmd                   0x08001551   Thumb Code    18  stm32f4xx_rcc.o(i.RCC_APB2PeriphClockCmd)
    RCC_APB2PeriphResetCmd                   0x08001569   Thumb Code    18  stm32f4xx_rcc.o(i.RCC_APB2PeriphResetCmd)
    RCC_GetClocksFreq                        0x08001581   Thumb Code   132  stm32f4xx_rcc.o(i.RCC_GetClocksFreq)
    RangingInit                              0x08001615   Thumb Code    52  ranging.o(i.RangingInit)
    SEGGER_RTT_Init                          0x0800164d   Thumb Code     4  segger_rtt.o(i.SEGGER_RTT_Init)
    SEGGER_RTT_Write                         0x08001651   Thumb Code    50  segger_rtt.o(i.SEGGER_RTT_Write)
    SEGGER_RTT_WriteNoLock                   0x08001689   Thumb Code    86  segger_rtt.o(i.SEGGER_RTT_WriteNoLock)
    SEGGER_RTT_printf                        0x080016e5   Thumb Code    22  segger_rtt_printf.o(i.SEGGER_RTT_printf)
    SEGGER_RTT_vprintf                       0x080016fb   Thumb Code   382  segger_rtt_printf.o(i.SEGGER_RTT_vprintf)
    SPI_Cmd                                  0x08001879   Thumb Code    20  stm32f4xx_spi.o(i.SPI_Cmd)
    SPI_I2S_DeInit                           0x0800188d   Thumb Code   108  stm32f4xx_spi.o(i.SPI_I2S_DeInit)
    SPI_Init                                 0x08001911   Thumb Code    56  stm32f4xx_spi.o(i.SPI_Init)
    SPI_RW                                   0x08001949   Thumb Code    18  stm32f4_spi.o(i.SPI_RW)
    SVC_Handler                              0x0800195b   Thumb Code     2  kdwm1000_it.o(i.SVC_Handler)
    Serial_Config                            0x0800195d   Thumb Code   186  serial.o(i.Serial_Config)
    SysTick_Handler                          0x08001a95   Thumb Code     4  kdwm1000_it.o(i.SysTick_Handler)
    SystemInit                               0x08001a99   Thumb Code    74  system_stm32f4xx.o(i.SystemInit)
    UART_SendByte                            0x08001af5   Thumb Code    12  stm32f4_usart.o(i.UART_SendByte)
    USART1_IRQHandler                        0x08001b01   Thumb Code   424  kdwm1000_it.o(i.USART1_IRQHandler)
    USART_ClearFlag                          0x08001ce1   Thumb Code     6  stm32f4xx_usart.o(i.USART_ClearFlag)
    USART_Cmd                                0x08001ce7   Thumb Code    20  stm32f4xx_usart.o(i.USART_Cmd)
    USART_GetITStatus                        0x08001cfb   Thumb Code    62  stm32f4xx_usart.o(i.USART_GetITStatus)
    USART_ITConfig                           0x08001d39   Thumb Code    48  stm32f4xx_usart.o(i.USART_ITConfig)
    USART_Init                               0x08001d69   Thumb Code   164  stm32f4xx_usart.o(i.USART_Init)
    UsageFault_Handler                       0x08001e15   Thumb Code     2  kdwm1000_it.o(i.UsageFault_Handler)
    __0printf$8                              0x08002105   Thumb Code    22  printf8.o(i.__0printf$8)
    __1printf$8                              0x08002105   Thumb Code     0  printf8.o(i.__0printf$8)
    __2printf                                0x08002105   Thumb Code     0  printf8.o(i.__0printf$8)
    __0sprintf$8                             0x08002125   Thumb Code    34  printf8.o(i.__0sprintf$8)
    __1sprintf$8                             0x08002125   Thumb Code     0  printf8.o(i.__0sprintf$8)
    __2sprintf                               0x08002125   Thumb Code     0  printf8.o(i.__0sprintf$8)
    __aeabi_errno_addr                       0x0800214d   Thumb Code     4  errno.o(i.__aeabi_errno_addr)
    __rt_errno_addr                          0x0800214d   Thumb Code     0  errno.o(i.__aeabi_errno_addr)
    __scatterload_copy                       0x08002155   Thumb Code    14  handlers.o(i.__scatterload_copy)
    __scatterload_null                       0x08002163   Thumb Code     2  handlers.o(i.__scatterload_null)
    __scatterload_zeroinit                   0x08002165   Thumb Code    14  handlers.o(i.__scatterload_zeroinit)
    _dwt_configlde                           0x08002173   Thumb Code    48  deca_device.o(i._dwt_configlde)
    dwt_configure                            0x08002b99   Thumb Code   482  deca_device.o(i.dwt_configure)
    dwt_entersleepaftertx                    0x08002da9   Thumb Code    36  deca_device.o(i.dwt_entersleepaftertx)
    dwt_forcetrxoff                          0x08002dcd   Thumb Code    74  deca_device.o(i.dwt_forcetrxoff)
    dwt_initialise                           0x08002e21   Thumb Code   324  deca_device.o(i.dwt_initialise)
    dwt_readrxdata                           0x08002f6d   Thumb Code    18  deca_device.o(i.dwt_readrxdata)
    dwt_rxenable                             0x08002f7f   Thumb Code    80  deca_device.o(i.dwt_rxenable)
    dwt_rxreset                              0x08002fcf   Thumb Code    40  deca_device.o(i.dwt_rxreset)
    dwt_setrxtimeout                         0x08002ff9   Thumb Code    84  deca_device.o(i.dwt_setrxtimeout)
    dwt_starttx                              0x08003051   Thumb Code   142  deca_device.o(i.dwt_starttx)
    dwt_syncrxbufptrs                        0x080030e5   Thumb Code    52  deca_device.o(i.dwt_syncrxbufptrs)
    dwt_writetxdata                          0x08003119   Thumb Code    34  deca_device.o(i.dwt_writetxdata)
    dwt_writetxfctrl                         0x0800313d   Thumb Code    24  deca_device.o(i.dwt_writetxfctrl)
    fputc                                    0x08003159   Thumb Code    14  serial.o(i.fputc)
    free                                     0x0800316d   Thumb Code    76  malloc.o(i.free)
    inet_aton                                0x080031bd   Thumb Code    58  conversion.o(i.inet_aton)
    inet_ntoa                                0x08003205   Thumb Code    26  conversion.o(i.inet_ntoa)
    list_free                                0x0800322d   Thumb Code     4  stdplus_linklist.o(i.list_free)
    list_new                                 0x08003231   Thumb Code     8  stdplus_linklist.o(i.list_new)
    listnode_add                             0x08003239   Thumb Code    38  stdplus_linklist.o(i.listnode_add)
    listnode_head                            0x0800325f   Thumb Code    10  stdplus_linklist.o(i.listnode_head)
    main                                     0x08003271   Thumb Code    92  main.o(i.main)
    malloc                                   0x08003315   Thumb Code    92  malloc.o(i.malloc)
    uLLFrameRecv                             0x08003381   Thumb Code   140  ulldriver.o(i.uLLFrameRecv)
    uLLFrameSend                             0x08003459   Thumb Code   124  ulldriver.o(i.uLLFrameSend)
    uLLFrameSendEx                           0x08003521   Thumb Code    42  ullpacket.o(i.uLLFrameSendEx)
    uLLFrameWaitEx                           0x0800354b   Thumb Code    78  ullpacket.o(i.uLLFrameWaitEx)
    uLLFrameWaitInAddr                       0x08003599   Thumb Code    54  ullpacket.o(i.uLLFrameWaitInAddr)
    uLLInit                                  0x080035d1   Thumb Code    84  ulldriver.o(i.uLLInit)
    uLLUserInterfaceRegister                 0x08003631   Thumb Code    48  ulldriver.o(i.uLLUserInterfaceRegister)
    uPTPing                                  0x080036ad   Thumb Code   144  ustatemaintenance.o(i.uPTPing)
    uPTPingRespons                           0x080037a1   Thumb Code    26  ustatemaintenance.o(i.uPTPingRespons)
    uPTRegisterCycle                         0x080037bb   Thumb Code    86  uregister.o(i.uPTRegisterCycle)
    uPTRegisterRespons                       0x08003811   Thumb Code   148  uregister.o(i.uPTRegisterRespons)
    uPTSigninRespons                         0x080038b9   Thumb Code    26  uregister.o(i.uPTSigninRespons)
    uSVIdle                                  0x080038d5   Thumb Code   138  uidle.o(i.uSVIdle)
    uSVManagerInit                           0x08003969   Thumb Code    70  usvmanager.o(i.uSVManagerInit)
    uSVShellInit                             0x080039c9   Thumb Code    38  usvshell.o(i.uSVShellInit)
    uSVShellPrase                            0x08003a1d   Thumb Code   274  usvshell.o(i.uSVShellPrase)
    chan_idx                                 0x08003bb0   Data           8  deca_params.o(.constdata)
    tx_config                                0x08003bb8   Data          24  deca_params.o(.constdata)
    pll2_config                              0x08003bd0   Data          30  deca_params.o(.constdata)
    rx_config                                0x08003bee   Data           2  deca_params.o(.constdata)
    agc_config                               0x08003bf0   Data           8  deca_params.o(.constdata)
    dwnsSFDlen                               0x08003bf8   Data           3  deca_params.o(.constdata)
    sftsh                                    0x08003bfc   Data          12  deca_params.o(.constdata)
    dtune1                                   0x08003c08   Data           4  deca_params.o(.constdata)
    digital_bb_config                        0x08003c0c   Data          32  deca_params.o(.constdata)
    lde_replicaCoeff                         0x08003c2c   Data          50  deca_params.o(.constdata)
    __ctype_table                            0x08003c6e   Data         129  ctype_o.o(.constdata)
    Region$$Table$$Base                      0x08003f5c   Number         0  anon$$obj.o(Region$$Table)
    Region$$Table$$Limit                     0x08003f7c   Number         0  anon$$obj.o(Region$$Table)
    guSVManagerDevice                        0x2000000c   Data           4  usvmanager.o(.data)
    gUartQueue                               0x20000010   Data           4  usvshell.o(.data)
    SystemCoreClock                          0x20000020   Data           4  system_stm32f4xx.o(.data)
    AHBPrescTable                            0x20000024   Data          16  system_stm32f4xx.o(.data)
    uwTick                                   0x20000044   Data           4  stm32f4_delay.o(.data)
    UART1_irqEven                            0x20000048   Data           4  kdwm1000_bsp.o(.data)
    _is_uart_handle                          0x2000004c   Data           1  kdwm1000_it.o(.data)
    __stdout                                 0x20000054   Data           4  stdout.o(.data)
    __microlib_freelist                      0x2000005c   Data           4  mvars.o(.data)
    __microlib_freelist_initialised          0x20000060   Data           4  mvars.o(.data)
    gAddrPool                                0x20000068   Data         800  uregister.o(.bss)
    fra_wt                                   0x20000388   Data          16  uregister.o(.bss)
    guSVManagerCtl                           0x20000398   Data          16  usvmanager.o(.bss)
    cmd_history                              0x200003a8   Data        8192  usvshell.o(.bss)
    _SEGGER_RTT                              0x200023e4   Data         168  segger_rtt.o(.bss)
    __heap_base                              0x200028a0   Data           0  startup_stm32f411xe.o(HEAP)
    __heap_limit                             0x200098a0   Data           0  startup_stm32f411xe.o(HEAP)
    __initial_sp                             0x2000d8a0   Data           0  startup_stm32f411xe.o(STACK)



==============================================================================

Memory Map of the image

  Image Entry point : 0x08000199

  Load Region LR_IROM1 (Base: 0x08000000, Size: 0x00003fe4, Max: 0x00080000, ABSOLUTE)

    Execution Region ER_IROM1 (Exec base: 0x08000000, Load base: 0x08000000, Size: 0x00003f7c, Max: 0x00080000, ABSOLUTE)

    Exec Addr    Load Addr    Size         Type   Attr      Idx    E Section Name        Object

    0x08000000   0x08000000   0x00000198   Data   RO          799    RESET               startup_stm32f411xe.o
    0x08000198   0x08000198   0x00000000   Code   RO         2848  * .ARM.Collect$$$$00000000  mc_w.l(entry.o)
    0x08000198   0x08000198   0x00000004   Code   RO         3176    .ARM.Collect$$$$00000001  mc_w.l(entry2.o)
    0x0800019c   0x0800019c   0x00000004   Code   RO         3179    .ARM.Collect$$$$00000004  mc_w.l(entry5.o)
    0x080001a0   0x080001a0   0x00000000   Code   RO         3181    .ARM.Collect$$$$00000008  mc_w.l(entry7b.o)
    0x080001a0   0x080001a0   0x00000000   Code   RO         3183    .ARM.Collect$$$$0000000A  mc_w.l(entry8b.o)
    0x080001a0   0x080001a0   0x00000008   Code   RO         3184    .ARM.Collect$$$$0000000B  mc_w.l(entry9a.o)
    0x080001a8   0x080001a8   0x00000000   Code   RO         3186    .ARM.Collect$$$$0000000D  mc_w.l(entry10a.o)
    0x080001a8   0x080001a8   0x00000000   Code   RO         3188    .ARM.Collect$$$$0000000F  mc_w.l(entry11a.o)
    0x080001a8   0x080001a8   0x00000004   Code   RO         3177    .ARM.Collect$$$$00002712  mc_w.l(entry2.o)
    0x080001ac   0x080001ac   0x00000024   Code   RO          800    .text               startup_stm32f411xe.o
    0x080001d0   0x080001d0   0x00000024   Code   RO         2854    .text               mc_w.l(rand.o)
    0x080001f4   0x080001f4   0x00000024   Code   RO         2857    .text               mc_w.l(memcpya.o)
    0x08000218   0x08000218   0x00000024   Code   RO         2859    .text               mc_w.l(memseta.o)
    0x0800023c   0x0800023c   0x00000018   Code   RO         2861    .text               mc_w.l(strcat.o)
    0x08000254   0x08000254   0x0000000e   Code   RO         2863    .text               mc_w.l(strlen.o)
    0x08000262   0x08000262   0x0000001c   Code   RO         2865    .text               mc_w.l(strcmp.o)
    0x0800027e   0x0800027e   0x00000012   Code   RO         2867    .text               mc_w.l(strcpy.o)
    0x08000290   0x08000290   0x0000001e   Code   RO         2869    .text               mc_w.l(strncmp.o)
    0x080002ae   0x080002ae   0x0000001c   Code   RO         3162    .text               mc_w.l(calloc.o)
    0x080002ca   0x080002ca   0x00000002   PAD
    0x080002cc   0x080002cc   0x00000038   Code   RO         3164    .text               mc_w.l(__0sscanf.o)
    0x08000304   0x08000304   0x0000014c   Code   RO         3166    .text               mc_w.l(_scanf_int.o)
    0x08000450   0x08000450   0x0000001a   Code   RO         3168    .text               mc_w.l(atoi.o)
    0x0800046a   0x0800046a   0x000000e4   Code   RO         3170    .text               mf_w.l(dmul.o)
    0x0800054e   0x0800054e   0x0000003e   Code   RO         3172    .text               mf_w.l(dfixi.o)
    0x0800058c   0x0800058c   0x00000026   Code   RO         3174    .text               mf_w.l(f2d.o)
    0x080005b2   0x080005b2   0x00000062   Code   RO         3192    .text               mc_w.l(uldiv.o)
    0x08000614   0x08000614   0x00000020   Code   RO         3194    .text               mc_w.l(llushr.o)
    0x08000634   0x08000634   0x0000001c   Code   RO         3205    .text               mc_w.l(_chval.o)
    0x08000650   0x08000650   0x00000028   Code   RO         3207    .text               mc_w.l(scanf_char.o)
    0x08000678   0x08000678   0x00000040   Code   RO         3209    .text               mc_w.l(_sgetc.o)
    0x080006b8   0x080006b8   0x00000070   Code   RO         3211    .text               mc_w.l(strtol.o)
    0x08000728   0x08000728   0x00000000   Code   RO         3213    .text               mc_w.l(iusefp.o)
    0x08000728   0x08000728   0x000000ba   Code   RO         3214    .text               mf_w.l(depilogue.o)
    0x080007e2   0x080007e2   0x00000002   PAD
    0x080007e4   0x080007e4   0x00000024   Code   RO         3224    .text               mc_w.l(init.o)
    0x08000808   0x08000808   0x0000001e   Code   RO         3226    .text               mc_w.l(llshl.o)
    0x08000826   0x08000826   0x00000002   PAD
    0x08000828   0x08000828   0x00000008   Code   RO         3232    .text               mc_w.l(ctype_o.o)
    0x08000830   0x08000830   0x00000012   Code   RO         3254    .text               mc_w.l(isspace_o.o)
    0x08000842   0x08000842   0x00000002   PAD
    0x08000844   0x08000844   0x0000032c   Code   RO         3260    .text               mc_w.l(_scanf.o)
    0x08000b70   0x08000b70   0x0000009e   Code   RO         3262    .text               mc_w.l(_strtoul.o)
    0x08000c0e   0x08000c0e   0x00000002   Code   RO         2448    i.BusFault_Handler  kdwm1000_it.o
    0x08000c10   0x08000c10   0x00000100   Code   RO         2025    i.DW1000_Config     dw1000.o
    0x08000d10   0x08000d10   0x00000008   Code   RO         2026    i.DW1000_GetDeviceID  dw1000.o
    0x08000d18   0x08000d18   0x00000050   Code   RO         2028    i.DW1000_ReadOPT    dw1000.o
    0x08000d68   0x08000d68   0x00000058   Code   RO         2029    i.DW1000_Reset      dw1000.o
    0x08000dc0   0x08000dc0   0x0000000c   Code   RO         2030    i.DW1000_SetAntennaDelayRX  dw1000.o
    0x08000dcc   0x08000dcc   0x0000000a   Code   RO         2031    i.DW1000_SetAntennaDelayTX  dw1000.o
    0x08000dd6   0x08000dd6   0x000000b0   Code   RO         2032    i.DW1000_SetClock   dw1000.o
    0x08000e86   0x08000e86   0x00000030   Code   RO         2033    i.DW1000_SetCrystalTrim  dw1000.o
    0x08000eb6   0x08000eb6   0x00000002   PAD
    0x08000eb8   0x08000eb8   0x00000054   Code   RO         2034    i.DW1000_SetSpeed   dw1000.o
    0x08000f0c   0x08000f0c   0x00000094   Code   RO         2035    i.DW1000_readData   dw1000.o
    0x08000fa0   0x08000fa0   0x00000016   Code   RO         2036    i.DW1000_readData16  dw1000.o
    0x08000fb6   0x08000fb6   0x00000014   Code   RO         2037    i.DW1000_readData32  dw1000.o
    0x08000fca   0x08000fca   0x00000002   PAD
    0x08000fcc   0x08000fcc   0x00000094   Code   RO         2038    i.DW1000_writeData  dw1000.o
    0x08001060   0x08001060   0x0000000e   Code   RO         2039    i.DW1000_writeData16  dw1000.o
    0x0800106e   0x0800106e   0x0000000e   Code   RO         2040    i.DW1000_writeData32  dw1000.o
    0x0800107c   0x0800107c   0x00000002   Code   RO         2449    i.DebugMon_Handler  kdwm1000_it.o
    0x0800107e   0x0800107e   0x00000004   Code   RO            4    i.DeviceDelayMs     main.o
    0x08001082   0x08001082   0x00000004   Code   RO            5    i.DeviceInit        main.o
    0x08001086   0x08001086   0x00000002   PAD
    0x08001088   0x08001088   0x0000006c   Code   RO            6    i.DeviceRecv        main.o
    0x080010f4   0x080010f4   0x00000064   Code   RO            7    i.DeviceSend        main.o
    0x08001158   0x08001158   0x00000078   Code   RO         1331    i.GPIO_Init         stm32f4xx_gpio.o
    0x080011d0   0x080011d0   0x00000020   Code   RO         1332    i.GPIO_PinAFConfig  stm32f4xx_gpio.o
    0x080011f0   0x080011f0   0x00000018   Code   RO         1792    i.HAL_Delay         stm32f4_delay.o
    0x08001208   0x08001208   0x00000010   Code   RO         1794    i.HAL_IncTick       stm32f4_delay.o
    0x08001218   0x08001218   0x0000005c   Code   RO         1795    i.HAL_InitTick      stm32f4_delay.o
    0x08001274   0x08001274   0x00000002   Code   RO         2450    i.HardFault_Handler  kdwm1000_it.o
    0x08001276   0x08001276   0x00000010   Code   RO         2406    i.KDWM_DW1000_Config  kdwm1000_bsp.o
    0x08001286   0x08001286   0x00000002   PAD
    0x08001288   0x08001288   0x000000f0   Code   RO         2407    i.KDWM_GPIO_Config  kdwm1000_bsp.o
    0x08001378   0x08001378   0x0000000c   Code   RO         2408    i.KDWM_UART_Config  kdwm1000_bsp.o
    0x08001384   0x08001384   0x00000002   Code   RO         2451    i.MemManage_Handler  kdwm1000_it.o
    0x08001386   0x08001386   0x00000002   Code   RO         2452    i.NMI_Handler       kdwm1000_it.o
    0x08001388   0x08001388   0x00000064   Code   RO          848    i.NVIC_Init         misc.o
    0x080013ec   0x080013ec   0x00000014   Code   RO          849    i.NVIC_PriorityGroupConfig  misc.o
    0x08001400   0x08001400   0x00000002   Code   RO         2453    i.PendSV_Handler    kdwm1000_it.o
    0x08001402   0x08001402   0x0000000a   Code   RO          466    i.QueueClear        stdplus_queue.o
    0x0800140c   0x0800140c   0x0000002c   Code   RO          467    i.QueueCreate       stdplus_queue.o
    0x08001438   0x08001438   0x00000014   Code   RO          468    i.QueueGetItemCount  stdplus_queue.o
    0x0800144c   0x0800144c   0x00000010   Code   RO          469    i.QueueIsEmpty      stdplus_queue.o
    0x0800145c   0x0800145c   0x0000001c   Code   RO          470    i.QueueIsFull       stdplus_queue.o
    0x08001478   0x08001478   0x0000002e   Code   RO          471    i.QueuePop          stdplus_queue.o
    0x080014a6   0x080014a6   0x00000034   Code   RO          472    i.QueuePopBack      stdplus_queue.o
    0x080014da   0x080014da   0x0000002c   Code   RO          473    i.QueuePush         stdplus_queue.o
    0x08001506   0x08001506   0x00000002   PAD
    0x08001508   0x08001508   0x00000018   Code   RO          896    i.RCC_AHB1PeriphClockCmd  stm32f4xx_rcc.o
    0x08001520   0x08001520   0x00000018   Code   RO          902    i.RCC_APB1PeriphClockCmd  stm32f4xx_rcc.o
    0x08001538   0x08001538   0x00000018   Code   RO          904    i.RCC_APB1PeriphResetCmd  stm32f4xx_rcc.o
    0x08001550   0x08001550   0x00000018   Code   RO          905    i.RCC_APB2PeriphClockCmd  stm32f4xx_rcc.o
    0x08001568   0x08001568   0x00000018   Code   RO          907    i.RCC_APB2PeriphResetCmd  stm32f4xx_rcc.o
    0x08001580   0x08001580   0x00000094   Code   RO          914    i.RCC_GetClocksFreq  stm32f4xx_rcc.o
    0x08001614   0x08001614   0x00000038   Code   RO          190    i.RangingInit       ranging.o
    0x0800164c   0x0800164c   0x00000004   Code   RO         2540    i.SEGGER_RTT_Init   segger_rtt.o
    0x08001650   0x08001650   0x00000038   Code   RO         2553    i.SEGGER_RTT_Write  segger_rtt.o
    0x08001688   0x08001688   0x0000005c   Code   RO         2554    i.SEGGER_RTT_WriteNoLock  segger_rtt.o
    0x080016e4   0x080016e4   0x00000016   Code   RO         2720    i.SEGGER_RTT_printf  segger_rtt_printf.o
    0x080016fa   0x080016fa   0x0000017e   Code   RO         2721    i.SEGGER_RTT_vprintf  segger_rtt_printf.o
    0x08001878   0x08001878   0x00000014   Code   RO         1630    i.SPI_Cmd           stm32f4xx_spi.o
    0x0800188c   0x0800188c   0x00000084   Code   RO         1637    i.SPI_I2S_DeInit    stm32f4xx_spi.o
    0x08001910   0x08001910   0x00000038   Code   RO         1643    i.SPI_Init          stm32f4xx_spi.o
    0x08001948   0x08001948   0x00000012   Code   RO         1908    i.SPI_RW            stm32f4_spi.o
    0x0800195a   0x0800195a   0x00000002   Code   RO         2454    i.SVC_Handler       kdwm1000_it.o
    0x0800195c   0x0800195c   0x000000c4   Code   RO         1935    i.Serial_Config     serial.o
    0x08001a20   0x08001a20   0x00000074   Code   RO          807    i.SetSysClock       system_stm32f4xx.o
    0x08001a94   0x08001a94   0x00000004   Code   RO         2455    i.SysTick_Handler   kdwm1000_it.o
    0x08001a98   0x08001a98   0x0000005c   Code   RO          809    i.SystemInit        system_stm32f4xx.o
    0x08001af4   0x08001af4   0x0000000c   Code   RO         1857    i.UART_SendByte     stm32f4_usart.o
    0x08001b00   0x08001b00   0x000001e0   Code   RO         2456    i.USART1_IRQHandler  kdwm1000_it.o
    0x08001ce0   0x08001ce0   0x00000006   Code   RO         1432    i.USART_ClearFlag   stm32f4xx_usart.o
    0x08001ce6   0x08001ce6   0x00000014   Code   RO         1436    i.USART_Cmd         stm32f4xx_usart.o
    0x08001cfa   0x08001cfa   0x0000003e   Code   RO         1440    i.USART_GetITStatus  stm32f4xx_usart.o
    0x08001d38   0x08001d38   0x00000030   Code   RO         1442    i.USART_ITConfig    stm32f4xx_usart.o
    0x08001d68   0x08001d68   0x000000ac   Code   RO         1443    i.USART_Init        stm32f4xx_usart.o
    0x08001e14   0x08001e14   0x00000002   Code   RO         2457    i.UsageFault_Handler  kdwm1000_it.o
    0x08001e16   0x08001e16   0x00000002   PAD
    0x08001e18   0x08001e18   0x00000068   Code   RO         2558    i._DoInit           segger_rtt.o
    0x08001e80   0x08001e80   0x00000016   Code   RO         2559    i._GetAvailWriteSpace  segger_rtt.o
    0x08001e96   0x08001e96   0x000000c4   Code   RO         2722    i._PrintInt         segger_rtt_printf.o
    0x08001f5a   0x08001f5a   0x00000002   PAD
    0x08001f5c   0x08001f5c   0x000000cc   Code   RO         2723    i._PrintUnsigned    segger_rtt_printf.o
    0x08002028   0x08002028   0x0000003e   Code   RO         2724    i._StoreChar        segger_rtt_printf.o
    0x08002066   0x08002066   0x0000005a   Code   RO         2561    i._WriteBlocking    segger_rtt.o
    0x080020c0   0x080020c0   0x00000042   Code   RO         2562    i._WriteNoCheck     segger_rtt.o
    0x08002102   0x08002102   0x00000002   PAD
    0x08002104   0x08002104   0x00000020   Code   RO         3080    i.__0printf$8       mc_w.l(printf8.o)
    0x08002124   0x08002124   0x00000028   Code   RO         3082    i.__0sprintf$8      mc_w.l(printf8.o)
    0x0800214c   0x0800214c   0x00000008   Code   RO         3198    i.__aeabi_errno_addr  mc_w.l(errno.o)
    0x08002154   0x08002154   0x0000000e   Code   RO         3269    i.__scatterload_copy  mc_w.l(handlers.o)
    0x08002162   0x08002162   0x00000002   Code   RO         3270    i.__scatterload_null  mc_w.l(handlers.o)
    0x08002164   0x08002164   0x0000000e   Code   RO         3271    i.__scatterload_zeroinit  mc_w.l(handlers.o)
    0x08002172   0x08002172   0x00000030   Code   RO         2171    i._dwt_configlde    deca_device.o
    0x080021a2   0x080021a2   0x00000002   PAD
    0x080021a4   0x080021a4   0x00000410   Code   RO         3087    i._printf_core      mc_w.l(printf8.o)
    0x080025b4   0x080025b4   0x00000024   Code   RO         3088    i._printf_post_padding  mc_w.l(printf8.o)
    0x080025d8   0x080025d8   0x0000002e   Code   RO         3089    i._printf_pre_padding  mc_w.l(printf8.o)
    0x08002606   0x08002606   0x0000000a   Code   RO         3091    i._sputc            mc_w.l(printf8.o)
    0x08002610   0x08002610   0x00000088   Code   RO          238    i._uPTAllocRespons  uregister.o
    0x08002698   0x08002698   0x0000012c   Code   RO          239    i._uPTDeviceSignin  uregister.o
    0x080027c4   0x080027c4   0x00000144   Code   RO          240    i._uPTWaitDeviceRegister  uregister.o
    0x08002908   0x08002908   0x000000d8   Code   RO          413    i._uSVShellCmdLs    usvshell.o
    0x080029e0   0x080029e0   0x0000006c   Code   RO          414    i._uSVShellCmdPing  usvshell.o
    0x08002a4c   0x08002a4c   0x00000094   Code   RO          415    i._uSVShellCmdScan  usvshell.o
    0x08002ae0   0x08002ae0   0x000000b8   Code   RO          416    i._uSVShellLogInsert  usvshell.o
    0x08002b98   0x08002b98   0x00000210   Code   RO         2177    i.dwt_configure     deca_device.o
    0x08002da8   0x08002da8   0x00000024   Code   RO         2178    i.dwt_entersleepaftertx  deca_device.o
    0x08002dcc   0x08002dcc   0x00000054   Code   RO         2179    i.dwt_forcetrxoff   deca_device.o
    0x08002e20   0x08002e20   0x0000014c   Code   RO         2180    i.dwt_initialise    deca_device.o
    0x08002f6c   0x08002f6c   0x00000012   Code   RO         2181    i.dwt_readrxdata    deca_device.o
    0x08002f7e   0x08002f7e   0x00000050   Code   RO         2186    i.dwt_rxenable      deca_device.o
    0x08002fce   0x08002fce   0x00000028   Code   RO         2187    i.dwt_rxreset       deca_device.o
    0x08002ff6   0x08002ff6   0x00000002   PAD
    0x08002ff8   0x08002ff8   0x00000058   Code   RO         2191    i.dwt_setrxtimeout  deca_device.o
    0x08003050   0x08003050   0x00000094   Code   RO         2193    i.dwt_starttx       deca_device.o
    0x080030e4   0x080030e4   0x00000034   Code   RO         2194    i.dwt_syncrxbufptrs  deca_device.o
    0x08003118   0x08003118   0x00000022   Code   RO         2195    i.dwt_writetxdata   deca_device.o
    0x0800313a   0x0800313a   0x00000002   PAD
    0x0800313c   0x0800313c   0x0000001c   Code   RO         2196    i.dwt_writetxfctrl  deca_device.o
    0x08003158   0x08003158   0x00000014   Code   RO         1946    i.fputc             serial.o
    0x0800316c   0x0800316c   0x00000050   Code   RO         3134    i.free              mc_w.l(malloc.o)
    0x080031bc   0x080031bc   0x00000048   Code   RO          538    i.inet_aton         conversion.o
    0x08003204   0x08003204   0x00000028   Code   RO          539    i.inet_ntoa         conversion.o
    0x0800322c   0x0800322c   0x00000004   Code   RO          571    i.list_free         stdplus_linklist.o
    0x08003230   0x08003230   0x00000008   Code   RO          572    i.list_new          stdplus_linklist.o
    0x08003238   0x08003238   0x00000026   Code   RO          573    i.listnode_add      stdplus_linklist.o
    0x0800325e   0x0800325e   0x0000000a   Code   RO          577    i.listnode_head     stdplus_linklist.o
    0x08003268   0x08003268   0x00000008   Code   RO          579    i.listnode_new      stdplus_linklist.o
    0x08003270   0x08003270   0x000000a4   Code   RO            8    i.main              main.o
    0x08003314   0x08003314   0x0000006c   Code   RO         3135    i.malloc            mc_w.l(malloc.o)
    0x08003380   0x08003380   0x000000d8   Code   RO          694    i.uLLFrameRecv      ulldriver.o
    0x08003458   0x08003458   0x000000c8   Code   RO          695    i.uLLFrameSend      ulldriver.o
    0x08003520   0x08003520   0x0000002a   Code   RO          758    i.uLLFrameSendEx    ullpacket.o
    0x0800354a   0x0800354a   0x0000004e   Code   RO          760    i.uLLFrameWaitEx    ullpacket.o
    0x08003598   0x08003598   0x00000036   Code   RO          761    i.uLLFrameWaitInAddr  ullpacket.o
    0x080035ce   0x080035ce   0x00000002   PAD
    0x080035d0   0x080035d0   0x00000060   Code   RO          696    i.uLLInit           ulldriver.o
    0x08003630   0x08003630   0x0000007c   Code   RO          698    i.uLLUserInterfaceRegister  ulldriver.o
    0x080036ac   0x080036ac   0x000000f4   Code   RO          662    i.uPTPing           ustatemaintenance.o
    0x080037a0   0x080037a0   0x0000001a   Code   RO          663    i.uPTPingRespons    ustatemaintenance.o
    0x080037ba   0x080037ba   0x00000056   Code   RO          241    i.uPTRegisterCycle  uregister.o
    0x08003810   0x08003810   0x000000a8   Code   RO          242    i.uPTRegisterRespons  uregister.o
    0x080038b8   0x080038b8   0x0000001a   Code   RO          243    i.uPTSigninRespons  uregister.o
    0x080038d2   0x080038d2   0x00000002   PAD
    0x080038d4   0x080038d4   0x00000094   Code   RO          314    i.uSVIdle           uidle.o
    0x08003968   0x08003968   0x00000060   Code   RO          355    i.uSVManagerInit    usvmanager.o
    0x080039c8   0x080039c8   0x00000054   Code   RO          417    i.uSVShellInit      usvshell.o
    0x08003a1c   0x08003a1c   0x00000194   Code   RO          418    i.uSVShellPrase     usvshell.o
    0x08003bb0   0x08003bb0   0x00000008   Data   RO         2364    .constdata          deca_params.o
    0x08003bb8   0x08003bb8   0x00000018   Data   RO         2365    .constdata          deca_params.o
    0x08003bd0   0x08003bd0   0x0000001e   Data   RO         2366    .constdata          deca_params.o
    0x08003bee   0x08003bee   0x00000002   Data   RO         2367    .constdata          deca_params.o
    0x08003bf0   0x08003bf0   0x00000008   Data   RO         2368    .constdata          deca_params.o
    0x08003bf8   0x08003bf8   0x00000003   Data   RO         2369    .constdata          deca_params.o
    0x08003bfb   0x08003bfb   0x00000001   PAD
    0x08003bfc   0x08003bfc   0x0000000c   Data   RO         2370    .constdata          deca_params.o
    0x08003c08   0x08003c08   0x00000004   Data   RO         2371    .constdata          deca_params.o
    0x08003c0c   0x08003c0c   0x00000020   Data   RO         2372    .constdata          deca_params.o
    0x08003c2c   0x08003c2c   0x00000032   Data   RO         2373    .constdata          deca_params.o
    0x08003c5e   0x08003c5e   0x00000010   Data   RO         2725    .constdata          segger_rtt_printf.o
    0x08003c6e   0x08003c6e   0x00000081   Data   RO         3233    .constdata          mc_w.l(ctype_o.o)
    0x08003cef   0x08003cef   0x00000001   PAD
    0x08003cf0   0x08003cf0   0x00000004   Data   RO         3234    .constdata          mc_w.l(ctype_o.o)
    0x08003cf4   0x08003cf4   0x00000266   Data   RO          420    .conststring        usvshell.o
    0x08003f5a   0x08003f5a   0x00000002   PAD
    0x08003f5c   0x08003f5c   0x00000020   Data   RO         3267    Region$$Table       anon$$obj.o


    Execution Region RW_IRAM1 (Exec base: 0x20000000, Load base: 0x08003f7c, Size: 0x0000d8a0, Max: 0x00020000, ABSOLUTE)

    Exec Addr    Load Addr    Size         Type   Attr      Idx    E Section Name        Object

    0x20000000   0x08003f7c   0x0000000b   Data   RW          191    .data               ranging.o
    0x2000000b   0x08003f87   0x00000001   PAD
    0x2000000c   0x08003f88   0x00000004   Data   RW          359    .data               usvmanager.o
    0x20000010   0x08003f8c   0x00000004   Data   RW          421    .data               usvshell.o
    0x20000014   0x08003f90   0x0000000c   Data   RW          699    .data               ulldriver.o
    0x20000020   0x08003f9c   0x00000014   Data   RW          810    .data               system_stm32f4xx.o
    0x20000034   0x08003fb0   0x00000010   Data   RW          944    .data               stm32f4xx_rcc.o
    0x20000044   0x08003fc0   0x00000004   Data   RW         1797    .data               stm32f4_delay.o
    0x20000048   0x08003fc4   0x00000004   Data   RW         2409    .data               kdwm1000_bsp.o
    0x2000004c   0x08003fc8   0x00000008   Data   RW         2458    .data               kdwm1000_it.o
    0x20000054   0x08003fd0   0x00000004   Data   RW         2853    .data               mc_w.l(stdout.o)
    0x20000058   0x08003fd4   0x00000004   Data   RW         2855    .data               mc_w.l(rand.o)
    0x2000005c   0x08003fd8   0x00000004   Data   RW         3196    .data               mc_w.l(mvars.o)
    0x20000060   0x08003fdc   0x00000004   Data   RW         3197    .data               mc_w.l(mvars.o)
    0x20000064   0x08003fe0   0x00000004   Data   RW         3201    .data               mc_w.l(errno.o)
    0x20000068        -       0x00000330   Zero   RW          244    .bss                uregister.o
    0x20000398        -       0x00000010   Zero   RW          358    .bss                usvmanager.o
    0x200003a8        -       0x00002000   Zero   RW          419    .bss                usvshell.o
    0x200023a8        -       0x0000003c   Zero   RW         2197    .bss                deca_device.o
    0x200023e4        -       0x000004b8   Zero   RW         2563    .bss                segger_rtt.o
    0x2000289c   0x08003fe4   0x00000004   PAD
    0x200028a0        -       0x00007000   Zero   RW          798    HEAP                startup_stm32f411xe.o
    0x200098a0        -       0x00004000   Zero   RW          797    STACK               startup_stm32f411xe.o


==============================================================================

Image component sizes


      Code (inc. data)   RO Data    RW Data    ZI Data      Debug   Object Name

       112         28          0          0          0       1296   conversion.o
      1516         78          0          0         60      12739   deca_device.o
         0          0        173          0          0      16847   deca_params.o
      1128         50          0          0          0      11234   dw1000.o
       268         18          0          4          0       1915   kdwm1000_bsp.o
       500         56          0          8          0       5380   kdwm1000_it.o
       380         98          0          0          0     251498   main.o
       120         14          0          0          0       1675   misc.o
        56          4          0         11          0       1878   ranging.o
       434         40          0          0       1208       8884   segger_rtt.o
       866          4         16          0          0       6373   segger_rtt_printf.o
       216         16          0          0          0       1232   serial.o
        36          8        408          0      45056        836   startup_stm32f411xe.o
        68          0          0          0          0       3092   stdplus_linklist.o
       260          0          0          0          0       7400   stdplus_queue.o
       132         20          0          4          0      28711   stm32f4_delay.o
        18          0          0          0          0        857   stm32f4_spi.o
        12          0          0          0          0       1063   stm32f4_usart.o
       152          0          0          0          0       1887   stm32f4xx_gpio.o
       268         46          0         16          0       6229   stm32f4xx_rcc.o
       208         24          0          0          0       2614   stm32f4xx_spi.o
       308          8          0          0          0       4684   stm32f4xx_usart.o
       208         36          0         20          0       1741   system_stm32f4xx.o
       148         10          0          0          0       1515   uidle.o
       636        240          0         12          0       5491   ulldriver.o
       174          0          0          0          0       3035   ullpacket.o
      1040        190          0          0        816      10994   uregister.o
       270        100          0          0          0       2087   ustatemaintenance.o
        96         26          0          4         16       1608   usvmanager.o
      1144        452        614          4       8192       5307   usvshell.o

    ----------------------------------------------------------------------
     10800       1566       1246         84      55352     410102   Object Totals
         0          0         32          0          0          0   (incl. Generated)
        26          0          3          1          4          0   (incl. Padding)

    ----------------------------------------------------------------------

      Code (inc. data)   RO Data    RW Data    ZI Data      Debug   Library Member Name

        56          8          0          0          0         84   __0sscanf.o
        28          0          0          0          0         68   _chval.o
       812          4          0          0          0        112   _scanf.o
       332          0          0          0          0         96   _scanf_int.o
        64          0          0          0          0         84   _sgetc.o
       158          0          0          0          0         92   _strtoul.o
        26          0          0          0          0         80   atoi.o
        28          0          0          0          0         76   calloc.o
         8          4        133          0          0         68   ctype_o.o
         0          0          0          0          0          0   entry.o
         0          0          0          0          0          0   entry10a.o
         0          0          0          0          0          0   entry11a.o
         8          4          0          0          0          0   entry2.o
         4          0          0          0          0          0   entry5.o
         0          0          0          0          0          0   entry7b.o
         0          0          0          0          0          0   entry8b.o
         8          4          0          0          0          0   entry9a.o
         8          4          0          4          0         68   errno.o
        30          0          0          0          0          0   handlers.o
        36          8          0          0          0         68   init.o
        18          0          0          0          0         76   isspace_o.o
         0          0          0          0          0          0   iusefp.o
        30          0          0          0          0         68   llshl.o
        32          0          0          0          0         68   llushr.o
       188         20          0          0          0        160   malloc.o
        36          0          0          0          0         68   memcpya.o
        36          0          0          0          0        108   memseta.o
         0          0          0          8          0          0   mvars.o
      1204         60          0          0          0        504   printf8.o
        36         10          0          4          0        136   rand.o
        40          8          0          0          0         84   scanf_char.o
         0          0          0          4          0          0   stdout.o
        24          0          0          0          0         68   strcat.o
        28          0          0          0          0         76   strcmp.o
        18          0          0          0          0         68   strcpy.o
        14          0          0          0          0         68   strlen.o
        30          0          0          0          0         80   strncmp.o
       112          0          0          0          0         88   strtol.o
        98          0          0          0          0         92   uldiv.o
       186          0          0          0          0        176   depilogue.o
        62          0          0          0          0         80   dfixi.o
       228          0          0          0          0         96   dmul.o
        38          0          0          0          0         68   f2d.o

    ----------------------------------------------------------------------
      4072        134        134         20          0       3128   Library Totals
         8          0          1          0          0          0   (incl. Padding)

    ----------------------------------------------------------------------

      Code (inc. data)   RO Data    RW Data    ZI Data      Debug   Library Name

      3550        134        133         20          0       2708   mc_w.l
       514          0          0          0          0        420   mf_w.l

    ----------------------------------------------------------------------
      4072        134        134         20          0       3128   Library Totals

    ----------------------------------------------------------------------

==============================================================================


      Code (inc. data)   RO Data    RW Data    ZI Data      Debug   

     14872       1700       1380        104      55352     400018   Grand Totals
     14872       1700       1380        104      55352     400018   ELF Image Totals
     14872       1700       1380        104          0          0   ROM Totals

==============================================================================

    Total RO  Size (Code + RO Data)                16252 (  15.87kB)
    Total RW  Size (RW Data + ZI Data)             55456 (  54.16kB)
    Total ROM Size (Code + RO Data + RW Data)      16356 (  15.97kB)

==============================================================================

