<html>
<body>
<pre>
<h1>µVision Build Log</h1>
<h2>Tool Versions:</h2>
IDE-Version: ¦ÌVision V5.25.2.0
Copyright (C) 2018 ARM Ltd and ARM Germany GmbH. All rights reserved.
License Information: Ò£ 123, 123, LIC=X1E74-F899I-WKMB8-3S18J-HUEX5-4Y4TK
 
Tool Versions:
Toolchain:       MDK-ARM Professional  Version: 5.25.2.0
Toolchain Path:  C:\Keil_v5\ARM\ARMCC\Bin
C Compiler:      Armcc.exe V5.06 update 6 (build 750)
Assembler:       Armasm.exe V5.06 update 6 (build 750)
Linker/Locator:  ArmLink.exe V5.06 update 6 (build 750)
Library Manager: ArmAr.exe V5.06 update 6 (build 750)
Hex Converter:   FromElf.exe V5.06 update 6 (build 750)
CPU DLL:         SARMCM3.DLL V5.25.2.0
Dialog DLL:      DCM.DLL V1.17.1.0
Target DLL:      Segger\JL2CM3.dll V2.99.29.0
Dialog DLL:      TCM.DLL V1.35.1.0
 
<h2>Project:</h2>
F:\UWBSystem\ProjectKDWM\SingleSidedTWR.uvprojx
Project File Date:  11/24/2018

<h2>Output:</h2>
*** Using Compiler 'V5.06 update 6 (build 750)', folder: 'C:\Keil_v5\ARM\ARMCC\Bin'
Rebuild target 'USBSystem-AP'
compiling ranging.c...
compiling uRegister.c...
compiling main.c...
..\Program\main.c(172): warning:  #177-D: variable "ret"  was declared but never referenced
  	int ret;
..\Program\main.c: 1 warning, 0 errors
compiling uSVShell.c...
compiling uSVManager.c...
compiling uIdle.c...
compiling stdplus_queue.c...
compiling stdplus_linklist.c...
compiling conversion.c...
compiling uStateMaintenance.c...
compiling uLLDriver.c...
assembling startup_stm32f411xe.s...
compiling uLLPacket.c...
compiling system_stm32f4xx.c...
compiling uPTRanging.c...
..\Program\network\src\protocol\uPTRanging.c(193): warning:  #111-D: statement is unreachable
  	return RES_OK;
..\Program\network\src\protocol\uPTRanging.c: 1 warning, 0 errors
compiling misc.c...
compiling stm32f4xx_syscfg.c...
compiling stm32f4xx_rcc.c...
compiling stm32f4xx_exti.c...
compiling stm32f4xx_gpio.c...
compiling stm32f4xx_usart.c...
compiling stm32f4xx_spi.c...
compiling stm32f4_delay.c...
compiling stm32f4_usart.c...
compiling stm32f4_spi.c...
compiling serial.c...
compiling dw1000.c...
compiling string.c...
compiling deca_device.c...
compiling deca_params.c...
compiling kdwm1000_bsp.c...
compiling SEGGER_RTT_printf.c...
compiling SEGGER_RTT.c...
compiling SEGGER_RTT_Syscalls_KEIL.c...
compiling kdwm1000_it.c...
linking...
Program Size: Code=19556 RO-data=1380 RW-data=144 ZI-data=55392  
".\Obj\STM32F411C.axf" - 0 Error(s), 2 Warning(s).

<h2>Software Packages used:</h2>

Package Vendor: Keil
                http://www.keil.com/pack/Keil.STM32F4xx_DFP.2.13.0.pack
                Keil.STM32F4xx_DFP.2.13.0
                STMicroelectronics STM32F4 Series Device Support, Drivers and Examples

<h2>Collection of Component include folders:</h2>
  .\RTE\_USBSystem-AP
  C:\Keil_v5\ARM\PACK\Keil\STM32F4xx_DFP\2.13.0\Drivers\CMSIS\Device\ST\STM32F4xx\Include

<h2>Collection of Component Files used:</h2>
Build Time Elapsed:  00:00:10
</pre>
</body>
</html>
